[{
	"resource": "/c:/Users/basil/Desktop/material-kai-vision-platform/src/api/agents.ts",
	"owner": "eslint",
	"severity": 8,
	"message": "Parsing error: C:\\Users\\basil\\Desktop\\material-kai-vision-platform\\src\\api\\agents.ts was not found by the project service. Consider either including it in the tsconf",
	"source": "eslint",
	"startLineNumber": 1,
	"startColumn": 1,
	"endLineNumber": 1,
	"endColumn": 1
},{
	"resource": "/c:/Users/basil/Desktop/material-kai-vision-platform/src/api/agents.ts",
	"owner": "typescript",
	"code": "2307",
	"severity": 8,
	"message": "Cannot find module '@/services/agents/agentManager' or its corresponding type declarations.",
	"source": "ts",
	"startLineNumber": 12,
	"startColumn": 30,
	"endLineNumber": 12,
	"endColumn": 62,
	"origin": "extHost1"
},{
	"resource": "/c:/Users/basil/Desktop/material-kai-vision-platform/src/api/agents.ts",
	"owner": "typescript",
	"code": "2307",
	"severity": 8,
	"message": "Cannot find module '@/services/agents/agentFileUploadService' or its corresponding type declarations.",
	"source": "ts",
	"startLineNumber": 13,
	"startColumn": 40,
	"endLineNumber": 13,
	"endColumn": 82,
	"origin": "extHost1"
},{
	"resource": "/c:/Users/basil/Desktop/material-kai-vision-platform/src/api/agents.ts",
	"owner": "typescript",
	"code": "2307",
	"severity": 8,
	"message": "Cannot find module '@/services/agents/agentChatHistoryService' or its corresponding type declarations.",
	"source": "ts",
	"startLineNumber": 14,
	"startColumn": 41,
	"endLineNumber": 14,
	"endColumn": 84,
	"origin": "extHost1"
},{
	"resource": "/c:/Users/basil/Desktop/material-kai-vision-platform/src/api/agents.ts",
	"owner": "typescript",
	"code": "2304",
	"severity": 8,
	"message": "Cannot find name 'router'.",
	"source": "ts",
	"startLineNumber": 31,
	"startColumn": 1,
	"endLineNumber": 31,
	"endColumn": 7,
	"origin": "extHost1"
},{
	"resource": "/c:/Users/basil/Desktop/material-kai-vision-platform/src/api/agents.ts",
	"owner": "typescript",
	"code": "2554",
	"severity": 8,
	"message": "Expected 0 arguments, but got 1.",
	"source": "ts",
	"startLineNumber": 38,
	"startColumn": 14,
	"endLineNumber": 51,
	"endColumn": 6,
	"origin": "extHost1"
},{
	"resource": "/c:/Users/basil/Desktop/material-kai-vision-platform/src/api/agents.ts",
	"owner": "typescript",
	"code": "7006",
	"severity": 8,
	"message": "Parameter 'agent' implicitly has an 'any' type.",
	"source": "ts",
	"startLineNumber": 40,
	"startColumn": 26,
	"endLineNumber": 40,
	"endColumn": 31,
	"origin": "extHost1"
},{
	"resource": "/c:/Users/basil/Desktop/material-kai-vision-platform/src/api/agents.ts",
	"owner": "typescript",
	"code": "7006",
	"severity": 8,
	"message": "Parameter 't' implicitly has an 'any' type.",
	"source": "ts",
	"startLineNumber": 45,
	"startColumn": 37,
	"endLineNumber": 45,
	"endColumn": 38,
	"origin": "extHost1"
},{
	"resource": "/c:/Users/basil/Desktop/material-kai-vision-platform/src/api/agents.ts",
	"owner": "typescript",
	"code": "2349",
	"severity": 8,
	"message": "This expression is not callable.\n  Type 'Number' has no call signatures.",
	"source": "ts",
	"startLineNumber": 53,
	"startColumn": 9,
	"endLineNumber": 53,
	"endColumn": 15,
	"origin": "extHost1"
},{
	"resource": "/c:/Users/basil/Desktop/material-kai-vision-platform/src/api/agents.ts",
	"owner": "typescript",
	"code": "2304",
	"severity": 8,
	"message": "Cannot find name 'router'.",
	"source": "ts",
	"startLineNumber": 64,
	"startColumn": 1,
	"endLineNumber": 64,
	"endColumn": 7,
	"origin": "extHost1"
},{
	"resource": "/c:/Users/basil/Desktop/material-kai-vision-platform/src/api/agents.ts",
	"owner": "typescript",
	"code": "2339",
	"severity": 8,
	"message": "Property 'params' does not exist on type 'Request'.",
	"source": "ts",
	"startLineNumber": 66,
	"startColumn": 29,
	"endLineNumber": 66,
	"endColumn": 35,
	"origin": "extHost1"
},{
	"resource": "/c:/Users/basil/Desktop/material-kai-vision-platform/src/api/agents.ts",
	"owner": "typescript",
	"code": "7006",
	"severity": 8,
	"message": "Parameter 'a' implicitly has an 'any' type.",
	"source": "ts",
	"startLineNumber": 69,
	"startColumn": 52,
	"endLineNumber": 69,
	"endColumn": 53,
	"origin": "extHost1"
},{
	"resource": "/c:/Users/basil/Desktop/material-kai-vision-platform/src/api/agents.ts",
	"owner": "typescript",
	"code": "2349",
	"severity": 8,
	"message": "This expression is not callable.\n  Type 'Number' has no call signatures.",
	"source": "ts",
	"startLineNumber": 72,
	"startColumn": 18,
	"endLineNumber": 72,
	"endColumn": 24,
	"origin": "extHost1"
},{
	"resource": "/c:/Users/basil/Desktop/material-kai-vision-platform/src/api/agents.ts",
	"owner": "typescript",
	"code": "7006",
	"severity": 8,
	"message": "Parameter 'a' implicitly has an 'any' type.",
	"source": "ts",
	"startLineNumber": 78,
	"startColumn": 58,
	"endLineNumber": 78,
	"endColumn": 59,
	"origin": "extHost1"
},{
	"resource": "/c:/Users/basil/Desktop/material-kai-vision-platform/src/api/agents.ts",
	"owner": "typescript",
	"code": "2349",
	"severity": 8,
	"message": "This expression is not callable.\n  Type 'Number' has no call signatures.",
	"source": "ts",
	"startLineNumber": 79,
	"startColumn": 18,
	"endLineNumber": 79,
	"endColumn": 24,
	"origin": "extHost1"
},{
	"resource": "/c:/Users/basil/Desktop/material-kai-vision-platform/src/api/agents.ts",
	"owner": "typescript",
	"code": "2554",
	"severity": 8,
	"message": "Expected 0 arguments, but got 1.",
	"source": "ts",
	"startLineNumber": 85,
	"startColumn": 14,
	"endLineNumber": 94,
	"endColumn": 6,
	"origin": "extHost1"
},{
	"resource": "/c:/Users/basil/Desktop/material-kai-vision-platform/src/api/agents.ts",
	"owner": "typescript",
	"code": "2349",
	"severity": 8,
	"message": "This expression is not callable.\n  Type 'Number' has no call signatures.",
	"source": "ts",
	"startLineNumber": 96,
	"startColumn": 9,
	"endLineNumber": 96,
	"endColumn": 15,
	"origin": "extHost1"
},{
	"resource": "/c:/Users/basil/Desktop/material-kai-vision-platform/src/api/agents.ts",
	"owner": "typescript",
	"code": "2304",
	"severity": 8,
	"message": "Cannot find name 'router'.",
	"source": "ts",
	"startLineNumber": 107,
	"startColumn": 1,
	"endLineNumber": 107,
	"endColumn": 7,
	"origin": "extHost1"
},{
	"resource": "/c:/Users/basil/Desktop/material-kai-vision-platform/src/api/agents.ts",
	"owner": "typescript",
	"code": "2339",
	"severity": 8,
	"message": "Property 'params' does not exist on type 'Request'.",
	"source": "ts",
	"startLineNumber": 109,
	"startColumn": 29,
	"endLineNumber": 109,
	"endColumn": 35,
	"origin": "extHost1"
},{
	"resource": "/c:/Users/basil/Desktop/material-kai-vision-platform/src/api/agents.ts",
	"owner": "typescript",
	"code": "2339",
	"severity": 8,
	"message": "Property 'parameters' does not exist on type 'ReadableStream<Uint8Array<ArrayBuffer>> | null'.",
	"source": "ts",
	"startLineNumber": 110,
	"startColumn": 13,
	"endLineNumber": 110,
	"endColumn": 23,
	"origin": "extHost1"
},{
	"resource": "/c:/Users/basil/Desktop/material-kai-vision-platform/src/api/agents.ts",
	"owner": "typescript",
	"code": "2349",
	"severity": 8,
	"message": "This expression is not callable.\n  Type 'Number' has no call signatures.",
	"source": "ts",
	"startLineNumber": 128,
	"startColumn": 18,
	"endLineNumber": 128,
	"endColumn": 24,
	"origin": "extHost1"
},{
	"resource": "/c:/Users/basil/Desktop/material-kai-vision-platform/src/api/agents.ts",
	"owner": "typescript",
	"code": "2554",
	"severity": 8,
	"message": "Expected 0 arguments, but got 1.",
	"source": "ts",
	"startLineNumber": 131,
	"startColumn": 14,
	"endLineNumber": 131,
	"endColumn": 22,
	"origin": "extHost1"
},{
	"resource": "/c:/Users/basil/Desktop/material-kai-vision-platform/src/api/agents.ts",
	"owner": "typescript",
	"code": "2349",
	"severity": 8,
	"message": "This expression is not callable.\n  Type 'Number' has no call signatures.",
	"source": "ts",
	"startLineNumber": 133,
	"startColumn": 9,
	"endLineNumber": 133,
	"endColumn": 15,
	"origin": "extHost1"
},{
	"resource": "/c:/Users/basil/Desktop/material-kai-vision-platform/src/api/agents.ts",
	"owner": "typescript",
	"code": "2339",
	"severity": 8,
	"message": "Property 'params' does not exist on type 'Request'.",
	"source": "ts",
	"startLineNumber": 135,
	"startColumn": 20,
	"endLineNumber": 135,
	"endColumn": 26,
	"origin": "extHost1"
},{
	"resource": "/c:/Users/basil/Desktop/material-kai-vision-platform/src/api/agents.ts",
	"owner": "typescript",
	"code": "2304",
	"severity": 8,
	"message": "Cannot find name 'router'.",
	"source": "ts",
	"startLineNumber": 147,
	"startColumn": 1,
	"endLineNumber": 147,
	"endColumn": 7,
	"origin": "extHost1"
},{
	"resource": "/c:/Users/basil/Desktop/material-kai-vision-platform/src/api/agents.ts",
	"owner": "typescript",
	"code": "2554",
	"severity": 8,
	"message": "Expected 0 arguments, but got 1.",
	"source": "ts",
	"startLineNumber": 153,
	"startColumn": 14,
	"endLineNumber": 163,
	"endColumn": 6,
	"origin": "extHost1"
},{
	"resource": "/c:/Users/basil/Desktop/material-kai-vision-platform/src/api/agents.ts",
	"owner": "typescript",
	"code": "7006",
	"severity": 8,
	"message": "Parameter 'tool' implicitly has an 'any' type.",
	"source": "ts",
	"startLineNumber": 155,
	"startColumn": 24,
	"endLineNumber": 155,
	"endColumn": 28,
	"origin": "extHost1"
},{
	"resource": "/c:/Users/basil/Desktop/material-kai-vision-platform/src/api/agents.ts",
	"owner": "typescript",
	"code": "2349",
	"severity": 8,
	"message": "This expression is not callable.\n  Type 'Number' has no call signatures.",
	"source": "ts",
	"startLineNumber": 165,
	"startColumn": 9,
	"endLineNumber": 165,
	"endColumn": 15,
	"origin": "extHost1"
},{
	"resource": "/c:/Users/basil/Desktop/material-kai-vision-platform/src/api/agents.ts",
	"owner": "typescript",
	"code": "2304",
	"severity": 8,
	"message": "Cannot find name 'router'.",
	"source": "ts",
	"startLineNumber": 176,
	"startColumn": 1,
	"endLineNumber": 176,
	"endColumn": 7,
	"origin": "extHost1"
},{
	"resource": "/c:/Users/basil/Desktop/material-kai-vision-platform/src/api/agents.ts",
	"owner": "typescript",
	"code": "2349",
	"severity": 8,
	"message": "This expression is not callable.\n  Type 'Number' has no call signatures.",
	"source": "ts",
	"startLineNumber": 182,
	"startColumn": 18,
	"endLineNumber": 182,
	"endColumn": 24,
	"origin": "extHost1"
},{
	"resource": "/c:/Users/basil/Desktop/material-kai-vision-platform/src/api/agents.ts",
	"owner": "typescript",
	"code": "2339",
	"severity": 8,
	"message": "Property 'query' does not exist on type 'Request'.",
	"source": "ts",
	"startLineNumber": 188,
	"startColumn": 32,
	"endLineNumber": 188,
	"endColumn": 37,
	"origin": "extHost1"
},{
	"resource": "/c:/Users/basil/Desktop/material-kai-vision-platform/src/api/agents.ts",
	"owner": "typescript",
	"code": "2554",
	"severity": 8,
	"message": "Expected 0 arguments, but got 1.",
	"source": "ts",
	"startLineNumber": 191,
	"startColumn": 14,
	"endLineNumber": 194,
	"endColumn": 6,
	"origin": "extHost1"
},{
	"resource": "/c:/Users/basil/Desktop/material-kai-vision-platform/src/api/agents.ts",
	"owner": "typescript",
	"code": "2349",
	"severity": 8,
	"message": "This expression is not callable.\n  Type 'Number' has no call signatures.",
	"source": "ts",
	"startLineNumber": 196,
	"startColumn": 9,
	"endLineNumber": 196,
	"endColumn": 15,
	"origin": "extHost1"
},{
	"resource": "/c:/Users/basil/Desktop/material-kai-vision-platform/src/api/agents.ts",
	"owner": "typescript",
	"code": "2304",
	"severity": 8,
	"message": "Cannot find name 'router'.",
	"source": "ts",
	"startLineNumber": 207,
	"startColumn": 1,
	"endLineNumber": 207,
	"endColumn": 7,
	"origin": "extHost1"
},{
	"resource": "/c:/Users/basil/Desktop/material-kai-vision-platform/src/api/agents.ts",
	"owner": "typescript",
	"code": "2304",
	"severity": 8,
	"message": "Cannot find name 'upload'.",
	"source": "ts",
	"startLineNumber": 207,
	"startColumn": 37,
	"endLineNumber": 207,
	"endColumn": 43,
	"origin": "extHost1"
},{
	"resource": "/c:/Users/basil/Desktop/material-kai-vision-platform/src/api/agents.ts",
	"owner": "typescript",
	"code": "18047",
	"severity": 8,
	"message": "'req.body' is possibly 'null'.",
	"source": "ts",
	"startLineNumber": 210,
	"startColumn": 21,
	"endLineNumber": 210,
	"endColumn": 29,
	"origin": "extHost1"
},{
	"resource": "/c:/Users/basil/Desktop/material-kai-vision-platform/src/api/agents.ts",
	"owner": "typescript",
	"code": "2339",
	"severity": 8,
	"message": "Property 'agentId' does not exist on type 'ReadableStream<Uint8Array<ArrayBuffer>>'.",
	"source": "ts",
	"startLineNumber": 210,
	"startColumn": 30,
	"endLineNumber": 210,
	"endColumn": 37,
	"origin": "extHost1"
},{
	"resource": "/c:/Users/basil/Desktop/material-kai-vision-platform/src/api/agents.ts",
	"owner": "typescript",
	"code": "2349",
	"severity": 8,
	"message": "This expression is not callable.\n  Type 'Number' has no call signatures.",
	"source": "ts",
	"startLineNumber": 213,
	"startColumn": 18,
	"endLineNumber": 213,
	"endColumn": 24,
	"origin": "extHost1"
},{
	"resource": "/c:/Users/basil/Desktop/material-kai-vision-platform/src/api/agents.ts",
	"owner": "typescript",
	"code": "2339",
	"severity": 8,
	"message": "Property 'file' does not exist on type 'Request'.",
	"source": "ts",
	"startLineNumber": 219,
	"startColumn": 14,
	"endLineNumber": 219,
	"endColumn": 18,
	"origin": "extHost1"
},{
	"resource": "/c:/Users/basil/Desktop/material-kai-vision-platform/src/api/agents.ts",
	"owner": "typescript",
	"code": "2349",
	"severity": 8,
	"message": "This expression is not callable.\n  Type 'Number' has no call signatures.",
	"source": "ts",
	"startLineNumber": 220,
	"startColumn": 18,
	"endLineNumber": 220,
	"endColumn": 24,
	"origin": "extHost1"
},{
	"resource": "/c:/Users/basil/Desktop/material-kai-vision-platform/src/api/agents.ts",
	"owner": "typescript",
	"code": "2339",
	"severity": 8,
	"message": "Property 'file' does not exist on type 'Request'.",
	"source": "ts",
	"startLineNumber": 227,
	"startColumn": 32,
	"endLineNumber": 227,
	"endColumn": 36,
	"origin": "extHost1"
},{
	"resource": "/c:/Users/basil/Desktop/material-kai-vision-platform/src/api/agents.ts",
	"owner": "typescript",
	"code": "2339",
	"severity": 8,
	"message": "Property 'file' does not exist on type 'Request'.",
	"source": "ts",
	"startLineNumber": 227,
	"startColumn": 50,
	"endLineNumber": 227,
	"endColumn": 54,
	"origin": "extHost1"
},{
	"resource": "/c:/Users/basil/Desktop/material-kai-vision-platform/src/api/agents.ts",
	"owner": "typescript",
	"code": "2339",
	"severity": 8,
	"message": "Property 'file' does not exist on type 'Request'.",
	"source": "ts",
	"startLineNumber": 228,
	"startColumn": 17,
	"endLineNumber": 228,
	"endColumn": 21,
	"origin": "extHost1"
},{
	"resource": "/c:/Users/basil/Desktop/material-kai-vision-platform/src/api/agents.ts",
	"owner": "typescript",
	"code": "2349",
	"severity": 8,
	"message": "This expression is not callable.\n  Type 'Number' has no call signatures.",
	"source": "ts",
	"startLineNumber": 237,
	"startColumn": 18,
	"endLineNumber": 237,
	"endColumn": 24,
	"origin": "extHost1"
},{
	"resource": "/c:/Users/basil/Desktop/material-kai-vision-platform/src/api/agents.ts",
	"owner": "typescript",
	"code": "2554",
	"severity": 8,
	"message": "Expected 0 arguments, but got 1.",
	"source": "ts",
	"startLineNumber": 240,
	"startColumn": 14,
	"endLineNumber": 240,
	"endColumn": 20,
	"origin": "extHost1"
},{
	"resource": "/c:/Users/basil/Desktop/material-kai-vision-platform/src/api/agents.ts",
	"owner": "typescript",
	"code": "2349",
	"severity": 8,
	"message": "This expression is not callable.\n  Type 'Number' has no call signatures.",
	"source": "ts",
	"startLineNumber": 242,
	"startColumn": 9,
	"endLineNumber": 242,
	"endColumn": 15,
	"origin": "extHost1"
},{
	"resource": "/c:/Users/basil/Desktop/material-kai-vision-platform/src/api/agents.ts",
	"owner": "typescript",
	"code": "2304",
	"severity": 8,
	"message": "Cannot find name 'router'.",
	"source": "ts",
	"startLineNumber": 253,
	"startColumn": 1,
	"endLineNumber": 253,
	"endColumn": 7,
	"origin": "extHost1"
},{
	"resource": "/c:/Users/basil/Desktop/material-kai-vision-platform/src/api/agents.ts",
	"owner": "typescript",
	"code": "2339",
	"severity": 8,
	"message": "Property 'params' does not exist on type 'Request'.",
	"source": "ts",
	"startLineNumber": 256,
	"startColumn": 25,
	"endLineNumber": 256,
	"endColumn": 31,
	"origin": "extHost1"
},{
	"resource": "/c:/Users/basil/Desktop/material-kai-vision-platform/src/api/agents.ts",
	"owner": "typescript",
	"code": "2349",
	"severity": 8,
	"message": "This expression is not callable.\n  Type 'Number' has no call signatures.",
	"source": "ts",
	"startLineNumber": 259,
	"startColumn": 18,
	"endLineNumber": 259,
	"endColumn": 24,
	"origin": "extHost1"
},{
	"resource": "/c:/Users/basil/Desktop/material-kai-vision-platform/src/api/agents.ts",
	"owner": "typescript",
	"code": "2554",
	"severity": 8,
	"message": "Expected 0 arguments, but got 1.",
	"source": "ts",
	"startLineNumber": 267,
	"startColumn": 14,
	"endLineNumber": 270,
	"endColumn": 6,
	"origin": "extHost1"
},{
	"resource": "/c:/Users/basil/Desktop/material-kai-vision-platform/src/api/agents.ts",
	"owner": "typescript",
	"code": "2349",
	"severity": 8,
	"message": "This expression is not callable.\n  Type 'Number' has no call signatures.",
	"source": "ts",
	"startLineNumber": 272,
	"startColumn": 9,
	"endLineNumber": 272,
	"endColumn": 15,
	"origin": "extHost1"
},{
	"resource": "/c:/Users/basil/Desktop/material-kai-vision-platform/src/api/agents.ts",
	"owner": "typescript",
	"code": "2304",
	"severity": 8,
	"message": "Cannot find name 'router'.",
	"source": "ts",
	"startLineNumber": 283,
	"startColumn": 1,
	"endLineNumber": 283,
	"endColumn": 7,
	"origin": "extHost1"
},{
	"resource": "/c:/Users/basil/Desktop/material-kai-vision-platform/src/api/agents.ts",
	"owner": "typescript",
	"code": "2339",
	"severity": 8,
	"message": "Property 'params' does not exist on type 'Request'.",
	"source": "ts",
	"startLineNumber": 286,
	"startColumn": 24,
	"endLineNumber": 286,
	"endColumn": 30,
	"origin": "extHost1"
},{
	"resource": "/c:/Users/basil/Desktop/material-kai-vision-platform/src/api/agents.ts",
	"owner": "typescript",
	"code": "2349",
	"severity": 8,
	"message": "This expression is not callable.\n  Type 'Number' has no call signatures.",
	"source": "ts",
	"startLineNumber": 289,
	"startColumn": 18,
	"endLineNumber": 289,
	"endColumn": 24,
	"origin": "extHost1"
},{
	"resource": "/c:/Users/basil/Desktop/material-kai-vision-platform/src/api/agents.ts",
	"owner": "typescript",
	"code": "2349",
	"severity": 8,
	"message": "This expression is not callable.\n  Type 'Number' has no call signatures.",
	"source": "ts",
	"startLineNumber": 298,
	"startColumn": 18,
	"endLineNumber": 298,
	"endColumn": 24,
	"origin": "extHost1"
},{
	"resource": "/c:/Users/basil/Desktop/material-kai-vision-platform/src/api/agents.ts",
	"owner": "typescript",
	"code": "2554",
	"severity": 8,
	"message": "Expected 0 arguments, but got 1.",
	"source": "ts",
	"startLineNumber": 304,
	"startColumn": 14,
	"endLineNumber": 307,
	"endColumn": 6,
	"origin": "extHost1"
},{
	"resource": "/c:/Users/basil/Desktop/material-kai-vision-platform/src/api/agents.ts",
	"owner": "typescript",
	"code": "2349",
	"severity": 8,
	"message": "This expression is not callable.\n  Type 'Number' has no call signatures.",
	"source": "ts",
	"startLineNumber": 309,
	"startColumn": 9,
	"endLineNumber": 309,
	"endColumn": 15,
	"origin": "extHost1"
},{
	"resource": "/c:/Users/basil/Desktop/material-kai-vision-platform/src/api/agents.ts",
	"owner": "typescript",
	"code": "2304",
	"severity": 8,
	"message": "Cannot find name 'router'.",
	"source": "ts",
	"startLineNumber": 320,
	"startColumn": 1,
	"endLineNumber": 320,
	"endColumn": 7,
	"origin": "extHost1"
},{
	"resource": "/c:/Users/basil/Desktop/material-kai-vision-platform/src/api/agents.ts",
	"owner": "typescript",
	"code": "2339",
	"severity": 8,
	"message": "Property 'agentId' does not exist on type 'ReadableStream<Uint8Array<ArrayBuffer>> | null'.",
	"source": "ts",
	"startLineNumber": 323,
	"startColumn": 13,
	"endLineNumber": 323,
	"endColumn": 20,
	"origin": "extHost1"
},{
	"resource": "/c:/Users/basil/Desktop/material-kai-vision-platform/src/api/agents.ts",
	"owner": "typescript",
	"code": "2339",
	"severity": 8,
	"message": "Property 'title' does not exist on type 'ReadableStream<Uint8Array<ArrayBuffer>> | null'.",
	"source": "ts",
	"startLineNumber": 323,
	"startColumn": 22,
	"endLineNumber": 323,
	"endColumn": 27,
	"origin": "extHost1"
},{
	"resource": "/c:/Users/basil/Desktop/material-kai-vision-platform/src/api/agents.ts",
	"owner": "typescript",
	"code": "2339",
	"severity": 8,
	"message": "Property 'description' does not exist on type 'ReadableStream<Uint8Array<ArrayBuffer>> | null'.",
	"source": "ts",
	"startLineNumber": 323,
	"startColumn": 29,
	"endLineNumber": 323,
	"endColumn": 40,
	"origin": "extHost1"
},{
	"resource": "/c:/Users/basil/Desktop/material-kai-vision-platform/src/api/agents.ts",
	"owner": "typescript",
	"code": "2349",
	"severity": 8,
	"message": "This expression is not callable.\n  Type 'Number' has no call signatures.",
	"source": "ts",
	"startLineNumber": 326,
	"startColumn": 18,
	"endLineNumber": 326,
	"endColumn": 24,
	"origin": "extHost1"
},{
	"resource": "/c:/Users/basil/Desktop/material-kai-vision-platform/src/api/agents.ts",
	"owner": "typescript",
	"code": "2349",
	"severity": 8,
	"message": "This expression is not callable.\n  Type 'Number' has no call signatures.",
	"source": "ts",
	"startLineNumber": 340,
	"startColumn": 18,
	"endLineNumber": 340,
	"endColumn": 24,
	"origin": "extHost1"
},{
	"resource": "/c:/Users/basil/Desktop/material-kai-vision-platform/src/api/agents.ts",
	"owner": "typescript",
	"code": "2554",
	"severity": 8,
	"message": "Expected 0 arguments, but got 1.",
	"source": "ts",
	"startLineNumber": 346,
	"startColumn": 14,
	"endLineNumber": 349,
	"endColumn": 6,
	"origin": "extHost1"
},{
	"resource": "/c:/Users/basil/Desktop/material-kai-vision-platform/src/api/agents.ts",
	"owner": "typescript",
	"code": "2349",
	"severity": 8,
	"message": "This expression is not callable.\n  Type 'Number' has no call signatures.",
	"source": "ts",
	"startLineNumber": 351,
	"startColumn": 9,
	"endLineNumber": 351,
	"endColumn": 15,
	"origin": "extHost1"
},{
	"resource": "/c:/Users/basil/Desktop/material-kai-vision-platform/src/api/agents.ts",
	"owner": "typescript",
	"code": "2304",
	"severity": 8,
	"message": "Cannot find name 'router'.",
	"source": "ts",
	"startLineNumber": 362,
	"startColumn": 1,
	"endLineNumber": 362,
	"endColumn": 7,
	"origin": "extHost1"
},{
	"resource": "/c:/Users/basil/Desktop/material-kai-vision-platform/src/api/agents.ts",
	"owner": "typescript",
	"code": "2339",
	"severity": 8,
	"message": "Property 'query' does not exist on type 'Request'.",
	"source": "ts",
	"startLineNumber": 365,
	"startColumn": 25,
	"endLineNumber": 365,
	"endColumn": 30,
	"origin": "extHost1"
},{
	"resource": "/c:/Users/basil/Desktop/material-kai-vision-platform/src/api/agents.ts",
	"owner": "typescript",
	"code": "2349",
	"severity": 8,
	"message": "This expression is not callable.\n  Type 'Number' has no call signatures.",
	"source": "ts",
	"startLineNumber": 368,
	"startColumn": 18,
	"endLineNumber": 368,
	"endColumn": 24,
	"origin": "extHost1"
},{
	"resource": "/c:/Users/basil/Desktop/material-kai-vision-platform/src/api/agents.ts",
	"owner": "typescript",
	"code": "2554",
	"severity": 8,
	"message": "Expected 0 arguments, but got 1.",
	"source": "ts",
	"startLineNumber": 376,
	"startColumn": 14,
	"endLineNumber": 379,
	"endColumn": 6,
	"origin": "extHost1"
},{
	"resource": "/c:/Users/basil/Desktop/material-kai-vision-platform/src/api/agents.ts",
	"owner": "typescript",
	"code": "2349",
	"severity": 8,
	"message": "This expression is not callable.\n  Type 'Number' has no call signatures.",
	"source": "ts",
	"startLineNumber": 381,
	"startColumn": 9,
	"endLineNumber": 381,
	"endColumn": 15,
	"origin": "extHost1"
},{
	"resource": "/c:/Users/basil/Desktop/material-kai-vision-platform/src/api/agents.ts",
	"owner": "typescript",
	"code": "2304",
	"severity": 8,
	"message": "Cannot find name 'router'.",
	"source": "ts",
	"startLineNumber": 392,
	"startColumn": 1,
	"endLineNumber": 392,
	"endColumn": 7,
	"origin": "extHost1"
},{
	"resource": "/c:/Users/basil/Desktop/material-kai-vision-platform/src/api/agents.ts",
	"owner": "typescript",
	"code": "2339",
	"severity": 8,
	"message": "Property 'params' does not exist on type 'Request'.",
	"source": "ts",
	"startLineNumber": 395,
	"startColumn": 32,
	"endLineNumber": 395,
	"endColumn": 38,
	"origin": "extHost1"
},{
	"resource": "/c:/Users/basil/Desktop/material-kai-vision-platform/src/api/agents.ts",
	"owner": "typescript",
	"code": "2339",
	"severity": 8,
	"message": "Property 'query' does not exist on type 'Request'.",
	"source": "ts",
	"startLineNumber": 396,
	"startColumn": 32,
	"endLineNumber": 396,
	"endColumn": 37,
	"origin": "extHost1"
},{
	"resource": "/c:/Users/basil/Desktop/material-kai-vision-platform/src/api/agents.ts",
	"owner": "typescript",
	"code": "2349",
	"severity": 8,
	"message": "This expression is not callable.\n  Type 'Number' has no call signatures.",
	"source": "ts",
	"startLineNumber": 399,
	"startColumn": 18,
	"endLineNumber": 399,
	"endColumn": 24,
	"origin": "extHost1"
},{
	"resource": "/c:/Users/basil/Desktop/material-kai-vision-platform/src/api/agents.ts",
	"owner": "typescript",
	"code": "2349",
	"severity": 8,
	"message": "This expression is not callable.\n  Type 'Number' has no call signatures.",
	"source": "ts",
	"startLineNumber": 407,
	"startColumn": 18,
	"endLineNumber": 407,
	"endColumn": 24,
	"origin": "extHost1"
},{
	"resource": "/c:/Users/basil/Desktop/material-kai-vision-platform/src/api/agents.ts",
	"owner": "typescript",
	"code": "2554",
	"severity": 8,
	"message": "Expected 0 arguments, but got 1.",
	"source": "ts",
	"startLineNumber": 415,
	"startColumn": 14,
	"endLineNumber": 419,
	"endColumn": 6,
	"origin": "extHost1"
},{
	"resource": "/c:/Users/basil/Desktop/material-kai-vision-platform/src/api/agents.ts",
	"owner": "typescript",
	"code": "2349",
	"severity": 8,
	"message": "This expression is not callable.\n  Type 'Number' has no call signatures.",
	"source": "ts",
	"startLineNumber": 421,
	"startColumn": 9,
	"endLineNumber": 421,
	"endColumn": 15,
	"origin": "extHost1"
},{
	"resource": "/c:/Users/basil/Desktop/material-kai-vision-platform/src/api/agents.ts",
	"owner": "typescript",
	"code": "2304",
	"severity": 8,
	"message": "Cannot find name 'router'.",
	"source": "ts",
	"startLineNumber": 432,
	"startColumn": 1,
	"endLineNumber": 432,
	"endColumn": 7,
	"origin": "extHost1"
},{
	"resource": "/c:/Users/basil/Desktop/material-kai-vision-platform/src/api/agents.ts",
	"owner": "typescript",
	"code": "2339",
	"severity": 8,
	"message": "Property 'conversationId' does not exist on type 'ReadableStream<Uint8Array<ArrayBuffer>> | null'.",
	"source": "ts",
	"startLineNumber": 435,
	"startColumn": 13,
	"endLineNumber": 435,
	"endColumn": 27,
	"origin": "extHost1"
},{
	"resource": "/c:/Users/basil/Desktop/material-kai-vision-platform/src/api/agents.ts",
	"owner": "typescript",
	"code": "2339",
	"severity": 8,
	"message": "Property 'role' does not exist on type 'ReadableStream<Uint8Array<ArrayBuffer>> | null'.",
	"source": "ts",
	"startLineNumber": 435,
	"startColumn": 29,
	"endLineNumber": 435,
	"endColumn": 33,
	"origin": "extHost1"
},{
	"resource": "/c:/Users/basil/Desktop/material-kai-vision-platform/src/api/agents.ts",
	"owner": "typescript",
	"code": "2339",
	"severity": 8,
	"message": "Property 'content' does not exist on type 'ReadableStream<Uint8Array<ArrayBuffer>> | null'.",
	"source": "ts",
	"startLineNumber": 435,
	"startColumn": 35,
	"endLineNumber": 435,
	"endColumn": 42,
	"origin": "extHost1"
},{
	"resource": "/c:/Users/basil/Desktop/material-kai-vision-platform/src/api/agents.ts",
	"owner": "typescript",
	"code": "2339",
	"severity": 8,
	"message": "Property 'attachmentIds' does not exist on type 'ReadableStream<Uint8Array<ArrayBuffer>> | null'.",
	"source": "ts",
	"startLineNumber": 435,
	"startColumn": 44,
	"endLineNumber": 435,
	"endColumn": 57,
	"origin": "extHost1"
},{
	"resource": "/c:/Users/basil/Desktop/material-kai-vision-platform/src/api/agents.ts",
	"owner": "typescript",
	"code": "2339",
	"severity": 8,
	"message": "Property 'metadata' does not exist on type 'ReadableStream<Uint8Array<ArrayBuffer>> | null'.",
	"source": "ts",
	"startLineNumber": 435,
	"startColumn": 59,
	"endLineNumber": 435,
	"endColumn": 67,
	"origin": "extHost1"
},{
	"resource": "/c:/Users/basil/Desktop/material-kai-vision-platform/src/api/agents.ts",
	"owner": "typescript",
	"code": "2349",
	"severity": 8,
	"message": "This expression is not callable.\n  Type 'Number' has no call signatures.",
	"source": "ts",
	"startLineNumber": 438,
	"startColumn": 18,
	"endLineNumber": 438,
	"endColumn": 24,
	"origin": "extHost1"
},{
	"resource": "/c:/Users/basil/Desktop/material-kai-vision-platform/src/api/agents.ts",
	"owner": "typescript",
	"code": "2349",
	"severity": 8,
	"message": "This expression is not callable.\n  Type 'Number' has no call signatures.",
	"source": "ts",
	"startLineNumber": 453,
	"startColumn": 18,
	"endLineNumber": 453,
	"endColumn": 24,
	"origin": "extHost1"
},{
	"resource": "/c:/Users/basil/Desktop/material-kai-vision-platform/src/api/agents.ts",
	"owner": "typescript",
	"code": "2554",
	"severity": 8,
	"message": "Expected 0 arguments, but got 1.",
	"source": "ts",
	"startLineNumber": 459,
	"startColumn": 14,
	"endLineNumber": 462,
	"endColumn": 6,
	"origin": "extHost1"
},{
	"resource": "/c:/Users/basil/Desktop/material-kai-vision-platform/src/api/agents.ts",
	"owner": "typescript",
	"code": "2349",
	"severity": 8,
	"message": "This expression is not callable.\n  Type 'Number' has no call signatures.",
	"source": "ts",
	"startLineNumber": 464,
	"startColumn": 9,
	"endLineNumber": 464,
	"endColumn": 15,
	"origin": "extHost1"
},{
	"resource": "/c:/Users/basil/Desktop/material-kai-vision-platform/src/api/agents.ts",
	"owner": "typescript",
	"code": "2304",
	"severity": 8,
	"message": "Cannot find name 'router'.",
	"source": "ts",
	"startLineNumber": 475,
	"startColumn": 1,
	"endLineNumber": 475,
	"endColumn": 7,
	"origin": "extHost1"
},{
	"resource": "/c:/Users/basil/Desktop/material-kai-vision-platform/src/api/agents.ts",
	"owner": "typescript",
	"code": "2339",
	"severity": 8,
	"message": "Property 'params' does not exist on type 'Request'.",
	"source": "ts",
	"startLineNumber": 478,
	"startColumn": 32,
	"endLineNumber": 478,
	"endColumn": 38,
	"origin": "extHost1"
},{
	"resource": "/c:/Users/basil/Desktop/material-kai-vision-platform/src/api/agents.ts",
	"owner": "typescript",
	"code": "2339",
	"severity": 8,
	"message": "Property 'title' does not exist on type 'ReadableStream<Uint8Array<ArrayBuffer>> | null'.",
	"source": "ts",
	"startLineNumber": 479,
	"startColumn": 13,
	"endLineNumber": 479,
	"endColumn": 18,
	"origin": "extHost1"
},{
	"resource": "/c:/Users/basil/Desktop/material-kai-vision-platform/src/api/agents.ts",
	"owner": "typescript",
	"code": "2349",
	"severity": 8,
	"message": "This expression is not callable.\n  Type 'Number' has no call signatures.",
	"source": "ts",
	"startLineNumber": 482,
	"startColumn": 18,
	"endLineNumber": 482,
	"endColumn": 24,
	"origin": "extHost1"
},{
	"resource": "/c:/Users/basil/Desktop/material-kai-vision-platform/src/api/agents.ts",
	"owner": "typescript",
	"code": "2349",
	"severity": 8,
	"message": "This expression is not callable.\n  Type 'Number' has no call signatures.",
	"source": "ts",
	"startLineNumber": 491,
	"startColumn": 18,
	"endLineNumber": 491,
	"endColumn": 24,
	"origin": "extHost1"
},{
	"resource": "/c:/Users/basil/Desktop/material-kai-vision-platform/src/api/agents.ts",
	"owner": "typescript",
	"code": "2554",
	"severity": 8,
	"message": "Expected 0 arguments, but got 1.",
	"source": "ts",
	"startLineNumber": 497,
	"startColumn": 14,
	"endLineNumber": 500,
	"endColumn": 6,
	"origin": "extHost1"
},{
	"resource": "/c:/Users/basil/Desktop/material-kai-vision-platform/src/api/agents.ts",
	"owner": "typescript",
	"code": "2349",
	"severity": 8,
	"message": "This expression is not callable.\n  Type 'Number' has no call signatures.",
	"source": "ts",
	"startLineNumber": 502,
	"startColumn": 9,
	"endLineNumber": 502,
	"endColumn": 15,
	"origin": "extHost1"
},{
	"resource": "/c:/Users/basil/Desktop/material-kai-vision-platform/src/api/agents.ts",
	"owner": "typescript",
	"code": "2304",
	"severity": 8,
	"message": "Cannot find name 'router'.",
	"source": "ts",
	"startLineNumber": 513,
	"startColumn": 1,
	"endLineNumber": 513,
	"endColumn": 7,
	"origin": "extHost1"
},{
	"resource": "/c:/Users/basil/Desktop/material-kai-vision-platform/src/api/agents.ts",
	"owner": "typescript",
	"code": "2339",
	"severity": 8,
	"message": "Property 'params' does not exist on type 'Request'.",
	"source": "ts",
	"startLineNumber": 516,
	"startColumn": 32,
	"endLineNumber": 516,
	"endColumn": 38,
	"origin": "extHost1"
},{
	"resource": "/c:/Users/basil/Desktop/material-kai-vision-platform/src/api/agents.ts",
	"owner": "typescript",
	"code": "2349",
	"severity": 8,
	"message": "This expression is not callable.\n  Type 'Number' has no call signatures.",
	"source": "ts",
	"startLineNumber": 519,
	"startColumn": 18,
	"endLineNumber": 519,
	"endColumn": 24,
	"origin": "extHost1"
},{
	"resource": "/c:/Users/basil/Desktop/material-kai-vision-platform/src/api/agents.ts",
	"owner": "typescript",
	"code": "2349",
	"severity": 8,
	"message": "This expression is not callable.\n  Type 'Number' has no call signatures.",
	"source": "ts",
	"startLineNumber": 528,
	"startColumn": 18,
	"endLineNumber": 528,
	"endColumn": 24,
	"origin": "extHost1"
},{
	"resource": "/c:/Users/basil/Desktop/material-kai-vision-platform/src/api/agents.ts",
	"owner": "typescript",
	"code": "2554",
	"severity": 8,
	"message": "Expected 0 arguments, but got 1.",
	"source": "ts",
	"startLineNumber": 534,
	"startColumn": 14,
	"endLineNumber": 537,
	"endColumn": 6,
	"origin": "extHost1"
},{
	"resource": "/c:/Users/basil/Desktop/material-kai-vision-platform/src/api/agents.ts",
	"owner": "typescript",
	"code": "2349",
	"severity": 8,
	"message": "This expression is not callable.\n  Type 'Number' has no call signatures.",
	"source": "ts",
	"startLineNumber": 539,
	"startColumn": 9,
	"endLineNumber": 539,
	"endColumn": 15,
	"origin": "extHost1"
},{
	"resource": "/c:/Users/basil/Desktop/material-kai-vision-platform/src/api/agents.ts",
	"owner": "typescript",
	"code": "2304",
	"severity": 8,
	"message": "Cannot find name 'router'.",
	"source": "ts",
	"startLineNumber": 546,
	"startColumn": 16,
	"endLineNumber": 546,
	"endColumn": 22,
	"origin": "extHost1"
},{
	"resource": "/c:/Users/basil/Desktop/material-kai-vision-platform/src/api/controllers/visualSearchController.ts",
	"owner": "eslint",
	"severity": 8,
	"message": "Parsing error: C:\\Users\\basil\\Desktop\\material-kai-vision-platform\\src\\api\\controllers\\visualSearchController.ts was not found by the project service. Consider eithe",
	"source": "eslint",
	"startLineNumber": 1,
	"startColumn": 1,
	"endLineNumber": 1,
	"endColumn": 1
},{
	"resource": "/c:/Users/basil/Desktop/material-kai-vision-platform/src/api/routes.ts",
	"owner": "eslint",
	"severity": 8,
	"message": "Parsing error: C:\\Users\\basil\\Desktop\\material-kai-vision-platform\\src\\api\\routes.ts was not found by the project service. Consider either including it in the tsconf",
	"source": "eslint",
	"startLineNumber": 1,
	"startColumn": 1,
	"endLineNumber": 1,
	"endColumn": 1
},{
	"resource": "/c:/Users/basil/Desktop/material-kai-vision-platform/src/components/Admin/EmbeddingGenerationPanel.tsx",
	"owner": "eslint",
	"severity": 8,
	"message": "Parsing error: C:\\Users\\basil\\Desktop\\material-kai-vision-platform\\src\\components\\Admin\\EmbeddingGenerationPanel.tsx was not found by the project service. Consider e",
	"source": "eslint",
	"startLineNumber": 1,
	"startColumn": 1,
	"endLineNumber": 1,
	"endColumn": 1
},{
	"resource": "/c:/Users/basil/Desktop/material-kai-vision-platform/src/components/Admin/KnowledgeBaseManagement.tsx",
	"owner": "eslint",
	"severity": 8,
	"message": "Parsing error: C:\\Users\\basil\\Desktop\\material-kai-vision-platform\\src\\components\\Admin\\KnowledgeBaseManagement.tsx was not found by the project service. Consider ei",
	"source": "eslint",
	"startLineNumber": 1,
	"startColumn": 1,
	"endLineNumber": 1,
	"endColumn": 1
},{
	"resource": "/c:/Users/basil/Desktop/material-kai-vision-platform/src/components/Admin/ProposalEditor.tsx",
	"owner": "eslint",
	"severity": 8,
	"message": "Parsing error: C:\\Users\\basil\\Desktop\\material-kai-vision-platform\\src\\components\\Admin\\ProposalEditor.tsx was not found by the project service. Consider either incl",
	"source": "eslint",
	"startLineNumber": 1,
	"startColumn": 1,
	"endLineNumber": 1,
	"endColumn": 1
},{
	"resource": "/c:/Users/basil/Desktop/material-kai-vision-platform/src/components/Admin/QualityDashboard.tsx",
	"owner": "eslint",
	"severity": 8,
	"message": "Parsing error: C:\\Users\\basil\\Desktop\\material-kai-vision-platform\\src\\components\\Admin\\QualityDashboard.tsx was not found by the project service. Consider either in",
	"source": "eslint",
	"startLineNumber": 1,
	"startColumn": 1,
	"endLineNumber": 1,
	"endColumn": 1
},{
	"resource": "/c:/Users/basil/Desktop/material-kai-vision-platform/src/components/Admin/QualityIssuesPanel.tsx",
	"owner": "eslint",
	"severity": 8,
	"message": "Parsing error: C:\\Users\\basil\\Desktop\\material-kai-vision-platform\\src\\components\\Admin\\QualityIssuesPanel.tsx was not found by the project service. Consider either",
	"source": "eslint",
	"startLineNumber": 1,
	"startColumn": 1,
	"endLineNumber": 1,
	"endColumn": 1
},{
	"resource": "/c:/Users/basil/Desktop/material-kai-vision-platform/src/components/Admin/QualityMetricsCard.tsx",
	"owner": "eslint",
	"severity": 8,
	"message": "Parsing error: C:\\Users\\basil\\Desktop\\material-kai-vision-platform\\src\\components\\Admin\\QualityMetricsCard.tsx was not found by the project service. Consider either",
	"source": "eslint",
	"startLineNumber": 1,
	"startColumn": 1,
	"endLineNumber": 1,
	"endColumn": 1
},{
	"resource": "/c:/Users/basil/Desktop/material-kai-vision-platform/src/components/Admin/QualityRecommendationsPanel.tsx",
	"owner": "eslint",
	"severity": 8,
	"message": "Parsing error: C:\\Users\\basil\\Desktop\\material-kai-vision-platform\\src\\components\\Admin\\QualityRecommendationsPanel.tsx was not found by the project service. Conside",
	"source": "eslint",
	"startLineNumber": 1,
	"startColumn": 1,
	"endLineNumber": 1,
	"endColumn": 1
},{
	"resource": "/c:/Users/basil/Desktop/material-kai-vision-platform/src/components/Admin/QualityTrendsChart.tsx",
	"owner": "eslint",
	"severity": 8,
	"message": "Parsing error: C:\\Users\\basil\\Desktop\\material-kai-vision-platform\\src\\components\\Admin\\QualityTrendsChart.tsx was not found by the project service. Consider either",
	"source": "eslint",
	"startLineNumber": 1,
	"startColumn": 1,
	"endLineNumber": 1,
	"endColumn": 1
},{
	"resource": "/c:/Users/basil/Desktop/material-kai-vision-platform/src/components/Admin/QuoteRequestsPanel.tsx",
	"owner": "eslint",
	"severity": 8,
	"message": "Parsing error: C:\\Users\\basil\\Desktop\\material-kai-vision-platform\\src\\components\\Admin\\QuoteRequestsPanel.tsx was not found by the project service. Consider either",
	"source": "eslint",
	"startLineNumber": 1,
	"startColumn": 1,
	"endLineNumber": 1,
	"endColumn": 1
},{
	"resource": "/c:/Users/basil/Desktop/material-kai-vision-platform/src/config/mivaaStandardization.ts",
	"owner": "eslint",
	"severity": 8,
	"message": "Parsing error: C:\\Users\\basil\\Desktop\\material-kai-vision-platform\\src\\config\\mivaaStandardization.ts was not found by the project service. Consider either including",
	"source": "eslint",
	"startLineNumber": 1,
	"startColumn": 1,
	"endLineNumber": 1,
	"endColumn": 1
},{
	"resource": "/c:/Users/basil/Desktop/material-kai-vision-platform/src/pages/api/mivaa/extract-categories.ts",
	"owner": "eslint",
	"severity": 8,
	"message": "Parsing error: C:\\Users\\basil\\Desktop\\material-kai-vision-platform\\src\\pages\\api\\mivaa\\extract-categories.ts was not found by the project service. Consider either in",
	"source": "eslint",
	"startLineNumber": 1,
	"startColumn": 1,
	"endLineNumber": 1,
	"endColumn": 1
},{
	"resource": "/c:/Users/basil/Desktop/material-kai-vision-platform/src/pages/api/websocket/pdf-progress.ts",
	"owner": "eslint",
	"severity": 8,
	"message": "Parsing error: C:\\Users\\basil\\Desktop\\material-kai-vision-platform\\src\\pages\\api\\websocket\\pdf-progress.ts was not found by the project service. Consider either incl",
	"source": "eslint",
	"startLineNumber": 1,
	"startColumn": 1,
	"endLineNumber": 1,
	"endColumn": 1
},{
	"resource": "/c:/Users/basil/Desktop/material-kai-vision-platform/supabase/functions/_shared/config.ts",
	"owner": "eslint",
	"severity": 8,
	"message": "Parsing error: C:\\Users\\basil\\Desktop\\material-kai-vision-platform\\supabase\\functions\\_shared\\config.ts was not found by the project service. Consider either includi",
	"source": "eslint",
	"startLineNumber": 1,
	"startColumn": 1,
	"endLineNumber": 1,
	"endColumn": 1
},{
	"resource": "/c:/Users/basil/Desktop/material-kai-vision-platform/supabase/functions/_shared/cors.ts",
	"owner": "eslint",
	"severity": 8,
	"message": "Parsing error: C:\\Users\\basil\\Desktop\\material-kai-vision-platform\\supabase\\functions\\_shared\\cors.ts was not found by the project service. Consider either including",
	"source": "eslint",
	"startLineNumber": 1,
	"startColumn": 1,
	"endLineNumber": 1,
	"endColumn": 1
},{
	"resource": "/c:/Users/basil/Desktop/material-kai-vision-platform/supabase/functions/_shared/embedding-utils.ts",
	"owner": "eslint",
	"severity": 8,
	"message": "Parsing error: C:\\Users\\basil\\Desktop\\material-kai-vision-platform\\supabase\\functions\\_shared\\embedding-utils.ts was not found by the project service. Consider eithe",
	"source": "eslint",
	"startLineNumber": 1,
	"startColumn": 1,
	"endLineNumber": 1,
	"endColumn": 1
},{
	"resource": "/c:/Users/basil/Desktop/material-kai-vision-platform/supabase/functions/_shared/response-quality.ts",
	"owner": "eslint",
	"severity": 8,
	"message": "Parsing error: C:\\Users\\basil\\Desktop\\material-kai-vision-platform\\supabase\\functions\\_shared\\response-quality.ts was not found by the project service. Consider eith",
	"source": "eslint",
	"startLineNumber": 1,
	"startColumn": 1,
	"endLineNumber": 1,
	"endColumn": 1
},{
	"resource": "/c:/Users/basil/Desktop/material-kai-vision-platform/supabase/functions/_shared/retrieval-quality.ts",
	"owner": "eslint",
	"severity": 8,
	"message": "Parsing error: C:\\Users\\basil\\Desktop\\material-kai-vision-platform\\supabase\\functions\\_shared\\retrieval-quality.ts was not found by the project service. Consider eit",
	"source": "eslint",
	"startLineNumber": 1,
	"startColumn": 1,
	"endLineNumber": 1,
	"endColumn": 1
},{
	"resource": "/c:/Users/basil/Desktop/material-kai-vision-platform/supabase/functions/_shared/types.ts",
	"owner": "eslint",
	"severity": 8,
	"message": "Parsing error: C:\\Users\\basil\\Desktop\\material-kai-vision-platform\\supabase\\functions\\_shared\\types.ts was not found by the project service. Consider either includin",
	"source": "eslint",
	"startLineNumber": 1,
	"startColumn": 1,
	"endLineNumber": 1,
	"endColumn": 1
},{
	"resource": "/c:/Users/basil/Desktop/material-kai-vision-platform/supabase/functions/_shared/unified-vector-search.ts",
	"owner": "eslint",
	"severity": 8,
	"message": "Parsing error: C:\\Users\\basil\\Desktop\\material-kai-vision-platform\\supabase\\functions\\_shared\\unified-vector-search.ts was not found by the project service. Consider",
	"source": "eslint",
	"startLineNumber": 1,
	"startColumn": 1,
	"endLineNumber": 1,
	"endColumn": 1
},{
	"resource": "/c:/Users/basil/Desktop/material-kai-vision-platform/supabase/functions/analyze-embedding-stability/index.ts",
	"owner": "eslint",
	"severity": 8,
	"message": "Parsing error: C:\\Users\\basil\\Desktop\\material-kai-vision-platform\\supabase\\functions\\analyze-embedding-stability\\index.ts was not found by the project service. Cons",
	"source": "eslint",
	"startLineNumber": 1,
	"startColumn": 1,
	"endLineNumber": 1,
	"endColumn": 1
},{
	"resource": "/c:/Users/basil/Desktop/material-kai-vision-platform/supabase/functions/analyze-knowledge-content/index.ts",
	"owner": "eslint",
	"severity": 8,
	"message": "Parsing error: C:\\Users\\basil\\Desktop\\material-kai-vision-platform\\supabase\\functions\\analyze-knowledge-content\\index.ts was not found by the project service. Consid",
	"source": "eslint",
	"startLineNumber": 1,
	"startColumn": 1,
	"endLineNumber": 1,
	"endColumn": 1
},{
	"resource": "/c:/Users/basil/Desktop/material-kai-vision-platform/supabase/functions/apply-quality-scoring/index.ts",
	"owner": "eslint",
	"severity": 8,
	"message": "Parsing error: C:\\Users\\basil\\Desktop\\material-kai-vision-platform\\supabase\\functions\\apply-quality-scoring\\index.ts was not found by the project service. Consider e",
	"source": "eslint",
	"startLineNumber": 1,
	"startColumn": 1,
	"endLineNumber": 1,
	"endColumn": 1
},{
	"resource": "/c:/Users/basil/Desktop/material-kai-vision-platform/supabase/functions/chunk-aware-search/index.ts",
	"owner": "eslint",
	"severity": 8,
	"message": "Parsing error: C:\\Users\\basil\\Desktop\\material-kai-vision-platform\\supabase\\functions\\chunk-aware-search\\index.ts was not found by the project service. Consider eith",
	"source": "eslint",
	"startLineNumber": 1,
	"startColumn": 1,
	"endLineNumber": 1,
	"endColumn": 1
},{
	"resource": "/c:/Users/basil/Desktop/material-kai-vision-platform/supabase/functions/classify-content/index.ts",
	"owner": "eslint",
	"severity": 8,
	"message": "Parsing error: C:\\Users\\basil\\Desktop\\material-kai-vision-platform\\supabase\\functions\\classify-content\\index.ts was not found by the project service. Consider either",
	"source": "eslint",
	"startLineNumber": 1,
	"startColumn": 1,
	"endLineNumber": 1,
	"endColumn": 1
},{
	"resource": "/c:/Users/basil/Desktop/material-kai-vision-platform/supabase/functions/crewai-3d-generation/index.ts",
	"owner": "eslint",
	"severity": 8,
	"message": "Parsing error: C:\\Users\\basil\\Desktop\\material-kai-vision-platform\\supabase\\functions\\crewai-3d-generation\\index.ts was not found by the project service. Consider ei",
	"source": "eslint",
	"startLineNumber": 1,
	"startColumn": 1,
	"endLineNumber": 1,
	"endColumn": 1
},{
	"resource": "/c:/Users/basil/Desktop/material-kai-vision-platform/supabase/functions/crm-contacts-api/index.ts",
	"owner": "eslint",
	"severity": 8,
	"message": "Parsing error: C:\\Users\\basil\\Desktop\\material-kai-vision-platform\\supabase\\functions\\crm-contacts-api\\index.ts was not found by the project service. Consider either",
	"source": "eslint",
	"startLineNumber": 1,
	"startColumn": 1,
	"endLineNumber": 1,
	"endColumn": 1
},{
	"resource": "/c:/Users/basil/Desktop/material-kai-vision-platform/supabase/functions/crm-stripe-api/index.ts",
	"owner": "eslint",
	"severity": 8,
	"message": "Parsing error: C:\\Users\\basil\\Desktop\\material-kai-vision-platform\\supabase\\functions\\crm-stripe-api\\index.ts was not found by the project service. Consider either i",
	"source": "eslint",
	"startLineNumber": 1,
	"startColumn": 1,
	"endLineNumber": 1,
	"endColumn": 1
},{
	"resource": "/c:/Users/basil/Desktop/material-kai-vision-platform/supabase/functions/crm-users-api/index.ts",
	"owner": "eslint",
	"severity": 8,
	"message": "Parsing error: C:\\Users\\basil\\Desktop\\material-kai-vision-platform\\supabase\\functions\\crm-users-api\\index.ts was not found by the project service. Consider either in",
	"source": "eslint",
	"startLineNumber": 1,
	"startColumn": 1,
	"endLineNumber": 1,
	"endColumn": 1
},{
	"resource": "/c:/Users/basil/Desktop/material-kai-vision-platform/supabase/functions/detect-boundaries/index.ts",
	"owner": "eslint",
	"severity": 8,
	"message": "Parsing error: C:\\Users\\basil\\Desktop\\material-kai-vision-platform\\supabase\\functions\\detect-boundaries\\index.ts was not found by the project service. Consider eithe",
	"source": "eslint",
	"startLineNumber": 1,
	"startColumn": 1,
	"endLineNumber": 1,
	"endColumn": 1
},{
	"resource": "/c:/Users/basil/Desktop/material-kai-vision-platform/supabase/functions/document-vector-search/index.ts",
	"owner": "eslint",
	"severity": 8,
	"message": "Parsing error: C:\\Users\\basil\\Desktop\\material-kai-vision-platform\\supabase\\functions\\document-vector-search\\index.ts was not found by the project service. Consider",
	"source": "eslint",
	"startLineNumber": 1,
	"startColumn": 1,
	"endLineNumber": 1,
	"endColumn": 1
},{
	"resource": "/c:/Users/basil/Desktop/material-kai-vision-platform/supabase/functions/enrich-products/index.ts",
	"owner": "eslint",
	"severity": 8,
	"message": "Parsing error: C:\\Users\\basil\\Desktop\\material-kai-vision-platform\\supabase\\functions\\enrich-products\\index.ts was not found by the project service. Consider either",
	"source": "eslint",
	"startLineNumber": 1,
	"startColumn": 1,
	"endLineNumber": 1,
	"endColumn": 1
},{
	"resource": "/c:/Users/basil/Desktop/material-kai-vision-platform/supabase/functions/extract-categories/index.ts",
	"owner": "eslint",
	"severity": 8,
	"message": "Parsing error: C:\\Users\\basil\\Desktop\\material-kai-vision-platform\\supabase\\functions\\extract-categories\\index.ts was not found by the project service. Consider eith",
	"source": "eslint",
	"startLineNumber": 1,
	"startColumn": 1,
	"endLineNumber": 1,
	"endColumn": 1
},{
	"resource": "/c:/Users/basil/Desktop/material-kai-vision-platform/supabase/functions/extract-material-knowledge/index.ts",
	"owner": "eslint",
	"severity": 8,
	"message": "Parsing error: C:\\Users\\basil\\Desktop\\material-kai-vision-platform\\supabase\\functions\\extract-material-knowledge\\index.ts was not found by the project service. Consi",
	"source": "eslint",
	"startLineNumber": 1,
	"startColumn": 1,
	"endLineNumber": 1,
	"endColumn": 1
},{
	"resource": "/c:/Users/basil/Desktop/material-kai-vision-platform/supabase/functions/get-material-categories/index.ts",
	"owner": "eslint",
	"severity": 8,
	"message": "Parsing error: C:\\Users\\basil\\Desktop\\material-kai-vision-platform\\supabase\\functions\\get-material-categories\\index.ts was not found by the project service. Consider",
	"source": "eslint",
	"startLineNumber": 1,
	"startColumn": 1,
	"endLineNumber": 1,
	"endColumn": 1
},{
	"resource": "/c:/Users/basil/Desktop/material-kai-vision-platform/supabase/functions/huggingface-model-trainer/index.ts",
	"owner": "eslint",
	"severity": 8,
	"message": "Parsing error: C:\\Users\\basil\\Desktop\\material-kai-vision-platform\\supabase\\functions\\huggingface-model-trainer\\index.ts was not found by the project service. Consid",
	"source": "eslint",
	"startLineNumber": 1,
	"startColumn": 1,
	"endLineNumber": 1,
	"endColumn": 1
},{
	"resource": "/c:/Users/basil/Desktop/material-kai-vision-platform/supabase/functions/hybrid-material-analysis/index.ts",
	"owner": "eslint",
	"severity": 8,
	"message": "Parsing error: C:\\Users\\basil\\Desktop\\material-kai-vision-platform\\supabase\\functions\\hybrid-material-analysis\\index.ts was not found by the project service. Conside",
	"source": "eslint",
	"startLineNumber": 1,
	"startColumn": 1,
	"endLineNumber": 1,
	"endColumn": 1
},{
	"resource": "/c:/Users/basil/Desktop/material-kai-vision-platform/supabase/functions/material-agent-orchestrator/index.ts",
	"owner": "eslint",
	"severity": 8,
	"message": "Parsing error: C:\\Users\\basil\\Desktop\\material-kai-vision-platform\\supabase\\functions\\material-agent-orchestrator\\index.ts was not found by the project service. Cons",
	"source": "eslint",
	"startLineNumber": 1,
	"startColumn": 1,
	"endLineNumber": 1,
	"endColumn": 1
},{
	"resource": "/c:/Users/basil/Desktop/material-kai-vision-platform/supabase/functions/material-agent-orchestrator/test.ts",
	"owner": "eslint",
	"severity": 8,
	"message": "Parsing error: C:\\Users\\basil\\Desktop\\material-kai-vision-platform\\supabase\\functions\\material-agent-orchestrator\\test.ts was not found by the project service. Consi",
	"source": "eslint",
	"startLineNumber": 1,
	"startColumn": 1,
	"endLineNumber": 1,
	"endColumn": 1
},{
	"resource": "/c:/Users/basil/Desktop/material-kai-vision-platform/supabase/functions/material-images-api/index.ts",
	"owner": "eslint",
	"severity": 8,
	"message": "Parsing error: C:\\Users\\basil\\Desktop\\material-kai-vision-platform\\supabase\\functions\\material-images-api\\index.ts was not found by the project service. Consider eit",
	"source": "eslint",
	"startLineNumber": 1,
	"startColumn": 1,
	"endLineNumber": 1,
	"endColumn": 1
},{
	"resource": "/c:/Users/basil/Desktop/material-kai-vision-platform/supabase/functions/material-properties-analysis/index.ts",
	"owner": "eslint",
	"severity": 8,
	"message": "Parsing error: C:\\Users\\basil\\Desktop\\material-kai-vision-platform\\supabase\\functions\\material-properties-analysis\\index.ts was not found by the project service. Con",
	"source": "eslint",
	"startLineNumber": 1,
	"startColumn": 1,
	"endLineNumber": 1,
	"endColumn": 1
},{
	"resource": "/c:/Users/basil/Desktop/material-kai-vision-platform/supabase/functions/material-recognition/index.ts",
	"owner": "eslint",
	"severity": 8,
	"message": "Parsing error: C:\\Users\\basil\\Desktop\\material-kai-vision-platform\\supabase\\functions\\material-recognition\\index.ts was not found by the project service. Consider ei",
	"source": "eslint",
	"startLineNumber": 1,
	"startColumn": 1,
	"endLineNumber": 1,
	"endColumn": 1
},{
	"resource": "/c:/Users/basil/Desktop/material-kai-vision-platform/supabase/functions/material-scraper/index.ts",
	"owner": "eslint",
	"severity": 8,
	"message": "Parsing error: C:\\Users\\basil\\Desktop\\material-kai-vision-platform\\supabase\\functions\\material-scraper\\index.ts was not found by the project service. Consider either",
	"source": "eslint",
	"startLineNumber": 1,
	"startColumn": 1,
	"endLineNumber": 1,
	"endColumn": 1
},{
	"resource": "/c:/Users/basil/Desktop/material-kai-vision-platform/supabase/functions/mivaa-gateway/index.ts",
	"owner": "eslint",
	"severity": 8,
	"message": "Parsing error: C:\\Users\\basil\\Desktop\\material-kai-vision-platform\\supabase\\functions\\mivaa-gateway\\index.ts was not found by the project service. Consider either in",
	"source": "eslint",
	"startLineNumber": 1,
	"startColumn": 1,
	"endLineNumber": 1,
	"endColumn": 1
},{
	"resource": "/c:/Users/basil/Desktop/material-kai-vision-platform/supabase/functions/mivaa-jwt-generator/index.ts",
	"owner": "eslint",
	"severity": 8,
	"message": "Parsing error: C:\\Users\\basil\\Desktop\\material-kai-vision-platform\\supabase\\functions\\mivaa-jwt-generator\\index.ts was not found by the project service. Consider eit",
	"source": "eslint",
	"startLineNumber": 1,
	"startColumn": 1,
	"endLineNumber": 1,
	"endColumn": 1
},{
	"resource": "/c:/Users/basil/Desktop/material-kai-vision-platform/supabase/functions/moodboard-products-api/index.ts",
	"owner": "eslint",
	"severity": 8,
	"message": "Parsing error: C:\\Users\\basil\\Desktop\\material-kai-vision-platform\\supabase\\functions\\moodboard-products-api\\index.ts was not found by the project service. Consider",
	"source": "eslint",
	"startLineNumber": 1,
	"startColumn": 1,
	"endLineNumber": 1,
	"endColumn": 1
},{
	"resource": "/c:/Users/basil/Desktop/material-kai-vision-platform/supabase/functions/moodboard-quote-api/index.ts",
	"owner": "eslint",
	"severity": 8,
	"message": "Parsing error: C:\\Users\\basil\\Desktop\\material-kai-vision-platform\\supabase\\functions\\moodboard-quote-api\\index.ts was not found by the project service. Consider eit",
	"source": "eslint",
	"startLineNumber": 1,
	"startColumn": 1,
	"endLineNumber": 1,
	"endColumn": 1
},{
	"resource": "/c:/Users/basil/Desktop/material-kai-vision-platform/supabase/functions/ocr-processing/index.ts",
	"owner": "eslint",
	"severity": 8,
	"message": "Parsing error: C:\\Users\\basil\\Desktop\\material-kai-vision-platform\\supabase\\functions\\ocr-processing\\index.ts was not found by the project service. Consider either i",
	"source": "eslint",
	"startLineNumber": 1,
	"startColumn": 1,
	"endLineNumber": 1,
	"endColumn": 1
},{
	"resource": "/c:/Users/basil/Desktop/material-kai-vision-platform/supabase/functions/parse-sitemap/index.ts",
	"owner": "eslint",
	"severity": 8,
	"message": "Parsing error: C:\\Users\\basil\\Desktop\\material-kai-vision-platform\\supabase\\functions\\parse-sitemap\\index.ts was not found by the project service. Consider either in",
	"source": "eslint",
	"startLineNumber": 1,
	"startColumn": 1,
	"endLineNumber": 1,
	"endColumn": 1
},{
	"resource": "/c:/Users/basil/Desktop/material-kai-vision-platform/supabase/functions/pdf-batch-process/index.ts",
	"owner": "eslint",
	"severity": 8,
	"message": "Parsing error: C:\\Users\\basil\\Desktop\\material-kai-vision-platform\\supabase\\functions\\pdf-batch-process\\index.ts was not found by the project service. Consider eithe",
	"source": "eslint",
	"startLineNumber": 1,
	"startColumn": 1,
	"endLineNumber": 1,
	"endColumn": 1
},{
	"resource": "/c:/Users/basil/Desktop/material-kai-vision-platform/supabase/functions/pdf-extract/index.ts",
	"owner": "eslint",
	"severity": 8,
	"message": "Parsing error: C:\\Users\\basil\\Desktop\\material-kai-vision-platform\\supabase\\functions\\pdf-extract\\index.ts was not found by the project service. Consider either incl",
	"source": "eslint",
	"startLineNumber": 1,
	"startColumn": 1,
	"endLineNumber": 1,
	"endColumn": 1
},{
	"resource": "/c:/Users/basil/Desktop/material-kai-vision-platform/supabase/functions/pdf-integration-health/index.ts",
	"owner": "eslint",
	"severity": 8,
	"message": "Parsing error: C:\\Users\\basil\\Desktop\\material-kai-vision-platform\\supabase\\functions\\pdf-integration-health\\index.ts was not found by the project service. Consider",
	"source": "eslint",
	"startLineNumber": 1,
	"startColumn": 1,
	"endLineNumber": 1,
	"endColumn": 1
},{
	"resource": "/c:/Users/basil/Desktop/material-kai-vision-platform/supabase/functions/pdf-processor/index.ts",
	"owner": "eslint",
	"severity": 8,
	"message": "Parsing error: C:\\Users\\basil\\Desktop\\material-kai-vision-platform\\supabase\\functions\\pdf-processor\\index.ts was not found by the project service. Consider either in",
	"source": "eslint",
	"startLineNumber": 1,
	"startColumn": 1,
	"endLineNumber": 1,
	"endColumn": 1
},{
	"resource": "/c:/Users/basil/Desktop/material-kai-vision-platform/supabase/functions/proposals-api/index.ts",
	"owner": "eslint",
	"severity": 8,
	"message": "Parsing error: C:\\Users\\basil\\Desktop\\material-kai-vision-platform\\supabase\\functions\\proposals-api\\index.ts was not found by the project service. Consider either in",
	"source": "eslint",
	"startLineNumber": 1,
	"startColumn": 1,
	"endLineNumber": 1,
	"endColumn": 1
},{
	"resource": "/c:/Users/basil/Desktop/material-kai-vision-platform/supabase/functions/quote-request-api/index.ts",
	"owner": "eslint",
	"severity": 8,
	"message": "Parsing error: C:\\Users\\basil\\Desktop\\material-kai-vision-platform\\supabase\\functions\\quote-request-api\\index.ts was not found by the project service. Consider eithe",
	"source": "eslint",
	"startLineNumber": 1,
	"startColumn": 1,
	"endLineNumber": 1,
	"endColumn": 1
},{
	"resource": "/c:/Users/basil/Desktop/material-kai-vision-platform/supabase/functions/rag-knowledge-search/index.ts",
	"owner": "eslint",
	"severity": 8,
	"message": "Parsing error: C:\\Users\\basil\\Desktop\\material-kai-vision-platform\\supabase\\functions\\rag-knowledge-search\\index.ts was not found by the project service. Consider ei",
	"source": "eslint",
	"startLineNumber": 1,
	"startColumn": 1,
	"endLineNumber": 1,
	"endColumn": 1
},{
	"resource": "/c:/Users/basil/Desktop/material-kai-vision-platform/supabase/functions/retrieval-api/index.ts",
	"owner": "eslint",
	"severity": 8,
	"message": "Parsing error: C:\\Users\\basil\\Desktop\\material-kai-vision-platform\\supabase\\functions\\retrieval-api\\index.ts was not found by the project service. Consider either in",
	"source": "eslint",
	"startLineNumber": 1,
	"startColumn": 1,
	"endLineNumber": 1,
	"endColumn": 1
},{
	"resource": "/c:/Users/basil/Desktop/material-kai-vision-platform/supabase/functions/scrape-session-manager/index.ts",
	"owner": "eslint",
	"severity": 8,
	"message": "Parsing error: C:\\Users\\basil\\Desktop\\material-kai-vision-platform\\supabase\\functions\\scrape-session-manager\\index.ts was not found by the project service. Consider",
	"source": "eslint",
	"startLineNumber": 1,
	"startColumn": 1,
	"endLineNumber": 1,
	"endColumn": 1
},{
	"resource": "/c:/Users/basil/Desktop/material-kai-vision-platform/supabase/functions/scrape-single-page/index.ts",
	"owner": "eslint",
	"severity": 8,
	"message": "Parsing error: C:\\Users\\basil\\Desktop\\material-kai-vision-platform\\supabase\\functions\\scrape-single-page\\index.ts was not found by the project service. Consider eith",
	"source": "eslint",
	"startLineNumber": 1,
	"startColumn": 1,
	"endLineNumber": 1,
	"endColumn": 1
},{
	"resource": "/c:/Users/basil/Desktop/material-kai-vision-platform/supabase/functions/shopping-cart-api/index.ts",
	"owner": "eslint",
	"severity": 8,
	"message": "Parsing error: C:\\Users\\basil\\Desktop\\material-kai-vision-platform\\supabase\\functions\\shopping-cart-api\\index.ts was not found by the project service. Consider eithe",
	"source": "eslint",
	"startLineNumber": 1,
	"startColumn": 1,
	"endLineNumber": 1,
	"endColumn": 1
},{
	"resource": "/c:/Users/basil/Desktop/material-kai-vision-platform/supabase/functions/spaceformer-analysis/index.ts",
	"owner": "eslint",
	"severity": 8,
	"message": "Parsing error: C:\\Users\\basil\\Desktop\\material-kai-vision-platform\\supabase\\functions\\spaceformer-analysis\\index.ts was not found by the project service. Consider ei",
	"source": "eslint",
	"startLineNumber": 1,
	"startColumn": 1,
	"endLineNumber": 1,
	"endColumn": 1
},{
	"resource": "/c:/Users/basil/Desktop/material-kai-vision-platform/supabase/functions/style-analysis/index.ts",
	"owner": "eslint",
	"severity": 8,
	"message": "Parsing error: C:\\Users\\basil\\Desktop\\material-kai-vision-platform\\supabase\\functions\\style-analysis\\index.ts was not found by the project service. Consider either i",
	"source": "eslint",
	"startLineNumber": 1,
	"startColumn": 1,
	"endLineNumber": 1,
	"endColumn": 1
},{
	"resource": "/c:/Users/basil/Desktop/material-kai-vision-platform/supabase/functions/svbrdf-extractor/index.ts",
	"owner": "eslint",
	"severity": 8,
	"message": "Parsing error: C:\\Users\\basil\\Desktop\\material-kai-vision-platform\\supabase\\functions\\svbrdf-extractor\\index.ts was not found by the project service. Consider either",
	"source": "eslint",
	"startLineNumber": 1,
	"startColumn": 1,
	"endLineNumber": 1,
	"endColumn": 1
},{
	"resource": "/c:/Users/basil/Desktop/material-kai-vision-platform/supabase/functions/unified-material-search/index.ts",
	"owner": "eslint",
	"severity": 8,
	"message": "Parsing error: C:\\Users\\basil\\Desktop\\material-kai-vision-platform\\supabase\\functions\\unified-material-search\\index.ts was not found by the project service. Consider",
	"source": "eslint",
	"startLineNumber": 1,
	"startColumn": 1,
	"endLineNumber": 1,
	"endColumn": 1
},{
	"resource": "/c:/Users/basil/Desktop/material-kai-vision-platform/supabase/functions/validate-images/index.ts",
	"owner": "eslint",
	"severity": 8,
	"message": "Parsing error: C:\\Users\\basil\\Desktop\\material-kai-vision-platform\\supabase\\functions\\validate-images\\index.ts was not found by the project service. Consider either",
	"source": "eslint",
	"startLineNumber": 1,
	"startColumn": 1,
	"endLineNumber": 1,
	"endColumn": 1
},{
	"resource": "/c:/Users/basil/Desktop/material-kai-vision-platform/supabase/functions/visual-search-analyze/index.ts",
	"owner": "eslint",
	"severity": 8,
	"message": "Parsing error: C:\\Users\\basil\\Desktop\\material-kai-vision-platform\\supabase\\functions\\visual-search-analyze\\index.ts was not found by the project service. Consider e",
	"source": "eslint",
	"startLineNumber": 1,
	"startColumn": 1,
	"endLineNumber": 1,
	"endColumn": 1
},{
	"resource": "/c:/Users/basil/Desktop/material-kai-vision-platform/supabase/functions/visual-search-batch/index.ts",
	"owner": "eslint",
	"severity": 8,
	"message": "Parsing error: C:\\Users\\basil\\Desktop\\material-kai-vision-platform\\supabase\\functions\\visual-search-batch\\index.ts was not found by the project service. Consider eit",
	"source": "eslint",
	"startLineNumber": 1,
	"startColumn": 1,
	"endLineNumber": 1,
	"endColumn": 1
},{
	"resource": "/c:/Users/basil/Desktop/material-kai-vision-platform/supabase/functions/visual-search-query/index.ts",
	"owner": "eslint",
	"severity": 8,
	"message": "Parsing error: C:\\Users\\basil\\Desktop\\material-kai-vision-platform\\supabase\\functions\\visual-search-query\\index.ts was not found by the project service. Consider eit",
	"source": "eslint",
	"startLineNumber": 1,
	"startColumn": 1,
	"endLineNumber": 1,
	"endColumn": 1
},{
	"resource": "/c:/Users/basil/Desktop/material-kai-vision-platform/supabase/functions/visual-search-status/index.ts",
	"owner": "eslint",
	"severity": 8,
	"message": "Parsing error: C:\\Users\\basil\\Desktop\\material-kai-vision-platform\\supabase\\functions\\visual-search-status\\index.ts was not found by the project service. Consider ei",
	"source": "eslint",
	"startLineNumber": 1,
	"startColumn": 1,
	"endLineNumber": 1,
	"endColumn": 1
},{
	"resource": "/c:/Users/basil/Desktop/material-kai-vision-platform/supabase/functions/voice-to-material/index.ts",
	"owner": "eslint",
	"severity": 8,
	"message": "Parsing error: C:\\Users\\basil\\Desktop\\material-kai-vision-platform\\supabase\\functions\\voice-to-material\\index.ts was not found by the project service. Consider eithe",
	"source": "eslint",
	"startLineNumber": 1,
	"startColumn": 1,
	"endLineNumber": 1,
	"endColumn": 1
},{
	"resource": "/c:/Users/basil/Desktop/material-kai-vision-platform/tailwind.config.ts",
	"owner": "eslint",
	"severity": 8,
	"message": "Parsing error: C:\\Users\\basil\\Desktop\\material-kai-vision-platform\\tailwind.config.ts was not found by the project service. Consider either including it in the tscon",
	"source": "eslint",
	"startLineNumber": 1,
	"startColumn": 1,
	"endLineNumber": 1,
	"endColumn": 1
},{
	"resource": "/c:/Users/basil/Desktop/material-kai-vision-platform/.github/scripts/ai-pr-analyzer.js",
	"owner": "eslint",
	"code": "no-console",
	"severity": 4,
	"message": "Unexpected console statement",
	"source": "eslint",
	"startLineNumber": 28,
	"startColumn": 5,
	"endLineNumber": 28,
	"endColumn": 5
},{
	"resource": "/c:/Users/basil/Desktop/material-kai-vision-platform/.github/scripts/ai-pr-analyzer.js",
	"owner": "eslint",
	"code": "no-console",
	"severity": 4,
	"message": "Unexpected console statement",
	"source": "eslint",
	"startLineNumber": 121,
	"startColumn": 5,
	"endLineNumber": 121,
	"endColumn": 5
},{
	"resource": "/c:/Users/basil/Desktop/material-kai-vision-platform/.github/scripts/ai-pr-analyzer.js",
	"owner": "eslint",
	"code": "no-console",
	"severity": 4,
	"message": "Unexpected console statement",
	"source": "eslint",
	"startLineNumber": 140,
	"startColumn": 5,
	"endLineNumber": 140,
	"endColumn": 5
},{
	"resource": "/c:/Users/basil/Desktop/material-kai-vision-platform/.github/scripts/ai-pr-analyzer.js",
	"owner": "eslint",
	"code": "no-console",
	"severity": 4,
	"message": "Unexpected console statement",
	"source": "eslint",
	"startLineNumber": 145,
	"startColumn": 5,
	"endLineNumber": 145,
	"endColumn": 5
},{
	"resource": "/c:/Users/basil/Desktop/material-kai-vision-platform/.github/scripts/ai-pr-analyzer.js",
	"owner": "eslint",
	"code": "no-console",
	"severity": 4,
	"message": "Unexpected console statement",
	"source": "eslint",
	"startLineNumber": 148,
	"startColumn": 5,
	"endLineNumber": 148,
	"endColumn": 5
},{
	"resource": "/c:/Users/basil/Desktop/material-kai-vision-platform/.github/scripts/ai-pr-analyzer.js",
	"owner": "eslint",
	"code": "no-console",
	"severity": 4,
	"message": "Unexpected console statement",
	"source": "eslint",
	"startLineNumber": 151,
	"startColumn": 5,
	"endLineNumber": 151,
	"endColumn": 5
},{
	"resource": "/c:/Users/basil/Desktop/material-kai-vision-platform/.github/scripts/ai-pr-analyzer.js",
	"owner": "eslint",
	"code": "no-console",
	"severity": 4,
	"message": "Unexpected console statement",
	"source": "eslint",
	"startLineNumber": 204,
	"startColumn": 3,
	"endLineNumber": 204,
	"endColumn": 3
},{
	"resource": "/c:/Users/basil/Desktop/material-kai-vision-platform/.github/scripts/ai-pr-analyzer.js",
	"owner": "eslint",
	"code": "no-console",
	"severity": 4,
	"message": "Unexpected console statement",
	"source": "eslint",
	"startLineNumber": 259,
	"startColumn": 3,
	"endLineNumber": 259,
	"endColumn": 3
},{
	"resource": "/c:/Users/basil/Desktop/material-kai-vision-platform/.github/scripts/ai-pr-analyzer.js",
	"owner": "eslint",
	"code": "no-console",
	"severity": 4,
	"message": "Unexpected console statement",
	"source": "eslint",
	"startLineNumber": 264,
	"startColumn": 3,
	"endLineNumber": 264,
	"endColumn": 3
},{
	"resource": "/c:/Users/basil/Desktop/material-kai-vision-platform/.roopm/state/session_creation.js",
	"owner": "eslint",
	"code": "no-unused-vars",
	"severity": 4,
	"message": "'lastUserInteraction' is assigned a value but never used",
	"source": "eslint",
	"startLineNumber": 35,
	"startColumn": 9,
	"endLineNumber": 35,
	"endColumn": 9
},{
	"resource": "/c:/Users/basil/Desktop/material-kai-vision-platform/.roopm/state/session_creation.js",
	"owner": "eslint",
	"code": "no-unused-vars",
	"severity": 4,
	"message": "'coordinatorMode' is assigned a value but never used",
	"source": "eslint",
	"startLineNumber": 235,
	"startColumn": 9,
	"endLineNumber": 235,
	"endColumn": 9
},{
	"resource": "/c:/Users/basil/Desktop/material-kai-vision-platform/.roopm/state/session_creation.js",
	"owner": "eslint",
	"code": "no-unused-vars",
	"severity": 4,
	"message": "'coordinatorMode' is assigned a value but never used",
	"source": "eslint",
	"startLineNumber": 358,
	"startColumn": 9,
	"endLineNumber": 358,
	"endColumn": 9
},{
	"resource": "/c:/Users/basil/Desktop/material-kai-vision-platform/.roopm/state/session_creation.js",
	"owner": "eslint",
	"code": "no-unused-vars",
	"severity": 4,
	"message": "'userConfirmed' is assigned a value but never used",
	"source": "eslint",
	"startLineNumber": 675,
	"startColumn": 9,
	"endLineNumber": 675,
	"endColumn": 9
},{
	"resource": "/c:/Users/basil/Desktop/material-kai-vision-platform/.roopm/state/session_creation.js",
	"owner": "eslint",
	"code": "no-unused-vars",
	"severity": 4,
	"message": "'context' is assigned a value but never used",
	"source": "eslint",
	"startLineNumber": 761,
	"startColumn": 47,
	"endLineNumber": 761,
	"endColumn": 47
},{
	"resource": "/c:/Users/basil/Desktop/material-kai-vision-platform/.roopm/state/session_utils.js",
	"owner": "eslint",
	"code": "no-console",
	"severity": 4,
	"message": "Unexpected console statement",
	"source": "eslint",
	"startLineNumber": 50,
	"startColumn": 9,
	"endLineNumber": 50,
	"endColumn": 9
},{
	"resource": "/c:/Users/basil/Desktop/material-kai-vision-platform/.roopm/state/session_utils.js",
	"owner": "eslint",
	"code": "no-console",
	"severity": 4,
	"message": "Unexpected console statement",
	"source": "eslint",
	"startLineNumber": 72,
	"startColumn": 9,
	"endLineNumber": 72,
	"endColumn": 9
},{
	"resource": "/c:/Users/basil/Desktop/material-kai-vision-platform/.roopm/state/session_utils.js",
	"owner": "eslint",
	"code": "no-console",
	"severity": 4,
	"message": "Unexpected console statement",
	"source": "eslint",
	"startLineNumber": 164,
	"startColumn": 9,
	"endLineNumber": 164,
	"endColumn": 9
},{
	"resource": "/c:/Users/basil/Desktop/material-kai-vision-platform/eslint.config.js",
	"owner": "eslint",
	"code": "no-unused-vars",
	"severity": 4,
	"message": "'js' is defined but never used",
	"source": "eslint",
	"startLineNumber": 1,
	"startColumn": 8,
	"endLineNumber": 1,
	"endColumn": 8
},{
	"resource": "/c:/Users/basil/Desktop/material-kai-vision-platform/src/api/controllers/consolidatedPDFController.ts",
	"owner": "eslint",
	"code": "no-console",
	"severity": 4,
	"message": "Unexpected console statement",
	"source": "eslint",
	"startLineNumber": 231,
	"startColumn": 7,
	"endLineNumber": 231,
	"endColumn": 7
},{
	"resource": "/c:/Users/basil/Desktop/material-kai-vision-platform/src/api/controllers/consolidatedPDFController.ts",
	"owner": "eslint",
	"code": "no-console",
	"severity": 4,
	"message": "Unexpected console statement",
	"source": "eslint",
	"startLineNumber": 251,
	"startColumn": 7,
	"endLineNumber": 251,
	"endColumn": 7
},{
	"resource": "/c:/Users/basil/Desktop/material-kai-vision-platform/src/api/controllers/consolidatedPDFController.ts",
	"owner": "eslint",
	"code": "no-console",
	"severity": 4,
	"message": "Unexpected console statement",
	"source": "eslint",
	"startLineNumber": 284,
	"startColumn": 9,
	"endLineNumber": 284,
	"endColumn": 9
},{
	"resource": "/c:/Users/basil/Desktop/material-kai-vision-platform/src/api/controllers/consolidatedPDFController.ts",
	"owner": "eslint",
	"code": "no-console",
	"severity": 4,
	"message": "Unexpected console statement",
	"source": "eslint",
	"startLineNumber": 304,
	"startColumn": 7,
	"endLineNumber": 304,
	"endColumn": 7
},{
	"resource": "/c:/Users/basil/Desktop/material-kai-vision-platform/src/api/controllers/consolidatedPDFController.ts",
	"owner": "eslint",
	"code": "comma-dangle",
	"severity": 4,
	"message": "Missing trailing comma",
	"source": "eslint",
	"startLineNumber": 338,
	"startColumn": 58,
	"endLineNumber": 338,
	"endColumn": 58
},{
	"resource": "/c:/Users/basil/Desktop/material-kai-vision-platform/src/api/controllers/consolidatedPDFController.ts",
	"owner": "eslint",
	"code": "no-console",
	"severity": 4,
	"message": "Unexpected console statement",
	"source": "eslint",
	"startLineNumber": 341,
	"startColumn": 7,
	"endLineNumber": 341,
	"endColumn": 7
},{
	"resource": "/c:/Users/basil/Desktop/material-kai-vision-platform/src/api/controllers/consolidatedPDFController.ts",
	"owner": "eslint",
	"code": "no-console",
	"severity": 4,
	"message": "Unexpected console statement",
	"source": "eslint",
	"startLineNumber": 377,
	"startColumn": 5,
	"endLineNumber": 377,
	"endColumn": 5
},{
	"resource": "/c:/Users/basil/Desktop/material-kai-vision-platform/src/api/controllers/consolidatedPDFController.ts",
	"owner": "eslint",
	"code": "comma-dangle",
	"severity": 4,
	"message": "Missing trailing comma",
	"source": "eslint",
	"startLineNumber": 538,
	"startColumn": 39,
	"endLineNumber": 538,
	"endColumn": 39
},{
	"resource": "/c:/Users/basil/Desktop/material-kai-vision-platform/src/api/controllers/consolidatedPDFController.ts",
	"owner": "eslint",
	"code": "comma-dangle",
	"severity": 4,
	"message": "Missing trailing comma",
	"source": "eslint",
	"startLineNumber": 545,
	"startColumn": 51,
	"endLineNumber": 545,
	"endColumn": 51
},{
	"resource": "/c:/Users/basil/Desktop/material-kai-vision-platform/src/api/controllers/consolidatedPDFController.ts",
	"owner": "eslint",
	"code": "no-trailing-spaces",
	"severity": 4,
	"message": "Trailing spaces not allowed",
	"source": "eslint",
	"startLineNumber": 559,
	"startColumn": 1,
	"endLineNumber": 559,
	"endColumn": 1
},{
	"resource": "/c:/Users/basil/Desktop/material-kai-vision-platform/src/api/controllers/consolidatedPDFController.ts",
	"owner": "eslint",
	"code": "no-trailing-spaces",
	"severity": 4,
	"message": "Trailing spaces not allowed",
	"source": "eslint",
	"startLineNumber": 562,
	"startColumn": 1,
	"endLineNumber": 562,
	"endColumn": 1
},{
	"resource": "/c:/Users/basil/Desktop/material-kai-vision-platform/src/api/controllers/consolidatedPDFController.ts",
	"owner": "eslint",
	"code": "@typescript-eslint/no-explicit-any",
	"severity": 4,
	"message": "Unexpected any. Specify a different type",
	"source": "eslint",
	"startLineNumber": 593,
	"startColumn": 62,
	"endLineNumber": 593,
	"endColumn": 62
},{
	"resource": "/c:/Users/basil/Desktop/material-kai-vision-platform/src/api/controllers/consolidatedPDFController.ts",
	"owner": "eslint",
	"code": "@typescript-eslint/no-explicit-any",
	"severity": 4,
	"message": "Unexpected any. Specify a different type",
	"source": "eslint",
	"startLineNumber": 594,
	"startColumn": 41,
	"endLineNumber": 594,
	"endColumn": 41
},{
	"resource": "/c:/Users/basil/Desktop/material-kai-vision-platform/src/api/controllers/consolidatedPDFController.ts",
	"owner": "eslint",
	"code": "no-console",
	"severity": 4,
	"message": "Unexpected console statement",
	"source": "eslint",
	"startLineNumber": 597,
	"startColumn": 13,
	"endLineNumber": 597,
	"endColumn": 13
},{
	"resource": "/c:/Users/basil/Desktop/material-kai-vision-platform/src/api/controllers/consolidatedPDFController.ts",
	"owner": "eslint",
	"code": "comma-dangle",
	"severity": 4,
	"message": "Missing trailing comma",
	"source": "eslint",
	"startLineNumber": 603,
	"startColumn": 79,
	"endLineNumber": 603,
	"endColumn": 79
},{
	"resource": "/c:/Users/basil/Desktop/material-kai-vision-platform/src/api/controllers/consolidatedPDFController.ts",
	"owner": "eslint",
	"code": "comma-dangle",
	"severity": 4,
	"message": "Missing trailing comma",
	"source": "eslint",
	"startLineNumber": 604,
	"startColumn": 16,
	"endLineNumber": 604,
	"endColumn": 16
},{
	"resource": "/c:/Users/basil/Desktop/material-kai-vision-platform/src/api/controllers/consolidatedPDFController.ts",
	"owner": "eslint",
	"code": "no-console",
	"severity": 4,
	"message": "Unexpected console statement",
	"source": "eslint",
	"startLineNumber": 619,
	"startColumn": 11,
	"endLineNumber": 619,
	"endColumn": 11
},{
	"resource": "/c:/Users/basil/Desktop/material-kai-vision-platform/src/api/controllers/consolidatedPDFController.ts",
	"owner": "eslint",
	"code": "no-trailing-spaces",
	"severity": 4,
	"message": "Trailing spaces not allowed",
	"source": "eslint",
	"startLineNumber": 620,
	"startColumn": 1,
	"endLineNumber": 620,
	"endColumn": 1
},{
	"resource": "/c:/Users/basil/Desktop/material-kai-vision-platform/src/api/controllers/consolidatedPDFController.ts",
	"owner": "eslint",
	"code": "comma-dangle",
	"severity": 4,
	"message": "Missing trailing comma",
	"source": "eslint",
	"startLineNumber": 627,
	"startColumn": 48,
	"endLineNumber": 627,
	"endColumn": 48
},{
	"resource": "/c:/Users/basil/Desktop/material-kai-vision-platform/src/api/controllers/consolidatedPDFController.ts",
	"owner": "eslint",
	"code": "no-console",
	"severity": 4,
	"message": "Unexpected console statement",
	"source": "eslint",
	"startLineNumber": 644,
	"startColumn": 13,
	"endLineNumber": 644,
	"endColumn": 13
},{
	"resource": "/c:/Users/basil/Desktop/material-kai-vision-platform/src/api/controllers/consolidatedPDFController.ts",
	"owner": "eslint",
	"code": "no-trailing-spaces",
	"severity": 4,
	"message": "Trailing spaces not allowed",
	"source": "eslint",
	"startLineNumber": 645,
	"startColumn": 1,
	"endLineNumber": 645,
	"endColumn": 1
},{
	"resource": "/c:/Users/basil/Desktop/material-kai-vision-platform/src/api/controllers/consolidatedPDFController.ts",
	"owner": "eslint",
	"code": "comma-dangle",
	"severity": 4,
	"message": "Missing trailing comma",
	"source": "eslint",
	"startLineNumber": 653,
	"startColumn": 200,
	"endLineNumber": 653,
	"endColumn": 200
},{
	"resource": "/c:/Users/basil/Desktop/material-kai-vision-platform/src/api/controllers/consolidatedPDFController.ts",
	"owner": "eslint",
	"code": "comma-dangle",
	"severity": 4,
	"message": "Missing trailing comma",
	"source": "eslint",
	"startLineNumber": 654,
	"startColumn": 18,
	"endLineNumber": 654,
	"endColumn": 18
},{
	"resource": "/c:/Users/basil/Desktop/material-kai-vision-platform/src/api/controllers/consolidatedPDFController.ts",
	"owner": "eslint",
	"code": "no-console",
	"severity": 4,
	"message": "Unexpected console statement",
	"source": "eslint",
	"startLineNumber": 693,
	"startColumn": 7,
	"endLineNumber": 693,
	"endColumn": 7
},{
	"resource": "/c:/Users/basil/Desktop/material-kai-vision-platform/src/api/controllers/consolidatedPDFController.ts",
	"owner": "eslint",
	"code": "no-console",
	"severity": 4,
	"message": "Unexpected console statement",
	"source": "eslint",
	"startLineNumber": 821,
	"startColumn": 7,
	"endLineNumber": 821,
	"endColumn": 7
},{
	"resource": "/c:/Users/basil/Desktop/material-kai-vision-platform/src/api/controllers/consolidatedPDFController.ts",
	"owner": "eslint",
	"code": "no-console",
	"severity": 4,
	"message": "Unexpected console statement",
	"source": "eslint",
	"startLineNumber": 927,
	"startColumn": 7,
	"endLineNumber": 927,
	"endColumn": 7
},{
	"resource": "/c:/Users/basil/Desktop/material-kai-vision-platform/src/api/controllers/consolidatedPDFController.ts",
	"owner": "eslint",
	"code": "no-console",
	"severity": 4,
	"message": "Unexpected console statement",
	"source": "eslint",
	"startLineNumber": 1018,
	"startColumn": 7,
	"endLineNumber": 1018,
	"endColumn": 7
},{
	"resource": "/c:/Users/basil/Desktop/material-kai-vision-platform/src/api/controllers/consolidatedPDFController.ts",
	"owner": "eslint",
	"code": "no-console",
	"severity": 4,
	"message": "Unexpected console statement",
	"source": "eslint",
	"startLineNumber": 1097,
	"startColumn": 7,
	"endLineNumber": 1097,
	"endColumn": 7
},{
	"resource": "/c:/Users/basil/Desktop/material-kai-vision-platform/src/api/controllers/consolidatedPDFController.ts",
	"owner": "eslint",
	"code": "no-console",
	"severity": 4,
	"message": "Unexpected console statement",
	"source": "eslint",
	"startLineNumber": 1121,
	"startColumn": 9,
	"endLineNumber": 1121,
	"endColumn": 9
},{
	"resource": "/c:/Users/basil/Desktop/material-kai-vision-platform/src/api/controllers/consolidatedPDFController.ts",
	"owner": "eslint",
	"code": "no-console",
	"severity": 4,
	"message": "Unexpected console statement",
	"source": "eslint",
	"startLineNumber": 1127,
	"startColumn": 7,
	"endLineNumber": 1127,
	"endColumn": 7
},{
	"resource": "/c:/Users/basil/Desktop/material-kai-vision-platform/src/api/controllers/consolidatedPDFController.ts",
	"owner": "eslint",
	"code": "@typescript-eslint/no-explicit-any",
	"severity": 4,
	"message": "Unexpected any. Specify a different type",
	"source": "eslint",
	"startLineNumber": 1143,
	"startColumn": 14,
	"endLineNumber": 1143,
	"endColumn": 14
},{
	"resource": "/c:/Users/basil/Desktop/material-kai-vision-platform/src/api/controllers/consolidatedPDFController.ts",
	"owner": "eslint",
	"code": "@typescript-eslint/no-explicit-any",
	"severity": 4,
	"message": "Unexpected any. Specify a different type",
	"source": "eslint",
	"startLineNumber": 1144,
	"startColumn": 16,
	"endLineNumber": 1144,
	"endColumn": 16
},{
	"resource": "/c:/Users/basil/Desktop/material-kai-vision-platform/src/api/controllers/consolidatedPDFController.ts",
	"owner": "eslint",
	"code": "comma-dangle",
	"severity": 4,
	"message": "Missing trailing comma",
	"source": "eslint",
	"startLineNumber": 1159,
	"startColumn": 37,
	"endLineNumber": 1159,
	"endColumn": 37
},{
	"resource": "/c:/Users/basil/Desktop/material-kai-vision-platform/src/api/controllers/consolidatedPDFController.ts",
	"owner": "eslint",
	"code": "no-console",
	"severity": 4,
	"message": "Unexpected console statement",
	"source": "eslint",
	"startLineNumber": 1162,
	"startColumn": 7,
	"endLineNumber": 1162,
	"endColumn": 7
},{
	"resource": "/c:/Users/basil/Desktop/material-kai-vision-platform/src/api/controllers/consolidatedPDFController.ts",
	"owner": "eslint",
	"code": "@typescript-eslint/no-explicit-any",
	"severity": 4,
	"message": "Unexpected any. Specify a different type",
	"source": "eslint",
	"startLineNumber": 1171,
	"startColumn": 15,
	"endLineNumber": 1171,
	"endColumn": 15
},{
	"resource": "/c:/Users/basil/Desktop/material-kai-vision-platform/src/api/controllers/consolidatedPDFController.ts",
	"owner": "eslint",
	"code": "@typescript-eslint/no-explicit-any",
	"severity": 4,
	"message": "Unexpected any. Specify a different type",
	"source": "eslint",
	"startLineNumber": 1172,
	"startColumn": 21,
	"endLineNumber": 1172,
	"endColumn": 21
},{
	"resource": "/c:/Users/basil/Desktop/material-kai-vision-platform/src/api/controllers/consolidatedPDFController.ts",
	"owner": "eslint",
	"code": "@typescript-eslint/no-explicit-any",
	"severity": 4,
	"message": "Unexpected any. Specify a different type",
	"source": "eslint",
	"startLineNumber": 1177,
	"startColumn": 25,
	"endLineNumber": 1177,
	"endColumn": 25
},{
	"resource": "/c:/Users/basil/Desktop/material-kai-vision-platform/src/api/controllers/consolidatedPDFController.ts",
	"owner": "eslint",
	"code": "no-console",
	"severity": 4,
	"message": "Unexpected console statement",
	"source": "eslint",
	"startLineNumber": 1184,
	"startColumn": 7,
	"endLineNumber": 1184,
	"endColumn": 7
},{
	"resource": "/c:/Users/basil/Desktop/material-kai-vision-platform/src/api/health.ts",
	"owner": "eslint",
	"code": "no-trailing-spaces",
	"severity": 4,
	"message": "Trailing spaces not allowed",
	"source": "eslint",
	"startLineNumber": 3,
	"startColumn": 3,
	"endLineNumber": 3,
	"endColumn": 3
},{
	"resource": "/c:/Users/basil/Desktop/material-kai-vision-platform/src/api/health.ts",
	"owner": "eslint",
	"code": "no-trailing-spaces",
	"severity": 4,
	"message": "Trailing spaces not allowed",
	"source": "eslint",
	"startLineNumber": 79,
	"startColumn": 1,
	"endLineNumber": 79,
	"endColumn": 1
},{
	"resource": "/c:/Users/basil/Desktop/material-kai-vision-platform/src/api/health.ts",
	"owner": "eslint",
	"code": "no-trailing-spaces",
	"severity": 4,
	"message": "Trailing spaces not allowed",
	"source": "eslint",
	"startLineNumber": 118,
	"startColumn": 1,
	"endLineNumber": 118,
	"endColumn": 1
},{
	"resource": "/c:/Users/basil/Desktop/material-kai-vision-platform/src/api/health.ts",
	"owner": "eslint",
	"code": "@typescript-eslint/no-explicit-any",
	"severity": 4,
	"message": "Unexpected any. Specify a different type",
	"source": "eslint",
	"startLineNumber": 172,
	"startColumn": 23,
	"endLineNumber": 172,
	"endColumn": 23
},{
	"resource": "/c:/Users/basil/Desktop/material-kai-vision-platform/src/api/health.ts",
	"owner": "eslint",
	"code": "@typescript-eslint/no-explicit-any",
	"severity": 4,
	"message": "Unexpected any. Specify a different type",
	"source": "eslint",
	"startLineNumber": 172,
	"startColumn": 33,
	"endLineNumber": 172,
	"endColumn": 33
},{
	"resource": "/c:/Users/basil/Desktop/material-kai-vision-platform/src/api/health.ts",
	"owner": "eslint",
	"code": "no-trailing-spaces",
	"severity": 4,
	"message": "Trailing spaces not allowed",
	"source": "eslint",
	"startLineNumber": 175,
	"startColumn": 61,
	"endLineNumber": 175,
	"endColumn": 61
},{
	"resource": "/c:/Users/basil/Desktop/material-kai-vision-platform/src/api/health.ts",
	"owner": "eslint",
	"code": "no-trailing-spaces",
	"severity": 4,
	"message": "Trailing spaces not allowed",
	"source": "eslint",
	"startLineNumber": 177,
	"startColumn": 1,
	"endLineNumber": 177,
	"endColumn": 1
},{
	"resource": "/c:/Users/basil/Desktop/material-kai-vision-platform/src/api/health.ts",
	"owner": "eslint",
	"code": "@typescript-eslint/no-explicit-any",
	"severity": 4,
	"message": "Unexpected any. Specify a different type",
	"source": "eslint",
	"startLineNumber": 193,
	"startColumn": 23,
	"endLineNumber": 193,
	"endColumn": 23
},{
	"resource": "/c:/Users/basil/Desktop/material-kai-vision-platform/src/api/health.ts",
	"owner": "eslint",
	"code": "@typescript-eslint/no-explicit-any",
	"severity": 4,
	"message": "Unexpected any. Specify a different type",
	"source": "eslint",
	"startLineNumber": 193,
	"startColumn": 33,
	"endLineNumber": 193,
	"endColumn": 33
},{
	"resource": "/c:/Users/basil/Desktop/material-kai-vision-platform/src/api/health.ts",
	"owner": "eslint",
	"code": "no-trailing-spaces",
	"severity": 4,
	"message": "Trailing spaces not allowed",
	"source": "eslint",
	"startLineNumber": 197,
	"startColumn": 1,
	"endLineNumber": 197,
	"endColumn": 1
},{
	"resource": "/c:/Users/basil/Desktop/material-kai-vision-platform/src/api/health.ts",
	"owner": "eslint",
	"code": "no-trailing-spaces",
	"severity": 4,
	"message": "Trailing spaces not allowed",
	"source": "eslint",
	"startLineNumber": 215,
	"startColumn": 59,
	"endLineNumber": 215,
	"endColumn": 59
},{
	"resource": "/c:/Users/basil/Desktop/material-kai-vision-platform/src/api/health.ts",
	"owner": "eslint",
	"code": "no-trailing-spaces",
	"severity": 4,
	"message": "Trailing spaces not allowed",
	"source": "eslint",
	"startLineNumber": 217,
	"startColumn": 1,
	"endLineNumber": 217,
	"endColumn": 1
},{
	"resource": "/c:/Users/basil/Desktop/material-kai-vision-platform/src/api/health.ts",
	"owner": "eslint",
	"code": "no-trailing-spaces",
	"severity": 4,
	"message": "Trailing spaces not allowed",
	"source": "eslint",
	"startLineNumber": 247,
	"startColumn": 1,
	"endLineNumber": 247,
	"endColumn": 1
},{
	"resource": "/c:/Users/basil/Desktop/material-kai-vision-platform/src/api/mivaa-gateway.ts",
	"owner": "eslint",
	"code": "@typescript-eslint/no-explicit-any",
	"severity": 4,
	"message": "Unexpected any. Specify a different type",
	"source": "eslint",
	"startLineNumber": 33,
	"startColumn": 39,
	"endLineNumber": 33,
	"endColumn": 39
},{
	"resource": "/c:/Users/basil/Desktop/material-kai-vision-platform/src/api/mivaa-gateway.ts",
	"owner": "eslint",
	"code": "@typescript-eslint/no-explicit-any",
	"severity": 4,
	"message": "Unexpected any. Specify a different type",
	"source": "eslint",
	"startLineNumber": 33,
	"startColumn": 49,
	"endLineNumber": 33,
	"endColumn": 49
},{
	"resource": "/c:/Users/basil/Desktop/material-kai-vision-platform/src/api/mivaa-gateway.ts",
	"owner": "eslint",
	"code": "@typescript-eslint/no-explicit-any",
	"severity": 4,
	"message": "Unexpected any. Specify a different type",
	"source": "eslint",
	"startLineNumber": 70,
	"startColumn": 31,
	"endLineNumber": 70,
	"endColumn": 31
},{
	"resource": "/c:/Users/basil/Desktop/material-kai-vision-platform/src/api/mivaa-gateway.ts",
	"owner": "eslint",
	"code": "@typescript-eslint/no-explicit-any",
	"severity": 4,
	"message": "Unexpected any. Specify a different type",
	"source": "eslint",
	"startLineNumber": 70,
	"startColumn": 41,
	"endLineNumber": 70,
	"endColumn": 41
},{
	"resource": "/c:/Users/basil/Desktop/material-kai-vision-platform/src/App.tsx",
	"owner": "eslint",
	"code": "import/order",
	"severity": 4,
	"message": "There should be at least one empty line between import groups",
	"source": "eslint",
	"startLineNumber": 9,
	"startColumn": 1,
	"endLineNumber": 9,
	"endColumn": 1
},{
	"resource": "/c:/Users/basil/Desktop/material-kai-vision-platform/src/App.tsx",
	"owner": "eslint",
	"code": "import/order",
	"severity": 4,
	"message": "`@/services/monitoring/monitoringService` import should occur before import of `./components/Layout/AdminGuard`",
	"source": "eslint",
	"startLineNumber": 12,
	"startColumn": 1,
	"endLineNumber": 12,
	"endColumn": 1
},{
	"resource": "/c:/Users/basil/Desktop/material-kai-vision-platform/src/App.tsx",
	"owner": "eslint",
	"code": "import/order",
	"severity": 4,
	"message": "There should be no empty line within import group",
	"source": "eslint",
	"startLineNumber": 32,
	"startColumn": 1,
	"endLineNumber": 32,
	"endColumn": 1
},{
	"resource": "/c:/Users/basil/Desktop/material-kai-vision-platform/src/App.tsx",
	"owner": "eslint",
	"code": "comma-dangle",
	"severity": 4,
	"message": "Missing trailing comma",
	"source": "eslint",
	"startLineNumber": 69,
	"startColumn": 16,
	"endLineNumber": 69,
	"endColumn": 16
},{
	"resource": "/c:/Users/basil/Desktop/material-kai-vision-platform/src/components/3D/Designer3DPage.tsx",
	"owner": "eslint",
	"code": "",
	"severity": 4,
	"message": "Unexpected console statement",
	"source": "eslint",
	"startLineNumber": 145,
	"startColumn": 5,
	"endLineNumber": 145,
	"endColumn": 5
},{
	"resource": "/c:/Users/basil/Desktop/material-kai-vision-platform/src/components/3D/GenerationWorkflowModal.tsx",
	"owner": "eslint",
	"code": "comma-dangle",
	"severity": 4,
	"message": "Missing trailing comma",
	"source": "eslint",
	"startLineNumber": 69,
	"startColumn": 45,
	"endLineNumber": 69,
	"endColumn": 45
},{
	"resource": "/c:/Users/basil/Desktop/material-kai-vision-platform/src/components/3D/GenerationWorkflowModal.tsx",
	"owner": "eslint",
	"code": "@typescript-eslint/no-non-null-assertion",
	"severity": 4,
	"message": "Forbidden non-null assertion",
	"source": "eslint",
	"startLineNumber": 162,
	"startColumn": 11,
	"endLineNumber": 162,
	"endColumn": 11
},{
	"resource": "/c:/Users/basil/Desktop/material-kai-vision-platform/src/components/3D/GenerationWorkflowModal.tsx",
	"owner": "eslint",
	"code": "@typescript-eslint/no-non-null-assertion",
	"severity": 4,
	"message": "Forbidden non-null assertion",
	"source": "eslint",
	"startLineNumber": 163,
	"startColumn": 11,
	"endLineNumber": 163,
	"endColumn": 11
},{
	"resource": "/c:/Users/basil/Desktop/material-kai-vision-platform/src/components/3D/GenerationWorkflowModal.tsx",
	"owner": "eslint",
	"code": "comma-dangle",
	"severity": 4,
	"message": "Missing trailing comma",
	"source": "eslint",
	"startLineNumber": 163,
	"startColumn": 41,
	"endLineNumber": 163,
	"endColumn": 41
},{
	"resource": "/c:/Users/basil/Desktop/material-kai-vision-platform/src/components/3D/GenerationWorkflowModal.tsx",
	"owner": "eslint",
	"code": "no-console",
	"severity": 4,
	"message": "Unexpected console statement",
	"source": "eslint",
	"startLineNumber": 173,
	"startColumn": 11,
	"endLineNumber": 173,
	"endColumn": 11
},{
	"resource": "/c:/Users/basil/Desktop/material-kai-vision-platform/src/components/3D/GenerationWorkflowModal.tsx",
	"owner": "eslint",
	"code": "no-console",
	"severity": 4,
	"message": "Unexpected console statement",
	"source": "eslint",
	"startLineNumber": 200,
	"startColumn": 13,
	"endLineNumber": 200,
	"endColumn": 13
},{
	"resource": "/c:/Users/basil/Desktop/material-kai-vision-platform/src/components/3D/GenerationWorkflowModal.tsx",
	"owner": "eslint",
	"code": "no-console",
	"severity": 4,
	"message": "Unexpected console statement",
	"source": "eslint",
	"startLineNumber": 209,
	"startColumn": 9,
	"endLineNumber": 209,
	"endColumn": 9
},{
	"resource": "/c:/Users/basil/Desktop/material-kai-vision-platform/src/components/3D/GenerationWorkflowModal.tsx",
	"owner": "eslint",
	"code": "no-trailing-spaces",
	"severity": 4,
	"message": "Trailing spaces not allowed",
	"source": "eslint",
	"startLineNumber": 239,
	"startColumn": 1,
	"endLineNumber": 239,
	"endColumn": 1
},{
	"resource": "/c:/Users/basil/Desktop/material-kai-vision-platform/src/components/3D/GenerationWorkflowModal.tsx",
	"owner": "eslint",
	"code": "no-trailing-spaces",
	"severity": 4,
	"message": "Trailing spaces not allowed",
	"source": "eslint",
	"startLineNumber": 349,
	"startColumn": 1,
	"endLineNumber": 349,
	"endColumn": 1
},{
	"resource": "/c:/Users/basil/Desktop/material-kai-vision-platform/src/components/3D/GenerationWorkflowModal.tsx",
	"owner": "eslint",
	"code": "react-hooks/exhaustive-deps",
	"severity": 4,
	"message": "React Hook useEffect has a missing dependency: 'generationData'. Either include it or remove the dependency array",
	"source": "eslint",
	"startLineNumber": 356,
	"startColumn": 6,
	"endLineNumber": 356,
	"endColumn": 6
},{
	"resource": "/c:/Users/basil/Desktop/material-kai-vision-platform/src/components/3D/GenerationWorkflowModal.tsx",
	"owner": "eslint",
	"code": "@typescript-eslint/no-explicit-any",
	"severity": 4,
	"message": "Unexpected any. Specify a different type",
	"source": "eslint",
	"startLineNumber": 483,
	"startColumn": 34,
	"endLineNumber": 483,
	"endColumn": 34
},{
	"resource": "/c:/Users/basil/Desktop/material-kai-vision-platform/src/components/3D/ThreeJsViewer.tsx",
	"owner": "eslint",
	"code": "quotes",
	"severity": 4,
	"message": "Strings must use singlequote",
	"source": "eslint",
	"startLineNumber": 23,
	"startColumn": 14,
	"endLineNumber": 23,
	"endColumn": 14
},{
	"resource": "/c:/Users/basil/Desktop/material-kai-vision-platform/src/components/3D/ThreeJsViewer.tsx",
	"owner": "eslint",
	"code": "comma-dangle",
	"severity": 4,
	"message": "Missing trailing comma",
	"source": "eslint",
	"startLineNumber": 26,
	"startColumn": 23,
	"endLineNumber": 26,
	"endColumn": 23
},{
	"resource": "/c:/Users/basil/Desktop/material-kai-vision-platform/src/components/3D/ThreeJsViewer.tsx",
	"owner": "eslint",
	"code": "comma-dangle",
	"severity": 4,
	"message": "Missing trailing comma",
	"source": "eslint",
	"startLineNumber": 27,
	"startColumn": 7,
	"endLineNumber": 27,
	"endColumn": 7
},{
	"resource": "/c:/Users/basil/Desktop/material-kai-vision-platform/src/components/3D/ThreeJsViewer.tsx",
	"owner": "eslint",
	"code": "comma-dangle",
	"severity": 4,
	"message": "Missing trailing comma",
	"source": "eslint",
	"startLineNumber": 36,
	"startColumn": 66,
	"endLineNumber": 36,
	"endColumn": 66
},{
	"resource": "/c:/Users/basil/Desktop/material-kai-vision-platform/src/components/3D/ThreeJsViewer.tsx",
	"owner": "eslint",
	"code": "quotes",
	"severity": 4,
	"message": "Strings must use singlequote",
	"source": "eslint",
	"startLineNumber": 64,
	"startColumn": 64,
	"endLineNumber": 64,
	"endColumn": 64
},{
	"resource": "/c:/Users/basil/Desktop/material-kai-vision-platform/src/components/3D/ThreeJsViewer.tsx",
	"owner": "eslint",
	"code": "comma-dangle",
	"severity": 4,
	"message": "Missing trailing comma",
	"source": "eslint",
	"startLineNumber": 64,
	"startColumn": 102,
	"endLineNumber": 64,
	"endColumn": 102
},{
	"resource": "/c:/Users/basil/Desktop/material-kai-vision-platform/src/components/3D/ThreeJsViewer.tsx",
	"owner": "eslint",
	"code": "quotes",
	"severity": 4,
	"message": "Strings must use singlequote",
	"source": "eslint",
	"startLineNumber": 71,
	"startColumn": 62,
	"endLineNumber": 71,
	"endColumn": 62
},{
	"resource": "/c:/Users/basil/Desktop/material-kai-vision-platform/src/components/3D/ThreeJsViewer.tsx",
	"owner": "eslint",
	"code": "comma-dangle",
	"severity": 4,
	"message": "Missing trailing comma",
	"source": "eslint",
	"startLineNumber": 71,
	"startColumn": 107,
	"endLineNumber": 71,
	"endColumn": 107
},{
	"resource": "/c:/Users/basil/Desktop/material-kai-vision-platform/src/components/Admin/AdminDashboard.tsx",
	"owner": "eslint",
	"code": "no-console",
	"severity": 4,
	"message": "Unexpected console statement",
	"source": "eslint",
	"startLineNumber": 111,
	"startColumn": 7,
	"endLineNumber": 111,
	"endColumn": 7
},{
	"resource": "/c:/Users/basil/Desktop/material-kai-vision-platform/src/components/Admin/AdminDashboard.tsx",
	"owner": "eslint",
	"code": "no-console",
	"severity": 4,
	"message": "Unexpected console statement",
	"source": "eslint",
	"startLineNumber": 133,
	"startColumn": 7,
	"endLineNumber": 133,
	"endColumn": 7
},{
	"resource": "/c:/Users/basil/Desktop/material-kai-vision-platform/src/components/Admin/AdminDashboard.tsx",
	"owner": "eslint",
	"code": "no-console",
	"severity": 4,
	"message": "Unexpected console statement",
	"source": "eslint",
	"startLineNumber": 189,
	"startColumn": 7,
	"endLineNumber": 189,
	"endColumn": 7
},{
	"resource": "/c:/Users/basil/Desktop/material-kai-vision-platform/src/components/Admin/AdminDashboard.tsx",
	"owner": "eslint",
	"code": "@typescript-eslint/no-explicit-any",
	"severity": 4,
	"message": "Unexpected any. Specify a different type",
	"source": "eslint",
	"startLineNumber": 204,
	"startColumn": 60,
	"endLineNumber": 204,
	"endColumn": 60
},{
	"resource": "/c:/Users/basil/Desktop/material-kai-vision-platform/src/components/Admin/AdminDashboard.tsx",
	"owner": "eslint",
	"code": "no-console",
	"severity": 4,
	"message": "Unexpected console statement",
	"source": "eslint",
	"startLineNumber": 217,
	"startColumn": 7,
	"endLineNumber": 217,
	"endColumn": 7
},{
	"resource": "/c:/Users/basil/Desktop/material-kai-vision-platform/src/components/Admin/AdminDashboard.tsx",
	"owner": "eslint",
	"code": "no-console",
	"severity": 4,
	"message": "Unexpected console statement",
	"source": "eslint",
	"startLineNumber": 254,
	"startColumn": 7,
	"endLineNumber": 254,
	"endColumn": 7
},{
	"resource": "/c:/Users/basil/Desktop/material-kai-vision-platform/src/components/Admin/AdminDashboard.tsx",
	"owner": "eslint",
	"code": "no-console",
	"severity": 4,
	"message": "Unexpected console statement",
	"source": "eslint",
	"startLineNumber": 280,
	"startColumn": 5,
	"endLineNumber": 280,
	"endColumn": 5
},{
	"resource": "/c:/Users/basil/Desktop/material-kai-vision-platform/src/components/Admin/AdminDashboard.tsx",
	"owner": "eslint",
	"code": "no-console",
	"severity": 4,
	"message": "Unexpected console statement",
	"source": "eslint",
	"startLineNumber": 285,
	"startColumn": 5,
	"endLineNumber": 285,
	"endColumn": 5
},{
	"resource": "/c:/Users/basil/Desktop/material-kai-vision-platform/src/components/Admin/AdminDashboard.tsx",
	"owner": "eslint",
	"code": "no-console",
	"severity": 4,
	"message": "Unexpected console statement",
	"source": "eslint",
	"startLineNumber": 314,
	"startColumn": 7,
	"endLineNumber": 314,
	"endColumn": 7
},{
	"resource": "/c:/Users/basil/Desktop/material-kai-vision-platform/src/components/Admin/AdminDashboard.tsx",
	"owner": "eslint",
	"code": "no-console",
	"severity": 4,
	"message": "Unexpected console statement",
	"source": "eslint",
	"startLineNumber": 316,
	"startColumn": 7,
	"endLineNumber": 316,
	"endColumn": 7
},{
	"resource": "/c:/Users/basil/Desktop/material-kai-vision-platform/src/components/Admin/AdminDashboard.tsx",
	"owner": "eslint",
	"code": "comma-dangle",
	"severity": 4,
	"message": "Missing trailing comma",
	"source": "eslint",
	"startLineNumber": 471,
	"startColumn": 6,
	"endLineNumber": 471,
	"endColumn": 6
},{
	"resource": "/c:/Users/basil/Desktop/material-kai-vision-platform/src/components/Admin/AdminPanel.tsx",
	"owner": "eslint",
	"code": "import/order",
	"severity": 4,
	"message": "There should be no empty line within import group",
	"source": "eslint",
	"startLineNumber": 24,
	"startColumn": 1,
	"endLineNumber": 24,
	"endColumn": 1
},{
	"resource": "/c:/Users/basil/Desktop/material-kai-vision-platform/src/components/Admin/AdminPanel.tsx",
	"owner": "eslint",
	"code": "comma-dangle",
	"severity": 4,
	"message": "Missing trailing comma",
	"source": "eslint",
	"startLineNumber": 79,
	"startColumn": 66,
	"endLineNumber": 79,
	"endColumn": 66
},{
	"resource": "/c:/Users/basil/Desktop/material-kai-vision-platform/src/components/Admin/AdminPanel.tsx",
	"owner": "eslint",
	"code": "no-console",
	"severity": 4,
	"message": "Unexpected console statement",
	"source": "eslint",
	"startLineNumber": 85,
	"startColumn": 7,
	"endLineNumber": 85,
	"endColumn": 7
},{
	"resource": "/c:/Users/basil/Desktop/material-kai-vision-platform/src/components/Admin/AgentMLCoordination.tsx",
	"owner": "eslint",
	"code": "@typescript-eslint/no-explicit-any",
	"severity": 4,
	"message": "Unexpected any. Specify a different type",
	"source": "eslint",
	"startLineNumber": 85,
	"startColumn": 63,
	"endLineNumber": 85,
	"endColumn": 63
},{
	"resource": "/c:/Users/basil/Desktop/material-kai-vision-platform/src/components/Admin/AgentMLCoordination.tsx",
	"owner": "eslint",
	"code": "no-console",
	"severity": 4,
	"message": "Unexpected console statement",
	"source": "eslint",
	"startLineNumber": 106,
	"startColumn": 7,
	"endLineNumber": 106,
	"endColumn": 7
},{
	"resource": "/c:/Users/basil/Desktop/material-kai-vision-platform/src/components/Admin/AITestingPanel.tsx",
	"owner": "eslint",
	"code": "@typescript-eslint/no-explicit-any",
	"severity": 4,
	"message": "Unexpected any. Specify a different type",
	"source": "eslint",
	"startLineNumber": 36,
	"startColumn": 17,
	"endLineNumber": 36,
	"endColumn": 17
},{
	"resource": "/c:/Users/basil/Desktop/material-kai-vision-platform/src/components/Admin/AITestingPanel.tsx",
	"owner": "eslint",
	"code": "@typescript-eslint/no-explicit-any",
	"severity": 4,
	"message": "Unexpected any. Specify a different type",
	"source": "eslint",
	"startLineNumber": 50,
	"startColumn": 15,
	"endLineNumber": 50,
	"endColumn": 15
},{
	"resource": "/c:/Users/basil/Desktop/material-kai-vision-platform/src/components/Admin/AITestingPanel.tsx",
	"owner": "eslint",
	"code": "@typescript-eslint/no-explicit-any",
	"severity": 4,
	"message": "Unexpected any. Specify a different type",
	"source": "eslint",
	"startLineNumber": 60,
	"startColumn": 45,
	"endLineNumber": 60,
	"endColumn": 45
},{
	"resource": "/c:/Users/basil/Desktop/material-kai-vision-platform/src/components/Admin/AITestingPanel.tsx",
	"owner": "eslint",
	"code": "comma-dangle",
	"severity": 4,
	"message": "Missing trailing comma",
	"source": "eslint",
	"startLineNumber": 74,
	"startColumn": 51,
	"endLineNumber": 74,
	"endColumn": 51
},{
	"resource": "/c:/Users/basil/Desktop/material-kai-vision-platform/src/components/Admin/AITestingPanel.tsx",
	"owner": "eslint",
	"code": "comma-dangle",
	"severity": 4,
	"message": "Missing trailing comma",
	"source": "eslint",
	"startLineNumber": 77,
	"startColumn": 37,
	"endLineNumber": 77,
	"endColumn": 37
},{
	"resource": "/c:/Users/basil/Desktop/material-kai-vision-platform/src/components/Admin/AITestingPanel.tsx",
	"owner": "eslint",
	"code": "comma-dangle",
	"severity": 4,
	"message": "Missing trailing comma",
	"source": "eslint",
	"startLineNumber": 94,
	"startColumn": 29,
	"endLineNumber": 94,
	"endColumn": 29
},{
	"resource": "/c:/Users/basil/Desktop/material-kai-vision-platform/src/components/Admin/AITestingPanel.tsx",
	"owner": "eslint",
	"code": "comma-dangle",
	"severity": 4,
	"message": "Missing trailing comma",
	"source": "eslint",
	"startLineNumber": 99,
	"startColumn": 26,
	"endLineNumber": 99,
	"endColumn": 26
},{
	"resource": "/c:/Users/basil/Desktop/material-kai-vision-platform/src/components/Admin/AITestingPanel.tsx",
	"owner": "eslint",
	"code": "comma-dangle",
	"severity": 4,
	"message": "Missing trailing comma",
	"source": "eslint",
	"startLineNumber": 100,
	"startColumn": 8,
	"endLineNumber": 100,
	"endColumn": 8
},{
	"resource": "/c:/Users/basil/Desktop/material-kai-vision-platform/src/components/Admin/AITestingPanel.tsx",
	"owner": "eslint",
	"code": "comma-dangle",
	"severity": 4,
	"message": "Missing trailing comma",
	"source": "eslint",
	"startLineNumber": 117,
	"startColumn": 25,
	"endLineNumber": 117,
	"endColumn": 25
},{
	"resource": "/c:/Users/basil/Desktop/material-kai-vision-platform/src/components/Admin/AITestingPanel.tsx",
	"owner": "eslint",
	"code": "comma-dangle",
	"severity": 4,
	"message": "Missing trailing comma",
	"source": "eslint",
	"startLineNumber": 122,
	"startColumn": 26,
	"endLineNumber": 122,
	"endColumn": 26
},{
	"resource": "/c:/Users/basil/Desktop/material-kai-vision-platform/src/components/Admin/AITestingPanel.tsx",
	"owner": "eslint",
	"code": "comma-dangle",
	"severity": 4,
	"message": "Missing trailing comma",
	"source": "eslint",
	"startLineNumber": 123,
	"startColumn": 8,
	"endLineNumber": 123,
	"endColumn": 8
},{
	"resource": "/c:/Users/basil/Desktop/material-kai-vision-platform/src/components/Admin/AITestingPanel.tsx",
	"owner": "eslint",
	"code": "comma-dangle",
	"severity": 4,
	"message": "Missing trailing comma",
	"source": "eslint",
	"startLineNumber": 133,
	"startColumn": 27,
	"endLineNumber": 133,
	"endColumn": 27
},{
	"resource": "/c:/Users/basil/Desktop/material-kai-vision-platform/src/components/Admin/AITestingPanel.tsx",
	"owner": "eslint",
	"code": "comma-dangle",
	"severity": 4,
	"message": "Missing trailing comma",
	"source": "eslint",
	"startLineNumber": 138,
	"startColumn": 23,
	"endLineNumber": 138,
	"endColumn": 23
},{
	"resource": "/c:/Users/basil/Desktop/material-kai-vision-platform/src/components/Admin/AITestingPanel.tsx",
	"owner": "eslint",
	"code": "comma-dangle",
	"severity": 4,
	"message": "Missing trailing comma",
	"source": "eslint",
	"startLineNumber": 139,
	"startColumn": 6,
	"endLineNumber": 139,
	"endColumn": 6
},{
	"resource": "/c:/Users/basil/Desktop/material-kai-vision-platform/src/components/Admin/AITestingPanel.tsx",
	"owner": "eslint",
	"code": "@typescript-eslint/no-explicit-any",
	"severity": 4,
	"message": "Unexpected any. Specify a different type",
	"source": "eslint",
	"startLineNumber": 168,
	"startColumn": 35,
	"endLineNumber": 168,
	"endColumn": 35
},{
	"resource": "/c:/Users/basil/Desktop/material-kai-vision-platform/src/components/Admin/AITestingPanel.tsx",
	"owner": "eslint",
	"code": "@typescript-eslint/no-explicit-any",
	"severity": 4,
	"message": "Unexpected any. Specify a different type",
	"source": "eslint",
	"startLineNumber": 250,
	"startColumn": 22,
	"endLineNumber": 250,
	"endColumn": 22
},{
	"resource": "/c:/Users/basil/Desktop/material-kai-vision-platform/src/components/Admin/AITestingPanel.tsx",
	"owner": "eslint",
	"code": "comma-dangle",
	"severity": 4,
	"message": "Missing trailing comma",
	"source": "eslint",
	"startLineNumber": 254,
	"startColumn": 34,
	"endLineNumber": 254,
	"endColumn": 34
},{
	"resource": "/c:/Users/basil/Desktop/material-kai-vision-platform/src/components/Admin/AITestingPanel.tsx",
	"owner": "eslint",
	"code": "comma-dangle",
	"severity": 4,
	"message": "Missing trailing comma",
	"source": "eslint",
	"startLineNumber": 268,
	"startColumn": 25,
	"endLineNumber": 268,
	"endColumn": 25
},{
	"resource": "/c:/Users/basil/Desktop/material-kai-vision-platform/src/components/Admin/AITestingPanel.tsx",
	"owner": "eslint",
	"code": "@typescript-eslint/no-non-null-assertion",
	"severity": 4,
	"message": "Forbidden non-null assertion",
	"source": "eslint",
	"startLineNumber": 278,
	"startColumn": 20,
	"endLineNumber": 278,
	"endColumn": 20
},{
	"resource": "/c:/Users/basil/Desktop/material-kai-vision-platform/src/components/Admin/AITestingPanel.tsx",
	"owner": "eslint",
	"code": "comma-dangle",
	"severity": 4,
	"message": "Missing trailing comma",
	"source": "eslint",
	"startLineNumber": 287,
	"startColumn": 53,
	"endLineNumber": 287,
	"endColumn": 53
},{
	"resource": "/c:/Users/basil/Desktop/material-kai-vision-platform/src/components/Admin/AITestingPanel.tsx",
	"owner": "eslint",
	"code": "@typescript-eslint/no-explicit-any",
	"severity": 4,
	"message": "Unexpected any. Specify a different type",
	"source": "eslint",
	"startLineNumber": 290,
	"startColumn": 56,
	"endLineNumber": 290,
	"endColumn": 56
},{
	"resource": "/c:/Users/basil/Desktop/material-kai-vision-platform/src/components/Admin/AITestingPanel.tsx",
	"owner": "eslint",
	"code": "comma-dangle",
	"severity": 4,
	"message": "Missing trailing comma",
	"source": "eslint",
	"startLineNumber": 293,
	"startColumn": 49,
	"endLineNumber": 293,
	"endColumn": 49
},{
	"resource": "/c:/Users/basil/Desktop/material-kai-vision-platform/src/components/Admin/AITestingPanel.tsx",
	"owner": "eslint",
	"code": "comma-dangle",
	"severity": 4,
	"message": "Missing trailing comma",
	"source": "eslint",
	"startLineNumber": 297,
	"startColumn": 51,
	"endLineNumber": 297,
	"endColumn": 51
},{
	"resource": "/c:/Users/basil/Desktop/material-kai-vision-platform/src/components/Admin/AITestingPanel.tsx",
	"owner": "eslint",
	"code": "comma-dangle",
	"severity": 4,
	"message": "Missing trailing comma",
	"source": "eslint",
	"startLineNumber": 300,
	"startColumn": 22,
	"endLineNumber": 300,
	"endColumn": 22
},{
	"resource": "/c:/Users/basil/Desktop/material-kai-vision-platform/src/components/Admin/AITestingPanel.tsx",
	"owner": "eslint",
	"code": "no-console",
	"severity": 4,
	"message": "Unexpected console statement",
	"source": "eslint",
	"startLineNumber": 312,
	"startColumn": 7,
	"endLineNumber": 312,
	"endColumn": 7
},{
	"resource": "/c:/Users/basil/Desktop/material-kai-vision-platform/src/components/Admin/AITestingPanel.tsx",
	"owner": "eslint",
	"code": "comma-dangle",
	"severity": 4,
	"message": "Missing trailing comma",
	"source": "eslint",
	"startLineNumber": 320,
	"startColumn": 53,
	"endLineNumber": 320,
	"endColumn": 53
},{
	"resource": "/c:/Users/basil/Desktop/material-kai-vision-platform/src/components/Admin/AITestingPanel.tsx",
	"owner": "eslint",
	"code": "comma-dangle",
	"severity": 4,
	"message": "Missing trailing comma",
	"source": "eslint",
	"startLineNumber": 323,
	"startColumn": 30,
	"endLineNumber": 323,
	"endColumn": 30
},{
	"resource": "/c:/Users/basil/Desktop/material-kai-vision-platform/src/components/Admin/AITestingPanel.tsx",
	"owner": "eslint",
	"code": "comma-dangle",
	"severity": 4,
	"message": "Missing trailing comma",
	"source": "eslint",
	"startLineNumber": 327,
	"startColumn": 72,
	"endLineNumber": 327,
	"endColumn": 72
},{
	"resource": "/c:/Users/basil/Desktop/material-kai-vision-platform/src/components/Admin/AITestingPanel.tsx",
	"owner": "eslint",
	"code": "comma-dangle",
	"severity": 4,
	"message": "Missing trailing comma",
	"source": "eslint",
	"startLineNumber": 365,
	"startColumn": 34,
	"endLineNumber": 365,
	"endColumn": 34
},{
	"resource": "/c:/Users/basil/Desktop/material-kai-vision-platform/src/components/Admin/AITestingPanel.tsx",
	"owner": "eslint",
	"code": "comma-dangle",
	"severity": 4,
	"message": "Missing trailing comma",
	"source": "eslint",
	"startLineNumber": 366,
	"startColumn": 10,
	"endLineNumber": 366,
	"endColumn": 10
},{
	"resource": "/c:/Users/basil/Desktop/material-kai-vision-platform/src/components/Admin/AITestingPanel.tsx",
	"owner": "eslint",
	"code": "@typescript-eslint/no-explicit-any",
	"severity": 4,
	"message": "Unexpected any. Specify a different type",
	"source": "eslint",
	"startLineNumber": 379,
	"startColumn": 50,
	"endLineNumber": 379,
	"endColumn": 50
},{
	"resource": "/c:/Users/basil/Desktop/material-kai-vision-platform/src/components/Admin/AITestingPanel.tsx",
	"owner": "eslint",
	"code": "comma-dangle",
	"severity": 4,
	"message": "Missing trailing comma",
	"source": "eslint",
	"startLineNumber": 383,
	"startColumn": 94,
	"endLineNumber": 383,
	"endColumn": 94
},{
	"resource": "/c:/Users/basil/Desktop/material-kai-vision-platform/src/components/Admin/AITestingPanel.tsx",
	"owner": "eslint",
	"code": "comma-dangle",
	"severity": 4,
	"message": "Missing trailing comma",
	"source": "eslint",
	"startLineNumber": 387,
	"startColumn": 22,
	"endLineNumber": 387,
	"endColumn": 22
},{
	"resource": "/c:/Users/basil/Desktop/material-kai-vision-platform/src/components/Admin/AITestingPanel.tsx",
	"owner": "eslint",
	"code": "no-console",
	"severity": 4,
	"message": "Unexpected console statement",
	"source": "eslint",
	"startLineNumber": 399,
	"startColumn": 7,
	"endLineNumber": 399,
	"endColumn": 7
},{
	"resource": "/c:/Users/basil/Desktop/material-kai-vision-platform/src/components/Admin/AITestingPanel.tsx",
	"owner": "eslint",
	"code": "comma-dangle",
	"severity": 4,
	"message": "Missing trailing comma",
	"source": "eslint",
	"startLineNumber": 409,
	"startColumn": 72,
	"endLineNumber": 409,
	"endColumn": 72
},{
	"resource": "/c:/Users/basil/Desktop/material-kai-vision-platform/src/components/Admin/AITestingPanel.tsx",
	"owner": "eslint",
	"code": "@typescript-eslint/no-explicit-any",
	"severity": 4,
	"message": "Unexpected any. Specify a different type",
	"source": "eslint",
	"startLineNumber": 468,
	"startColumn": 20,
	"endLineNumber": 468,
	"endColumn": 20
},{
	"resource": "/c:/Users/basil/Desktop/material-kai-vision-platform/src/components/Admin/AITestingPanel.tsx",
	"owner": "eslint",
	"code": "@typescript-eslint/no-explicit-any",
	"severity": 4,
	"message": "Unexpected any. Specify a different type",
	"source": "eslint",
	"startLineNumber": 469,
	"startColumn": 18,
	"endLineNumber": 469,
	"endColumn": 18
},{
	"resource": "/c:/Users/basil/Desktop/material-kai-vision-platform/src/components/Admin/AITestingPanel.tsx",
	"owner": "eslint",
	"code": "no-console",
	"severity": 4,
	"message": "Unexpected console statement",
	"source": "eslint",
	"startLineNumber": 484,
	"startColumn": 7,
	"endLineNumber": 484,
	"endColumn": 7
},{
	"resource": "/c:/Users/basil/Desktop/material-kai-vision-platform/src/components/Admin/AITestingPanel.tsx",
	"owner": "eslint",
	"code": "@typescript-eslint/no-explicit-any",
	"severity": 4,
	"message": "Unexpected any. Specify a different type",
	"source": "eslint",
	"startLineNumber": 488,
	"startColumn": 65,
	"endLineNumber": 488,
	"endColumn": 65
},{
	"resource": "/c:/Users/basil/Desktop/material-kai-vision-platform/src/components/Admin/AITestingPanel.tsx",
	"owner": "eslint",
	"code": "no-console",
	"severity": 4,
	"message": "Unexpected console statement",
	"source": "eslint",
	"startLineNumber": 493,
	"startColumn": 7,
	"endLineNumber": 493,
	"endColumn": 7
},{
	"resource": "/c:/Users/basil/Desktop/material-kai-vision-platform/src/components/Admin/AITestingPanel.tsx",
	"owner": "eslint",
	"code": "@typescript-eslint/no-explicit-any",
	"severity": 4,
	"message": "Unexpected any. Specify a different type",
	"source": "eslint",
	"startLineNumber": 524,
	"startColumn": 59,
	"endLineNumber": 524,
	"endColumn": 59
},{
	"resource": "/c:/Users/basil/Desktop/material-kai-vision-platform/src/components/Admin/AITestingPanel.tsx",
	"owner": "eslint",
	"code": "no-console",
	"severity": 4,
	"message": "Unexpected console statement",
	"source": "eslint",
	"startLineNumber": 529,
	"startColumn": 7,
	"endLineNumber": 529,
	"endColumn": 7
},{
	"resource": "/c:/Users/basil/Desktop/material-kai-vision-platform/src/components/Admin/AITestingPanel.tsx",
	"owner": "eslint",
	"code": "react/no-unescaped-entities",
	"severity": 4,
	"message": "`\"` can be escaped with `&quot;`, `&ldquo;`, `&#34;`, `&rdquo;`",
	"source": "eslint",
	"startLineNumber": 1034,
	"startColumn": 36,
	"endLineNumber": 1034,
	"endColumn": 36
},{
	"resource": "/c:/Users/basil/Desktop/material-kai-vision-platform/src/components/Admin/AITestingPanel.tsx",
	"owner": "eslint",
	"code": "react/no-unescaped-entities",
	"severity": 4,
	"message": "`\"` can be escaped with `&quot;`, `&ldquo;`, `&#34;`, `&rdquo;`",
	"source": "eslint",
	"startLineNumber": 1034,
	"startColumn": 67,
	"endLineNumber": 1034,
	"endColumn": 67
},{
	"resource": "/c:/Users/basil/Desktop/material-kai-vision-platform/src/components/Admin/AnalyticsDashboard.tsx",
	"owner": "eslint",
	"code": "@typescript-eslint/no-explicit-any",
	"severity": 4,
	"message": "Unexpected any. Specify a different type",
	"source": "eslint",
	"startLineNumber": 99,
	"startColumn": 67,
	"endLineNumber": 99,
	"endColumn": 67
},{
	"resource": "/c:/Users/basil/Desktop/material-kai-vision-platform/src/components/Admin/AnalyticsDashboard.tsx",
	"owner": "eslint",
	"code": "@typescript-eslint/no-explicit-any",
	"severity": 4,
	"message": "Unexpected any. Specify a different type",
	"source": "eslint",
	"startLineNumber": 103,
	"startColumn": 20,
	"endLineNumber": 103,
	"endColumn": 20
},{
	"resource": "/c:/Users/basil/Desktop/material-kai-vision-platform/src/components/Admin/AnalyticsDashboard.tsx",
	"owner": "eslint",
	"code": "@typescript-eslint/no-explicit-any",
	"severity": 4,
	"message": "Unexpected any. Specify a different type",
	"source": "eslint",
	"startLineNumber": 115,
	"startColumn": 61,
	"endLineNumber": 115,
	"endColumn": 61
},{
	"resource": "/c:/Users/basil/Desktop/material-kai-vision-platform/src/components/Admin/AnalyticsDashboard.tsx",
	"owner": "eslint",
	"code": "@typescript-eslint/no-explicit-any",
	"severity": 4,
	"message": "Unexpected any. Specify a different type",
	"source": "eslint",
	"startLineNumber": 119,
	"startColumn": 20,
	"endLineNumber": 119,
	"endColumn": 20
},{
	"resource": "/c:/Users/basil/Desktop/material-kai-vision-platform/src/components/Admin/AnalyticsDashboard.tsx",
	"owner": "eslint",
	"code": "@typescript-eslint/no-explicit-any",
	"severity": 4,
	"message": "Unexpected any. Specify a different type",
	"source": "eslint",
	"startLineNumber": 135,
	"startColumn": 32,
	"endLineNumber": 135,
	"endColumn": 32
},{
	"resource": "/c:/Users/basil/Desktop/material-kai-vision-platform/src/components/Admin/AnalyticsDashboard.tsx",
	"owner": "eslint",
	"code": "@typescript-eslint/no-explicit-any",
	"severity": 4,
	"message": "Unexpected any. Specify a different type",
	"source": "eslint",
	"startLineNumber": 136,
	"startColumn": 29,
	"endLineNumber": 136,
	"endColumn": 29
},{
	"resource": "/c:/Users/basil/Desktop/material-kai-vision-platform/src/components/Admin/AnalyticsDashboard.tsx",
	"owner": "eslint",
	"code": "@typescript-eslint/no-explicit-any",
	"severity": 4,
	"message": "Unexpected any. Specify a different type",
	"source": "eslint",
	"startLineNumber": 138,
	"startColumn": 53,
	"endLineNumber": 138,
	"endColumn": 53
},{
	"resource": "/c:/Users/basil/Desktop/material-kai-vision-platform/src/components/Admin/AnalyticsDashboard.tsx",
	"owner": "eslint",
	"code": "@typescript-eslint/no-explicit-any",
	"severity": 4,
	"message": "Unexpected any. Specify a different type",
	"source": "eslint",
	"startLineNumber": 138,
	"startColumn": 63,
	"endLineNumber": 138,
	"endColumn": 63
},{
	"resource": "/c:/Users/basil/Desktop/material-kai-vision-platform/src/components/Admin/AnalyticsDashboard.tsx",
	"owner": "eslint",
	"code": "no-console",
	"severity": 4,
	"message": "Unexpected console statement",
	"source": "eslint",
	"startLineNumber": 148,
	"startColumn": 7,
	"endLineNumber": 148,
	"endColumn": 7
},{
	"resource": "/c:/Users/basil/Desktop/material-kai-vision-platform/src/components/Admin/ApiGatewayAdmin.tsx",
	"owner": "eslint",
	"code": "@typescript-eslint/no-unused-vars",
	"severity": 4,
	"message": "'Shield' is defined but never used. Allowed unused vars must match /^_/u",
	"source": "eslint",
	"startLineNumber": 8,
	"startColumn": 3,
	"endLineNumber": 8,
	"endColumn": 3
},{
	"resource": "/c:/Users/basil/Desktop/material-kai-vision-platform/src/components/Admin/ApiGatewayAdmin.tsx",
	"owner": "eslint",
	"code": "@typescript-eslint/no-unused-vars",
	"severity": 4,
	"message": "'ArrowLeft' is defined but never used. Allowed unused vars must match /^_/u",
	"source": "eslint",
	"startLineNumber": 17,
	"startColumn": 3,
	"endLineNumber": 17,
	"endColumn": 3
},{
	"resource": "/c:/Users/basil/Desktop/material-kai-vision-platform/src/components/Admin/ApiGatewayAdmin.tsx",
	"owner": "eslint",
	"code": "@typescript-eslint/no-unused-vars",
	"severity": 4,
	"message": "'Home' is defined but never used. Allowed unused vars must match /^_/u",
	"source": "eslint",
	"startLineNumber": 18,
	"startColumn": 3,
	"endLineNumber": 18,
	"endColumn": 3
},{
	"resource": "/c:/Users/basil/Desktop/material-kai-vision-platform/src/components/Admin/ApiGatewayAdmin.tsx",
	"owner": "eslint",
	"code": "import/order",
	"severity": 4,
	"message": "There should be at least one empty line between import groups",
	"source": "eslint",
	"startLineNumber": 35,
	"startColumn": 1,
	"endLineNumber": 35,
	"endColumn": 1
},{
	"resource": "/c:/Users/basil/Desktop/material-kai-vision-platform/src/components/Admin/ApiGatewayAdmin.tsx",
	"owner": "eslint",
	"code": "@typescript-eslint/no-unused-vars",
	"severity": 4,
	"message": "'navigate' is assigned a value but never used. Allowed unused vars must match /^_/u",
	"source": "eslint",
	"startLineNumber": 40,
	"startColumn": 9,
	"endLineNumber": 40,
	"endColumn": 9
},{
	"resource": "/c:/Users/basil/Desktop/material-kai-vision-platform/src/components/Admin/ApiGatewayAdmin.tsx",
	"owner": "eslint",
	"code": "no-console",
	"severity": 4,
	"message": "Unexpected console statement",
	"source": "eslint",
	"startLineNumber": 81,
	"startColumn": 7,
	"endLineNumber": 81,
	"endColumn": 7
},{
	"resource": "/c:/Users/basil/Desktop/material-kai-vision-platform/src/components/Admin/ApiGatewayAdmin.tsx",
	"owner": "eslint",
	"code": "no-console",
	"severity": 4,
	"message": "Unexpected console statement",
	"source": "eslint",
	"startLineNumber": 98,
	"startColumn": 7,
	"endLineNumber": 98,
	"endColumn": 7
},{
	"resource": "/c:/Users/basil/Desktop/material-kai-vision-platform/src/components/Admin/ApiGatewayAdmin.tsx",
	"owner": "eslint",
	"code": "no-console",
	"severity": 4,
	"message": "Unexpected console statement",
	"source": "eslint",
	"startLineNumber": 113,
	"startColumn": 7,
	"endLineNumber": 113,
	"endColumn": 7
},{
	"resource": "/c:/Users/basil/Desktop/material-kai-vision-platform/src/components/Admin/ApiGatewayAdmin.tsx",
	"owner": "eslint",
	"code": "no-console",
	"severity": 4,
	"message": "Unexpected console statement",
	"source": "eslint",
	"startLineNumber": 127,
	"startColumn": 7,
	"endLineNumber": 127,
	"endColumn": 7
},{
	"resource": "/c:/Users/basil/Desktop/material-kai-vision-platform/src/components/Admin/ApiGatewayAdmin.tsx",
	"owner": "eslint",
	"code": "no-console",
	"severity": 4,
	"message": "Unexpected console statement",
	"source": "eslint",
	"startLineNumber": 140,
	"startColumn": 7,
	"endLineNumber": 140,
	"endColumn": 7
},{
	"resource": "/c:/Users/basil/Desktop/material-kai-vision-platform/src/components/Admin/ApiGatewayAdmin.tsx",
	"owner": "eslint",
	"code": "no-console",
	"severity": 4,
	"message": "Unexpected console statement",
	"source": "eslint",
	"startLineNumber": 151,
	"startColumn": 7,
	"endLineNumber": 151,
	"endColumn": 7
},{
	"resource": "/c:/Users/basil/Desktop/material-kai-vision-platform/src/components/Admin/ApiGatewayAdmin.tsx",
	"owner": "eslint",
	"code": "no-console",
	"severity": 4,
	"message": "Unexpected console statement",
	"source": "eslint",
	"startLineNumber": 632,
	"startColumn": 33,
	"endLineNumber": 632,
	"endColumn": 33
},{
	"resource": "/c:/Users/basil/Desktop/material-kai-vision-platform/src/components/Admin/ApiGatewayAdmin.tsx",
	"owner": "eslint",
	"code": "quotes",
	"severity": 4,
	"message": "Strings must use singlequote",
	"source": "eslint",
	"startLineNumber": 705,
	"startColumn": 66,
	"endLineNumber": 705,
	"endColumn": 66
},{
	"resource": "/c:/Users/basil/Desktop/material-kai-vision-platform/src/components/Admin/CRMManagement.tsx",
	"owner": "eslint",
	"code": "import/order",
	"severity": 4,
	"message": "There should be at least one empty line between import groups",
	"source": "eslint",
	"startLineNumber": 2,
	"startColumn": 1,
	"endLineNumber": 2,
	"endColumn": 1
},{
	"resource": "/c:/Users/basil/Desktop/material-kai-vision-platform/src/components/Admin/CRMManagement.tsx",
	"owner": "eslint",
	"code": "no-console",
	"severity": 4,
	"message": "Unexpected console statement",
	"source": "eslint",
	"startLineNumber": 70,
	"startColumn": 7,
	"endLineNumber": 70,
	"endColumn": 7
},{
	"resource": "/c:/Users/basil/Desktop/material-kai-vision-platform/src/components/Admin/CRMManagement.tsx",
	"owner": "eslint",
	"code": "no-console",
	"severity": 4,
	"message": "Unexpected console statement",
	"source": "eslint",
	"startLineNumber": 88,
	"startColumn": 7,
	"endLineNumber": 88,
	"endColumn": 7
},{
	"resource": "/c:/Users/basil/Desktop/material-kai-vision-platform/src/components/Admin/CRMManagement.tsx",
	"owner": "eslint",
	"code": "react-hooks/exhaustive-deps",
	"severity": 4,
	"message": "React Hook useEffect has missing dependencies: 'loadContacts' and 'loadUsers'. Either include them or remove the dependency array",
	"source": "eslint",
	"startLineNumber": 102,
	"startColumn": 6,
	"endLineNumber": 102,
	"endColumn": 6
},{
	"resource": "/c:/Users/basil/Desktop/material-kai-vision-platform/src/components/Admin/CRMManagement.tsx",
	"owner": "eslint",
	"code": "comma-dangle",
	"severity": 4,
	"message": "Missing trailing comma",
	"source": "eslint",
	"startLineNumber": 143,
	"startColumn": 66,
	"endLineNumber": 143,
	"endColumn": 66
},{
	"resource": "/c:/Users/basil/Desktop/material-kai-vision-platform/src/components/Admin/CRMManagement.tsx",
	"owner": "eslint",
	"code": "comma-dangle",
	"severity": 4,
	"message": "Missing trailing comma",
	"source": "eslint",
	"startLineNumber": 148,
	"startColumn": 68,
	"endLineNumber": 148,
	"endColumn": 68
},{
	"resource": "/c:/Users/basil/Desktop/material-kai-vision-platform/src/components/Admin/GlobalAdminHeader.tsx",
	"owner": "eslint",
	"code": "@typescript-eslint/no-non-null-assertion",
	"severity": 4,
	"message": "Forbidden non-null assertion",
	"source": "eslint",
	"startLineNumber": 51,
	"startColumn": 49,
	"endLineNumber": 51,
	"endColumn": 49
},{
	"resource": "/c:/Users/basil/Desktop/material-kai-vision-platform/src/components/Admin/IntegratedRAGManagement.tsx",
	"owner": "eslint",
	"code": "no-console",
	"severity": 4,
	"message": "Unexpected console statement",
	"source": "eslint",
	"startLineNumber": 90,
	"startColumn": 7,
	"endLineNumber": 90,
	"endColumn": 7
},{
	"resource": "/c:/Users/basil/Desktop/material-kai-vision-platform/src/components/Admin/IntegratedRAGManagement.tsx",
	"owner": "eslint",
	"code": "no-console",
	"severity": 4,
	"message": "Unexpected console statement",
	"source": "eslint",
	"startLineNumber": 110,
	"startColumn": 7,
	"endLineNumber": 110,
	"endColumn": 7
},{
	"resource": "/c:/Users/basil/Desktop/material-kai-vision-platform/src/components/Admin/IntegratedRAGManagement.tsx",
	"owner": "eslint",
	"code": "no-console",
	"severity": 4,
	"message": "Unexpected console statement",
	"source": "eslint",
	"startLineNumber": 137,
	"startColumn": 7,
	"endLineNumber": 137,
	"endColumn": 7
},{
	"resource": "/c:/Users/basil/Desktop/material-kai-vision-platform/src/components/Admin/IntegratedRAGManagement.tsx",
	"owner": "eslint",
	"code": "no-console",
	"severity": 4,
	"message": "Unexpected console statement",
	"source": "eslint",
	"startLineNumber": 180,
	"startColumn": 7,
	"endLineNumber": 180,
	"endColumn": 7
},{
	"resource": "/c:/Users/basil/Desktop/material-kai-vision-platform/src/components/Admin/IntegratedRAGManagement.tsx",
	"owner": "eslint",
	"code": "no-console",
	"severity": 4,
	"message": "Unexpected console statement",
	"source": "eslint",
	"startLineNumber": 195,
	"startColumn": 7,
	"endLineNumber": 195,
	"endColumn": 7
},{
	"resource": "/c:/Users/basil/Desktop/material-kai-vision-platform/src/components/Admin/IntegratedRAGManagement.tsx",
	"owner": "eslint",
	"code": "no-console",
	"severity": 4,
	"message": "Unexpected console statement",
	"source": "eslint",
	"startLineNumber": 209,
	"startColumn": 7,
	"endLineNumber": 209,
	"endColumn": 7
},{
	"resource": "/c:/Users/basil/Desktop/material-kai-vision-platform/src/components/Admin/IntegratedRAGManagement.tsx",
	"owner": "eslint",
	"code": "no-console",
	"severity": 4,
	"message": "Unexpected console statement",
	"source": "eslint",
	"startLineNumber": 254,
	"startColumn": 7,
	"endLineNumber": 254,
	"endColumn": 7
},{
	"resource": "/c:/Users/basil/Desktop/material-kai-vision-platform/src/components/Admin/IntegratedRAGManagement.tsx",
	"owner": "eslint",
	"code": "no-console",
	"severity": 4,
	"message": "Unexpected console statement",
	"source": "eslint",
	"startLineNumber": 279,
	"startColumn": 7,
	"endLineNumber": 279,
	"endColumn": 7
},{
	"resource": "/c:/Users/basil/Desktop/material-kai-vision-platform/src/components/Admin/IntegratedRAGManagement.tsx",
	"owner": "eslint",
	"code": "@typescript-eslint/no-explicit-any",
	"severity": 4,
	"message": "Unexpected any. Specify a different type",
	"source": "eslint",
	"startLineNumber": 745,
	"startColumn": 121,
	"endLineNumber": 745,
	"endColumn": 121
},{
	"resource": "/c:/Users/basil/Desktop/material-kai-vision-platform/src/components/Admin/MaterialKnowledgeBase.tsx",
	"owner": "eslint",
	"code": "import/order",
	"severity": 4,
	"message": "There should be no empty line within import group",
	"source": "eslint",
	"startLineNumber": 24,
	"startColumn": 1,
	"endLineNumber": 24,
	"endColumn": 1
},{
	"resource": "/c:/Users/basil/Desktop/material-kai-vision-platform/src/components/Admin/MaterialKnowledgeBase.tsx",
	"owner": "eslint",
	"code": "import/order",
	"severity": 4,
	"message": "There should be at least one empty line between import groups",
	"source": "eslint",
	"startLineNumber": 28,
	"startColumn": 1,
	"endLineNumber": 28,
	"endColumn": 1
},{
	"resource": "/c:/Users/basil/Desktop/material-kai-vision-platform/src/components/Admin/MaterialKnowledgeBase.tsx",
	"owner": "eslint",
	"code": "import/order",
	"severity": 4,
	"message": "`react-router-dom` import should occur before import of `@/components/ui/card`",
	"source": "eslint",
	"startLineNumber": 29,
	"startColumn": 1,
	"endLineNumber": 29,
	"endColumn": 1
},{
	"resource": "/c:/Users/basil/Desktop/material-kai-vision-platform/src/components/Admin/MaterialKnowledgeBase.tsx",
	"owner": "eslint",
	"code": "@typescript-eslint/no-explicit-any",
	"severity": 4,
	"message": "Unexpected any. Specify a different type",
	"source": "eslint",
	"startLineNumber": 36,
	"startColumn": 13,
	"endLineNumber": 36,
	"endColumn": 13
},{
	"resource": "/c:/Users/basil/Desktop/material-kai-vision-platform/src/components/Admin/MaterialKnowledgeBase.tsx",
	"owner": "eslint",
	"code": "@typescript-eslint/no-explicit-any",
	"severity": 4,
	"message": "Unexpected any. Specify a different type",
	"source": "eslint",
	"startLineNumber": 49,
	"startColumn": 10,
	"endLineNumber": 49,
	"endColumn": 10
},{
	"resource": "/c:/Users/basil/Desktop/material-kai-vision-platform/src/components/Admin/MaterialKnowledgeBase.tsx",
	"owner": "eslint",
	"code": "@typescript-eslint/no-explicit-any",
	"severity": 4,
	"message": "Unexpected any. Specify a different type",
	"source": "eslint",
	"startLineNumber": 53,
	"startColumn": 14,
	"endLineNumber": 53,
	"endColumn": 14
},{
	"resource": "/c:/Users/basil/Desktop/material-kai-vision-platform/src/components/Admin/MaterialKnowledgeBase.tsx",
	"owner": "eslint",
	"code": "@typescript-eslint/no-explicit-any",
	"severity": 4,
	"message": "Unexpected any. Specify a different type",
	"source": "eslint",
	"startLineNumber": 57,
	"startColumn": 28,
	"endLineNumber": 57,
	"endColumn": 28
},{
	"resource": "/c:/Users/basil/Desktop/material-kai-vision-platform/src/components/Admin/MaterialKnowledgeBase.tsx",
	"owner": "eslint",
	"code": "@typescript-eslint/no-explicit-any",
	"severity": 4,
	"message": "Unexpected any. Specify a different type",
	"source": "eslint",
	"startLineNumber": 58,
	"startColumn": 21,
	"endLineNumber": 58,
	"endColumn": 21
},{
	"resource": "/c:/Users/basil/Desktop/material-kai-vision-platform/src/components/Admin/MaterialKnowledgeBase.tsx",
	"owner": "eslint",
	"code": "@typescript-eslint/no-explicit-any",
	"severity": 4,
	"message": "Unexpected any. Specify a different type",
	"source": "eslint",
	"startLineNumber": 60,
	"startColumn": 25,
	"endLineNumber": 60,
	"endColumn": 25
},{
	"resource": "/c:/Users/basil/Desktop/material-kai-vision-platform/src/components/Admin/MaterialKnowledgeBase.tsx",
	"owner": "eslint",
	"code": "@typescript-eslint/no-explicit-any",
	"severity": 4,
	"message": "Unexpected any. Specify a different type",
	"source": "eslint",
	"startLineNumber": 77,
	"startColumn": 14,
	"endLineNumber": 77,
	"endColumn": 14
},{
	"resource": "/c:/Users/basil/Desktop/material-kai-vision-platform/src/components/Admin/MaterialKnowledgeBase.tsx",
	"owner": "eslint",
	"code": "@typescript-eslint/no-explicit-any",
	"severity": 4,
	"message": "Unexpected any. Specify a different type",
	"source": "eslint",
	"startLineNumber": 93,
	"startColumn": 44,
	"endLineNumber": 93,
	"endColumn": 44
},{
	"resource": "/c:/Users/basil/Desktop/material-kai-vision-platform/src/components/Admin/MaterialKnowledgeBase.tsx",
	"owner": "eslint",
	"code": "react-hooks/exhaustive-deps",
	"severity": 4,
	"message": "React Hook useEffect has a missing dependency: 'loadKnowledgeBaseData'. Either include it or remove the dependency array",
	"source": "eslint",
	"startLineNumber": 103,
	"startColumn": 6,
	"endLineNumber": 103,
	"endColumn": 6
},{
	"resource": "/c:/Users/basil/Desktop/material-kai-vision-platform/src/components/Admin/MaterialKnowledgeBase.tsx",
	"owner": "eslint",
	"code": "no-console",
	"severity": 4,
	"message": "Unexpected console statement",
	"source": "eslint",
	"startLineNumber": 160,
	"startColumn": 9,
	"endLineNumber": 160,
	"endColumn": 9
},{
	"resource": "/c:/Users/basil/Desktop/material-kai-vision-platform/src/components/Admin/MaterialKnowledgeBase.tsx",
	"owner": "eslint",
	"code": "no-console",
	"severity": 4,
	"message": "Unexpected console statement",
	"source": "eslint",
	"startLineNumber": 163,
	"startColumn": 7,
	"endLineNumber": 163,
	"endColumn": 7
},{
	"resource": "/c:/Users/basil/Desktop/material-kai-vision-platform/src/components/Admin/MaterialKnowledgeBase.tsx",
	"owner": "eslint",
	"code": "@typescript-eslint/no-explicit-any",
	"severity": 4,
	"message": "Unexpected any. Specify a different type",
	"source": "eslint",
	"startLineNumber": 167,
	"startColumn": 59,
	"endLineNumber": 167,
	"endColumn": 59
},{
	"resource": "/c:/Users/basil/Desktop/material-kai-vision-platform/src/components/Admin/MaterialKnowledgeBase.tsx",
	"owner": "eslint",
	"code": "@typescript-eslint/no-explicit-any",
	"severity": 4,
	"message": "Unexpected any. Specify a different type",
	"source": "eslint",
	"startLineNumber": 169,
	"startColumn": 48,
	"endLineNumber": 169,
	"endColumn": 48
},{
	"resource": "/c:/Users/basil/Desktop/material-kai-vision-platform/src/components/Admin/MaterialKnowledgeBase.tsx",
	"owner": "eslint",
	"code": "@typescript-eslint/no-explicit-any",
	"severity": 4,
	"message": "Unexpected any. Specify a different type",
	"source": "eslint",
	"startLineNumber": 171,
	"startColumn": 46,
	"endLineNumber": 171,
	"endColumn": 46
},{
	"resource": "/c:/Users/basil/Desktop/material-kai-vision-platform/src/components/Admin/MaterialKnowledgeBase.tsx",
	"owner": "eslint",
	"code": "no-console",
	"severity": 4,
	"message": "Unexpected console statement",
	"source": "eslint",
	"startLineNumber": 183,
	"startColumn": 7,
	"endLineNumber": 183,
	"endColumn": 7
},{
	"resource": "/c:/Users/basil/Desktop/material-kai-vision-platform/src/components/Admin/MaterialKnowledgeBase.tsx",
	"owner": "eslint",
	"code": "no-console",
	"severity": 4,
	"message": "Unexpected console statement",
	"source": "eslint",
	"startLineNumber": 184,
	"startColumn": 7,
	"endLineNumber": 184,
	"endColumn": 7
},{
	"resource": "/c:/Users/basil/Desktop/material-kai-vision-platform/src/components/Admin/MaterialKnowledgeBase.tsx",
	"owner": "eslint",
	"code": "comma-dangle",
	"severity": 4,
	"message": "Missing trailing comma",
	"source": "eslint",
	"startLineNumber": 186,
	"startColumn": 71,
	"endLineNumber": 186,
	"endColumn": 71
},{
	"resource": "/c:/Users/basil/Desktop/material-kai-vision-platform/src/components/Admin/MaterialKnowledgeBase.tsx",
	"owner": "eslint",
	"code": "comma-dangle",
	"severity": 4,
	"message": "Missing trailing comma",
	"source": "eslint",
	"startLineNumber": 201,
	"startColumn": 77,
	"endLineNumber": 201,
	"endColumn": 77
},{
	"resource": "/c:/Users/basil/Desktop/material-kai-vision-platform/src/components/Admin/MaterialKnowledgeBase.tsx",
	"owner": "eslint",
	"code": "comma-dangle",
	"severity": 4,
	"message": "Missing trailing comma",
	"source": "eslint",
	"startLineNumber": 208,
	"startColumn": 77,
	"endLineNumber": 208,
	"endColumn": 77
},{
	"resource": "/c:/Users/basil/Desktop/material-kai-vision-platform/src/components/Admin/MaterialKnowledgeBase.tsx",
	"owner": "eslint",
	"code": "comma-dangle",
	"severity": 4,
	"message": "Missing trailing comma",
	"source": "eslint",
	"startLineNumber": 233,
	"startColumn": 57,
	"endLineNumber": 233,
	"endColumn": 57
},{
	"resource": "/c:/Users/basil/Desktop/material-kai-vision-platform/src/components/Admin/MaterialKnowledgeBase.tsx",
	"owner": "eslint",
	"code": "@typescript-eslint/no-explicit-any",
	"severity": 4,
	"message": "Unexpected any. Specify a different type",
	"source": "eslint",
	"startLineNumber": 247,
	"startColumn": 27,
	"endLineNumber": 247,
	"endColumn": 27
},{
	"resource": "/c:/Users/basil/Desktop/material-kai-vision-platform/src/components/Admin/MaterialKnowledgeBase.tsx",
	"owner": "eslint",
	"code": "no-trailing-spaces",
	"severity": 4,
	"message": "Trailing spaces not allowed",
	"source": "eslint",
	"startLineNumber": 326,
	"startColumn": 1,
	"endLineNumber": 326,
	"endColumn": 1
},{
	"resource": "/c:/Users/basil/Desktop/material-kai-vision-platform/src/components/Admin/MaterialKnowledgeBase.tsx",
	"owner": "eslint",
	"code": "@typescript-eslint/no-explicit-any",
	"severity": 4,
	"message": "Unexpected any. Specify a different type",
	"source": "eslint",
	"startLineNumber": 440,
	"startColumn": 50,
	"endLineNumber": 440,
	"endColumn": 50
},{
	"resource": "/c:/Users/basil/Desktop/material-kai-vision-platform/src/components/Admin/MaterialSuggestionsPanel.tsx",
	"owner": "eslint",
	"code": "import/order",
	"severity": 4,
	"message": "There should be at least one empty line between import groups",
	"source": "eslint",
	"startLineNumber": 22,
	"startColumn": 1,
	"endLineNumber": 22,
	"endColumn": 1
},{
	"resource": "/c:/Users/basil/Desktop/material-kai-vision-platform/src/components/Admin/MaterialSuggestionsPanel.tsx",
	"owner": "eslint",
	"code": "@typescript-eslint/no-explicit-any",
	"severity": 4,
	"message": "Unexpected any. Specify a different type",
	"source": "eslint",
	"startLineNumber": 95,
	"startColumn": 45,
	"endLineNumber": 95,
	"endColumn": 45
},{
	"resource": "/c:/Users/basil/Desktop/material-kai-vision-platform/src/components/Admin/MaterialSuggestionsPanel.tsx",
	"owner": "eslint",
	"code": "no-console",
	"severity": 4,
	"message": "Unexpected console statement",
	"source": "eslint",
	"startLineNumber": 139,
	"startColumn": 7,
	"endLineNumber": 139,
	"endColumn": 7
},{
	"resource": "/c:/Users/basil/Desktop/material-kai-vision-platform/src/components/Admin/MaterialSuggestionsPanel.tsx",
	"owner": "eslint",
	"code": "no-console",
	"severity": 4,
	"message": "Unexpected console statement",
	"source": "eslint",
	"startLineNumber": 191,
	"startColumn": 7,
	"endLineNumber": 191,
	"endColumn": 7
},{
	"resource": "/c:/Users/basil/Desktop/material-kai-vision-platform/src/components/Admin/MetadataFieldsManagement.tsx",
	"owner": "eslint",
	"code": "import/order",
	"severity": 4,
	"message": "There should be no empty line within import group",
	"source": "eslint",
	"startLineNumber": 18,
	"startColumn": 1,
	"endLineNumber": 18,
	"endColumn": 1
},{
	"resource": "/c:/Users/basil/Desktop/material-kai-vision-platform/src/components/Admin/MetadataFieldsManagement.tsx",
	"owner": "eslint",
	"code": "comma-dangle",
	"severity": 4,
	"message": "Missing trailing comma",
	"source": "eslint",
	"startLineNumber": 22,
	"startColumn": 30,
	"endLineNumber": 22,
	"endColumn": 30
},{
	"resource": "/c:/Users/basil/Desktop/material-kai-vision-platform/src/components/Admin/MetadataFieldsManagement.tsx",
	"owner": "eslint",
	"code": "@typescript-eslint/no-explicit-any",
	"severity": 4,
	"message": "Unexpected any. Specify a different type",
	"source": "eslint",
	"startLineNumber": 64,
	"startColumn": 16,
	"endLineNumber": 64,
	"endColumn": 16
},{
	"resource": "/c:/Users/basil/Desktop/material-kai-vision-platform/src/components/Admin/MetadataFieldsManagement.tsx",
	"owner": "eslint",
	"code": "@typescript-eslint/no-explicit-any",
	"severity": 4,
	"message": "Unexpected any. Specify a different type",
	"source": "eslint",
	"startLineNumber": 65,
	"startColumn": 16,
	"endLineNumber": 65,
	"endColumn": 16
},{
	"resource": "/c:/Users/basil/Desktop/material-kai-vision-platform/src/components/Admin/MetadataFieldsManagement.tsx",
	"owner": "eslint",
	"code": "comma-dangle",
	"severity": 4,
	"message": "Missing trailing comma",
	"source": "eslint",
	"startLineNumber": 139,
	"startColumn": 111,
	"endLineNumber": 139,
	"endColumn": 111
},{
	"resource": "/c:/Users/basil/Desktop/material-kai-vision-platform/src/components/Admin/MetadataFieldsManagement.tsx",
	"owner": "eslint",
	"code": "no-console",
	"severity": 4,
	"message": "Unexpected console statement",
	"source": "eslint",
	"startLineNumber": 144,
	"startColumn": 7,
	"endLineNumber": 144,
	"endColumn": 7
},{
	"resource": "/c:/Users/basil/Desktop/material-kai-vision-platform/src/components/Admin/MetadataFieldsManagement.tsx",
	"owner": "eslint",
	"code": "@typescript-eslint/no-explicit-any",
	"severity": 4,
	"message": "Unexpected any. Specify a different type",
	"source": "eslint",
	"startLineNumber": 173,
	"startColumn": 41,
	"endLineNumber": 173,
	"endColumn": 41
},{
	"resource": "/c:/Users/basil/Desktop/material-kai-vision-platform/src/components/Admin/MetadataFieldsManagement.tsx",
	"owner": "eslint",
	"code": "comma-dangle",
	"severity": 4,
	"message": "Missing trailing comma",
	"source": "eslint",
	"startLineNumber": 174,
	"startColumn": 68,
	"endLineNumber": 174,
	"endColumn": 68
},{
	"resource": "/c:/Users/basil/Desktop/material-kai-vision-platform/src/components/Admin/MetadataFieldsManagement.tsx",
	"owner": "eslint",
	"code": "comma-dangle",
	"severity": 4,
	"message": "Missing trailing comma",
	"source": "eslint",
	"startLineNumber": 178,
	"startColumn": 32,
	"endLineNumber": 178,
	"endColumn": 32
},{
	"resource": "/c:/Users/basil/Desktop/material-kai-vision-platform/src/components/Admin/MetadataFieldsManagement.tsx",
	"owner": "eslint",
	"code": "comma-dangle",
	"severity": 4,
	"message": "Missing trailing comma",
	"source": "eslint",
	"startLineNumber": 179,
	"startColumn": 10,
	"endLineNumber": 179,
	"endColumn": 10
},{
	"resource": "/c:/Users/basil/Desktop/material-kai-vision-platform/src/components/Admin/MetadataFieldsManagement.tsx",
	"owner": "eslint",
	"code": "comma-dangle",
	"severity": 4,
	"message": "Missing trailing comma",
	"source": "eslint",
	"startLineNumber": 197,
	"startColumn": 60,
	"endLineNumber": 197,
	"endColumn": 60
},{
	"resource": "/c:/Users/basil/Desktop/material-kai-vision-platform/src/components/Admin/MetadataFieldsManagement.tsx",
	"owner": "eslint",
	"code": "no-console",
	"severity": 4,
	"message": "Unexpected console statement",
	"source": "eslint",
	"startLineNumber": 211,
	"startColumn": 7,
	"endLineNumber": 211,
	"endColumn": 7
},{
	"resource": "/c:/Users/basil/Desktop/material-kai-vision-platform/src/components/Admin/MetadataFieldsManagement.tsx",
	"owner": "eslint",
	"code": "no-trailing-spaces",
	"severity": 4,
	"message": "Trailing spaces not allowed",
	"source": "eslint",
	"startLineNumber": 224,
	"startColumn": 1,
	"endLineNumber": 224,
	"endColumn": 1
},{
	"resource": "/c:/Users/basil/Desktop/material-kai-vision-platform/src/components/Admin/MetadataFieldsManagement.tsx",
	"owner": "eslint",
	"code": "no-trailing-spaces",
	"severity": 4,
	"message": "Trailing spaces not allowed",
	"source": "eslint",
	"startLineNumber": 230,
	"startColumn": 1,
	"endLineNumber": 230,
	"endColumn": 1
},{
	"resource": "/c:/Users/basil/Desktop/material-kai-vision-platform/src/components/Admin/MetadataFieldsManagement.tsx",
	"owner": "eslint",
	"code": "no-console",
	"severity": 4,
	"message": "Unexpected console statement",
	"source": "eslint",
	"startLineNumber": 275,
	"startColumn": 7,
	"endLineNumber": 275,
	"endColumn": 7
},{
	"resource": "/c:/Users/basil/Desktop/material-kai-vision-platform/src/components/Admin/MetadataFieldsManagement.tsx",
	"owner": "eslint",
	"code": "no-console",
	"severity": 4,
	"message": "Unexpected console statement",
	"source": "eslint",
	"startLineNumber": 277,
	"startColumn": 7,
	"endLineNumber": 277,
	"endColumn": 7
},{
	"resource": "/c:/Users/basil/Desktop/material-kai-vision-platform/src/components/Admin/MetadataFieldsManagement.tsx",
	"owner": "eslint",
	"code": "comma-dangle",
	"severity": 4,
	"message": "Missing trailing comma",
	"source": "eslint",
	"startLineNumber": 360,
	"startColumn": 31,
	"endLineNumber": 360,
	"endColumn": 31
},{
	"resource": "/c:/Users/basil/Desktop/material-kai-vision-platform/src/components/Admin/MetadataFieldsManagement.tsx",
	"owner": "eslint",
	"code": "no-console",
	"severity": 4,
	"message": "Unexpected console statement",
	"source": "eslint",
	"startLineNumber": 374,
	"startColumn": 7,
	"endLineNumber": 374,
	"endColumn": 7
},{
	"resource": "/c:/Users/basil/Desktop/material-kai-vision-platform/src/components/Admin/MetadataFieldsManagement.tsx",
	"owner": "eslint",
	"code": "no-console",
	"severity": 4,
	"message": "Unexpected console statement",
	"source": "eslint",
	"startLineNumber": 402,
	"startColumn": 7,
	"endLineNumber": 402,
	"endColumn": 7
},{
	"resource": "/c:/Users/basil/Desktop/material-kai-vision-platform/src/components/Admin/MivaaDocsViewer.tsx",
	"owner": "eslint",
	"code": "import/order",
	"severity": 4,
	"message": "There should be at least one empty line between import groups",
	"source": "eslint",
	"startLineNumber": 2,
	"startColumn": 1,
	"endLineNumber": 2,
	"endColumn": 1
},{
	"resource": "/c:/Users/basil/Desktop/material-kai-vision-platform/src/components/Admin/MivaaDocsViewer.tsx",
	"owner": "eslint",
	"code": "no-trailing-spaces",
	"severity": 4,
	"message": "Trailing spaces not allowed",
	"source": "eslint",
	"startLineNumber": 15,
	"startColumn": 1,
	"endLineNumber": 15,
	"endColumn": 1
},{
	"resource": "/c:/Users/basil/Desktop/material-kai-vision-platform/src/components/Admin/MivaaDocsViewer.tsx",
	"owner": "eslint",
	"code": "no-trailing-spaces",
	"severity": 4,
	"message": "Trailing spaces not allowed",
	"source": "eslint",
	"startLineNumber": 22,
	"startColumn": 1,
	"endLineNumber": 22,
	"endColumn": 1
},{
	"resource": "/c:/Users/basil/Desktop/material-kai-vision-platform/src/components/Admin/MivaaDocsViewer.tsx",
	"owner": "eslint",
	"code": "no-trailing-spaces",
	"severity": 4,
	"message": "Trailing spaces not allowed",
	"source": "eslint",
	"startLineNumber": 25,
	"startColumn": 1,
	"endLineNumber": 25,
	"endColumn": 1
},{
	"resource": "/c:/Users/basil/Desktop/material-kai-vision-platform/src/components/Admin/MivaaDocsViewer.tsx",
	"owner": "eslint",
	"code": "comma-dangle",
	"severity": 4,
	"message": "Missing trailing comma",
	"source": "eslint",
	"startLineNumber": 29,
	"startColumn": 20,
	"endLineNumber": 29,
	"endColumn": 20
},{
	"resource": "/c:/Users/basil/Desktop/material-kai-vision-platform/src/components/Admin/MivaaDocsViewer.tsx",
	"owner": "eslint",
	"code": "no-trailing-spaces",
	"severity": 4,
	"message": "Trailing spaces not allowed",
	"source": "eslint",
	"startLineNumber": 31,
	"startColumn": 1,
	"endLineNumber": 31,
	"endColumn": 1
},{
	"resource": "/c:/Users/basil/Desktop/material-kai-vision-platform/src/components/Admin/MivaaDocsViewer.tsx",
	"owner": "eslint",
	"code": "no-trailing-spaces",
	"severity": 4,
	"message": "Trailing spaces not allowed",
	"source": "eslint",
	"startLineNumber": 33,
	"startColumn": 1,
	"endLineNumber": 33,
	"endColumn": 1
},{
	"resource": "/c:/Users/basil/Desktop/material-kai-vision-platform/src/components/Admin/MivaaDocsViewer.tsx",
	"owner": "eslint",
	"code": "no-trailing-spaces",
	"severity": 4,
	"message": "Trailing spaces not allowed",
	"source": "eslint",
	"startLineNumber": 39,
	"startColumn": 1,
	"endLineNumber": 39,
	"endColumn": 1
},{
	"resource": "/c:/Users/basil/Desktop/material-kai-vision-platform/src/components/Admin/MivaaDocsViewer.tsx",
	"owner": "eslint",
	"code": "comma-dangle",
	"severity": 4,
	"message": "Missing trailing comma",
	"source": "eslint",
	"startLineNumber": 47,
	"startColumn": 38,
	"endLineNumber": 47,
	"endColumn": 38
},{
	"resource": "/c:/Users/basil/Desktop/material-kai-vision-platform/src/components/Admin/MivaaDocsViewer.tsx",
	"owner": "eslint",
	"code": "no-trailing-spaces",
	"severity": 4,
	"message": "Trailing spaces not allowed",
	"source": "eslint",
	"startLineNumber": 49,
	"startColumn": 1,
	"endLineNumber": 49,
	"endColumn": 1
},{
	"resource": "/c:/Users/basil/Desktop/material-kai-vision-platform/src/components/Admin/MivaaDocsViewer.tsx",
	"owner": "eslint",
	"code": "no-trailing-spaces",
	"severity": 4,
	"message": "Trailing spaces not allowed",
	"source": "eslint",
	"startLineNumber": 52,
	"startColumn": 1,
	"endLineNumber": 52,
	"endColumn": 1
},{
	"resource": "/c:/Users/basil/Desktop/material-kai-vision-platform/src/components/Admin/MivaaDocsViewer.tsx",
	"owner": "eslint",
	"code": "no-trailing-spaces",
	"severity": 4,
	"message": "Trailing spaces not allowed",
	"source": "eslint",
	"startLineNumber": 62,
	"startColumn": 1,
	"endLineNumber": 62,
	"endColumn": 1
},{
	"resource": "/c:/Users/basil/Desktop/material-kai-vision-platform/src/components/Admin/MivaaDocsViewer.tsx",
	"owner": "eslint",
	"code": "no-console",
	"severity": 4,
	"message": "Unexpected console statement",
	"source": "eslint",
	"startLineNumber": 64,
	"startColumn": 7,
	"endLineNumber": 64,
	"endColumn": 7
},{
	"resource": "/c:/Users/basil/Desktop/material-kai-vision-platform/src/components/Admin/MivaaDocsViewer.tsx",
	"owner": "eslint",
	"code": "no-trailing-spaces",
	"severity": 4,
	"message": "Trailing spaces not allowed",
	"source": "eslint",
	"startLineNumber": 102,
	"startColumn": 1,
	"endLineNumber": 102,
	"endColumn": 1
},{
	"resource": "/c:/Users/basil/Desktop/material-kai-vision-platform/src/components/Admin/MivaaDocsViewer.tsx",
	"owner": "eslint",
	"code": "no-trailing-spaces",
	"severity": 4,
	"message": "Trailing spaces not allowed",
	"source": "eslint",
	"startLineNumber": 119,
	"startColumn": 24,
	"endLineNumber": 119,
	"endColumn": 24
},{
	"resource": "/c:/Users/basil/Desktop/material-kai-vision-platform/src/components/Admin/MivaaDocsViewer.tsx",
	"owner": "eslint",
	"code": "no-trailing-spaces",
	"severity": 4,
	"message": "Trailing spaces not allowed",
	"source": "eslint",
	"startLineNumber": 150,
	"startColumn": 24,
	"endLineNumber": 150,
	"endColumn": 24
},{
	"resource": "/c:/Users/basil/Desktop/material-kai-vision-platform/src/components/Admin/MivaaDocsViewer.tsx",
	"owner": "eslint",
	"code": "no-trailing-spaces",
	"severity": 4,
	"message": "Trailing spaces not allowed",
	"source": "eslint",
	"startLineNumber": 182,
	"startColumn": 24,
	"endLineNumber": 182,
	"endColumn": 24
},{
	"resource": "/c:/Users/basil/Desktop/material-kai-vision-platform/src/components/Admin/MivaaDocsViewer.tsx",
	"owner": "eslint",
	"code": "no-trailing-spaces",
	"severity": 4,
	"message": "Trailing spaces not allowed",
	"source": "eslint",
	"startLineNumber": 213,
	"startColumn": 28,
	"endLineNumber": 213,
	"endColumn": 28
},{
	"resource": "/c:/Users/basil/Desktop/material-kai-vision-platform/src/components/Admin/MivaaDocsViewer.tsx",
	"owner": "eslint",
	"code": "no-trailing-spaces",
	"severity": 4,
	"message": "Trailing spaces not allowed",
	"source": "eslint",
	"startLineNumber": 214,
	"startColumn": 32,
	"endLineNumber": 214,
	"endColumn": 32
},{
	"resource": "/c:/Users/basil/Desktop/material-kai-vision-platform/src/components/Admin/MivaaDocsViewer.tsx",
	"owner": "eslint",
	"code": "quotes",
	"severity": 4,
	"message": "Strings must use singlequote",
	"source": "eslint",
	"startLineNumber": 221,
	"startColumn": 46,
	"endLineNumber": 221,
	"endColumn": 46
},{
	"resource": "/c:/Users/basil/Desktop/material-kai-vision-platform/src/components/Admin/MivaaDocsViewer.tsx",
	"owner": "eslint",
	"code": "no-trailing-spaces",
	"severity": 4,
	"message": "Trailing spaces not allowed",
	"source": "eslint",
	"startLineNumber": 223,
	"startColumn": 1,
	"endLineNumber": 223,
	"endColumn": 1
},{
	"resource": "/c:/Users/basil/Desktop/material-kai-vision-platform/src/components/Admin/MivaaDocsViewer.tsx",
	"owner": "eslint",
	"code": "no-trailing-spaces",
	"severity": 4,
	"message": "Trailing spaces not allowed",
	"source": "eslint",
	"startLineNumber": 227,
	"startColumn": 28,
	"endLineNumber": 227,
	"endColumn": 28
},{
	"resource": "/c:/Users/basil/Desktop/material-kai-vision-platform/src/components/Admin/MivaaDocsViewer.tsx",
	"owner": "eslint",
	"code": "no-trailing-spaces",
	"severity": 4,
	"message": "Trailing spaces not allowed",
	"source": "eslint",
	"startLineNumber": 228,
	"startColumn": 32,
	"endLineNumber": 228,
	"endColumn": 32
},{
	"resource": "/c:/Users/basil/Desktop/material-kai-vision-platform/src/components/Admin/MivaaDocsViewer.tsx",
	"owner": "eslint",
	"code": "quotes",
	"severity": 4,
	"message": "Strings must use singlequote",
	"source": "eslint",
	"startLineNumber": 235,
	"startColumn": 46,
	"endLineNumber": 235,
	"endColumn": 46
},{
	"resource": "/c:/Users/basil/Desktop/material-kai-vision-platform/src/components/Admin/MivaaDocsViewer.tsx",
	"owner": "eslint",
	"code": "no-trailing-spaces",
	"severity": 4,
	"message": "Trailing spaces not allowed",
	"source": "eslint",
	"startLineNumber": 237,
	"startColumn": 1,
	"endLineNumber": 237,
	"endColumn": 1
},{
	"resource": "/c:/Users/basil/Desktop/material-kai-vision-platform/src/components/Admin/MivaaDocsViewer.tsx",
	"owner": "eslint",
	"code": "no-trailing-spaces",
	"severity": 4,
	"message": "Trailing spaces not allowed",
	"source": "eslint",
	"startLineNumber": 241,
	"startColumn": 28,
	"endLineNumber": 241,
	"endColumn": 28
},{
	"resource": "/c:/Users/basil/Desktop/material-kai-vision-platform/src/components/Admin/MivaaDocsViewer.tsx",
	"owner": "eslint",
	"code": "no-trailing-spaces",
	"severity": 4,
	"message": "Trailing spaces not allowed",
	"source": "eslint",
	"startLineNumber": 242,
	"startColumn": 32,
	"endLineNumber": 242,
	"endColumn": 32
},{
	"resource": "/c:/Users/basil/Desktop/material-kai-vision-platform/src/components/Admin/MivaaDocsViewer.tsx",
	"owner": "eslint",
	"code": "quotes",
	"severity": 4,
	"message": "Strings must use singlequote",
	"source": "eslint",
	"startLineNumber": 249,
	"startColumn": 46,
	"endLineNumber": 249,
	"endColumn": 46
},{
	"resource": "/c:/Users/basil/Desktop/material-kai-vision-platform/src/components/Admin/MivaaDocsViewer.tsx",
	"owner": "eslint",
	"code": "no-trailing-spaces",
	"severity": 4,
	"message": "Trailing spaces not allowed",
	"source": "eslint",
	"startLineNumber": 252,
	"startColumn": 1,
	"endLineNumber": 252,
	"endColumn": 1
},{
	"resource": "/c:/Users/basil/Desktop/material-kai-vision-platform/src/components/Admin/ModelDebuggingPanel.tsx",
	"owner": "eslint",
	"code": "import/order",
	"severity": 4,
	"message": "There should be at least one empty line between import groups",
	"source": "eslint",
	"startLineNumber": 21,
	"startColumn": 1,
	"endLineNumber": 21,
	"endColumn": 1
},{
	"resource": "/c:/Users/basil/Desktop/material-kai-vision-platform/src/components/Admin/PackagesPanel.tsx",
	"owner": "eslint",
	"code": "comma-dangle",
	"severity": 4,
	"message": "Missing trailing comma",
	"source": "eslint",
	"startLineNumber": 9,
	"startColumn": 8,
	"endLineNumber": 9,
	"endColumn": 8
},{
	"resource": "/c:/Users/basil/Desktop/material-kai-vision-platform/src/components/Admin/PackagesPanel.tsx",
	"owner": "eslint",
	"code": "import/order",
	"severity": 4,
	"message": "There should be no empty line within import group",
	"source": "eslint",
	"startLineNumber": 15,
	"startColumn": 1,
	"endLineNumber": 15,
	"endColumn": 1
},{
	"resource": "/c:/Users/basil/Desktop/material-kai-vision-platform/src/components/Admin/PackagesPanel.tsx",
	"owner": "eslint",
	"code": "import/order",
	"severity": 4,
	"message": "There should be at least one empty line between import groups",
	"source": "eslint",
	"startLineNumber": 19,
	"startColumn": 1,
	"endLineNumber": 19,
	"endColumn": 1
},{
	"resource": "/c:/Users/basil/Desktop/material-kai-vision-platform/src/components/Admin/PackagesPanel.tsx",
	"owner": "eslint",
	"code": "@typescript-eslint/no-explicit-any",
	"severity": 4,
	"message": "Unexpected any. Specify a different type",
	"source": "eslint",
	"startLineNumber": 25,
	"startColumn": 64,
	"endLineNumber": 25,
	"endColumn": 64
},{
	"resource": "/c:/Users/basil/Desktop/material-kai-vision-platform/src/components/Admin/PackagesPanel.tsx",
	"owner": "eslint",
	"code": "@typescript-eslint/no-explicit-any",
	"severity": 4,
	"message": "Unexpected any. Specify a different type",
	"source": "eslint",
	"startLineNumber": 25,
	"startColumn": 78,
	"endLineNumber": 25,
	"endColumn": 78
},{
	"resource": "/c:/Users/basil/Desktop/material-kai-vision-platform/src/components/Admin/PackagesPanel.tsx",
	"owner": "eslint",
	"code": "@typescript-eslint/no-explicit-any",
	"severity": 4,
	"message": "Unexpected any. Specify a different type",
	"source": "eslint",
	"startLineNumber": 26,
	"startColumn": 39,
	"endLineNumber": 26,
	"endColumn": 39
},{
	"resource": "/c:/Users/basil/Desktop/material-kai-vision-platform/src/components/Admin/PackagesPanel.tsx",
	"owner": "eslint",
	"code": "@typescript-eslint/no-explicit-any",
	"severity": 4,
	"message": "Unexpected any. Specify a different type",
	"source": "eslint",
	"startLineNumber": 27,
	"startColumn": 39,
	"endLineNumber": 27,
	"endColumn": 39
},{
	"resource": "/c:/Users/basil/Desktop/material-kai-vision-platform/src/components/Admin/PackagesPanel.tsx",
	"owner": "eslint",
	"code": "comma-dangle",
	"severity": 4,
	"message": "Missing trailing comma",
	"source": "eslint",
	"startLineNumber": 44,
	"startColumn": 16,
	"endLineNumber": 44,
	"endColumn": 16
},{
	"resource": "/c:/Users/basil/Desktop/material-kai-vision-platform/src/components/Admin/PackagesPanel.tsx",
	"owner": "eslint",
	"code": "comma-dangle",
	"severity": 4,
	"message": "Missing trailing comma",
	"source": "eslint",
	"startLineNumber": 45,
	"startColumn": 9,
	"endLineNumber": 45,
	"endColumn": 9
},{
	"resource": "/c:/Users/basil/Desktop/material-kai-vision-platform/src/components/Admin/PackagesPanel.tsx",
	"owner": "eslint",
	"code": "no-console",
	"severity": 4,
	"message": "Unexpected console statement",
	"source": "eslint",
	"startLineNumber": 61,
	"startColumn": 5,
	"endLineNumber": 61,
	"endColumn": 5
},{
	"resource": "/c:/Users/basil/Desktop/material-kai-vision-platform/src/components/Admin/PackagesPanel.tsx",
	"owner": "eslint",
	"code": "comma-dangle",
	"severity": 4,
	"message": "Missing trailing comma",
	"source": "eslint",
	"startLineNumber": 159,
	"startColumn": 29,
	"endLineNumber": 159,
	"endColumn": 29
},{
	"resource": "/c:/Users/basil/Desktop/material-kai-vision-platform/src/components/Admin/PackagesPanel.tsx",
	"owner": "eslint",
	"code": "comma-dangle",
	"severity": 4,
	"message": "Missing trailing comma",
	"source": "eslint",
	"startLineNumber": 160,
	"startColumn": 12,
	"endLineNumber": 160,
	"endColumn": 12
},{
	"resource": "/c:/Users/basil/Desktop/material-kai-vision-platform/src/components/Admin/PackagesPanel.tsx",
	"owner": "eslint",
	"code": "no-console",
	"severity": 4,
	"message": "Unexpected console statement",
	"source": "eslint",
	"startLineNumber": 177,
	"startColumn": 7,
	"endLineNumber": 177,
	"endColumn": 7
},{
	"resource": "/c:/Users/basil/Desktop/material-kai-vision-platform/src/components/Admin/Phase3MetricsPanel.tsx",
	"owner": "eslint",
	"code": "import/order",
	"severity": 4,
	"message": "There should be at least one empty line between import groups",
	"source": "eslint",
	"startLineNumber": 9,
	"startColumn": 1,
	"endLineNumber": 9,
	"endColumn": 1
},{
	"resource": "/c:/Users/basil/Desktop/material-kai-vision-platform/src/components/Admin/Phase3MetricsPanel.tsx",
	"owner": "eslint",
	"code": "import/order",
	"severity": 4,
	"message": "`lucide-react` import should occur before import of `@/integrations/supabase/client`",
	"source": "eslint",
	"startLineNumber": 10,
	"startColumn": 1,
	"endLineNumber": 10,
	"endColumn": 1
},{
	"resource": "/c:/Users/basil/Desktop/material-kai-vision-platform/src/components/Admin/Phase3MetricsPanel.tsx",
	"owner": "eslint",
	"code": "@typescript-eslint/no-explicit-any",
	"severity": 4,
	"message": "Unexpected any. Specify a different type",
	"source": "eslint",
	"startLineNumber": 104,
	"startColumn": 64,
	"endLineNumber": 104,
	"endColumn": 64
},{
	"resource": "/c:/Users/basil/Desktop/material-kai-vision-platform/src/components/Admin/Phase3MetricsPanel.tsx",
	"owner": "eslint",
	"code": "@typescript-eslint/no-explicit-any",
	"severity": 4,
	"message": "Unexpected any. Specify a different type",
	"source": "eslint",
	"startLineNumber": 105,
	"startColumn": 61,
	"endLineNumber": 105,
	"endColumn": 61
},{
	"resource": "/c:/Users/basil/Desktop/material-kai-vision-platform/src/components/Admin/Phase3MetricsPanel.tsx",
	"owner": "eslint",
	"code": "@typescript-eslint/no-explicit-any",
	"severity": 4,
	"message": "Unexpected any. Specify a different type",
	"source": "eslint",
	"startLineNumber": 106,
	"startColumn": 58,
	"endLineNumber": 106,
	"endColumn": 58
},{
	"resource": "/c:/Users/basil/Desktop/material-kai-vision-platform/src/components/Admin/Phase3MetricsPanel.tsx",
	"owner": "eslint",
	"code": "@typescript-eslint/no-explicit-any",
	"severity": 4,
	"message": "Unexpected any. Specify a different type",
	"source": "eslint",
	"startLineNumber": 107,
	"startColumn": 65,
	"endLineNumber": 107,
	"endColumn": 65
},{
	"resource": "/c:/Users/basil/Desktop/material-kai-vision-platform/src/components/Admin/Phase3MetricsPanel.tsx",
	"owner": "eslint",
	"code": "@typescript-eslint/no-explicit-any",
	"severity": 4,
	"message": "Unexpected any. Specify a different type",
	"source": "eslint",
	"startLineNumber": 121,
	"startColumn": 63,
	"endLineNumber": 121,
	"endColumn": 63
},{
	"resource": "/c:/Users/basil/Desktop/material-kai-vision-platform/src/components/Admin/Phase3MetricsPanel.tsx",
	"owner": "eslint",
	"code": "@typescript-eslint/no-explicit-any",
	"severity": 4,
	"message": "Unexpected any. Specify a different type",
	"source": "eslint",
	"startLineNumber": 122,
	"startColumn": 67,
	"endLineNumber": 122,
	"endColumn": 67
},{
	"resource": "/c:/Users/basil/Desktop/material-kai-vision-platform/src/components/Admin/Phase3MetricsPanel.tsx",
	"owner": "eslint",
	"code": "@typescript-eslint/no-explicit-any",
	"severity": 4,
	"message": "Unexpected any. Specify a different type",
	"source": "eslint",
	"startLineNumber": 123,
	"startColumn": 65,
	"endLineNumber": 123,
	"endColumn": 65
},{
	"resource": "/c:/Users/basil/Desktop/material-kai-vision-platform/src/components/Admin/Phase3MetricsPanel.tsx",
	"owner": "eslint",
	"code": "@typescript-eslint/no-explicit-any",
	"severity": 4,
	"message": "Unexpected any. Specify a different type",
	"source": "eslint",
	"startLineNumber": 124,
	"startColumn": 65,
	"endLineNumber": 124,
	"endColumn": 65
},{
	"resource": "/c:/Users/basil/Desktop/material-kai-vision-platform/src/components/Admin/Phase3MetricsPanel.tsx",
	"owner": "eslint",
	"code": "@typescript-eslint/no-explicit-any",
	"severity": 4,
	"message": "Unexpected any. Specify a different type",
	"source": "eslint",
	"startLineNumber": 125,
	"startColumn": 61,
	"endLineNumber": 125,
	"endColumn": 61
},{
	"resource": "/c:/Users/basil/Desktop/material-kai-vision-platform/src/components/Admin/Phase3MetricsPanel.tsx",
	"owner": "eslint",
	"code": "no-console",
	"severity": 4,
	"message": "Unexpected console statement",
	"source": "eslint",
	"startLineNumber": 130,
	"startColumn": 7,
	"endLineNumber": 130,
	"endColumn": 7
},{
	"resource": "/c:/Users/basil/Desktop/material-kai-vision-platform/src/components/Admin/QualityMetricsDashboard.tsx",
	"owner": "eslint",
	"code": "no-trailing-spaces",
	"severity": 4,
	"message": "Trailing spaces not allowed",
	"source": "eslint",
	"startLineNumber": 3,
	"startColumn": 3,
	"endLineNumber": 3,
	"endColumn": 3
},{
	"resource": "/c:/Users/basil/Desktop/material-kai-vision-platform/src/components/Admin/QualityMetricsDashboard.tsx",
	"owner": "eslint",
	"code": "import/order",
	"severity": 4,
	"message": "There should be at least one empty line between import groups",
	"source": "eslint",
	"startLineNumber": 7,
	"startColumn": 1,
	"endLineNumber": 7,
	"endColumn": 1
},{
	"resource": "/c:/Users/basil/Desktop/material-kai-vision-platform/src/components/Admin/QualityMetricsDashboard.tsx",
	"owner": "eslint",
	"code": "import/order",
	"severity": 4,
	"message": "There should be at least one empty line between import groups",
	"source": "eslint",
	"startLineNumber": 12,
	"startColumn": 1,
	"endLineNumber": 12,
	"endColumn": 1
},{
	"resource": "/c:/Users/basil/Desktop/material-kai-vision-platform/src/components/Admin/QualityMetricsDashboard.tsx",
	"owner": "eslint",
	"code": "import/order",
	"severity": 4,
	"message": "`recharts` import should occur before import of `@/integrations/supabase/client`",
	"source": "eslint",
	"startLineNumber": 13,
	"startColumn": 1,
	"endLineNumber": 13,
	"endColumn": 1
},{
	"resource": "/c:/Users/basil/Desktop/material-kai-vision-platform/src/components/Admin/QualityMetricsDashboard.tsx",
	"owner": "eslint",
	"code": "import/order",
	"severity": 4,
	"message": "`lucide-react` import should occur before import of `@/integrations/supabase/client`",
	"source": "eslint",
	"startLineNumber": 14,
	"startColumn": 1,
	"endLineNumber": 14,
	"endColumn": 1
},{
	"resource": "/c:/Users/basil/Desktop/material-kai-vision-platform/src/components/Admin/QualityMetricsDashboard.tsx",
	"owner": "eslint",
	"code": "@typescript-eslint/no-explicit-any",
	"severity": 4,
	"message": "Unexpected any. Specify a different type",
	"source": "eslint",
	"startLineNumber": 17,
	"startColumn": 59,
	"endLineNumber": 17,
	"endColumn": 59
},{
	"resource": "/c:/Users/basil/Desktop/material-kai-vision-platform/src/components/Admin/QualityMetricsDashboard.tsx",
	"owner": "eslint",
	"code": "@typescript-eslint/no-explicit-any",
	"severity": 4,
	"message": "Unexpected any. Specify a different type",
	"source": "eslint",
	"startLineNumber": 18,
	"startColumn": 37,
	"endLineNumber": 18,
	"endColumn": 37
},{
	"resource": "/c:/Users/basil/Desktop/material-kai-vision-platform/src/components/Admin/QualityMetricsDashboard.tsx",
	"owner": "eslint",
	"code": "@typescript-eslint/no-explicit-any",
	"severity": 4,
	"message": "Unexpected any. Specify a different type",
	"source": "eslint",
	"startLineNumber": 19,
	"startColumn": 39,
	"endLineNumber": 19,
	"endColumn": 39
},{
	"resource": "/c:/Users/basil/Desktop/material-kai-vision-platform/src/components/Admin/QualityMetricsDashboard.tsx",
	"owner": "eslint",
	"code": "@typescript-eslint/no-explicit-any",
	"severity": 4,
	"message": "Unexpected any. Specify a different type",
	"source": "eslint",
	"startLineNumber": 20,
	"startColumn": 31,
	"endLineNumber": 20,
	"endColumn": 31
},{
	"resource": "/c:/Users/basil/Desktop/material-kai-vision-platform/src/components/Admin/QualityMetricsDashboard.tsx",
	"owner": "eslint",
	"code": "@typescript-eslint/no-explicit-any",
	"severity": 4,
	"message": "Unexpected any. Specify a different type",
	"source": "eslint",
	"startLineNumber": 21,
	"startColumn": 31,
	"endLineNumber": 21,
	"endColumn": 31
},{
	"resource": "/c:/Users/basil/Desktop/material-kai-vision-platform/src/components/Admin/QualityMetricsDashboard.tsx",
	"owner": "eslint",
	"code": "@typescript-eslint/no-explicit-any",
	"severity": 4,
	"message": "Unexpected any. Specify a different type",
	"source": "eslint",
	"startLineNumber": 22,
	"startColumn": 47,
	"endLineNumber": 22,
	"endColumn": 47
},{
	"resource": "/c:/Users/basil/Desktop/material-kai-vision-platform/src/components/Admin/QualityMetricsDashboard.tsx",
	"owner": "eslint",
	"code": "@typescript-eslint/no-explicit-any",
	"severity": 4,
	"message": "Unexpected any. Specify a different type",
	"source": "eslint",
	"startLineNumber": 23,
	"startColumn": 35,
	"endLineNumber": 23,
	"endColumn": 35
},{
	"resource": "/c:/Users/basil/Desktop/material-kai-vision-platform/src/components/Admin/QualityMetricsDashboard.tsx",
	"owner": "eslint",
	"code": "@typescript-eslint/no-explicit-any",
	"severity": 4,
	"message": "Unexpected any. Specify a different type",
	"source": "eslint",
	"startLineNumber": 24,
	"startColumn": 33,
	"endLineNumber": 24,
	"endColumn": 33
},{
	"resource": "/c:/Users/basil/Desktop/material-kai-vision-platform/src/components/Admin/QualityMetricsDashboard.tsx",
	"owner": "eslint",
	"code": "@typescript-eslint/no-explicit-any",
	"severity": 4,
	"message": "Unexpected any. Specify a different type",
	"source": "eslint",
	"startLineNumber": 25,
	"startColumn": 29,
	"endLineNumber": 25,
	"endColumn": 29
},{
	"resource": "/c:/Users/basil/Desktop/material-kai-vision-platform/src/components/Admin/QualityMetricsDashboard.tsx",
	"owner": "eslint",
	"code": "@typescript-eslint/no-explicit-any",
	"severity": 4,
	"message": "Unexpected any. Specify a different type",
	"source": "eslint",
	"startLineNumber": 26,
	"startColumn": 27,
	"endLineNumber": 26,
	"endColumn": 27
},{
	"resource": "/c:/Users/basil/Desktop/material-kai-vision-platform/src/components/Admin/QualityMetricsDashboard.tsx",
	"owner": "eslint",
	"code": "@typescript-eslint/no-explicit-any",
	"severity": 4,
	"message": "Unexpected any. Specify a different type",
	"source": "eslint",
	"startLineNumber": 104,
	"startColumn": 68,
	"endLineNumber": 104,
	"endColumn": 68
},{
	"resource": "/c:/Users/basil/Desktop/material-kai-vision-platform/src/components/Admin/QualityMetricsDashboard.tsx",
	"owner": "eslint",
	"code": "@typescript-eslint/no-explicit-any",
	"severity": 4,
	"message": "Unexpected any. Specify a different type",
	"source": "eslint",
	"startLineNumber": 105,
	"startColumn": 65,
	"endLineNumber": 105,
	"endColumn": 65
},{
	"resource": "/c:/Users/basil/Desktop/material-kai-vision-platform/src/components/Admin/QualityMetricsDashboard.tsx",
	"owner": "eslint",
	"code": "@typescript-eslint/no-explicit-any",
	"severity": 4,
	"message": "Unexpected any. Specify a different type",
	"source": "eslint",
	"startLineNumber": 106,
	"startColumn": 62,
	"endLineNumber": 106,
	"endColumn": 62
},{
	"resource": "/c:/Users/basil/Desktop/material-kai-vision-platform/src/components/Admin/QualityMetricsDashboard.tsx",
	"owner": "eslint",
	"code": "@typescript-eslint/no-explicit-any",
	"severity": 4,
	"message": "Unexpected any. Specify a different type",
	"source": "eslint",
	"startLineNumber": 107,
	"startColumn": 66,
	"endLineNumber": 107,
	"endColumn": 66
},{
	"resource": "/c:/Users/basil/Desktop/material-kai-vision-platform/src/components/Admin/QualityMetricsDashboard.tsx",
	"owner": "eslint",
	"code": "@typescript-eslint/no-explicit-any",
	"severity": 4,
	"message": "Unexpected any. Specify a different type",
	"source": "eslint",
	"startLineNumber": 119,
	"startColumn": 67,
	"endLineNumber": 119,
	"endColumn": 67
},{
	"resource": "/c:/Users/basil/Desktop/material-kai-vision-platform/src/components/Admin/QualityMetricsDashboard.tsx",
	"owner": "eslint",
	"code": "@typescript-eslint/no-explicit-any",
	"severity": 4,
	"message": "Unexpected any. Specify a different type",
	"source": "eslint",
	"startLineNumber": 120,
	"startColumn": 71,
	"endLineNumber": 120,
	"endColumn": 71
},{
	"resource": "/c:/Users/basil/Desktop/material-kai-vision-platform/src/components/Admin/QualityMetricsDashboard.tsx",
	"owner": "eslint",
	"code": "@typescript-eslint/no-explicit-any",
	"severity": 4,
	"message": "Unexpected any. Specify a different type",
	"source": "eslint",
	"startLineNumber": 121,
	"startColumn": 69,
	"endLineNumber": 121,
	"endColumn": 69
},{
	"resource": "/c:/Users/basil/Desktop/material-kai-vision-platform/src/components/Admin/QualityMetricsDashboard.tsx",
	"owner": "eslint",
	"code": "@typescript-eslint/no-explicit-any",
	"severity": 4,
	"message": "Unexpected any. Specify a different type",
	"source": "eslint",
	"startLineNumber": 122,
	"startColumn": 69,
	"endLineNumber": 122,
	"endColumn": 69
},{
	"resource": "/c:/Users/basil/Desktop/material-kai-vision-platform/src/components/Admin/QualityMetricsDashboard.tsx",
	"owner": "eslint",
	"code": "@typescript-eslint/no-explicit-any",
	"severity": 4,
	"message": "Unexpected any. Specify a different type",
	"source": "eslint",
	"startLineNumber": 123,
	"startColumn": 73,
	"endLineNumber": 123,
	"endColumn": 73
},{
	"resource": "/c:/Users/basil/Desktop/material-kai-vision-platform/src/components/Admin/QualityMetricsDashboard.tsx",
	"owner": "eslint",
	"code": "no-console",
	"severity": 4,
	"message": "Unexpected console statement",
	"source": "eslint",
	"startLineNumber": 135,
	"startColumn": 7,
	"endLineNumber": 135,
	"endColumn": 7
},{
	"resource": "/c:/Users/basil/Desktop/material-kai-vision-platform/src/components/Admin/QualityStabilityMetricsPanel.tsx",
	"owner": "eslint",
	"code": "import/order",
	"severity": 4,
	"message": "There should be no empty line within import group",
	"source": "eslint",
	"startLineNumber": 19,
	"startColumn": 1,
	"endLineNumber": 19,
	"endColumn": 1
},{
	"resource": "/c:/Users/basil/Desktop/material-kai-vision-platform/src/components/Admin/QualityStabilityMetricsPanel.tsx",
	"owner": "eslint",
	"code": "import/order",
	"severity": 4,
	"message": "There should be at least one empty line between import groups",
	"source": "eslint",
	"startLineNumber": 22,
	"startColumn": 1,
	"endLineNumber": 22,
	"endColumn": 1
},{
	"resource": "/c:/Users/basil/Desktop/material-kai-vision-platform/src/components/Admin/QualityStabilityMetricsPanel.tsx",
	"owner": "eslint",
	"code": "@typescript-eslint/no-explicit-any",
	"severity": 4,
	"message": "Unexpected any. Specify a different type",
	"source": "eslint",
	"startLineNumber": 94,
	"startColumn": 22,
	"endLineNumber": 94,
	"endColumn": 22
},{
	"resource": "/c:/Users/basil/Desktop/material-kai-vision-platform/src/components/Admin/QualityStabilityMetricsPanel.tsx",
	"owner": "eslint",
	"code": "@typescript-eslint/no-explicit-any",
	"severity": 4,
	"message": "Unexpected any. Specify a different type",
	"source": "eslint",
	"startLineNumber": 95,
	"startColumn": 25,
	"endLineNumber": 95,
	"endColumn": 25
},{
	"resource": "/c:/Users/basil/Desktop/material-kai-vision-platform/src/components/Admin/QualityStabilityMetricsPanel.tsx",
	"owner": "eslint",
	"code": "@typescript-eslint/no-explicit-any",
	"severity": 4,
	"message": "Unexpected any. Specify a different type",
	"source": "eslint",
	"startLineNumber": 97,
	"startColumn": 53,
	"endLineNumber": 97,
	"endColumn": 53
},{
	"resource": "/c:/Users/basil/Desktop/material-kai-vision-platform/src/components/Admin/QualityStabilityMetricsPanel.tsx",
	"owner": "eslint",
	"code": "@typescript-eslint/no-explicit-any",
	"severity": 4,
	"message": "Unexpected any. Specify a different type",
	"source": "eslint",
	"startLineNumber": 105,
	"startColumn": 53,
	"endLineNumber": 105,
	"endColumn": 53
},{
	"resource": "/c:/Users/basil/Desktop/material-kai-vision-platform/src/components/Admin/QualityStabilityMetricsPanel.tsx",
	"owner": "eslint",
	"code": "@typescript-eslint/no-explicit-any",
	"severity": 4,
	"message": "Unexpected any. Specify a different type",
	"source": "eslint",
	"startLineNumber": 106,
	"startColumn": 53,
	"endLineNumber": 106,
	"endColumn": 53
},{
	"resource": "/c:/Users/basil/Desktop/material-kai-vision-platform/src/components/Admin/QualityStabilityMetricsPanel.tsx",
	"owner": "eslint",
	"code": "@typescript-eslint/no-explicit-any",
	"severity": 4,
	"message": "Unexpected any. Specify a different type",
	"source": "eslint",
	"startLineNumber": 107,
	"startColumn": 48,
	"endLineNumber": 107,
	"endColumn": 48
},{
	"resource": "/c:/Users/basil/Desktop/material-kai-vision-platform/src/components/Admin/QualityStabilityMetricsPanel.tsx",
	"owner": "eslint",
	"code": "@typescript-eslint/no-explicit-any",
	"severity": 4,
	"message": "Unexpected any. Specify a different type",
	"source": "eslint",
	"startLineNumber": 108,
	"startColumn": 48,
	"endLineNumber": 108,
	"endColumn": 48
},{
	"resource": "/c:/Users/basil/Desktop/material-kai-vision-platform/src/components/Admin/QualityStabilityMetricsPanel.tsx",
	"owner": "eslint",
	"code": "@typescript-eslint/no-explicit-any",
	"severity": 4,
	"message": "Unexpected any. Specify a different type",
	"source": "eslint",
	"startLineNumber": 109,
	"startColumn": 54,
	"endLineNumber": 109,
	"endColumn": 54
},{
	"resource": "/c:/Users/basil/Desktop/material-kai-vision-platform/src/components/Admin/QualityStabilityMetricsPanel.tsx",
	"owner": "eslint",
	"code": "@typescript-eslint/no-explicit-any",
	"severity": 4,
	"message": "Unexpected any. Specify a different type",
	"source": "eslint",
	"startLineNumber": 110,
	"startColumn": 48,
	"endLineNumber": 110,
	"endColumn": 48
},{
	"resource": "/c:/Users/basil/Desktop/material-kai-vision-platform/src/components/Admin/QualityStabilityMetricsPanel.tsx",
	"owner": "eslint",
	"code": "@typescript-eslint/no-explicit-any",
	"severity": 4,
	"message": "Unexpected any. Specify a different type",
	"source": "eslint",
	"startLineNumber": 123,
	"startColumn": 66,
	"endLineNumber": 123,
	"endColumn": 66
},{
	"resource": "/c:/Users/basil/Desktop/material-kai-vision-platform/src/components/Admin/QualityStabilityMetricsPanel.tsx",
	"owner": "eslint",
	"code": "@typescript-eslint/no-explicit-any",
	"severity": 4,
	"message": "Unexpected any. Specify a different type",
	"source": "eslint",
	"startLineNumber": 124,
	"startColumn": 68,
	"endLineNumber": 124,
	"endColumn": 68
},{
	"resource": "/c:/Users/basil/Desktop/material-kai-vision-platform/src/components/Admin/QualityStabilityMetricsPanel.tsx",
	"owner": "eslint",
	"code": "@typescript-eslint/no-explicit-any",
	"severity": 4,
	"message": "Unexpected any. Specify a different type",
	"source": "eslint",
	"startLineNumber": 125,
	"startColumn": 65,
	"endLineNumber": 125,
	"endColumn": 65
},{
	"resource": "/c:/Users/basil/Desktop/material-kai-vision-platform/src/components/Admin/QualityStabilityMetricsPanel.tsx",
	"owner": "eslint",
	"code": "@typescript-eslint/no-explicit-any",
	"severity": 4,
	"message": "Unexpected any. Specify a different type",
	"source": "eslint",
	"startLineNumber": 126,
	"startColumn": 63,
	"endLineNumber": 126,
	"endColumn": 63
},{
	"resource": "/c:/Users/basil/Desktop/material-kai-vision-platform/src/components/Admin/QualityStabilityMetricsPanel.tsx",
	"owner": "eslint",
	"code": "no-console",
	"severity": 4,
	"message": "Unexpected console statement",
	"source": "eslint",
	"startLineNumber": 157,
	"startColumn": 7,
	"endLineNumber": 157,
	"endColumn": 7
},{
	"resource": "/c:/Users/basil/Desktop/material-kai-vision-platform/src/components/Admin/SystemPerformance.tsx",
	"owner": "eslint",
	"code": "comma-dangle",
	"severity": 4,
	"message": "Missing trailing comma",
	"source": "eslint",
	"startLineNumber": 151,
	"startColumn": 33,
	"endLineNumber": 151,
	"endColumn": 33
},{
	"resource": "/c:/Users/basil/Desktop/material-kai-vision-platform/src/components/Admin/SystemPerformance.tsx",
	"owner": "eslint",
	"code": "comma-dangle",
	"severity": 4,
	"message": "Missing trailing comma",
	"source": "eslint",
	"startLineNumber": 152,
	"startColumn": 10,
	"endLineNumber": 152,
	"endColumn": 10
},{
	"resource": "/c:/Users/basil/Desktop/material-kai-vision-platform/src/components/Admin/SystemPerformance.tsx",
	"owner": "eslint",
	"code": "comma-dangle",
	"severity": 4,
	"message": "Missing trailing comma",
	"source": "eslint",
	"startLineNumber": 170,
	"startColumn": 42,
	"endLineNumber": 170,
	"endColumn": 42
},{
	"resource": "/c:/Users/basil/Desktop/material-kai-vision-platform/src/components/Admin/SystemPerformance.tsx",
	"owner": "eslint",
	"code": "no-console",
	"severity": 4,
	"message": "Unexpected console statement",
	"source": "eslint",
	"startLineNumber": 174,
	"startColumn": 7,
	"endLineNumber": 174,
	"endColumn": 7
},{
	"resource": "/c:/Users/basil/Desktop/material-kai-vision-platform/src/components/Admin/SystemPerformance.tsx",
	"owner": "eslint",
	"code": "comma-dangle",
	"severity": 4,
	"message": "Missing trailing comma",
	"source": "eslint",
	"startLineNumber": 191,
	"startColumn": 40,
	"endLineNumber": 191,
	"endColumn": 40
},{
	"resource": "/c:/Users/basil/Desktop/material-kai-vision-platform/src/components/Admin/SystemPerformance.tsx",
	"owner": "eslint",
	"code": "comma-dangle",
	"severity": 4,
	"message": "Missing trailing comma",
	"source": "eslint",
	"startLineNumber": 192,
	"startColumn": 10,
	"endLineNumber": 192,
	"endColumn": 10
},{
	"resource": "/c:/Users/basil/Desktop/material-kai-vision-platform/src/components/Admin/SystemPerformance.tsx",
	"owner": "eslint",
	"code": "comma-dangle",
	"severity": 4,
	"message": "Missing trailing comma",
	"source": "eslint",
	"startLineNumber": 211,
	"startColumn": 26,
	"endLineNumber": 211,
	"endColumn": 26
},{
	"resource": "/c:/Users/basil/Desktop/material-kai-vision-platform/src/components/Admin/SystemPerformance.tsx",
	"owner": "eslint",
	"code": "comma-dangle",
	"severity": 4,
	"message": "Missing trailing comma",
	"source": "eslint",
	"startLineNumber": 212,
	"startColumn": 10,
	"endLineNumber": 212,
	"endColumn": 10
},{
	"resource": "/c:/Users/basil/Desktop/material-kai-vision-platform/src/components/Admin/SystemPerformance.tsx",
	"owner": "eslint",
	"code": "no-console",
	"severity": 4,
	"message": "Unexpected console statement",
	"source": "eslint",
	"startLineNumber": 216,
	"startColumn": 7,
	"endLineNumber": 216,
	"endColumn": 7
},{
	"resource": "/c:/Users/basil/Desktop/material-kai-vision-platform/src/components/Admin/SystemPerformance.tsx",
	"owner": "eslint",
	"code": "no-console",
	"severity": 4,
	"message": "Unexpected console statement",
	"source": "eslint",
	"startLineNumber": 234,
	"startColumn": 7,
	"endLineNumber": 234,
	"endColumn": 7
},{
	"resource": "/c:/Users/basil/Desktop/material-kai-vision-platform/src/components/Admin/SystemPerformance.tsx",
	"owner": "eslint",
	"code": "@typescript-eslint/no-explicit-any",
	"severity": 4,
	"message": "Unexpected any. Specify a different type",
	"source": "eslint",
	"startLineNumber": 285,
	"startColumn": 54,
	"endLineNumber": 285,
	"endColumn": 54
},{
	"resource": "/c:/Users/basil/Desktop/material-kai-vision-platform/src/components/Admin/SystemPerformance.tsx",
	"owner": "eslint",
	"code": "@typescript-eslint/no-explicit-any",
	"severity": 4,
	"message": "Unexpected any. Specify a different type",
	"source": "eslint",
	"startLineNumber": 288,
	"startColumn": 36,
	"endLineNumber": 288,
	"endColumn": 36
},{
	"resource": "/c:/Users/basil/Desktop/material-kai-vision-platform/src/components/Admin/SystemPerformance.tsx",
	"owner": "eslint",
	"code": "no-console",
	"severity": 4,
	"message": "Unexpected console statement",
	"source": "eslint",
	"startLineNumber": 317,
	"startColumn": 7,
	"endLineNumber": 317,
	"endColumn": 7
},{
	"resource": "/c:/Users/basil/Desktop/material-kai-vision-platform/src/components/AI/AIStudioPage.tsx",
	"owner": "eslint",
	"code": "no-console",
	"severity": 4,
	"message": "Unexpected console statement",
	"source": "eslint",
	"startLineNumber": 153,
	"startColumn": 7,
	"endLineNumber": 153,
	"endColumn": 7
},{
	"resource": "/c:/Users/basil/Desktop/material-kai-vision-platform/src/components/AI/MaterialAgentSearchInterface.tsx",
	"owner": "eslint",
	"code": "",
	"severity": 4,
	"message": "Unexpected console statement",
	"source": "eslint",
	"startLineNumber": 352,
	"startColumn": 7,
	"endLineNumber": 352,
	"endColumn": 7
},{
	"resource": "/c:/Users/basil/Desktop/material-kai-vision-platform/src/components/Auth/OAuthButtons.tsx",
	"owner": "eslint",
	"code": "import/order",
	"severity": 4,
	"message": "There should be at least one empty line between import groups",
	"source": "eslint",
	"startLineNumber": 1,
	"startColumn": 1,
	"endLineNumber": 1,
	"endColumn": 1
},{
	"resource": "/c:/Users/basil/Desktop/material-kai-vision-platform/src/components/Auth/OAuthButtons.tsx",
	"owner": "eslint",
	"code": "import/order",
	"severity": 4,
	"message": "There should be at least one empty line between import groups",
	"source": "eslint",
	"startLineNumber": 4,
	"startColumn": 1,
	"endLineNumber": 4,
	"endColumn": 1
},{
	"resource": "/c:/Users/basil/Desktop/material-kai-vision-platform/src/components/Auth/OAuthButtons.tsx",
	"owner": "eslint",
	"code": "import/order",
	"severity": 4,
	"message": "`lucide-react` import should occur before import of `@/components/ui/button`",
	"source": "eslint",
	"startLineNumber": 5,
	"startColumn": 1,
	"endLineNumber": 5,
	"endColumn": 1
},{
	"resource": "/c:/Users/basil/Desktop/material-kai-vision-platform/src/components/Auth/OAuthButtons.tsx",
	"owner": "eslint",
	"code": "no-console",
	"severity": 4,
	"message": "Unexpected console statement",
	"source": "eslint",
	"startLineNumber": 29,
	"startColumn": 7,
	"endLineNumber": 29,
	"endColumn": 7
},{
	"resource": "/c:/Users/basil/Desktop/material-kai-vision-platform/src/components/BatchProcessing/BatchUploadInterface.tsx",
	"owner": "eslint",
	"code": "",
	"severity": 4,
	"message": "Missing trailing comma",
	"source": "eslint",
	"startLineNumber": 176,
	"startColumn": 56,
	"endLineNumber": 176,
	"endColumn": 56
},{
	"resource": "/c:/Users/basil/Desktop/material-kai-vision-platform/src/components/BatchProcessing/JobQueueDashboard.tsx",
	"owner": "eslint",
	"code": "no-console",
	"severity": 4,
	"message": "Unexpected console statement",
	"source": "eslint",
	"startLineNumber": 173,
	"startColumn": 7,
	"endLineNumber": 173,
	"endColumn": 7
},{
	"resource": "/c:/Users/basil/Desktop/material-kai-vision-platform/src/components/BatchProcessing/JobQueueDashboard.tsx",
	"owner": "eslint",
	"code": "no-console",
	"severity": 4,
	"message": "Unexpected console statement",
	"source": "eslint",
	"startLineNumber": 188,
	"startColumn": 7,
	"endLineNumber": 188,
	"endColumn": 7
},{
	"resource": "/c:/Users/basil/Desktop/material-kai-vision-platform/src/components/BatchProcessing/JobQueueDashboard.tsx",
	"owner": "eslint",
	"code": "no-console",
	"severity": 4,
	"message": "Unexpected console statement",
	"source": "eslint",
	"startLineNumber": 264,
	"startColumn": 7,
	"endLineNumber": 264,
	"endColumn": 7
},{
	"resource": "/c:/Users/basil/Desktop/material-kai-vision-platform/src/components/BatchProcessing/JobQueueDashboard.tsx",
	"owner": "eslint",
	"code": "no-console",
	"severity": 4,
	"message": "Unexpected console statement",
	"source": "eslint",
	"startLineNumber": 288,
	"startColumn": 7,
	"endLineNumber": 288,
	"endColumn": 7
},{
	"resource": "/c:/Users/basil/Desktop/material-kai-vision-platform/src/components/Categories/DynamicCategoryManager.tsx",
	"owner": "eslint",
	"code": "no-trailing-spaces",
	"severity": 4,
	"message": "Trailing spaces not allowed",
	"source": "eslint",
	"startLineNumber": 3,
	"startColumn": 3,
	"endLineNumber": 3,
	"endColumn": 3
},{
	"resource": "/c:/Users/basil/Desktop/material-kai-vision-platform/src/components/Categories/DynamicCategoryManager.tsx",
	"owner": "eslint",
	"code": "import/order",
	"severity": 4,
	"message": "There should be at least one empty line between import groups",
	"source": "eslint",
	"startLineNumber": 7,
	"startColumn": 1,
	"endLineNumber": 7,
	"endColumn": 1
},{
	"resource": "/c:/Users/basil/Desktop/material-kai-vision-platform/src/components/Categories/DynamicCategoryManager.tsx",
	"owner": "eslint",
	"code": "import/order",
	"severity": 4,
	"message": "There should be at least one empty line between import groups",
	"source": "eslint",
	"startLineNumber": 18,
	"startColumn": 1,
	"endLineNumber": 18,
	"endColumn": 1
},{
	"resource": "/c:/Users/basil/Desktop/material-kai-vision-platform/src/components/Categories/DynamicCategoryManager.tsx",
	"owner": "eslint",
	"code": "no-trailing-spaces",
	"severity": 4,
	"message": "Trailing spaces not allowed",
	"source": "eslint",
	"startLineNumber": 18,
	"startColumn": 9,
	"endLineNumber": 18,
	"endColumn": 9
},{
	"resource": "/c:/Users/basil/Desktop/material-kai-vision-platform/src/components/Categories/DynamicCategoryManager.tsx",
	"owner": "eslint",
	"code": "no-trailing-spaces",
	"severity": 4,
	"message": "Trailing spaces not allowed",
	"source": "eslint",
	"startLineNumber": 19,
	"startColumn": 21,
	"endLineNumber": 19,
	"endColumn": 21
},{
	"resource": "/c:/Users/basil/Desktop/material-kai-vision-platform/src/components/Categories/DynamicCategoryManager.tsx",
	"owner": "eslint",
	"code": "comma-dangle",
	"severity": 4,
	"message": "Missing trailing comma",
	"source": "eslint",
	"startLineNumber": 24,
	"startColumn": 25,
	"endLineNumber": 24,
	"endColumn": 25
},{
	"resource": "/c:/Users/basil/Desktop/material-kai-vision-platform/src/components/Categories/DynamicCategoryManager.tsx",
	"owner": "eslint",
	"code": "import/order",
	"severity": 4,
	"message": "`lucide-react` import should occur before import of `@/components/ui/card`",
	"source": "eslint",
	"startLineNumber": 26,
	"startColumn": 1,
	"endLineNumber": 26,
	"endColumn": 1
},{
	"resource": "/c:/Users/basil/Desktop/material-kai-vision-platform/src/components/Categories/DynamicCategoryManager.tsx",
	"owner": "eslint",
	"code": "comma-dangle",
	"severity": 4,
	"message": "Missing trailing comma",
	"source": "eslint",
	"startLineNumber": 37,
	"startColumn": 16,
	"endLineNumber": 37,
	"endColumn": 16
},{
	"resource": "/c:/Users/basil/Desktop/material-kai-vision-platform/src/components/Categories/DynamicCategoryManager.tsx",
	"owner": "eslint",
	"code": "comma-dangle",
	"severity": 4,
	"message": "Missing trailing comma",
	"source": "eslint",
	"startLineNumber": 54,
	"startColumn": 26,
	"endLineNumber": 54,
	"endColumn": 26
},{
	"resource": "/c:/Users/basil/Desktop/material-kai-vision-platform/src/components/Categories/DynamicCategoryManager.tsx",
	"owner": "eslint",
	"code": "react-hooks/exhaustive-deps",
	"severity": 4,
	"message": "React Hook useEffect has a missing dependency: 'loadCategories'. Either include it or remove the dependency array",
	"source": "eslint",
	"startLineNumber": 59,
	"startColumn": 6,
	"endLineNumber": 59,
	"endColumn": 6
},{
	"resource": "/c:/Users/basil/Desktop/material-kai-vision-platform/src/components/Categories/DynamicCategoryManager.tsx",
	"owner": "eslint",
	"code": "comma-dangle",
	"severity": 4,
	"message": "Missing trailing comma",
	"source": "eslint",
	"startLineNumber": 67,
	"startColumn": 32,
	"endLineNumber": 67,
	"endColumn": 32
},{
	"resource": "/c:/Users/basil/Desktop/material-kai-vision-platform/src/components/Categories/DynamicCategoryManager.tsx",
	"owner": "eslint",
	"code": "no-console",
	"severity": 4,
	"message": "Unexpected console statement",
	"source": "eslint",
	"startLineNumber": 74,
	"startColumn": 7,
	"endLineNumber": 74,
	"endColumn": 7
},{
	"resource": "/c:/Users/basil/Desktop/material-kai-vision-platform/src/components/Categories/DynamicCategoryManager.tsx",
	"owner": "eslint",
	"code": "comma-dangle",
	"severity": 4,
	"message": "Missing trailing comma",
	"source": "eslint",
	"startLineNumber": 78,
	"startColumn": 31,
	"endLineNumber": 78,
	"endColumn": 31
},{
	"resource": "/c:/Users/basil/Desktop/material-kai-vision-platform/src/components/Categories/DynamicCategoryManager.tsx",
	"owner": "eslint",
	"code": "comma-dangle",
	"severity": 4,
	"message": "Missing trailing comma",
	"source": "eslint",
	"startLineNumber": 90,
	"startColumn": 31,
	"endLineNumber": 90,
	"endColumn": 31
},{
	"resource": "/c:/Users/basil/Desktop/material-kai-vision-platform/src/components/Categories/DynamicCategoryManager.tsx",
	"owner": "eslint",
	"code": "no-trailing-spaces",
	"severity": 4,
	"message": "Trailing spaces not allowed",
	"source": "eslint",
	"startLineNumber": 97,
	"startColumn": 1,
	"endLineNumber": 97,
	"endColumn": 1
},{
	"resource": "/c:/Users/basil/Desktop/material-kai-vision-platform/src/components/Categories/DynamicCategoryManager.tsx",
	"owner": "eslint",
	"code": "comma-dangle",
	"severity": 4,
	"message": "Missing trailing comma",
	"source": "eslint",
	"startLineNumber": 112,
	"startColumn": 32,
	"endLineNumber": 112,
	"endColumn": 32
},{
	"resource": "/c:/Users/basil/Desktop/material-kai-vision-platform/src/components/Categories/DynamicCategoryManager.tsx",
	"owner": "eslint",
	"code": "no-console",
	"severity": 4,
	"message": "Unexpected console statement",
	"source": "eslint",
	"startLineNumber": 119,
	"startColumn": 7,
	"endLineNumber": 119,
	"endColumn": 7
},{
	"resource": "/c:/Users/basil/Desktop/material-kai-vision-platform/src/components/Categories/DynamicCategoryManager.tsx",
	"owner": "eslint",
	"code": "comma-dangle",
	"severity": 4,
	"message": "Missing trailing comma",
	"source": "eslint",
	"startLineNumber": 123,
	"startColumn": 31,
	"endLineNumber": 123,
	"endColumn": 31
},{
	"resource": "/c:/Users/basil/Desktop/material-kai-vision-platform/src/components/Categories/DynamicCategoryManager.tsx",
	"owner": "eslint",
	"code": "no-trailing-spaces",
	"severity": 4,
	"message": "Trailing spaces not allowed",
	"source": "eslint",
	"startLineNumber": 131,
	"startColumn": 14,
	"endLineNumber": 131,
	"endColumn": 14
},{
	"resource": "/c:/Users/basil/Desktop/material-kai-vision-platform/src/components/Categories/DynamicCategoryManager.tsx",
	"owner": "eslint",
	"code": "no-trailing-spaces",
	"severity": 4,
	"message": "Trailing spaces not allowed",
	"source": "eslint",
	"startLineNumber": 289,
	"startColumn": 1,
	"endLineNumber": 289,
	"endColumn": 1
},{
	"resource": "/c:/Users/basil/Desktop/material-kai-vision-platform/src/components/Dashboard/dashboardData.ts",
	"owner": "eslint",
	"code": "no-console",
	"severity": 4,
	"message": "Unexpected console statement",
	"source": "eslint",
	"startLineNumber": 140,
	"startColumn": 5,
	"endLineNumber": 140,
	"endColumn": 5
},{
	"resource": "/c:/Users/basil/Desktop/material-kai-vision-platform/src/components/Dashboard/SearchHub.tsx",
	"owner": "eslint",
	"code": "",
	"severity": 4,
	"message": "Unexpected console statement",
	"source": "eslint",
	"startLineNumber": 70,
	"startColumn": 11,
	"endLineNumber": 70,
	"endColumn": 11
},{
	"resource": "/c:/Users/basil/Desktop/material-kai-vision-platform/src/components/Debug/RoleDebug.tsx",
	"owner": "eslint",
	"code": "import/order",
	"severity": 4,
	"message": "There should be at least one empty line between import groups",
	"source": "eslint",
	"startLineNumber": 1,
	"startColumn": 1,
	"endLineNumber": 1,
	"endColumn": 1
},{
	"resource": "/c:/Users/basil/Desktop/material-kai-vision-platform/src/components/ErrorBoundary/ErrorBoundary.tsx",
	"owner": "eslint",
	"code": "no-trailing-spaces",
	"severity": 4,
	"message": "Trailing spaces not allowed",
	"source": "eslint",
	"startLineNumber": 3,
	"startColumn": 3,
	"endLineNumber": 3,
	"endColumn": 3
},{
	"resource": "/c:/Users/basil/Desktop/material-kai-vision-platform/src/components/ErrorBoundary/ErrorBoundary.tsx",
	"owner": "eslint",
	"code": "no-console",
	"severity": 4,
	"message": "Unexpected console statement",
	"source": "eslint",
	"startLineNumber": 56,
	"startColumn": 5,
	"endLineNumber": 56,
	"endColumn": 5
},{
	"resource": "/c:/Users/basil/Desktop/material-kai-vision-platform/src/components/ErrorBoundary/ErrorBoundary.tsx",
	"owner": "eslint",
	"code": "no-trailing-spaces",
	"severity": 4,
	"message": "Trailing spaces not allowed",
	"source": "eslint",
	"startLineNumber": 57,
	"startColumn": 1,
	"endLineNumber": 57,
	"endColumn": 1
},{
	"resource": "/c:/Users/basil/Desktop/material-kai-vision-platform/src/components/ErrorBoundary/ErrorBoundary.tsx",
	"owner": "eslint",
	"code": "comma-dangle",
	"severity": 4,
	"message": "Missing trailing comma",
	"source": "eslint",
	"startLineNumber": 92,
	"startColumn": 14,
	"endLineNumber": 92,
	"endColumn": 14
},{
	"resource": "/c:/Users/basil/Desktop/material-kai-vision-platform/src/components/ErrorBoundary/ErrorBoundary.tsx",
	"owner": "eslint",
	"code": "no-trailing-spaces",
	"severity": 4,
	"message": "Trailing spaces not allowed",
	"source": "eslint",
	"startLineNumber": 118,
	"startColumn": 1,
	"endLineNumber": 118,
	"endColumn": 1
},{
	"resource": "/c:/Users/basil/Desktop/material-kai-vision-platform/src/components/ErrorBoundary/ErrorBoundary.tsx",
	"owner": "eslint",
	"code": "no-trailing-spaces",
	"severity": 4,
	"message": "Trailing spaces not allowed",
	"source": "eslint",
	"startLineNumber": 166,
	"startColumn": 1,
	"endLineNumber": 166,
	"endColumn": 1
},{
	"resource": "/c:/Users/basil/Desktop/material-kai-vision-platform/src/components/ErrorBoundary/ErrorBoundary.tsx",
	"owner": "eslint",
	"code": "no-trailing-spaces",
	"severity": 4,
	"message": "Trailing spaces not allowed",
	"source": "eslint",
	"startLineNumber": 177,
	"startColumn": 47,
	"endLineNumber": 177,
	"endColumn": 47
},{
	"resource": "/c:/Users/basil/Desktop/material-kai-vision-platform/src/components/ErrorBoundary/ErrorBoundary.tsx",
	"owner": "eslint",
	"code": "no-trailing-spaces",
	"severity": 4,
	"message": "Trailing spaces not allowed",
	"source": "eslint",
	"startLineNumber": 188,
	"startColumn": 26,
	"endLineNumber": 188,
	"endColumn": 26
},{
	"resource": "/c:/Users/basil/Desktop/material-kai-vision-platform/src/components/ErrorBoundary/ErrorBoundary.tsx",
	"owner": "eslint",
	"code": "no-trailing-spaces",
	"severity": 4,
	"message": "Trailing spaces not allowed",
	"source": "eslint",
	"startLineNumber": 209,
	"startColumn": 1,
	"endLineNumber": 209,
	"endColumn": 1
},{
	"resource": "/c:/Users/basil/Desktop/material-kai-vision-platform/src/components/ErrorBoundary/ErrorBoundary.tsx",
	"owner": "eslint",
	"code": "no-trailing-spaces",
	"severity": 4,
	"message": "Trailing spaces not allowed",
	"source": "eslint",
	"startLineNumber": 216,
	"startColumn": 1,
	"endLineNumber": 216,
	"endColumn": 1
},{
	"resource": "/c:/Users/basil/Desktop/material-kai-vision-platform/src/components/ErrorBoundary/ErrorBoundary.tsx",
	"owner": "eslint",
	"code": "comma-dangle",
	"severity": 4,
	"message": "Missing trailing comma",
	"source": "eslint",
	"startLineNumber": 247,
	"startColumn": 47,
	"endLineNumber": 247,
	"endColumn": 47
},{
	"resource": "/c:/Users/basil/Desktop/material-kai-vision-platform/src/components/ErrorBoundary/ErrorBoundary.tsx",
	"owner": "eslint",
	"code": "no-trailing-spaces",
	"severity": 4,
	"message": "Trailing spaces not allowed",
	"source": "eslint",
	"startLineNumber": 256,
	"startColumn": 1,
	"endLineNumber": 256,
	"endColumn": 1
},{
	"resource": "/c:/Users/basil/Desktop/material-kai-vision-platform/src/components/ErrorBoundary/ErrorBoundary.tsx",
	"owner": "eslint",
	"code": "no-trailing-spaces",
	"severity": 4,
	"message": "Trailing spaces not allowed",
	"source": "eslint",
	"startLineNumber": 261,
	"startColumn": 86,
	"endLineNumber": 261,
	"endColumn": 86
},{
	"resource": "/c:/Users/basil/Desktop/material-kai-vision-platform/src/components/ErrorBoundary/ErrorBoundary.tsx",
	"owner": "eslint",
	"code": "no-trailing-spaces",
	"severity": 4,
	"message": "Trailing spaces not allowed",
	"source": "eslint",
	"startLineNumber": 262,
	"startColumn": 12,
	"endLineNumber": 262,
	"endColumn": 12
},{
	"resource": "/c:/Users/basil/Desktop/material-kai-vision-platform/src/components/ErrorBoundary/ErrorBoundary.tsx",
	"owner": "eslint",
	"code": "no-trailing-spaces",
	"severity": 4,
	"message": "Trailing spaces not allowed",
	"source": "eslint",
	"startLineNumber": 263,
	"startColumn": 7,
	"endLineNumber": 263,
	"endColumn": 7
},{
	"resource": "/c:/Users/basil/Desktop/material-kai-vision-platform/src/components/ErrorBoundary/ErrorBoundary.tsx",
	"owner": "eslint",
	"code": "comma-dangle",
	"severity": 4,
	"message": "Missing trailing comma",
	"source": "eslint",
	"startLineNumber": 263,
	"startColumn": 7,
	"endLineNumber": 263,
	"endColumn": 7
},{
	"resource": "/c:/Users/basil/Desktop/material-kai-vision-platform/src/components/ErrorBoundary/ErrorBoundary.tsx",
	"owner": "eslint",
	"code": "no-trailing-spaces",
	"severity": 4,
	"message": "Trailing spaces not allowed",
	"source": "eslint",
	"startLineNumber": 270,
	"startColumn": 91,
	"endLineNumber": 270,
	"endColumn": 91
},{
	"resource": "/c:/Users/basil/Desktop/material-kai-vision-platform/src/components/ErrorBoundary/ErrorBoundary.tsx",
	"owner": "eslint",
	"code": "no-trailing-spaces",
	"severity": 4,
	"message": "Trailing spaces not allowed",
	"source": "eslint",
	"startLineNumber": 271,
	"startColumn": 12,
	"endLineNumber": 271,
	"endColumn": 12
},{
	"resource": "/c:/Users/basil/Desktop/material-kai-vision-platform/src/components/ErrorBoundary/ErrorBoundary.tsx",
	"owner": "eslint",
	"code": "no-trailing-spaces",
	"severity": 4,
	"message": "Trailing spaces not allowed",
	"source": "eslint",
	"startLineNumber": 272,
	"startColumn": 7,
	"endLineNumber": 272,
	"endColumn": 7
},{
	"resource": "/c:/Users/basil/Desktop/material-kai-vision-platform/src/components/ErrorBoundary/ErrorBoundary.tsx",
	"owner": "eslint",
	"code": "comma-dangle",
	"severity": 4,
	"message": "Missing trailing comma",
	"source": "eslint",
	"startLineNumber": 272,
	"startColumn": 7,
	"endLineNumber": 272,
	"endColumn": 7
},{
	"resource": "/c:/Users/basil/Desktop/material-kai-vision-platform/src/components/ErrorBoundary/ErrorBoundary.tsx",
	"owner": "eslint",
	"code": "no-trailing-spaces",
	"severity": 4,
	"message": "Trailing spaces not allowed",
	"source": "eslint",
	"startLineNumber": 279,
	"startColumn": 90,
	"endLineNumber": 279,
	"endColumn": 90
},{
	"resource": "/c:/Users/basil/Desktop/material-kai-vision-platform/src/components/ErrorBoundary/ErrorBoundary.tsx",
	"owner": "eslint",
	"code": "no-trailing-spaces",
	"severity": 4,
	"message": "Trailing spaces not allowed",
	"source": "eslint",
	"startLineNumber": 280,
	"startColumn": 12,
	"endLineNumber": 280,
	"endColumn": 12
},{
	"resource": "/c:/Users/basil/Desktop/material-kai-vision-platform/src/components/ErrorBoundary/ErrorBoundary.tsx",
	"owner": "eslint",
	"code": "no-trailing-spaces",
	"severity": 4,
	"message": "Trailing spaces not allowed",
	"source": "eslint",
	"startLineNumber": 281,
	"startColumn": 7,
	"endLineNumber": 281,
	"endColumn": 7
},{
	"resource": "/c:/Users/basil/Desktop/material-kai-vision-platform/src/components/ErrorBoundary/ErrorBoundary.tsx",
	"owner": "eslint",
	"code": "comma-dangle",
	"severity": 4,
	"message": "Missing trailing comma",
	"source": "eslint",
	"startLineNumber": 281,
	"startColumn": 7,
	"endLineNumber": 281,
	"endColumn": 7
},{
	"resource": "/c:/Users/basil/Desktop/material-kai-vision-platform/src/components/FunctionalMetadata/EnhancedFunctionalMetadataCard.tsx",
	"owner": "eslint",
	"code": "",
	"severity": 4,
	"message": "There should be no empty line within import group",
	"source": "eslint",
	"startLineNumber": 23,
	"startColumn": 1,
	"endLineNumber": 23,
	"endColumn": 1
},{
	"resource": "/c:/Users/basil/Desktop/material-kai-vision-platform/src/components/FunctionalMetadata/FunctionalMetadataCard.tsx",
	"owner": "eslint",
	"code": "",
	"severity": 4,
	"message": "There should be no empty line within import group",
	"source": "eslint",
	"startLineNumber": 23,
	"startColumn": 1,
	"endLineNumber": 23,
	"endColumn": 1
},{
	"resource": "/c:/Users/basil/Desktop/material-kai-vision-platform/src/components/FunctionalMetadata/index.ts",
	"owner": "eslint",
	"code": "no-trailing-spaces",
	"severity": 4,
	"message": "Trailing spaces not allowed",
	"source": "eslint",
	"startLineNumber": 3,
	"startColumn": 3,
	"endLineNumber": 3,
	"endColumn": 3
},{
	"resource": "/c:/Users/basil/Desktop/material-kai-vision-platform/src/components/FunctionalMetadata/index.ts",
	"owner": "eslint",
	"code": "eol-last",
	"severity": 4,
	"message": "Newline required at end of file but not found",
	"source": "eslint",
	"startLineNumber": 14,
	"startColumn": 28,
	"endLineNumber": 14,
	"endColumn": 28
},{
	"resource": "/c:/Users/basil/Desktop/material-kai-vision-platform/src/components/Layout/AdminGuard.tsx",
	"owner": "eslint",
	"code": "import/order",
	"severity": 4,
	"message": "There should be at least one empty line between import groups",
	"source": "eslint",
	"startLineNumber": 2,
	"startColumn": 1,
	"endLineNumber": 2,
	"endColumn": 1
},{
	"resource": "/c:/Users/basil/Desktop/material-kai-vision-platform/src/components/Layout/AdminGuard.tsx",
	"owner": "eslint",
	"code": "import/order",
	"severity": 4,
	"message": "There should be at least one empty line between import groups",
	"source": "eslint",
	"startLineNumber": 5,
	"startColumn": 1,
	"endLineNumber": 5,
	"endColumn": 1
},{
	"resource": "/c:/Users/basil/Desktop/material-kai-vision-platform/src/components/Layout/AdminGuard.tsx",
	"owner": "eslint",
	"code": "import/order",
	"severity": 4,
	"message": "`lucide-react` import should occur before import of `@/hooks/useUserRole`",
	"source": "eslint",
	"startLineNumber": 6,
	"startColumn": 1,
	"endLineNumber": 6,
	"endColumn": 1
},{
	"resource": "/c:/Users/basil/Desktop/material-kai-vision-platform/src/components/Layout/AdminGuard.tsx",
	"owner": "eslint",
	"code": "no-trailing-spaces",
	"severity": 4,
	"message": "Trailing spaces not allowed",
	"source": "eslint",
	"startLineNumber": 13,
	"startColumn": 56,
	"endLineNumber": 13,
	"endColumn": 56
},{
	"resource": "/c:/Users/basil/Desktop/material-kai-vision-platform/src/components/Layout/AdminGuard.tsx",
	"owner": "eslint",
	"code": "no-trailing-spaces",
	"severity": 4,
	"message": "Trailing spaces not allowed",
	"source": "eslint",
	"startLineNumber": 14,
	"startColumn": 12,
	"endLineNumber": 14,
	"endColumn": 12
},{
	"resource": "/c:/Users/basil/Desktop/material-kai-vision-platform/src/components/Layout/AdminGuard.tsx",
	"owner": "eslint",
	"code": "no-trailing-spaces",
	"severity": 4,
	"message": "Trailing spaces not allowed",
	"source": "eslint",
	"startLineNumber": 15,
	"startColumn": 21,
	"endLineNumber": 15,
	"endColumn": 21
},{
	"resource": "/c:/Users/basil/Desktop/material-kai-vision-platform/src/components/Layout/AdminGuard.tsx",
	"owner": "eslint",
	"code": "comma-dangle",
	"severity": 4,
	"message": "Missing trailing comma",
	"source": "eslint",
	"startLineNumber": 15,
	"startColumn": 21,
	"endLineNumber": 15,
	"endColumn": 21
},{
	"resource": "/c:/Users/basil/Desktop/material-kai-vision-platform/src/components/Materials/DynamicMaterialForm.tsx",
	"owner": "eslint",
	"code": "no-console",
	"severity": 4,
	"message": "Unexpected console statement",
	"source": "eslint",
	"startLineNumber": 100,
	"startColumn": 7,
	"endLineNumber": 100,
	"endColumn": 7
},{
	"resource": "/c:/Users/basil/Desktop/material-kai-vision-platform/src/components/Materials/DynamicMaterialForm.tsx",
	"owner": "eslint",
	"code": "no-console",
	"severity": 4,
	"message": "Unexpected console statement",
	"source": "eslint",
	"startLineNumber": 103,
	"startColumn": 7,
	"endLineNumber": 103,
	"endColumn": 7
},{
	"resource": "/c:/Users/basil/Desktop/material-kai-vision-platform/src/components/Materials/DynamicMaterialForm.tsx",
	"owner": "eslint",
	"code": "comma-dangle",
	"severity": 4,
	"message": "Missing trailing comma",
	"source": "eslint",
	"startLineNumber": 194,
	"startColumn": 49,
	"endLineNumber": 194,
	"endColumn": 49
},{
	"resource": "/c:/Users/basil/Desktop/material-kai-vision-platform/src/components/Materials/DynamicMaterialForm.tsx",
	"owner": "eslint",
	"code": "no-console",
	"severity": 4,
	"message": "Unexpected console statement",
	"source": "eslint",
	"startLineNumber": 212,
	"startColumn": 7,
	"endLineNumber": 212,
	"endColumn": 7
},{
	"resource": "/c:/Users/basil/Desktop/material-kai-vision-platform/src/components/Materials/FunctionalMetadataDisplay.tsx",
	"owner": "eslint",
	"code": "",
	"severity": 4,
	"message": "There should be at least one empty line between import groups",
	"source": "eslint",
	"startLineNumber": 1,
	"startColumn": 1,
	"endLineNumber": 1,
	"endColumn": 1
},{
	"resource": "/c:/Users/basil/Desktop/material-kai-vision-platform/src/components/Materials/MaterialCatalogDemo.tsx",
	"owner": "eslint",
	"code": "import/order",
	"severity": 4,
	"message": "There should be at least one empty line between import groups",
	"source": "eslint",
	"startLineNumber": 1,
	"startColumn": 1,
	"endLineNumber": 1,
	"endColumn": 1
},{
	"resource": "/c:/Users/basil/Desktop/material-kai-vision-platform/src/components/Materials/MaterialCatalogDemo.tsx",
	"owner": "eslint",
	"code": "import/order",
	"severity": 4,
	"message": "There should be at least one empty line between import groups",
	"source": "eslint",
	"startLineNumber": 2,
	"startColumn": 1,
	"endLineNumber": 2,
	"endColumn": 1
},{
	"resource": "/c:/Users/basil/Desktop/material-kai-vision-platform/src/components/Materials/MaterialCatalogDemo.tsx",
	"owner": "eslint",
	"code": "import/order",
	"severity": 4,
	"message": "There should be at least one empty line between import groups",
	"source": "eslint",
	"startLineNumber": 3,
	"startColumn": 1,
	"endLineNumber": 3,
	"endColumn": 1
},{
	"resource": "/c:/Users/basil/Desktop/material-kai-vision-platform/src/components/Materials/MaterialCatalogDemo.tsx",
	"owner": "eslint",
	"code": "import/order",
	"severity": 4,
	"message": "`@/utils/materialValidation` import should occur before import of `./MaterialCatalogListing`",
	"source": "eslint",
	"startLineNumber": 4,
	"startColumn": 1,
	"endLineNumber": 4,
	"endColumn": 1
},{
	"resource": "/c:/Users/basil/Desktop/material-kai-vision-platform/src/components/Materials/MaterialCatalogDemo.tsx",
	"owner": "eslint",
	"code": "import/order",
	"severity": 4,
	"message": "`@/components/ui/card` import should occur before import of `./MaterialCatalogListing`",
	"source": "eslint",
	"startLineNumber": 5,
	"startColumn": 1,
	"endLineNumber": 5,
	"endColumn": 1
},{
	"resource": "/c:/Users/basil/Desktop/material-kai-vision-platform/src/components/Materials/MaterialCatalogDemo.tsx",
	"owner": "eslint",
	"code": "import/order",
	"severity": 4,
	"message": "`@/components/ui/badge` import should occur before import of `./MaterialCatalogListing`",
	"source": "eslint",
	"startLineNumber": 6,
	"startColumn": 1,
	"endLineNumber": 6,
	"endColumn": 1
},{
	"resource": "/c:/Users/basil/Desktop/material-kai-vision-platform/src/components/Materials/MaterialCatalogDemo.tsx",
	"owner": "eslint",
	"code": "import/order",
	"severity": 4,
	"message": "`@/components/ui/alert` import should occur before import of `./MaterialCatalogListing`",
	"source": "eslint",
	"startLineNumber": 7,
	"startColumn": 1,
	"endLineNumber": 7,
	"endColumn": 1
},{
	"resource": "/c:/Users/basil/Desktop/material-kai-vision-platform/src/components/Materials/MaterialCatalogDemo.tsx",
	"owner": "eslint",
	"code": "import/order",
	"severity": 4,
	"message": "`lucide-react` import should occur before import of `@/types/materials`",
	"source": "eslint",
	"startLineNumber": 8,
	"startColumn": 1,
	"endLineNumber": 8,
	"endColumn": 1
},{
	"resource": "/c:/Users/basil/Desktop/material-kai-vision-platform/src/components/Materials/MaterialCatalogDemo.tsx",
	"owner": "eslint",
	"code": "no-console",
	"severity": 4,
	"message": "Unexpected console statement",
	"source": "eslint",
	"startLineNumber": 170,
	"startColumn": 5,
	"endLineNumber": 170,
	"endColumn": 5
},{
	"resource": "/c:/Users/basil/Desktop/material-kai-vision-platform/src/components/Materials/MaterialCatalogDemo.tsx",
	"owner": "eslint",
	"code": "no-console",
	"severity": 4,
	"message": "Unexpected console statement",
	"source": "eslint",
	"startLineNumber": 175,
	"startColumn": 5,
	"endLineNumber": 175,
	"endColumn": 5
},{
	"resource": "/c:/Users/basil/Desktop/material-kai-vision-platform/src/components/Materials/MaterialCatalogDemo.tsx",
	"owner": "eslint",
	"code": "no-trailing-spaces",
	"severity": 4,
	"message": "Trailing spaces not allowed",
	"source": "eslint",
	"startLineNumber": 185,
	"startColumn": 88,
	"endLineNumber": 185,
	"endColumn": 88
},{
	"resource": "/c:/Users/basil/Desktop/material-kai-vision-platform/src/components/Materials/MaterialCatalogDemo.tsx",
	"owner": "eslint",
	"code": "no-trailing-spaces",
	"severity": 4,
	"message": "Trailing spaces not allowed",
	"source": "eslint",
	"startLineNumber": 265,
	"startColumn": 69,
	"endLineNumber": 265,
	"endColumn": 69
},{
	"resource": "/c:/Users/basil/Desktop/material-kai-vision-platform/src/components/Materials/MaterialCatalogDemo.tsx",
	"owner": "eslint",
	"code": "no-trailing-spaces",
	"severity": 4,
	"message": "Trailing spaces not allowed",
	"source": "eslint",
	"startLineNumber": 387,
	"startColumn": 89,
	"endLineNumber": 387,
	"endColumn": 89
},{
	"resource": "/c:/Users/basil/Desktop/material-kai-vision-platform/src/components/Materials/MaterialCatalogDemo.tsx",
	"owner": "eslint",
	"code": "no-trailing-spaces",
	"severity": 4,
	"message": "Trailing spaces not allowed",
	"source": "eslint",
	"startLineNumber": 394,
	"startColumn": 88,
	"endLineNumber": 394,
	"endColumn": 88
},{
	"resource": "/c:/Users/basil/Desktop/material-kai-vision-platform/src/components/Materials/MaterialCatalogDemo.tsx",
	"owner": "eslint",
	"code": "no-trailing-spaces",
	"severity": 4,
	"message": "Trailing spaces not allowed",
	"source": "eslint",
	"startLineNumber": 401,
	"startColumn": 79,
	"endLineNumber": 401,
	"endColumn": 79
},{
	"resource": "/c:/Users/basil/Desktop/material-kai-vision-platform/src/components/Materials/MaterialCatalogDemo.tsx",
	"owner": "eslint",
	"code": "eol-last",
	"severity": 4,
	"message": "Newline required at end of file but not found",
	"source": "eslint",
	"startLineNumber": 411,
	"startColumn": 36,
	"endLineNumber": 411,
	"endColumn": 36
},{
	"resource": "/c:/Users/basil/Desktop/material-kai-vision-platform/src/components/Materials/MaterialCatalogListing.tsx",
	"owner": "eslint",
	"code": "import/order",
	"severity": 4,
	"message": "There should be no empty line within import group",
	"source": "eslint",
	"startLineNumber": 30,
	"startColumn": 1,
	"endLineNumber": 30,
	"endColumn": 1
},{
	"resource": "/c:/Users/basil/Desktop/material-kai-vision-platform/src/components/Materials/MaterialCatalogListing.tsx",
	"owner": "eslint",
	"code": "no-trailing-spaces",
	"severity": 4,
	"message": "Trailing spaces not allowed",
	"source": "eslint",
	"startLineNumber": 118,
	"startColumn": 1,
	"endLineNumber": 118,
	"endColumn": 1
},{
	"resource": "/c:/Users/basil/Desktop/material-kai-vision-platform/src/components/Materials/MaterialCatalogListing.tsx",
	"owner": "eslint",
	"code": "no-trailing-spaces",
	"severity": 4,
	"message": "Trailing spaces not allowed",
	"source": "eslint",
	"startLineNumber": 147,
	"startColumn": 1,
	"endLineNumber": 147,
	"endColumn": 1
},{
	"resource": "/c:/Users/basil/Desktop/material-kai-vision-platform/src/components/Materials/MaterialCatalogListing.tsx",
	"owner": "eslint",
	"code": "comma-dangle",
	"severity": 4,
	"message": "Missing trailing comma",
	"source": "eslint",
	"startLineNumber": 173,
	"startColumn": 26,
	"endLineNumber": 173,
	"endColumn": 26
},{
	"resource": "/c:/Users/basil/Desktop/material-kai-vision-platform/src/components/Materials/MaterialCatalogListing.tsx",
	"owner": "eslint",
	"code": "no-trailing-spaces",
	"severity": 4,
	"message": "Trailing spaces not allowed",
	"source": "eslint",
	"startLineNumber": 285,
	"startColumn": 24,
	"endLineNumber": 285,
	"endColumn": 24
},{
	"resource": "/c:/Users/basil/Desktop/material-kai-vision-platform/src/components/Materials/MaterialCatalogListing.tsx",
	"owner": "eslint",
	"code": "no-trailing-spaces",
	"severity": 4,
	"message": "Trailing spaces not allowed",
	"source": "eslint",
	"startLineNumber": 286,
	"startColumn": 43,
	"endLineNumber": 286,
	"endColumn": 43
},{
	"resource": "/c:/Users/basil/Desktop/material-kai-vision-platform/src/components/Materials/MaterialCatalogListing.tsx",
	"owner": "eslint",
	"code": "@typescript-eslint/no-explicit-any",
	"severity": 4,
	"message": "Unexpected any. Specify a different type",
	"source": "eslint",
	"startLineNumber": 294,
	"startColumn": 62,
	"endLineNumber": 294,
	"endColumn": 62
},{
	"resource": "/c:/Users/basil/Desktop/material-kai-vision-platform/src/components/Materials/MaterialCatalogListing.tsx",
	"owner": "eslint",
	"code": "@typescript-eslint/no-explicit-any",
	"severity": 4,
	"message": "Unexpected any. Specify a different type",
	"source": "eslint",
	"startLineNumber": 296,
	"startColumn": 50,
	"endLineNumber": 296,
	"endColumn": 50
},{
	"resource": "/c:/Users/basil/Desktop/material-kai-vision-platform/src/components/Materials/MaterialCatalogListing.tsx",
	"owner": "eslint",
	"code": "@typescript-eslint/no-explicit-any",
	"severity": 4,
	"message": "Unexpected any. Specify a different type",
	"source": "eslint",
	"startLineNumber": 315,
	"startColumn": 60,
	"endLineNumber": 315,
	"endColumn": 60
},{
	"resource": "/c:/Users/basil/Desktop/material-kai-vision-platform/src/components/Materials/MaterialCatalogListing.tsx",
	"owner": "eslint",
	"code": "no-trailing-spaces",
	"severity": 4,
	"message": "Trailing spaces not allowed",
	"source": "eslint",
	"startLineNumber": 424,
	"startColumn": 38,
	"endLineNumber": 424,
	"endColumn": 38
},{
	"resource": "/c:/Users/basil/Desktop/material-kai-vision-platform/src/components/Materials/MaterialCatalogListing.tsx",
	"owner": "eslint",
	"code": "no-trailing-spaces",
	"severity": 4,
	"message": "Trailing spaces not allowed",
	"source": "eslint",
	"startLineNumber": 432,
	"startColumn": 44,
	"endLineNumber": 432,
	"endColumn": 44
},{
	"resource": "/c:/Users/basil/Desktop/material-kai-vision-platform/src/components/Materials/MaterialCatalogListing.tsx",
	"owner": "eslint",
	"code": "no-trailing-spaces",
	"severity": 4,
	"message": "Trailing spaces not allowed",
	"source": "eslint",
	"startLineNumber": 433,
	"startColumn": 67,
	"endLineNumber": 433,
	"endColumn": 67
},{
	"resource": "/c:/Users/basil/Desktop/material-kai-vision-platform/src/components/Materials/MaterialCatalogListing.tsx",
	"owner": "eslint",
	"code": "@typescript-eslint/no-explicit-any",
	"severity": 4,
	"message": "Unexpected any. Specify a different type",
	"source": "eslint",
	"startLineNumber": 476,
	"startColumn": 47,
	"endLineNumber": 476,
	"endColumn": 47
},{
	"resource": "/c:/Users/basil/Desktop/material-kai-vision-platform/src/components/Materials/MaterialCatalogListing.tsx",
	"owner": "eslint",
	"code": "no-trailing-spaces",
	"severity": 4,
	"message": "Trailing spaces not allowed",
	"source": "eslint",
	"startLineNumber": 553,
	"startColumn": 1,
	"endLineNumber": 553,
	"endColumn": 1
},{
	"resource": "/c:/Users/basil/Desktop/material-kai-vision-platform/src/components/Materials/MaterialCatalogListing.tsx",
	"owner": "eslint",
	"code": "@typescript-eslint/no-explicit-any",
	"severity": 4,
	"message": "Unexpected any. Specify a different type",
	"source": "eslint",
	"startLineNumber": 670,
	"startColumn": 47,
	"endLineNumber": 670,
	"endColumn": 47
},{
	"resource": "/c:/Users/basil/Desktop/material-kai-vision-platform/src/components/Materials/MaterialCatalogListing.tsx",
	"owner": "eslint",
	"code": "eol-last",
	"severity": 4,
	"message": "Newline required at end of file but not found",
	"source": "eslint",
	"startLineNumber": 744,
	"startColumn": 39,
	"endLineNumber": 744,
	"endColumn": 39
},{
	"resource": "/c:/Users/basil/Desktop/material-kai-vision-platform/src/components/MoodBoard/AddToBoardModal.tsx",
	"owner": "eslint",
	"code": "no-console",
	"severity": 4,
	"message": "Unexpected console statement",
	"source": "eslint",
	"startLineNumber": 40,
	"startColumn": 7,
	"endLineNumber": 40,
	"endColumn": 7
},{
	"resource": "/c:/Users/basil/Desktop/material-kai-vision-platform/src/components/MoodBoard/AddToBoardModal.tsx",
	"owner": "eslint",
	"code": "no-console",
	"severity": 4,
	"message": "Unexpected console statement",
	"source": "eslint",
	"startLineNumber": 75,
	"startColumn": 7,
	"endLineNumber": 75,
	"endColumn": 7
},{
	"resource": "/c:/Users/basil/Desktop/material-kai-vision-platform/src/components/MoodBoard/AddToBoardModal.tsx",
	"owner": "eslint",
	"code": "no-console",
	"severity": 4,
	"message": "Unexpected console statement",
	"source": "eslint",
	"startLineNumber": 121,
	"startColumn": 7,
	"endLineNumber": 121,
	"endColumn": 7
},{
	"resource": "/c:/Users/basil/Desktop/material-kai-vision-platform/src/components/MoodBoard/CommissionTracker.tsx",
	"owner": "eslint",
	"code": "import/order",
	"severity": 4,
	"message": "There should be at least one empty line between import groups",
	"source": "eslint",
	"startLineNumber": 1,
	"startColumn": 1,
	"endLineNumber": 1,
	"endColumn": 1
},{
	"resource": "/c:/Users/basil/Desktop/material-kai-vision-platform/src/components/MoodBoard/CommissionTracker.tsx",
	"owner": "eslint",
	"code": "react-hooks/exhaustive-deps",
	"severity": 4,
	"message": "React Hook useEffect has a missing dependency: 'loadCommissions'. Either include it or remove the dependency array",
	"source": "eslint",
	"startLineNumber": 25,
	"startColumn": 6,
	"endLineNumber": 25,
	"endColumn": 6
},{
	"resource": "/c:/Users/basil/Desktop/material-kai-vision-platform/src/components/MoodBoard/MoodBoardPage.tsx",
	"owner": "eslint",
	"code": "no-console",
	"severity": 4,
	"message": "Unexpected console statement",
	"source": "eslint",
	"startLineNumber": 35,
	"startColumn": 7,
	"endLineNumber": 35,
	"endColumn": 7
},{
	"resource": "/c:/Users/basil/Desktop/material-kai-vision-platform/src/components/MoodBoard/MoodBoardPage.tsx",
	"owner": "eslint",
	"code": "no-console",
	"severity": 4,
	"message": "Unexpected console statement",
	"source": "eslint",
	"startLineNumber": 76,
	"startColumn": 7,
	"endLineNumber": 76,
	"endColumn": 7
},{
	"resource": "/c:/Users/basil/Desktop/material-kai-vision-platform/src/components/MoodBoard/MoodBoardPage.tsx",
	"owner": "eslint",
	"code": "no-console",
	"severity": 4,
	"message": "Unexpected console statement",
	"source": "eslint",
	"startLineNumber": 98,
	"startColumn": 7,
	"endLineNumber": 98,
	"endColumn": 7
},{
	"resource": "/c:/Users/basil/Desktop/material-kai-vision-platform/src/components/MoodBoard/MoodboardProductSelector.tsx",
	"owner": "eslint",
	"code": "import/order",
	"severity": 4,
	"message": "There should be at least one empty line between import groups",
	"source": "eslint",
	"startLineNumber": 1,
	"startColumn": 1,
	"endLineNumber": 1,
	"endColumn": 1
},{
	"resource": "/c:/Users/basil/Desktop/material-kai-vision-platform/src/components/MoodBoard/MoodboardProductSelector.tsx",
	"owner": "eslint",
	"code": "react-hooks/exhaustive-deps",
	"severity": 4,
	"message": "React Hook useEffect has a missing dependency: 'loadProducts'. Either include it or remove the dependency array",
	"source": "eslint",
	"startLineNumber": 28,
	"startColumn": 6,
	"endLineNumber": 28,
	"endColumn": 6
},{
	"resource": "/c:/Users/basil/Desktop/material-kai-vision-platform/src/components/MoodBoard/MoodboardProductSelector.tsx",
	"owner": "eslint",
	"code": "comma-dangle",
	"severity": 4,
	"message": "Missing trailing comma",
	"source": "eslint",
	"startLineNumber": 60,
	"startColumn": 14,
	"endLineNumber": 60,
	"endColumn": 14
},{
	"resource": "/c:/Users/basil/Desktop/material-kai-vision-platform/src/components/OCR/OCRProcessor.tsx",
	"owner": "eslint",
	"code": "comma-dangle",
	"severity": 4,
	"message": "Missing trailing comma",
	"source": "eslint",
	"startLineNumber": 68,
	"startColumn": 48,
	"endLineNumber": 68,
	"endColumn": 48
},{
	"resource": "/c:/Users/basil/Desktop/material-kai-vision-platform/src/components/OCR/OCRProcessor.tsx",
	"owner": "eslint",
	"code": "no-console",
	"severity": 4,
	"message": "Unexpected console statement",
	"source": "eslint",
	"startLineNumber": 77,
	"startColumn": 7,
	"endLineNumber": 77,
	"endColumn": 7
},{
	"resource": "/c:/Users/basil/Desktop/material-kai-vision-platform/src/components/OCR/OCRProcessor.tsx",
	"owner": "eslint",
	"code": "no-console",
	"severity": 4,
	"message": "Unexpected console statement",
	"source": "eslint",
	"startLineNumber": 100,
	"startColumn": 7,
	"endLineNumber": 100,
	"endColumn": 7
},{
	"resource": "/c:/Users/basil/Desktop/material-kai-vision-platform/src/components/PDF/EnhancedPDFProcessor.tsx",
	"owner": "eslint",
	"code": "import/order",
	"severity": 4,
	"message": "There should be at least one empty line between import groups",
	"source": "eslint",
	"startLineNumber": 2,
	"startColumn": 1,
	"endLineNumber": 2,
	"endColumn": 1
},{
	"resource": "/c:/Users/basil/Desktop/material-kai-vision-platform/src/components/PDF/EnhancedPDFProcessor.tsx",
	"owner": "eslint",
	"code": "import/order",
	"severity": 4,
	"message": "There should be at least one empty line between import groups",
	"source": "eslint",
	"startLineNumber": 3,
	"startColumn": 1,
	"endLineNumber": 3,
	"endColumn": 1
},{
	"resource": "/c:/Users/basil/Desktop/material-kai-vision-platform/src/components/PDF/EnhancedPDFProcessor.tsx",
	"owner": "eslint",
	"code": "import/order",
	"severity": 4,
	"message": "`lucide-react` import should occur before import of `@/integrations/supabase/client`",
	"source": "eslint",
	"startLineNumber": 4,
	"startColumn": 1,
	"endLineNumber": 4,
	"endColumn": 1
},{
	"resource": "/c:/Users/basil/Desktop/material-kai-vision-platform/src/components/PDF/EnhancedPDFProcessor.tsx",
	"owner": "eslint",
	"code": "import/order",
	"severity": 4,
	"message": "There should be no empty line within import group",
	"source": "eslint",
	"startLineNumber": 29,
	"startColumn": 1,
	"endLineNumber": 29,
	"endColumn": 1
},{
	"resource": "/c:/Users/basil/Desktop/material-kai-vision-platform/src/components/PDF/EnhancedPDFProcessor.tsx",
	"owner": "eslint",
	"code": "@typescript-eslint/no-explicit-any",
	"severity": 4,
	"message": "Unexpected any. Specify a different type",
	"source": "eslint",
	"startLineNumber": 36,
	"startColumn": 64,
	"endLineNumber": 36,
	"endColumn": 64
},{
	"resource": "/c:/Users/basil/Desktop/material-kai-vision-platform/src/components/PDF/EnhancedPDFProcessor.tsx",
	"owner": "eslint",
	"code": "@typescript-eslint/no-explicit-any",
	"severity": 4,
	"message": "Unexpected any. Specify a different type",
	"source": "eslint",
	"startLineNumber": 36,
	"startColumn": 78,
	"endLineNumber": 36,
	"endColumn": 78
},{
	"resource": "/c:/Users/basil/Desktop/material-kai-vision-platform/src/components/PDF/EnhancedPDFProcessor.tsx",
	"owner": "eslint",
	"code": "@typescript-eslint/no-explicit-any",
	"severity": 4,
	"message": "Unexpected any. Specify a different type",
	"source": "eslint",
	"startLineNumber": 37,
	"startColumn": 39,
	"endLineNumber": 37,
	"endColumn": 39
},{
	"resource": "/c:/Users/basil/Desktop/material-kai-vision-platform/src/components/PDF/EnhancedPDFProcessor.tsx",
	"owner": "eslint",
	"code": "@typescript-eslint/no-explicit-any",
	"severity": 4,
	"message": "Unexpected any. Specify a different type",
	"source": "eslint",
	"startLineNumber": 38,
	"startColumn": 39,
	"endLineNumber": 38,
	"endColumn": 39
},{
	"resource": "/c:/Users/basil/Desktop/material-kai-vision-platform/src/components/PDF/EnhancedPDFProcessor.tsx",
	"owner": "eslint",
	"code": "comma-dangle",
	"severity": 4,
	"message": "Missing trailing comma",
	"source": "eslint",
	"startLineNumber": 55,
	"startColumn": 16,
	"endLineNumber": 55,
	"endColumn": 16
},{
	"resource": "/c:/Users/basil/Desktop/material-kai-vision-platform/src/components/PDF/EnhancedPDFProcessor.tsx",
	"owner": "eslint",
	"code": "comma-dangle",
	"severity": 4,
	"message": "Missing trailing comma",
	"source": "eslint",
	"startLineNumber": 56,
	"startColumn": 9,
	"endLineNumber": 56,
	"endColumn": 9
},{
	"resource": "/c:/Users/basil/Desktop/material-kai-vision-platform/src/components/PDF/EnhancedPDFProcessor.tsx",
	"owner": "eslint",
	"code": "no-console",
	"severity": 4,
	"message": "Unexpected console statement",
	"source": "eslint",
	"startLineNumber": 72,
	"startColumn": 5,
	"endLineNumber": 72,
	"endColumn": 5
},{
	"resource": "/c:/Users/basil/Desktop/material-kai-vision-platform/src/components/PDF/EnhancedPDFProcessor.tsx",
	"owner": "eslint",
	"code": "comma-dangle",
	"severity": 4,
	"message": "Missing trailing comma",
	"source": "eslint",
	"startLineNumber": 242,
	"startColumn": 35,
	"endLineNumber": 242,
	"endColumn": 35
},{
	"resource": "/c:/Users/basil/Desktop/material-kai-vision-platform/src/components/PDF/EnhancedPDFProcessor.tsx",
	"owner": "eslint",
	"code": "@typescript-eslint/no-explicit-any",
	"severity": 4,
	"message": "Unexpected any. Specify a different type",
	"source": "eslint",
	"startLineNumber": 254,
	"startColumn": 61,
	"endLineNumber": 254,
	"endColumn": 61
},{
	"resource": "/c:/Users/basil/Desktop/material-kai-vision-platform/src/components/PDF/EnhancedPDFProcessor.tsx",
	"owner": "eslint",
	"code": "no-console",
	"severity": 4,
	"message": "Unexpected console statement",
	"source": "eslint",
	"startLineNumber": 271,
	"startColumn": 7,
	"endLineNumber": 271,
	"endColumn": 7
},{
	"resource": "/c:/Users/basil/Desktop/material-kai-vision-platform/src/components/PDF/EnhancedPDFProcessor.tsx",
	"owner": "eslint",
	"code": "no-console",
	"severity": 4,
	"message": "Unexpected console statement",
	"source": "eslint",
	"startLineNumber": 338,
	"startColumn": 7,
	"endLineNumber": 338,
	"endColumn": 7
},{
	"resource": "/c:/Users/basil/Desktop/material-kai-vision-platform/src/components/PDF/EnhancedPDFProcessor.tsx",
	"owner": "eslint",
	"code": "no-console",
	"severity": 4,
	"message": "Unexpected console statement",
	"source": "eslint",
	"startLineNumber": 344,
	"startColumn": 9,
	"endLineNumber": 344,
	"endColumn": 9
},{
	"resource": "/c:/Users/basil/Desktop/material-kai-vision-platform/src/components/PDF/EnhancedPDFProcessor.tsx",
	"owner": "eslint",
	"code": "no-console",
	"severity": 4,
	"message": "Unexpected console statement",
	"source": "eslint",
	"startLineNumber": 348,
	"startColumn": 7,
	"endLineNumber": 348,
	"endColumn": 7
},{
	"resource": "/c:/Users/basil/Desktop/material-kai-vision-platform/src/components/PDF/EnhancedPDFProcessor.tsx",
	"owner": "eslint",
	"code": "@typescript-eslint/no-explicit-any",
	"severity": 4,
	"message": "Unexpected any. Specify a different type",
	"source": "eslint",
	"startLineNumber": 368,
	"startColumn": 64,
	"endLineNumber": 368,
	"endColumn": 64
},{
	"resource": "/c:/Users/basil/Desktop/material-kai-vision-platform/src/components/PDF/EnhancedPDFProcessor.tsx",
	"owner": "eslint",
	"code": "comma-dangle",
	"severity": 4,
	"message": "Missing trailing comma",
	"source": "eslint",
	"startLineNumber": 394,
	"startColumn": 12,
	"endLineNumber": 394,
	"endColumn": 12
},{
	"resource": "/c:/Users/basil/Desktop/material-kai-vision-platform/src/components/PDF/EnhancedPDFProcessor.tsx",
	"owner": "eslint",
	"code": "comma-dangle",
	"severity": 4,
	"message": "Missing trailing comma",
	"source": "eslint",
	"startLineNumber": 409,
	"startColumn": 66,
	"endLineNumber": 409,
	"endColumn": 66
},{
	"resource": "/c:/Users/basil/Desktop/material-kai-vision-platform/src/components/PDF/EnhancedPDFProcessor.tsx",
	"owner": "eslint",
	"code": "no-console",
	"severity": 4,
	"message": "Unexpected console statement",
	"source": "eslint",
	"startLineNumber": 440,
	"startColumn": 7,
	"endLineNumber": 440,
	"endColumn": 7
},{
	"resource": "/c:/Users/basil/Desktop/material-kai-vision-platform/src/components/PDF/EnhancedProgressMonitor.tsx",
	"owner": "eslint",
	"code": "no-trailing-spaces",
	"severity": 4,
	"message": "Trailing spaces not allowed",
	"source": "eslint",
	"startLineNumber": 3,
	"startColumn": 3,
	"endLineNumber": 3,
	"endColumn": 3
},{
	"resource": "/c:/Users/basil/Desktop/material-kai-vision-platform/src/components/PDF/EnhancedProgressMonitor.tsx",
	"owner": "eslint",
	"code": "import/order",
	"severity": 4,
	"message": "There should be at least one empty line between import groups",
	"source": "eslint",
	"startLineNumber": 8,
	"startColumn": 1,
	"endLineNumber": 8,
	"endColumn": 1
},{
	"resource": "/c:/Users/basil/Desktop/material-kai-vision-platform/src/components/PDF/EnhancedProgressMonitor.tsx",
	"owner": "eslint",
	"code": "import/order",
	"severity": 4,
	"message": "There should be no empty line within import group",
	"source": "eslint",
	"startLineNumber": 11,
	"startColumn": 1,
	"endLineNumber": 11,
	"endColumn": 1
},{
	"resource": "/c:/Users/basil/Desktop/material-kai-vision-platform/src/components/PDF/EnhancedProgressMonitor.tsx",
	"owner": "eslint",
	"code": "import/order",
	"severity": 4,
	"message": "There should be at least one empty line between import groups",
	"source": "eslint",
	"startLineNumber": 13,
	"startColumn": 1,
	"endLineNumber": 13,
	"endColumn": 1
},{
	"resource": "/c:/Users/basil/Desktop/material-kai-vision-platform/src/components/PDF/EnhancedProgressMonitor.tsx",
	"owner": "eslint",
	"code": "import/order",
	"severity": 4,
	"message": "`lucide-react` import should occur before import of `@/components/ui/card`",
	"source": "eslint",
	"startLineNumber": 14,
	"startColumn": 1,
	"endLineNumber": 14,
	"endColumn": 1
},{
	"resource": "/c:/Users/basil/Desktop/material-kai-vision-platform/src/components/PDF/EnhancedProgressMonitor.tsx",
	"owner": "eslint",
	"code": "no-trailing-spaces",
	"severity": 4,
	"message": "Trailing spaces not allowed",
	"source": "eslint",
	"startLineNumber": 14,
	"startColumn": 9,
	"endLineNumber": 14,
	"endColumn": 9
},{
	"resource": "/c:/Users/basil/Desktop/material-kai-vision-platform/src/components/PDF/EnhancedProgressMonitor.tsx",
	"owner": "eslint",
	"code": "no-trailing-spaces",
	"severity": 4,
	"message": "Trailing spaces not allowed",
	"source": "eslint",
	"startLineNumber": 15,
	"startColumn": 15,
	"endLineNumber": 15,
	"endColumn": 15
},{
	"resource": "/c:/Users/basil/Desktop/material-kai-vision-platform/src/components/PDF/EnhancedProgressMonitor.tsx",
	"owner": "eslint",
	"code": "no-trailing-spaces",
	"severity": 4,
	"message": "Trailing spaces not allowed",
	"source": "eslint",
	"startLineNumber": 16,
	"startColumn": 9,
	"endLineNumber": 16,
	"endColumn": 9
},{
	"resource": "/c:/Users/basil/Desktop/material-kai-vision-platform/src/components/PDF/EnhancedProgressMonitor.tsx",
	"owner": "eslint",
	"code": "no-trailing-spaces",
	"severity": 4,
	"message": "Trailing spaces not allowed",
	"source": "eslint",
	"startLineNumber": 17,
	"startColumn": 15,
	"endLineNumber": 17,
	"endColumn": 15
},{
	"resource": "/c:/Users/basil/Desktop/material-kai-vision-platform/src/components/PDF/EnhancedProgressMonitor.tsx",
	"owner": "eslint",
	"code": "no-trailing-spaces",
	"severity": 4,
	"message": "Trailing spaces not allowed",
	"source": "eslint",
	"startLineNumber": 18,
	"startColumn": 11,
	"endLineNumber": 18,
	"endColumn": 11
},{
	"resource": "/c:/Users/basil/Desktop/material-kai-vision-platform/src/components/PDF/EnhancedProgressMonitor.tsx",
	"owner": "eslint",
	"code": "no-trailing-spaces",
	"severity": 4,
	"message": "Trailing spaces not allowed",
	"source": "eslint",
	"startLineNumber": 19,
	"startColumn": 12,
	"endLineNumber": 19,
	"endColumn": 12
},{
	"resource": "/c:/Users/basil/Desktop/material-kai-vision-platform/src/components/PDF/EnhancedProgressMonitor.tsx",
	"owner": "eslint",
	"code": "no-trailing-spaces",
	"severity": 4,
	"message": "Trailing spaces not allowed",
	"source": "eslint",
	"startLineNumber": 20,
	"startColumn": 9,
	"endLineNumber": 20,
	"endColumn": 9
},{
	"resource": "/c:/Users/basil/Desktop/material-kai-vision-platform/src/components/PDF/EnhancedProgressMonitor.tsx",
	"owner": "eslint",
	"code": "no-trailing-spaces",
	"severity": 4,
	"message": "Trailing spaces not allowed",
	"source": "eslint",
	"startLineNumber": 21,
	"startColumn": 12,
	"endLineNumber": 21,
	"endColumn": 12
},{
	"resource": "/c:/Users/basil/Desktop/material-kai-vision-platform/src/components/PDF/EnhancedProgressMonitor.tsx",
	"owner": "eslint",
	"code": "comma-dangle",
	"severity": 4,
	"message": "Missing trailing comma",
	"source": "eslint",
	"startLineNumber": 23,
	"startColumn": 11,
	"endLineNumber": 23,
	"endColumn": 11
},{
	"resource": "/c:/Users/basil/Desktop/material-kai-vision-platform/src/components/PDF/EnhancedProgressMonitor.tsx",
	"owner": "eslint",
	"code": "import/order",
	"severity": 4,
	"message": "`date-fns` import should occur before import of `@/components/ui/card`",
	"source": "eslint",
	"startLineNumber": 25,
	"startColumn": 1,
	"endLineNumber": 25,
	"endColumn": 1
},{
	"resource": "/c:/Users/basil/Desktop/material-kai-vision-platform/src/components/PDF/EnhancedProgressMonitor.tsx",
	"owner": "eslint",
	"code": "no-trailing-spaces",
	"severity": 4,
	"message": "Trailing spaces not allowed",
	"source": "eslint",
	"startLineNumber": 27,
	"startColumn": 9,
	"endLineNumber": 27,
	"endColumn": 9
},{
	"resource": "/c:/Users/basil/Desktop/material-kai-vision-platform/src/components/PDF/EnhancedProgressMonitor.tsx",
	"owner": "eslint",
	"code": "no-trailing-spaces",
	"severity": 4,
	"message": "Trailing spaces not allowed",
	"source": "eslint",
	"startLineNumber": 28,
	"startColumn": 33,
	"endLineNumber": 28,
	"endColumn": 33
},{
	"resource": "/c:/Users/basil/Desktop/material-kai-vision-platform/src/components/PDF/EnhancedProgressMonitor.tsx",
	"owner": "eslint",
	"code": "no-trailing-spaces",
	"severity": 4,
	"message": "Trailing spaces not allowed",
	"source": "eslint",
	"startLineNumber": 30,
	"startColumn": 20,
	"endLineNumber": 30,
	"endColumn": 20
},{
	"resource": "/c:/Users/basil/Desktop/material-kai-vision-platform/src/components/PDF/EnhancedProgressMonitor.tsx",
	"owner": "eslint",
	"code": "comma-dangle",
	"severity": 4,
	"message": "Missing trailing comma",
	"source": "eslint",
	"startLineNumber": 30,
	"startColumn": 20,
	"endLineNumber": 30,
	"endColumn": 20
},{
	"resource": "/c:/Users/basil/Desktop/material-kai-vision-platform/src/components/PDF/EnhancedProgressMonitor.tsx",
	"owner": "eslint",
	"code": "comma-dangle",
	"severity": 4,
	"message": "Missing trailing comma",
	"source": "eslint",
	"startLineNumber": 50,
	"startColumn": 12,
	"endLineNumber": 50,
	"endColumn": 12
},{
	"resource": "/c:/Users/basil/Desktop/material-kai-vision-platform/src/components/PDF/EnhancedProgressMonitor.tsx",
	"owner": "eslint",
	"code": "no-trailing-spaces",
	"severity": 4,
	"message": "Trailing spaces not allowed",
	"source": "eslint",
	"startLineNumber": 63,
	"startColumn": 1,
	"endLineNumber": 63,
	"endColumn": 1
},{
	"resource": "/c:/Users/basil/Desktop/material-kai-vision-platform/src/components/PDF/EnhancedProgressMonitor.tsx",
	"owner": "eslint",
	"code": "no-trailing-spaces",
	"severity": 4,
	"message": "Trailing spaces not allowed",
	"source": "eslint",
	"startLineNumber": 68,
	"startColumn": 1,
	"endLineNumber": 68,
	"endColumn": 1
},{
	"resource": "/c:/Users/basil/Desktop/material-kai-vision-platform/src/components/PDF/EnhancedProgressMonitor.tsx",
	"owner": "eslint",
	"code": "comma-dangle",
	"severity": 4,
	"message": "Missing trailing comma",
	"source": "eslint",
	"startLineNumber": 74,
	"startColumn": 8,
	"endLineNumber": 74,
	"endColumn": 8
},{
	"resource": "/c:/Users/basil/Desktop/material-kai-vision-platform/src/components/PDF/EnhancedProgressMonitor.tsx",
	"owner": "eslint",
	"code": "quotes",
	"severity": 4,
	"message": "Strings must use singlequote",
	"source": "eslint",
	"startLineNumber": 133,
	"startColumn": 27,
	"endLineNumber": 133,
	"endColumn": 27
},{
	"resource": "/c:/Users/basil/Desktop/material-kai-vision-platform/src/components/PDF/EnhancedProgressMonitor.tsx",
	"owner": "eslint",
	"code": "quotes",
	"severity": 4,
	"message": "Strings must use singlequote",
	"source": "eslint",
	"startLineNumber": 146,
	"startColumn": 27,
	"endLineNumber": 146,
	"endColumn": 27
},{
	"resource": "/c:/Users/basil/Desktop/material-kai-vision-platform/src/components/PDF/EnhancedProgressMonitor.tsx",
	"owner": "eslint",
	"code": "quotes",
	"severity": 4,
	"message": "Strings must use singlequote",
	"source": "eslint",
	"startLineNumber": 164,
	"startColumn": 25,
	"endLineNumber": 164,
	"endColumn": 25
},{
	"resource": "/c:/Users/basil/Desktop/material-kai-vision-platform/src/components/PDF/EnhancedProgressMonitor.tsx",
	"owner": "eslint",
	"code": "no-trailing-spaces",
	"severity": 4,
	"message": "Trailing spaces not allowed",
	"source": "eslint",
	"startLineNumber": 274,
	"startColumn": 1,
	"endLineNumber": 274,
	"endColumn": 1
},{
	"resource": "/c:/Users/basil/Desktop/material-kai-vision-platform/src/components/PDF/EnhancedProgressMonitor.tsx",
	"owner": "eslint",
	"code": "comma-dangle",
	"severity": 4,
	"message": "Missing trailing comma",
	"source": "eslint",
	"startLineNumber": 291,
	"startColumn": 42,
	"endLineNumber": 291,
	"endColumn": 42
},{
	"resource": "/c:/Users/basil/Desktop/material-kai-vision-platform/src/components/PDF/HTMLDocumentViewer.tsx",
	"owner": "eslint",
	"code": "no-console",
	"severity": 4,
	"message": "Unexpected console statement",
	"source": "eslint",
	"startLineNumber": 57,
	"startColumn": 7,
	"endLineNumber": 57,
	"endColumn": 7
},{
	"resource": "/c:/Users/basil/Desktop/material-kai-vision-platform/src/components/PDF/KnowledgeBasePDFViewer.tsx",
	"owner": "eslint",
	"code": "",
	"severity": 4,
	"message": "There should be no empty line within import group",
	"source": "eslint",
	"startLineNumber": 18,
	"startColumn": 1,
	"endLineNumber": 18,
	"endColumn": 1
},{
	"resource": "/c:/Users/basil/Desktop/material-kai-vision-platform/src/components/PDF/MaterialsListViewer.tsx",
	"owner": "eslint",
	"code": "no-console",
	"severity": 4,
	"message": "Unexpected console statement",
	"source": "eslint",
	"startLineNumber": 152,
	"startColumn": 7,
	"endLineNumber": 152,
	"endColumn": 7
},{
	"resource": "/c:/Users/basil/Desktop/material-kai-vision-platform/src/components/PDF/MaterialsListViewer.tsx",
	"owner": "eslint",
	"code": "no-console",
	"severity": 4,
	"message": "Unexpected console statement",
	"source": "eslint",
	"startLineNumber": 154,
	"startColumn": 7,
	"endLineNumber": 154,
	"endColumn": 7
},{
	"resource": "/c:/Users/basil/Desktop/material-kai-vision-platform/src/components/PDF/MaterialsListViewer.tsx",
	"owner": "eslint",
	"code": "no-console",
	"severity": 4,
	"message": "Unexpected console statement",
	"source": "eslint",
	"startLineNumber": 156,
	"startColumn": 7,
	"endLineNumber": 156,
	"endColumn": 7
},{
	"resource": "/c:/Users/basil/Desktop/material-kai-vision-platform/src/components/PDF/MaterialsListViewer.tsx",
	"owner": "eslint",
	"code": "@typescript-eslint/no-explicit-any",
	"severity": 4,
	"message": "Unexpected any. Specify a different type",
	"source": "eslint",
	"startLineNumber": 173,
	"startColumn": 37,
	"endLineNumber": 173,
	"endColumn": 37
},{
	"resource": "/c:/Users/basil/Desktop/material-kai-vision-platform/src/components/PDF/MaterialsListViewer.tsx",
	"owner": "eslint",
	"code": "comma-dangle",
	"severity": 4,
	"message": "Missing trailing comma",
	"source": "eslint",
	"startLineNumber": 178,
	"startColumn": 60,
	"endLineNumber": 178,
	"endColumn": 60
},{
	"resource": "/c:/Users/basil/Desktop/material-kai-vision-platform/src/components/PDF/MaterialsListViewer.tsx",
	"owner": "eslint",
	"code": "comma-dangle",
	"severity": 4,
	"message": "Missing trailing comma",
	"source": "eslint",
	"startLineNumber": 183,
	"startColumn": 46,
	"endLineNumber": 183,
	"endColumn": 46
},{
	"resource": "/c:/Users/basil/Desktop/material-kai-vision-platform/src/components/PDF/MaterialsListViewer.tsx",
	"owner": "eslint",
	"code": "comma-dangle",
	"severity": 4,
	"message": "Missing trailing comma",
	"source": "eslint",
	"startLineNumber": 186,
	"startColumn": 47,
	"endLineNumber": 186,
	"endColumn": 47
},{
	"resource": "/c:/Users/basil/Desktop/material-kai-vision-platform/src/components/PDF/MaterialsListViewer.tsx",
	"owner": "eslint",
	"code": "no-console",
	"severity": 4,
	"message": "Unexpected console statement",
	"source": "eslint",
	"startLineNumber": 198,
	"startColumn": 7,
	"endLineNumber": 198,
	"endColumn": 7
},{
	"resource": "/c:/Users/basil/Desktop/material-kai-vision-platform/src/components/PDF/MaterialsListViewer.tsx",
	"owner": "eslint",
	"code": "no-console",
	"severity": 4,
	"message": "Unexpected console statement",
	"source": "eslint",
	"startLineNumber": 201,
	"startColumn": 7,
	"endLineNumber": 201,
	"endColumn": 7
},{
	"resource": "/c:/Users/basil/Desktop/material-kai-vision-platform/src/components/PDF/MivaaPDFProcessor.tsx",
	"owner": "eslint",
	"code": "import/order",
	"severity": 4,
	"message": "There should be no empty line within import group",
	"source": "eslint",
	"startLineNumber": 7,
	"startColumn": 1,
	"endLineNumber": 7,
	"endColumn": 1
},{
	"resource": "/c:/Users/basil/Desktop/material-kai-vision-platform/src/components/PDF/MivaaPDFProcessor.tsx",
	"owner": "eslint",
	"code": "no-console",
	"severity": 4,
	"message": "Unexpected console statement",
	"source": "eslint",
	"startLineNumber": 63,
	"startColumn": 7,
	"endLineNumber": 63,
	"endColumn": 7
},{
	"resource": "/c:/Users/basil/Desktop/material-kai-vision-platform/src/components/PDF/MivaaPDFProcessor.tsx",
	"owner": "eslint",
	"code": "no-trailing-spaces",
	"severity": 4,
	"message": "Trailing spaces not allowed",
	"source": "eslint",
	"startLineNumber": 64,
	"startColumn": 1,
	"endLineNumber": 64,
	"endColumn": 1
},{
	"resource": "/c:/Users/basil/Desktop/material-kai-vision-platform/src/components/PDF/MivaaPDFProcessor.tsx",
	"owner": "eslint",
	"code": "no-trailing-spaces",
	"severity": 4,
	"message": "Trailing spaces not allowed",
	"source": "eslint",
	"startLineNumber": 66,
	"startColumn": 1,
	"endLineNumber": 66,
	"endColumn": 1
},{
	"resource": "/c:/Users/basil/Desktop/material-kai-vision-platform/src/components/PDF/MivaaPDFProcessor.tsx",
	"owner": "eslint",
	"code": "no-trailing-spaces",
	"severity": 4,
	"message": "Trailing spaces not allowed",
	"source": "eslint",
	"startLineNumber": 70,
	"startColumn": 1,
	"endLineNumber": 70,
	"endColumn": 1
},{
	"resource": "/c:/Users/basil/Desktop/material-kai-vision-platform/src/components/PDF/MivaaPDFProcessor.tsx",
	"owner": "eslint",
	"code": "no-trailing-spaces",
	"severity": 4,
	"message": "Trailing spaces not allowed",
	"source": "eslint",
	"startLineNumber": 74,
	"startColumn": 1,
	"endLineNumber": 74,
	"endColumn": 1
},{
	"resource": "/c:/Users/basil/Desktop/material-kai-vision-platform/src/components/PDF/MivaaPDFProcessor.tsx",
	"owner": "eslint",
	"code": "no-trailing-spaces",
	"severity": 4,
	"message": "Trailing spaces not allowed",
	"source": "eslint",
	"startLineNumber": 78,
	"startColumn": 1,
	"endLineNumber": 78,
	"endColumn": 1
},{
	"resource": "/c:/Users/basil/Desktop/material-kai-vision-platform/src/components/PDF/MivaaPDFProcessor.tsx",
	"owner": "eslint",
	"code": "no-console",
	"severity": 4,
	"message": "Unexpected console statement",
	"source": "eslint",
	"startLineNumber": 89,
	"startColumn": 11,
	"endLineNumber": 89,
	"endColumn": 11
},{
	"resource": "/c:/Users/basil/Desktop/material-kai-vision-platform/src/components/PDF/MivaaPDFProcessor.tsx",
	"owner": "eslint",
	"code": "no-trailing-spaces",
	"severity": 4,
	"message": "Trailing spaces not allowed",
	"source": "eslint",
	"startLineNumber": 93,
	"startColumn": 1,
	"endLineNumber": 93,
	"endColumn": 1
},{
	"resource": "/c:/Users/basil/Desktop/material-kai-vision-platform/src/components/PDF/MivaaPDFProcessor.tsx",
	"owner": "eslint",
	"code": "no-console",
	"severity": 4,
	"message": "Unexpected console statement",
	"source": "eslint",
	"startLineNumber": 108,
	"startColumn": 11,
	"endLineNumber": 108,
	"endColumn": 11
},{
	"resource": "/c:/Users/basil/Desktop/material-kai-vision-platform/src/components/PDF/MivaaPDFProcessor.tsx",
	"owner": "eslint",
	"code": "no-trailing-spaces",
	"severity": 4,
	"message": "Trailing spaces not allowed",
	"source": "eslint",
	"startLineNumber": 124,
	"startColumn": 1,
	"endLineNumber": 124,
	"endColumn": 1
},{
	"resource": "/c:/Users/basil/Desktop/material-kai-vision-platform/src/components/PDF/MivaaPDFProcessor.tsx",
	"owner": "eslint",
	"code": "no-console",
	"severity": 4,
	"message": "Unexpected console statement",
	"source": "eslint",
	"startLineNumber": 125,
	"startColumn": 7,
	"endLineNumber": 125,
	"endColumn": 7
},{
	"resource": "/c:/Users/basil/Desktop/material-kai-vision-platform/src/components/PDF/MivaaPDFProcessor.tsx",
	"owner": "eslint",
	"code": "no-trailing-spaces",
	"severity": 4,
	"message": "Trailing spaces not allowed",
	"source": "eslint",
	"startLineNumber": 126,
	"startColumn": 1,
	"endLineNumber": 126,
	"endColumn": 1
},{
	"resource": "/c:/Users/basil/Desktop/material-kai-vision-platform/src/components/PDF/MivaaPDFProcessor.tsx",
	"owner": "eslint",
	"code": "no-trailing-spaces",
	"severity": 4,
	"message": "Trailing spaces not allowed",
	"source": "eslint",
	"startLineNumber": 129,
	"startColumn": 1,
	"endLineNumber": 129,
	"endColumn": 1
},{
	"resource": "/c:/Users/basil/Desktop/material-kai-vision-platform/src/components/PDF/MivaaPDFProcessor.tsx",
	"owner": "eslint",
	"code": "no-trailing-spaces",
	"severity": 4,
	"message": "Trailing spaces not allowed",
	"source": "eslint",
	"startLineNumber": 131,
	"startColumn": 1,
	"endLineNumber": 131,
	"endColumn": 1
},{
	"resource": "/c:/Users/basil/Desktop/material-kai-vision-platform/src/components/PDF/MivaaPDFProcessor.tsx",
	"owner": "eslint",
	"code": "no-console",
	"severity": 4,
	"message": "Unexpected console statement",
	"source": "eslint",
	"startLineNumber": 133,
	"startColumn": 7,
	"endLineNumber": 133,
	"endColumn": 7
},{
	"resource": "/c:/Users/basil/Desktop/material-kai-vision-platform/src/components/PDF/PDFImageGallery.tsx",
	"owner": "eslint",
	"code": "no-trailing-spaces",
	"severity": 4,
	"message": "Trailing spaces not allowed",
	"source": "eslint",
	"startLineNumber": 3,
	"startColumn": 3,
	"endLineNumber": 3,
	"endColumn": 3
},{
	"resource": "/c:/Users/basil/Desktop/material-kai-vision-platform/src/components/PDF/PDFImageGallery.tsx",
	"owner": "eslint",
	"code": "import/order",
	"severity": 4,
	"message": "There should be at least one empty line between import groups",
	"source": "eslint",
	"startLineNumber": 8,
	"startColumn": 1,
	"endLineNumber": 8,
	"endColumn": 1
},{
	"resource": "/c:/Users/basil/Desktop/material-kai-vision-platform/src/components/PDF/PDFImageGallery.tsx",
	"owner": "eslint",
	"code": "import/order",
	"severity": 4,
	"message": "There should be at least one empty line between import groups",
	"source": "eslint",
	"startLineNumber": 15,
	"startColumn": 1,
	"endLineNumber": 15,
	"endColumn": 1
},{
	"resource": "/c:/Users/basil/Desktop/material-kai-vision-platform/src/components/PDF/PDFImageGallery.tsx",
	"owner": "eslint",
	"code": "import/order",
	"severity": 4,
	"message": "`lucide-react` import should occur before import of `@/components/ui/card`",
	"source": "eslint",
	"startLineNumber": 16,
	"startColumn": 1,
	"endLineNumber": 16,
	"endColumn": 1
},{
	"resource": "/c:/Users/basil/Desktop/material-kai-vision-platform/src/components/PDF/PDFImageGallery.tsx",
	"owner": "eslint",
	"code": "comma-dangle",
	"severity": 4,
	"message": "Missing trailing comma",
	"source": "eslint",
	"startLineNumber": 30,
	"startColumn": 12,
	"endLineNumber": 30,
	"endColumn": 12
},{
	"resource": "/c:/Users/basil/Desktop/material-kai-vision-platform/src/components/PDF/PDFImageGallery.tsx",
	"owner": "eslint",
	"code": "@typescript-eslint/no-explicit-any",
	"severity": 4,
	"message": "Unexpected any. Specify a different type",
	"source": "eslint",
	"startLineNumber": 43,
	"startColumn": 10,
	"endLineNumber": 43,
	"endColumn": 10
},{
	"resource": "/c:/Users/basil/Desktop/material-kai-vision-platform/src/components/PDF/PDFImageGallery.tsx",
	"owner": "eslint",
	"code": "@typescript-eslint/no-explicit-any",
	"severity": 4,
	"message": "Unexpected any. Specify a different type",
	"source": "eslint",
	"startLineNumber": 56,
	"startColumn": 22,
	"endLineNumber": 56,
	"endColumn": 22
},{
	"resource": "/c:/Users/basil/Desktop/material-kai-vision-platform/src/components/PDF/PDFImageGallery.tsx",
	"owner": "eslint",
	"code": "@typescript-eslint/no-explicit-any",
	"severity": 4,
	"message": "Unexpected any. Specify a different type",
	"source": "eslint",
	"startLineNumber": 62,
	"startColumn": 28,
	"endLineNumber": 62,
	"endColumn": 28
},{
	"resource": "/c:/Users/basil/Desktop/material-kai-vision-platform/src/components/PDF/PDFImageGallery.tsx",
	"owner": "eslint",
	"code": "@typescript-eslint/no-explicit-any",
	"severity": 4,
	"message": "Unexpected any. Specify a different type",
	"source": "eslint",
	"startLineNumber": 63,
	"startColumn": 21,
	"endLineNumber": 63,
	"endColumn": 21
},{
	"resource": "/c:/Users/basil/Desktop/material-kai-vision-platform/src/components/PDF/PDFImageGallery.tsx",
	"owner": "eslint",
	"code": "@typescript-eslint/no-explicit-any",
	"severity": 4,
	"message": "Unexpected any. Specify a different type",
	"source": "eslint",
	"startLineNumber": 64,
	"startColumn": 21,
	"endLineNumber": 64,
	"endColumn": 21
},{
	"resource": "/c:/Users/basil/Desktop/material-kai-vision-platform/src/components/PDF/PDFImageGallery.tsx",
	"owner": "eslint",
	"code": "@typescript-eslint/no-explicit-any",
	"severity": 4,
	"message": "Unexpected any. Specify a different type",
	"source": "eslint",
	"startLineNumber": 66,
	"startColumn": 25,
	"endLineNumber": 66,
	"endColumn": 25
},{
	"resource": "/c:/Users/basil/Desktop/material-kai-vision-platform/src/components/PDF/PDFImageGallery.tsx",
	"owner": "eslint",
	"code": "comma-dangle",
	"severity": 4,
	"message": "Missing trailing comma",
	"source": "eslint",
	"startLineNumber": 88,
	"startColumn": 12,
	"endLineNumber": 88,
	"endColumn": 12
},{
	"resource": "/c:/Users/basil/Desktop/material-kai-vision-platform/src/components/PDF/PDFImageGallery.tsx",
	"owner": "eslint",
	"code": "no-console",
	"severity": 4,
	"message": "Unexpected console statement",
	"source": "eslint",
	"startLineNumber": 129,
	"startColumn": 7,
	"endLineNumber": 129,
	"endColumn": 7
},{
	"resource": "/c:/Users/basil/Desktop/material-kai-vision-platform/src/components/PDF/PDFImageGallery.tsx",
	"owner": "eslint",
	"code": "no-trailing-spaces",
	"severity": 4,
	"message": "Trailing spaces not allowed",
	"source": "eslint",
	"startLineNumber": 149,
	"startColumn": 42,
	"endLineNumber": 149,
	"endColumn": 42
},{
	"resource": "/c:/Users/basil/Desktop/material-kai-vision-platform/src/components/PDF/PDFImageGallery.tsx",
	"owner": "eslint",
	"code": "comma-dangle",
	"severity": 4,
	"message": "Missing trailing comma",
	"source": "eslint",
	"startLineNumber": 153,
	"startColumn": 90,
	"endLineNumber": 153,
	"endColumn": 90
},{
	"resource": "/c:/Users/basil/Desktop/material-kai-vision-platform/src/components/PDF/PDFImageGallery.tsx",
	"owner": "eslint",
	"code": "@typescript-eslint/no-explicit-any",
	"severity": 4,
	"message": "Unexpected any. Specify a different type",
	"source": "eslint",
	"startLineNumber": 164,
	"startColumn": 19,
	"endLineNumber": 164,
	"endColumn": 19
},{
	"resource": "/c:/Users/basil/Desktop/material-kai-vision-platform/src/components/PDF/PDFImageGallery.tsx",
	"owner": "eslint",
	"code": "@typescript-eslint/no-explicit-any",
	"severity": 4,
	"message": "Unexpected any. Specify a different type",
	"source": "eslint",
	"startLineNumber": 164,
	"startColumn": 32,
	"endLineNumber": 164,
	"endColumn": 32
},{
	"resource": "/c:/Users/basil/Desktop/material-kai-vision-platform/src/components/PDF/PDFImageGallery.tsx",
	"owner": "eslint",
	"code": "no-trailing-spaces",
	"severity": 4,
	"message": "Trailing spaces not allowed",
	"source": "eslint",
	"startLineNumber": 165,
	"startColumn": 1,
	"endLineNumber": 165,
	"endColumn": 1
},{
	"resource": "/c:/Users/basil/Desktop/material-kai-vision-platform/src/components/PDF/PDFImageGallery.tsx",
	"owner": "eslint",
	"code": "no-trailing-spaces",
	"severity": 4,
	"message": "Trailing spaces not allowed",
	"source": "eslint",
	"startLineNumber": 203,
	"startColumn": 1,
	"endLineNumber": 203,
	"endColumn": 1
},{
	"resource": "/c:/Users/basil/Desktop/material-kai-vision-platform/src/components/PDF/PDFImageGallery.tsx",
	"owner": "eslint",
	"code": "no-trailing-spaces",
	"severity": 4,
	"message": "Trailing spaces not allowed",
	"source": "eslint",
	"startLineNumber": 213,
	"startColumn": 42,
	"endLineNumber": 213,
	"endColumn": 42
},{
	"resource": "/c:/Users/basil/Desktop/material-kai-vision-platform/src/components/PDF/PDFImageGallery.tsx",
	"owner": "eslint",
	"code": "no-trailing-spaces",
	"severity": 4,
	"message": "Trailing spaces not allowed",
	"source": "eslint",
	"startLineNumber": 216,
	"startColumn": 1,
	"endLineNumber": 216,
	"endColumn": 1
},{
	"resource": "/c:/Users/basil/Desktop/material-kai-vision-platform/src/components/PDF/PDFImageGallery.tsx",
	"owner": "eslint",
	"code": "no-trailing-spaces",
	"severity": 4,
	"message": "Trailing spaces not allowed",
	"source": "eslint",
	"startLineNumber": 232,
	"startColumn": 1,
	"endLineNumber": 232,
	"endColumn": 1
},{
	"resource": "/c:/Users/basil/Desktop/material-kai-vision-platform/src/components/PDF/PDFImageGallery.tsx",
	"owner": "eslint",
	"code": "no-trailing-spaces",
	"severity": 4,
	"message": "Trailing spaces not allowed",
	"source": "eslint",
	"startLineNumber": 234,
	"startColumn": 12,
	"endLineNumber": 234,
	"endColumn": 12
},{
	"resource": "/c:/Users/basil/Desktop/material-kai-vision-platform/src/components/PDF/PDFImageGallery.tsx",
	"owner": "eslint",
	"code": "no-trailing-spaces",
	"severity": 4,
	"message": "Trailing spaces not allowed",
	"source": "eslint",
	"startLineNumber": 235,
	"startColumn": 23,
	"endLineNumber": 235,
	"endColumn": 23
},{
	"resource": "/c:/Users/basil/Desktop/material-kai-vision-platform/src/components/PDF/PDFImageGallery.tsx",
	"owner": "eslint",
	"code": "quotes",
	"severity": 4,
	"message": "Strings must use singlequote",
	"source": "eslint",
	"startLineNumber": 237,
	"startColumn": 11,
	"endLineNumber": 237,
	"endColumn": 11
},{
	"resource": "/c:/Users/basil/Desktop/material-kai-vision-platform/src/components/PDF/PDFImageGallery.tsx",
	"owner": "eslint",
	"code": "quotes",
	"severity": 4,
	"message": "Strings must use singlequote",
	"source": "eslint",
	"startLineNumber": 238,
	"startColumn": 24,
	"endLineNumber": 238,
	"endColumn": 24
},{
	"resource": "/c:/Users/basil/Desktop/material-kai-vision-platform/src/components/PDF/PDFImageGallery.tsx",
	"owner": "eslint",
	"code": "quotes",
	"severity": 4,
	"message": "Strings must use singlequote",
	"source": "eslint",
	"startLineNumber": 238,
	"startColumn": 34,
	"endLineNumber": 238,
	"endColumn": 34
},{
	"resource": "/c:/Users/basil/Desktop/material-kai-vision-platform/src/components/PDF/PDFImageGallery.tsx",
	"owner": "eslint",
	"code": "comma-dangle",
	"severity": 4,
	"message": "Missing trailing comma",
	"source": "eslint",
	"startLineNumber": 238,
	"startColumn": 54,
	"endLineNumber": 238,
	"endColumn": 54
},{
	"resource": "/c:/Users/basil/Desktop/material-kai-vision-platform/src/components/PDF/PDFImageGallery.tsx",
	"owner": "eslint",
	"code": "quotes",
	"severity": 4,
	"message": "Strings must use singlequote",
	"source": "eslint",
	"startLineNumber": 244,
	"startColumn": 11,
	"endLineNumber": 244,
	"endColumn": 11
},{
	"resource": "/c:/Users/basil/Desktop/material-kai-vision-platform/src/components/PDF/PDFImageGallery.tsx",
	"owner": "eslint",
	"code": "quotes",
	"severity": 4,
	"message": "Strings must use singlequote",
	"source": "eslint",
	"startLineNumber": 245,
	"startColumn": 24,
	"endLineNumber": 245,
	"endColumn": 24
},{
	"resource": "/c:/Users/basil/Desktop/material-kai-vision-platform/src/components/PDF/PDFImageGallery.tsx",
	"owner": "eslint",
	"code": "quotes",
	"severity": 4,
	"message": "Strings must use singlequote",
	"source": "eslint",
	"startLineNumber": 245,
	"startColumn": 41,
	"endLineNumber": 245,
	"endColumn": 41
},{
	"resource": "/c:/Users/basil/Desktop/material-kai-vision-platform/src/components/PDF/PDFImageGallery.tsx",
	"owner": "eslint",
	"code": "comma-dangle",
	"severity": 4,
	"message": "Missing trailing comma",
	"source": "eslint",
	"startLineNumber": 245,
	"startColumn": 68,
	"endLineNumber": 245,
	"endColumn": 68
},{
	"resource": "/c:/Users/basil/Desktop/material-kai-vision-platform/src/components/PDF/PDFImageGallery.tsx",
	"owner": "eslint",
	"code": "no-trailing-spaces",
	"severity": 4,
	"message": "Trailing spaces not allowed",
	"source": "eslint",
	"startLineNumber": 259,
	"startColumn": 1,
	"endLineNumber": 259,
	"endColumn": 1
},{
	"resource": "/c:/Users/basil/Desktop/material-kai-vision-platform/src/components/PDF/PDFImageGallery.tsx",
	"owner": "eslint",
	"code": "no-trailing-spaces",
	"severity": 4,
	"message": "Trailing spaces not allowed",
	"source": "eslint",
	"startLineNumber": 264,
	"startColumn": 1,
	"endLineNumber": 264,
	"endColumn": 1
},{
	"resource": "/c:/Users/basil/Desktop/material-kai-vision-platform/src/components/PDF/PDFImageGallery.tsx",
	"owner": "eslint",
	"code": "no-trailing-spaces",
	"severity": 4,
	"message": "Trailing spaces not allowed",
	"source": "eslint",
	"startLineNumber": 266,
	"startColumn": 17,
	"endLineNumber": 266,
	"endColumn": 17
},{
	"resource": "/c:/Users/basil/Desktop/material-kai-vision-platform/src/components/PDF/PDFImageGallery.tsx",
	"owner": "eslint",
	"code": "no-trailing-spaces",
	"severity": 4,
	"message": "Trailing spaces not allowed",
	"source": "eslint",
	"startLineNumber": 267,
	"startColumn": 30,
	"endLineNumber": 267,
	"endColumn": 30
},{
	"resource": "/c:/Users/basil/Desktop/material-kai-vision-platform/src/components/PDF/PDFImageGallery.tsx",
	"owner": "eslint",
	"code": "quotes",
	"severity": 4,
	"message": "Strings must use singlequote",
	"source": "eslint",
	"startLineNumber": 276,
	"startColumn": 11,
	"endLineNumber": 276,
	"endColumn": 11
},{
	"resource": "/c:/Users/basil/Desktop/material-kai-vision-platform/src/components/PDF/PDFImageGallery.tsx",
	"owner": "eslint",
	"code": "quotes",
	"severity": 4,
	"message": "Strings must use singlequote",
	"source": "eslint",
	"startLineNumber": 277,
	"startColumn": 24,
	"endLineNumber": 277,
	"endColumn": 24
},{
	"resource": "/c:/Users/basil/Desktop/material-kai-vision-platform/src/components/PDF/PDFImageGallery.tsx",
	"owner": "eslint",
	"code": "quotes",
	"severity": 4,
	"message": "Strings must use singlequote",
	"source": "eslint",
	"startLineNumber": 277,
	"startColumn": 29,
	"endLineNumber": 277,
	"endColumn": 29
},{
	"resource": "/c:/Users/basil/Desktop/material-kai-vision-platform/src/components/PDF/PDFImageGallery.tsx",
	"owner": "eslint",
	"code": "comma-dangle",
	"severity": 4,
	"message": "Missing trailing comma",
	"source": "eslint",
	"startLineNumber": 277,
	"startColumn": 67,
	"endLineNumber": 277,
	"endColumn": 67
},{
	"resource": "/c:/Users/basil/Desktop/material-kai-vision-platform/src/components/PDF/PDFImageGallery.tsx",
	"owner": "eslint",
	"code": "no-trailing-spaces",
	"severity": 4,
	"message": "Trailing spaces not allowed",
	"source": "eslint",
	"startLineNumber": 296,
	"startColumn": 1,
	"endLineNumber": 296,
	"endColumn": 1
},{
	"resource": "/c:/Users/basil/Desktop/material-kai-vision-platform/src/components/PDF/PDFImageGallery.tsx",
	"owner": "eslint",
	"code": "no-trailing-spaces",
	"severity": 4,
	"message": "Trailing spaces not allowed",
	"source": "eslint",
	"startLineNumber": 302,
	"startColumn": 1,
	"endLineNumber": 302,
	"endColumn": 1
},{
	"resource": "/c:/Users/basil/Desktop/material-kai-vision-platform/src/components/PDF/PDFImageGallery.tsx",
	"owner": "eslint",
	"code": "no-trailing-spaces",
	"severity": 4,
	"message": "Trailing spaces not allowed",
	"source": "eslint",
	"startLineNumber": 315,
	"startColumn": 1,
	"endLineNumber": 315,
	"endColumn": 1
},{
	"resource": "/c:/Users/basil/Desktop/material-kai-vision-platform/src/components/PDF/PDFImageGallery.tsx",
	"owner": "eslint",
	"code": "no-trailing-spaces",
	"severity": 4,
	"message": "Trailing spaces not allowed",
	"source": "eslint",
	"startLineNumber": 386,
	"startColumn": 1,
	"endLineNumber": 386,
	"endColumn": 1
},{
	"resource": "/c:/Users/basil/Desktop/material-kai-vision-platform/src/components/PDF/PDFImageGallery.tsx",
	"owner": "eslint",
	"code": "no-trailing-spaces",
	"severity": 4,
	"message": "Trailing spaces not allowed",
	"source": "eslint",
	"startLineNumber": 406,
	"startColumn": 1,
	"endLineNumber": 406,
	"endColumn": 1
},{
	"resource": "/c:/Users/basil/Desktop/material-kai-vision-platform/src/components/PDF/PDFImageGallery.tsx",
	"owner": "eslint",
	"code": "no-trailing-spaces",
	"severity": 4,
	"message": "Trailing spaces not allowed",
	"source": "eslint",
	"startLineNumber": 421,
	"startColumn": 1,
	"endLineNumber": 421,
	"endColumn": 1
},{
	"resource": "/c:/Users/basil/Desktop/material-kai-vision-platform/src/components/PDF/PDFImageGallery.tsx",
	"owner": "eslint",
	"code": "no-trailing-spaces",
	"severity": 4,
	"message": "Trailing spaces not allowed",
	"source": "eslint",
	"startLineNumber": 435,
	"startColumn": 1,
	"endLineNumber": 435,
	"endColumn": 1
},{
	"resource": "/c:/Users/basil/Desktop/material-kai-vision-platform/src/components/PDF/PDFImageGallery.tsx",
	"owner": "eslint",
	"code": "@typescript-eslint/no-explicit-any",
	"severity": 4,
	"message": "Unexpected any. Specify a different type",
	"source": "eslint",
	"startLineNumber": 436,
	"startColumn": 61,
	"endLineNumber": 436,
	"endColumn": 61
},{
	"resource": "/c:/Users/basil/Desktop/material-kai-vision-platform/src/components/PDF/PDFImageGallery.tsx",
	"owner": "eslint",
	"code": "no-trailing-spaces",
	"severity": 4,
	"message": "Trailing spaces not allowed",
	"source": "eslint",
	"startLineNumber": 446,
	"startColumn": 1,
	"endLineNumber": 446,
	"endColumn": 1
},{
	"resource": "/c:/Users/basil/Desktop/material-kai-vision-platform/src/components/PDF/PDFImageGallery.tsx",
	"owner": "eslint",
	"code": "no-trailing-spaces",
	"severity": 4,
	"message": "Trailing spaces not allowed",
	"source": "eslint",
	"startLineNumber": 466,
	"startColumn": 50,
	"endLineNumber": 466,
	"endColumn": 50
},{
	"resource": "/c:/Users/basil/Desktop/material-kai-vision-platform/src/components/PDF/PDFImageGallery.tsx",
	"owner": "eslint",
	"code": "no-trailing-spaces",
	"severity": 4,
	"message": "Trailing spaces not allowed",
	"source": "eslint",
	"startLineNumber": 475,
	"startColumn": 30,
	"endLineNumber": 475,
	"endColumn": 30
},{
	"resource": "/c:/Users/basil/Desktop/material-kai-vision-platform/src/components/PDF/PDFImageGallery.tsx",
	"owner": "eslint",
	"code": "quotes",
	"severity": 4,
	"message": "Strings must use singlequote",
	"source": "eslint",
	"startLineNumber": 476,
	"startColumn": 15,
	"endLineNumber": 476,
	"endColumn": 15
},{
	"resource": "/c:/Users/basil/Desktop/material-kai-vision-platform/src/components/PDF/PDFImageGallery.tsx",
	"owner": "eslint",
	"code": "quotes",
	"severity": 4,
	"message": "Strings must use singlequote",
	"source": "eslint",
	"startLineNumber": 477,
	"startColumn": 15,
	"endLineNumber": 477,
	"endColumn": 15
},{
	"resource": "/c:/Users/basil/Desktop/material-kai-vision-platform/src/components/PDF/PDFImageGallery.tsx",
	"owner": "eslint",
	"code": "comma-dangle",
	"severity": 4,
	"message": "Missing trailing comma",
	"source": "eslint",
	"startLineNumber": 477,
	"startColumn": 26,
	"endLineNumber": 477,
	"endColumn": 26
},{
	"resource": "/c:/Users/basil/Desktop/material-kai-vision-platform/src/components/PDF/PDFImageGallery.tsx",
	"owner": "eslint",
	"code": "no-trailing-spaces",
	"severity": 4,
	"message": "Trailing spaces not allowed",
	"source": "eslint",
	"startLineNumber": 519,
	"startColumn": 1,
	"endLineNumber": 519,
	"endColumn": 1
},{
	"resource": "/c:/Users/basil/Desktop/material-kai-vision-platform/src/components/PDF/PDFResultsViewer.tsx",
	"owner": "eslint",
	"code": "no-console",
	"severity": 4,
	"message": "Unexpected console statement",
	"source": "eslint",
	"startLineNumber": 95,
	"startColumn": 7,
	"endLineNumber": 95,
	"endColumn": 7
},{
	"resource": "/c:/Users/basil/Desktop/material-kai-vision-platform/src/components/PDF/PDFResultsViewer.tsx",
	"owner": "eslint",
	"code": "no-console",
	"severity": 4,
	"message": "Unexpected console statement",
	"source": "eslint",
	"startLineNumber": 118,
	"startColumn": 9,
	"endLineNumber": 118,
	"endColumn": 9
},{
	"resource": "/c:/Users/basil/Desktop/material-kai-vision-platform/src/components/PDF/PDFResultsViewer.tsx",
	"owner": "eslint",
	"code": "@typescript-eslint/no-explicit-any",
	"severity": 4,
	"message": "Unexpected any. Specify a different type",
	"source": "eslint",
	"startLineNumber": 153,
	"startColumn": 52,
	"endLineNumber": 153,
	"endColumn": 52
},{
	"resource": "/c:/Users/basil/Desktop/material-kai-vision-platform/src/components/PDF/PDFResultsViewer.tsx",
	"owner": "eslint",
	"code": "@typescript-eslint/no-explicit-any",
	"severity": 4,
	"message": "Unexpected any. Specify a different type",
	"source": "eslint",
	"startLineNumber": 170,
	"startColumn": 159,
	"endLineNumber": 170,
	"endColumn": 159
},{
	"resource": "/c:/Users/basil/Desktop/material-kai-vision-platform/src/components/PDF/PDFResultsViewer.tsx",
	"owner": "eslint",
	"code": "@typescript-eslint/no-explicit-any",
	"severity": 4,
	"message": "Unexpected any. Specify a different type",
	"source": "eslint",
	"startLineNumber": 172,
	"startColumn": 48,
	"endLineNumber": 172,
	"endColumn": 48
},{
	"resource": "/c:/Users/basil/Desktop/material-kai-vision-platform/src/components/PDF/PDFResultsViewer.tsx",
	"owner": "eslint",
	"code": "@typescript-eslint/no-explicit-any",
	"severity": 4,
	"message": "Unexpected any. Specify a different type",
	"source": "eslint",
	"startLineNumber": 172,
	"startColumn": 63,
	"endLineNumber": 172,
	"endColumn": 63
},{
	"resource": "/c:/Users/basil/Desktop/material-kai-vision-platform/src/components/PDF/PDFResultsViewer.tsx",
	"owner": "eslint",
	"code": "@typescript-eslint/no-explicit-any",
	"severity": 4,
	"message": "Unexpected any. Specify a different type",
	"source": "eslint",
	"startLineNumber": 172,
	"startColumn": 82,
	"endLineNumber": 172,
	"endColumn": 82
},{
	"resource": "/c:/Users/basil/Desktop/material-kai-vision-platform/src/components/PDF/PDFResultsViewer.tsx",
	"owner": "eslint",
	"code": "no-console",
	"severity": 4,
	"message": "Unexpected console statement",
	"source": "eslint",
	"startLineNumber": 196,
	"startColumn": 11,
	"endLineNumber": 196,
	"endColumn": 11
},{
	"resource": "/c:/Users/basil/Desktop/material-kai-vision-platform/src/components/PDF/PDFResultsViewer.tsx",
	"owner": "eslint",
	"code": "no-console",
	"severity": 4,
	"message": "Unexpected console statement",
	"source": "eslint",
	"startLineNumber": 199,
	"startColumn": 9,
	"endLineNumber": 199,
	"endColumn": 9
},{
	"resource": "/c:/Users/basil/Desktop/material-kai-vision-platform/src/components/PDF/PDFResultsViewer.tsx",
	"owner": "eslint",
	"code": "no-console",
	"severity": 4,
	"message": "Unexpected console statement",
	"source": "eslint",
	"startLineNumber": 205,
	"startColumn": 7,
	"endLineNumber": 205,
	"endColumn": 7
},{
	"resource": "/c:/Users/basil/Desktop/material-kai-vision-platform/src/components/PDF/PDFResultsViewer.tsx",
	"owner": "eslint",
	"code": "@typescript-eslint/no-explicit-any",
	"severity": 4,
	"message": "Unexpected any. Specify a different type",
	"source": "eslint",
	"startLineNumber": 527,
	"startColumn": 29,
	"endLineNumber": 527,
	"endColumn": 29
},{
	"resource": "/c:/Users/basil/Desktop/material-kai-vision-platform/src/components/PDF/PDFResultsViewer.tsx",
	"owner": "eslint",
	"code": "no-console",
	"severity": 4,
	"message": "Unexpected console statement",
	"source": "eslint",
	"startLineNumber": 533,
	"startColumn": 15,
	"endLineNumber": 533,
	"endColumn": 15
},{
	"resource": "/c:/Users/basil/Desktop/material-kai-vision-platform/src/components/PDF/PDFReviewWorkflow.tsx",
	"owner": "eslint",
	"code": "no-console",
	"severity": 4,
	"message": "Unexpected console statement",
	"source": "eslint",
	"startLineNumber": 215,
	"startColumn": 9,
	"endLineNumber": 215,
	"endColumn": 9
},{
	"resource": "/c:/Users/basil/Desktop/material-kai-vision-platform/src/components/PDF/PDFReviewWorkflow.tsx",
	"owner": "eslint",
	"code": "no-console",
	"severity": 4,
	"message": "Unexpected console statement",
	"source": "eslint",
	"startLineNumber": 229,
	"startColumn": 11,
	"endLineNumber": 229,
	"endColumn": 11
},{
	"resource": "/c:/Users/basil/Desktop/material-kai-vision-platform/src/components/PDF/PDFReviewWorkflow.tsx",
	"owner": "eslint",
	"code": "no-console",
	"severity": 4,
	"message": "Unexpected console statement",
	"source": "eslint",
	"startLineNumber": 245,
	"startColumn": 7,
	"endLineNumber": 245,
	"endColumn": 7
},{
	"resource": "/c:/Users/basil/Desktop/material-kai-vision-platform/src/components/PDF/PDFReviewWorkflow.tsx",
	"owner": "eslint",
	"code": "no-trailing-spaces",
	"severity": 4,
	"message": "Trailing spaces not allowed",
	"source": "eslint",
	"startLineNumber": 292,
	"startColumn": 1,
	"endLineNumber": 292,
	"endColumn": 1
},{
	"resource": "/c:/Users/basil/Desktop/material-kai-vision-platform/src/components/PDF/PDFReviewWorkflow.tsx",
	"owner": "eslint",
	"code": "no-console",
	"severity": 4,
	"message": "Unexpected console statement",
	"source": "eslint",
	"startLineNumber": 298,
	"startColumn": 9,
	"endLineNumber": 298,
	"endColumn": 9
},{
	"resource": "/c:/Users/basil/Desktop/material-kai-vision-platform/src/components/PDF/PDFReviewWorkflow.tsx",
	"owner": "eslint",
	"code": "comma-dangle",
	"severity": 4,
	"message": "Missing trailing comma",
	"source": "eslint",
	"startLineNumber": 305,
	"startColumn": 13,
	"endLineNumber": 305,
	"endColumn": 13
},{
	"resource": "/c:/Users/basil/Desktop/material-kai-vision-platform/src/components/PDF/PDFUploadProgressModal.tsx",
	"owner": "eslint",
	"code": "import/order",
	"severity": 4,
	"message": "There should be at least one empty line between import groups",
	"source": "eslint",
	"startLineNumber": 2,
	"startColumn": 1,
	"endLineNumber": 2,
	"endColumn": 1
},{
	"resource": "/c:/Users/basil/Desktop/material-kai-vision-platform/src/components/PDF/PDFUploadProgressModal.tsx",
	"owner": "eslint",
	"code": "import/order",
	"severity": 4,
	"message": "There should be no empty line within import group",
	"source": "eslint",
	"startLineNumber": 12,
	"startColumn": 1,
	"endLineNumber": 12,
	"endColumn": 1
},{
	"resource": "/c:/Users/basil/Desktop/material-kai-vision-platform/src/components/PDF/PDFUploadProgressModal.tsx",
	"owner": "eslint",
	"code": "import/order",
	"severity": 4,
	"message": "There should be at least one empty line between import groups",
	"source": "eslint",
	"startLineNumber": 19,
	"startColumn": 1,
	"endLineNumber": 19,
	"endColumn": 1
},{
	"resource": "/c:/Users/basil/Desktop/material-kai-vision-platform/src/components/PDF/PDFUploadProgressModal.tsx",
	"owner": "eslint",
	"code": "import/order",
	"severity": 4,
	"message": "There should be at least one empty line between import groups",
	"source": "eslint",
	"startLineNumber": 21,
	"startColumn": 1,
	"endLineNumber": 21,
	"endColumn": 1
},{
	"resource": "/c:/Users/basil/Desktop/material-kai-vision-platform/src/components/PDF/PDFUploadProgressModal.tsx",
	"owner": "eslint",
	"code": "import/order",
	"severity": 4,
	"message": "`@/utils/errorMessages` import should occur before import of `./EnhancedProgressMonitor`",
	"source": "eslint",
	"startLineNumber": 22,
	"startColumn": 1,
	"endLineNumber": 22,
	"endColumn": 1
},{
	"resource": "/c:/Users/basil/Desktop/material-kai-vision-platform/src/components/PDF/PDFUploadProgressModal.tsx",
	"owner": "eslint",
	"code": "no-trailing-spaces",
	"severity": 4,
	"message": "Trailing spaces not allowed",
	"source": "eslint",
	"startLineNumber": 90,
	"startColumn": 1,
	"endLineNumber": 90,
	"endColumn": 1
},{
	"resource": "/c:/Users/basil/Desktop/material-kai-vision-platform/src/components/PDF/PDFUploadProgressModal.tsx",
	"owner": "eslint",
	"code": "@typescript-eslint/no-unused-vars",
	"severity": 4,
	"message": "'onClose' is defined but never used. Allowed unused args must match /^_/u",
	"source": "eslint",
	"startLineNumber": 98,
	"startColumn": 3,
	"endLineNumber": 98,
	"endColumn": 3
},{
	"resource": "/c:/Users/basil/Desktop/material-kai-vision-platform/src/components/PDF/PDFUploadProgressModal.tsx",
	"owner": "eslint",
	"code": "comma-dangle",
	"severity": 4,
	"message": "Missing trailing comma",
	"source": "eslint",
	"startLineNumber": 130,
	"startColumn": 44,
	"endLineNumber": 130,
	"endColumn": 44
},{
	"resource": "/c:/Users/basil/Desktop/material-kai-vision-platform/src/components/PDF/PDFUploadProgressModal.tsx",
	"owner": "eslint",
	"code": "comma-dangle",
	"severity": 4,
	"message": "Missing trailing comma",
	"source": "eslint",
	"startLineNumber": 131,
	"startColumn": 16,
	"endLineNumber": 131,
	"endColumn": 16
},{
	"resource": "/c:/Users/basil/Desktop/material-kai-vision-platform/src/components/PDF/PDFUploadProgressModal.tsx",
	"owner": "eslint",
	"code": "no-console",
	"severity": 4,
	"message": "Unexpected console statement",
	"source": "eslint",
	"startLineNumber": 139,
	"startColumn": 15,
	"endLineNumber": 139,
	"endColumn": 15
},{
	"resource": "/c:/Users/basil/Desktop/material-kai-vision-platform/src/components/PDF/PDFUploadProgressModal.tsx",
	"owner": "eslint",
	"code": "no-console",
	"severity": 4,
	"message": "Unexpected console statement",
	"source": "eslint",
	"startLineNumber": 150,
	"startColumn": 13,
	"endLineNumber": 150,
	"endColumn": 13
},{
	"resource": "/c:/Users/basil/Desktop/material-kai-vision-platform/src/components/PDF/PDFUploadProgressModal.tsx",
	"owner": "eslint",
	"code": "comma-dangle",
	"severity": 4,
	"message": "Missing trailing comma",
	"source": "eslint",
	"startLineNumber": 211,
	"startColumn": 69,
	"endLineNumber": 211,
	"endColumn": 69
},{
	"resource": "/c:/Users/basil/Desktop/material-kai-vision-platform/src/components/PDF/PDFUploadProgressModal.tsx",
	"owner": "eslint",
	"code": "comma-dangle",
	"severity": 4,
	"message": "Missing trailing comma",
	"source": "eslint",
	"startLineNumber": 212,
	"startColumn": 14,
	"endLineNumber": 212,
	"endColumn": 14
},{
	"resource": "/c:/Users/basil/Desktop/material-kai-vision-platform/src/components/PDF/PDFUploadProgressModal.tsx",
	"owner": "eslint",
	"code": "@typescript-eslint/no-explicit-any",
	"severity": 4,
	"message": "Unexpected any. Specify a different type",
	"source": "eslint",
	"startLineNumber": 280,
	"startColumn": 46,
	"endLineNumber": 280,
	"endColumn": 46
},{
	"resource": "/c:/Users/basil/Desktop/material-kai-vision-platform/src/components/PDF/PDFUploadProgressModal.tsx",
	"owner": "eslint",
	"code": "no-console",
	"severity": 4,
	"message": "Unexpected console statement",
	"source": "eslint",
	"startLineNumber": 281,
	"startColumn": 25,
	"endLineNumber": 281,
	"endColumn": 25
},{
	"resource": "/c:/Users/basil/Desktop/material-kai-vision-platform/src/components/PDF/PDFUploadProgressModal.tsx",
	"owner": "eslint",
	"code": "no-console",
	"severity": 4,
	"message": "Unexpected console statement",
	"source": "eslint",
	"startLineNumber": 284,
	"startColumn": 25,
	"endLineNumber": 284,
	"endColumn": 25
},{
	"resource": "/c:/Users/basil/Desktop/material-kai-vision-platform/src/components/PDF/PDFUploadProgressModal.tsx",
	"owner": "eslint",
	"code": "@typescript-eslint/no-explicit-any",
	"severity": 4,
	"message": "Unexpected any. Specify a different type",
	"source": "eslint",
	"startLineNumber": 292,
	"startColumn": 30,
	"endLineNumber": 292,
	"endColumn": 30
},{
	"resource": "/c:/Users/basil/Desktop/material-kai-vision-platform/src/components/PDF/PDFUploadProgressModal.tsx",
	"owner": "eslint",
	"code": "@typescript-eslint/no-explicit-any",
	"severity": 4,
	"message": "Unexpected any. Specify a different type",
	"source": "eslint",
	"startLineNumber": 338,
	"startColumn": 88,
	"endLineNumber": 338,
	"endColumn": 88
},{
	"resource": "/c:/Users/basil/Desktop/material-kai-vision-platform/src/components/PDF/PDFUploadProgressModal.tsx",
	"owner": "eslint",
	"code": "@typescript-eslint/no-explicit-any",
	"severity": 4,
	"message": "Unexpected any. Specify a different type",
	"source": "eslint",
	"startLineNumber": 350,
	"startColumn": 88,
	"endLineNumber": 350,
	"endColumn": 88
},{
	"resource": "/c:/Users/basil/Desktop/material-kai-vision-platform/src/components/PDF/PDFUploadProgressModal.tsx",
	"owner": "eslint",
	"code": "@typescript-eslint/no-explicit-any",
	"severity": 4,
	"message": "Unexpected any. Specify a different type",
	"source": "eslint",
	"startLineNumber": 360,
	"startColumn": 88,
	"endLineNumber": 360,
	"endColumn": 88
},{
	"resource": "/c:/Users/basil/Desktop/material-kai-vision-platform/src/components/PDF/PDFUploadProgressModal.tsx",
	"owner": "eslint",
	"code": "@typescript-eslint/no-explicit-any",
	"severity": 4,
	"message": "Unexpected any. Specify a different type",
	"source": "eslint",
	"startLineNumber": 442,
	"startColumn": 90,
	"endLineNumber": 442,
	"endColumn": 90
},{
	"resource": "/c:/Users/basil/Desktop/material-kai-vision-platform/src/components/PDF/PDFUploadProgressModal.tsx",
	"owner": "eslint",
	"code": "@typescript-eslint/no-explicit-any",
	"severity": 4,
	"message": "Unexpected any. Specify a different type",
	"source": "eslint",
	"startLineNumber": 460,
	"startColumn": 90,
	"endLineNumber": 460,
	"endColumn": 90
},{
	"resource": "/c:/Users/basil/Desktop/material-kai-vision-platform/src/components/PDF/PDFUploadProgressModal.tsx",
	"owner": "eslint",
	"code": "@typescript-eslint/no-explicit-any",
	"severity": 4,
	"message": "Unexpected any. Specify a different type",
	"source": "eslint",
	"startLineNumber": 468,
	"startColumn": 90,
	"endLineNumber": 468,
	"endColumn": 90
},{
	"resource": "/c:/Users/basil/Desktop/material-kai-vision-platform/src/components/Quote/QuoteRequestForm.tsx",
	"owner": "eslint",
	"code": "import/order",
	"severity": 4,
	"message": "There should be at least one empty line between import groups",
	"source": "eslint",
	"startLineNumber": 1,
	"startColumn": 1,
	"endLineNumber": 1,
	"endColumn": 1
},{
	"resource": "/c:/Users/basil/Desktop/material-kai-vision-platform/src/components/Quote/QuoteRequestForm.tsx",
	"owner": "eslint",
	"code": "react-hooks/exhaustive-deps",
	"severity": 4,
	"message": "React Hook React.useEffect has a missing dependency: 'loadCart'. Either include it or remove the dependency array",
	"source": "eslint",
	"startLineNumber": 29,
	"startColumn": 6,
	"endLineNumber": 29,
	"endColumn": 6
},{
	"resource": "/c:/Users/basil/Desktop/material-kai-vision-platform/src/components/Quote/QuoteRequestForm.tsx",
	"owner": "eslint",
	"code": "comma-dangle",
	"severity": 4,
	"message": "Missing trailing comma",
	"source": "eslint",
	"startLineNumber": 59,
	"startColumn": 14,
	"endLineNumber": 59,
	"endColumn": 14
},{
	"resource": "/c:/Users/basil/Desktop/material-kai-vision-platform/src/components/Quote/QuoteRequestForm.tsx",
	"owner": "eslint",
	"code": "react/no-unescaped-entities",
	"severity": 4,
	"message": "`'` can be escaped with `&apos;`, `&lsquo;`, `&#39;`, `&rsquo;`",
	"source": "eslint",
	"startLineNumber": 156,
	"startColumn": 68,
	"endLineNumber": 156,
	"endColumn": 68
},{
	"resource": "/c:/Users/basil/Desktop/material-kai-vision-platform/src/components/Quote/QuoteStatusTracker.tsx",
	"owner": "eslint",
	"code": "",
	"severity": 4,
	"message": "There should be at least one empty line between import groups",
	"source": "eslint",
	"startLineNumber": 1,
	"startColumn": 1,
	"endLineNumber": 1,
	"endColumn": 1
},{
	"resource": "/c:/Users/basil/Desktop/material-kai-vision-platform/src/components/RAG/AddKnowledgeEntry.tsx",
	"owner": "eslint",
	"code": "",
	"severity": 4,
	"message": "Unexpected console statement",
	"source": "eslint",
	"startLineNumber": 108,
	"startColumn": 7,
	"endLineNumber": 108,
	"endColumn": 7
},{
	"resource": "/c:/Users/basil/Desktop/material-kai-vision-platform/src/components/RAG/EnhancedRAGInterface.tsx",
	"owner": "eslint",
	"code": "no-console",
	"severity": 4,
	"message": "Unexpected console statement",
	"source": "eslint",
	"startLineNumber": 71,
	"startColumn": 7,
	"endLineNumber": 71,
	"endColumn": 7
},{
	"resource": "/c:/Users/basil/Desktop/material-kai-vision-platform/src/components/RAG/EnhancedRAGInterface.tsx",
	"owner": "eslint",
	"code": "no-console",
	"severity": 4,
	"message": "Unexpected console statement",
	"source": "eslint",
	"startLineNumber": 80,
	"startColumn": 7,
	"endLineNumber": 80,
	"endColumn": 7
},{
	"resource": "/c:/Users/basil/Desktop/material-kai-vision-platform/src/components/RAG/EnhancedRAGInterface.tsx",
	"owner": "eslint",
	"code": "no-console",
	"severity": 4,
	"message": "Unexpected console statement",
	"source": "eslint",
	"startLineNumber": 128,
	"startColumn": 7,
	"endLineNumber": 128,
	"endColumn": 7
},{
	"resource": "/c:/Users/basil/Desktop/material-kai-vision-platform/src/components/RAG/EnhancedRAGInterface.tsx",
	"owner": "eslint",
	"code": "no-console",
	"severity": 4,
	"message": "Unexpected console statement",
	"source": "eslint",
	"startLineNumber": 153,
	"startColumn": 7,
	"endLineNumber": 153,
	"endColumn": 7
},{
	"resource": "/c:/Users/basil/Desktop/material-kai-vision-platform/src/components/RAG/EnhancedRAGInterface.tsx",
	"owner": "eslint",
	"code": "@typescript-eslint/no-explicit-any",
	"severity": 4,
	"message": "Unexpected any. Specify a different type",
	"source": "eslint",
	"startLineNumber": 452,
	"startColumn": 51,
	"endLineNumber": 452,
	"endColumn": 51
},{
	"resource": "/c:/Users/basil/Desktop/material-kai-vision-platform/src/components/RealTime/RealTimeStatusIndicator.tsx",
	"owner": "eslint",
	"code": "no-console",
	"severity": 4,
	"message": "Unexpected console statement",
	"source": "eslint",
	"startLineNumber": 100,
	"startColumn": 23,
	"endLineNumber": 100,
	"endColumn": 23
},{
	"resource": "/c:/Users/basil/Desktop/material-kai-vision-platform/src/components/Recognition/ImageUpload.tsx",
	"owner": "eslint",
	"code": "",
	"severity": 4,
	"message": "Visible, non-interactive elements with click handlers must have at least one keyboard listener",
	"source": "eslint",
	"startLineNumber": 64,
	"startColumn": 9,
	"endLineNumber": 64,
	"endColumn": 9
},{
	"resource": "/c:/Users/basil/Desktop/material-kai-vision-platform/src/components/Recognition/MaterialRecognition.tsx",
	"owner": "eslint",
	"code": "no-console",
	"severity": 4,
	"message": "Unexpected console statement",
	"source": "eslint",
	"startLineNumber": 56,
	"startColumn": 7,
	"endLineNumber": 56,
	"endColumn": 7
},{
	"resource": "/c:/Users/basil/Desktop/material-kai-vision-platform/src/components/Recognition/MaterialRecognition.tsx",
	"owner": "eslint",
	"code": "no-console",
	"severity": 4,
	"message": "Unexpected console statement",
	"source": "eslint",
	"startLineNumber": 94,
	"startColumn": 11,
	"endLineNumber": 94,
	"endColumn": 11
},{
	"resource": "/c:/Users/basil/Desktop/material-kai-vision-platform/src/components/Recognition/MaterialRecognition.tsx",
	"owner": "eslint",
	"code": "no-console",
	"severity": 4,
	"message": "Unexpected console statement",
	"source": "eslint",
	"startLineNumber": 102,
	"startColumn": 7,
	"endLineNumber": 102,
	"endColumn": 7
},{
	"resource": "/c:/Users/basil/Desktop/material-kai-vision-platform/src/components/Recognition/MaterialRecognition.tsx",
	"owner": "eslint",
	"code": "no-console",
	"severity": 4,
	"message": "Unexpected console statement",
	"source": "eslint",
	"startLineNumber": 110,
	"startColumn": 7,
	"endLineNumber": 110,
	"endColumn": 7
},{
	"resource": "/c:/Users/basil/Desktop/material-kai-vision-platform/src/components/Recognition/RecognitionResults.tsx",
	"owner": "eslint",
	"code": "@typescript-eslint/no-explicit-any",
	"severity": 4,
	"message": "Unexpected any. Specify a different type",
	"source": "eslint",
	"startLineNumber": 74,
	"startColumn": 35,
	"endLineNumber": 74,
	"endColumn": 35
},{
	"resource": "/c:/Users/basil/Desktop/material-kai-vision-platform/src/components/Recognition/RecognitionResults.tsx",
	"owner": "eslint",
	"code": "@typescript-eslint/no-explicit-any",
	"severity": 4,
	"message": "Unexpected any. Specify a different type",
	"source": "eslint",
	"startLineNumber": 75,
	"startColumn": 35,
	"endLineNumber": 75,
	"endColumn": 35
},{
	"resource": "/c:/Users/basil/Desktop/material-kai-vision-platform/src/components/Recognition/RecognitionResults.tsx",
	"owner": "eslint",
	"code": "@typescript-eslint/no-explicit-any",
	"severity": 4,
	"message": "Unexpected any. Specify a different type",
	"source": "eslint",
	"startLineNumber": 82,
	"startColumn": 65,
	"endLineNumber": 82,
	"endColumn": 65
},{
	"resource": "/c:/Users/basil/Desktop/material-kai-vision-platform/src/components/Recognition/RecognitionResults.tsx",
	"owner": "eslint",
	"code": "@typescript-eslint/no-explicit-any",
	"severity": 4,
	"message": "Unexpected any. Specify a different type",
	"source": "eslint",
	"startLineNumber": 96,
	"startColumn": 33,
	"endLineNumber": 96,
	"endColumn": 33
},{
	"resource": "/c:/Users/basil/Desktop/material-kai-vision-platform/src/components/Recognition/RecognitionResults.tsx",
	"owner": "eslint",
	"code": "@typescript-eslint/no-explicit-any",
	"severity": 4,
	"message": "Unexpected any. Specify a different type",
	"source": "eslint",
	"startLineNumber": 96,
	"startColumn": 69,
	"endLineNumber": 96,
	"endColumn": 69
},{
	"resource": "/c:/Users/basil/Desktop/material-kai-vision-platform/src/components/Recognition/RecognitionResults.tsx",
	"owner": "eslint",
	"code": "@typescript-eslint/no-explicit-any",
	"severity": 4,
	"message": "Unexpected any. Specify a different type",
	"source": "eslint",
	"startLineNumber": 101,
	"startColumn": 29,
	"endLineNumber": 101,
	"endColumn": 29
},{
	"resource": "/c:/Users/basil/Desktop/material-kai-vision-platform/src/components/Recognition/RecognitionResults.tsx",
	"owner": "eslint",
	"code": "@typescript-eslint/no-explicit-any",
	"severity": 4,
	"message": "Unexpected any. Specify a different type",
	"source": "eslint",
	"startLineNumber": 103,
	"startColumn": 33,
	"endLineNumber": 103,
	"endColumn": 33
},{
	"resource": "/c:/Users/basil/Desktop/material-kai-vision-platform/src/components/Recognition/RecognitionResults.tsx",
	"owner": "eslint",
	"code": "@typescript-eslint/no-explicit-any",
	"severity": 4,
	"message": "Unexpected any. Specify a different type",
	"source": "eslint",
	"startLineNumber": 106,
	"startColumn": 43,
	"endLineNumber": 106,
	"endColumn": 43
},{
	"resource": "/c:/Users/basil/Desktop/material-kai-vision-platform/src/components/Recognition/RecognitionResults.tsx",
	"owner": "eslint",
	"code": "@typescript-eslint/no-explicit-any",
	"severity": 4,
	"message": "Unexpected any. Specify a different type",
	"source": "eslint",
	"startLineNumber": 109,
	"startColumn": 33,
	"endLineNumber": 109,
	"endColumn": 33
},{
	"resource": "/c:/Users/basil/Desktop/material-kai-vision-platform/src/components/Recognition/RecognitionResults.tsx",
	"owner": "eslint",
	"code": "@typescript-eslint/no-explicit-any",
	"severity": 4,
	"message": "Unexpected any. Specify a different type",
	"source": "eslint",
	"startLineNumber": 112,
	"startColumn": 43,
	"endLineNumber": 112,
	"endColumn": 43
},{
	"resource": "/c:/Users/basil/Desktop/material-kai-vision-platform/src/components/Recognition/RecognitionResults.tsx",
	"owner": "eslint",
	"code": "@typescript-eslint/no-explicit-any",
	"severity": 4,
	"message": "Unexpected any. Specify a different type",
	"source": "eslint",
	"startLineNumber": 115,
	"startColumn": 33,
	"endLineNumber": 115,
	"endColumn": 33
},{
	"resource": "/c:/Users/basil/Desktop/material-kai-vision-platform/src/components/Recognition/RecognitionResults.tsx",
	"owner": "eslint",
	"code": "@typescript-eslint/no-explicit-any",
	"severity": 4,
	"message": "Unexpected any. Specify a different type",
	"source": "eslint",
	"startLineNumber": 118,
	"startColumn": 43,
	"endLineNumber": 118,
	"endColumn": 43
},{
	"resource": "/c:/Users/basil/Desktop/material-kai-vision-platform/src/components/Recognition/RecognitionResults.tsx",
	"owner": "eslint",
	"code": "@typescript-eslint/no-explicit-any",
	"severity": 4,
	"message": "Unexpected any. Specify a different type",
	"source": "eslint",
	"startLineNumber": 125,
	"startColumn": 29,
	"endLineNumber": 125,
	"endColumn": 29
},{
	"resource": "/c:/Users/basil/Desktop/material-kai-vision-platform/src/components/Recognition/RecognitionResults.tsx",
	"owner": "eslint",
	"code": "@typescript-eslint/no-explicit-any",
	"severity": 4,
	"message": "Unexpected any. Specify a different type",
	"source": "eslint",
	"startLineNumber": 131,
	"startColumn": 29,
	"endLineNumber": 131,
	"endColumn": 29
},{
	"resource": "/c:/Users/basil/Desktop/material-kai-vision-platform/src/components/Recognition/RecognitionResults.tsx",
	"owner": "eslint",
	"code": "@typescript-eslint/no-explicit-any",
	"severity": 4,
	"message": "Unexpected any. Specify a different type",
	"source": "eslint",
	"startLineNumber": 144,
	"startColumn": 51,
	"endLineNumber": 144,
	"endColumn": 51
},{
	"resource": "/c:/Users/basil/Desktop/material-kai-vision-platform/src/components/Scraper/LiveProcessingMonitor.tsx",
	"owner": "eslint",
	"code": "no-console",
	"severity": 4,
	"message": "Unexpected console statement",
	"source": "eslint",
	"startLineNumber": 48,
	"startColumn": 9,
	"endLineNumber": 48,
	"endColumn": 9
},{
	"resource": "/c:/Users/basil/Desktop/material-kai-vision-platform/src/components/Scraper/LiveProcessingMonitor.tsx",
	"owner": "eslint",
	"code": "no-console",
	"severity": 4,
	"message": "Unexpected console statement",
	"source": "eslint",
	"startLineNumber": 61,
	"startColumn": 9,
	"endLineNumber": 61,
	"endColumn": 9
},{
	"resource": "/c:/Users/basil/Desktop/material-kai-vision-platform/src/components/Scraper/LiveProcessingMonitor.tsx",
	"owner": "eslint",
	"code": "@typescript-eslint/no-explicit-any",
	"severity": 4,
	"message": "Unexpected any. Specify a different type",
	"source": "eslint",
	"startLineNumber": 72,
	"startColumn": 53,
	"endLineNumber": 72,
	"endColumn": 53
},{
	"resource": "/c:/Users/basil/Desktop/material-kai-vision-platform/src/components/Scraper/LiveProcessingMonitor.tsx",
	"owner": "eslint",
	"code": "@typescript-eslint/no-explicit-any",
	"severity": 4,
	"message": "Unexpected any. Specify a different type",
	"source": "eslint",
	"startLineNumber": 77,
	"startColumn": 50,
	"endLineNumber": 77,
	"endColumn": 50
},{
	"resource": "/c:/Users/basil/Desktop/material-kai-vision-platform/src/components/Scraper/LiveProcessingMonitor.tsx",
	"owner": "eslint",
	"code": "@typescript-eslint/no-explicit-any",
	"severity": 4,
	"message": "Unexpected any. Specify a different type",
	"source": "eslint",
	"startLineNumber": 79,
	"startColumn": 39,
	"endLineNumber": 79,
	"endColumn": 39
},{
	"resource": "/c:/Users/basil/Desktop/material-kai-vision-platform/src/components/Scraper/LiveProcessingMonitor.tsx",
	"owner": "eslint",
	"code": "@typescript-eslint/no-explicit-any",
	"severity": 4,
	"message": "Unexpected any. Specify a different type",
	"source": "eslint",
	"startLineNumber": 79,
	"startColumn": 50,
	"endLineNumber": 79,
	"endColumn": 50
},{
	"resource": "/c:/Users/basil/Desktop/material-kai-vision-platform/src/components/Scraper/LiveProcessingMonitor.tsx",
	"owner": "eslint",
	"code": "@typescript-eslint/no-explicit-any",
	"severity": 4,
	"message": "Unexpected any. Specify a different type",
	"source": "eslint",
	"startLineNumber": 102,
	"startColumn": 59,
	"endLineNumber": 102,
	"endColumn": 59
},{
	"resource": "/c:/Users/basil/Desktop/material-kai-vision-platform/src/components/Scraper/LiveProcessingMonitor.tsx",
	"owner": "eslint",
	"code": "no-console",
	"severity": 4,
	"message": "Unexpected console statement",
	"source": "eslint",
	"startLineNumber": 121,
	"startColumn": 7,
	"endLineNumber": 121,
	"endColumn": 7
},{
	"resource": "/c:/Users/basil/Desktop/material-kai-vision-platform/src/components/Scraper/NewScraperPage.tsx",
	"owner": "eslint",
	"code": "",
	"severity": 4,
	"message": "There should be at least one empty line between import groups",
	"source": "eslint",
	"startLineNumber": 24,
	"startColumn": 1,
	"endLineNumber": 24,
	"endColumn": 1
},{
	"resource": "/c:/Users/basil/Desktop/material-kai-vision-platform/src/components/Scraper/PageQueueViewer.tsx",
	"owner": "eslint",
	"code": "react-hooks/exhaustive-deps",
	"severity": 4,
	"message": "React Hook useEffect has a missing dependency: 'loadPages'. Either include it or remove the dependency array",
	"source": "eslint",
	"startLineNumber": 70,
	"startColumn": 6,
	"endLineNumber": 70,
	"endColumn": 6
},{
	"resource": "/c:/Users/basil/Desktop/material-kai-vision-platform/src/components/Scraper/PageQueueViewer.tsx",
	"owner": "eslint",
	"code": "no-console",
	"severity": 4,
	"message": "Unexpected console statement",
	"source": "eslint",
	"startLineNumber": 82,
	"startColumn": 9,
	"endLineNumber": 82,
	"endColumn": 9
},{
	"resource": "/c:/Users/basil/Desktop/material-kai-vision-platform/src/components/Scraper/PageQueueViewer.tsx",
	"owner": "eslint",
	"code": "@typescript-eslint/no-explicit-any",
	"severity": 4,
	"message": "Unexpected any. Specify a different type",
	"source": "eslint",
	"startLineNumber": 92,
	"startColumn": 77,
	"endLineNumber": 92,
	"endColumn": 77
},{
	"resource": "/c:/Users/basil/Desktop/material-kai-vision-platform/src/components/Scraper/PageQueueViewer.tsx",
	"owner": "eslint",
	"code": "no-console",
	"severity": 4,
	"message": "Unexpected console statement",
	"source": "eslint",
	"startLineNumber": 109,
	"startColumn": 7,
	"endLineNumber": 109,
	"endColumn": 7
},{
	"resource": "/c:/Users/basil/Desktop/material-kai-vision-platform/src/components/Scraper/PageQueueViewer.tsx",
	"owner": "eslint",
	"code": "no-console",
	"severity": 4,
	"message": "Unexpected console statement",
	"source": "eslint",
	"startLineNumber": 170,
	"startColumn": 7,
	"endLineNumber": 170,
	"endColumn": 7
},{
	"resource": "/c:/Users/basil/Desktop/material-kai-vision-platform/src/components/Scraper/ScrapingSessionsList.tsx",
	"owner": "eslint",
	"code": "react-hooks/exhaustive-deps",
	"severity": 4,
	"message": "React Hook useEffect has a missing dependency: 'loadSessions'. Either include it or remove the dependency array",
	"source": "eslint",
	"startLineNumber": 64,
	"startColumn": 6,
	"endLineNumber": 64,
	"endColumn": 6
},{
	"resource": "/c:/Users/basil/Desktop/material-kai-vision-platform/src/components/Scraper/ScrapingSessionsList.tsx",
	"owner": "eslint",
	"code": "no-console",
	"severity": 4,
	"message": "Unexpected console statement",
	"source": "eslint",
	"startLineNumber": 76,
	"startColumn": 7,
	"endLineNumber": 76,
	"endColumn": 7
},{
	"resource": "/c:/Users/basil/Desktop/material-kai-vision-platform/src/components/Scraper/ScrapingSessionsList.tsx",
	"owner": "eslint",
	"code": "no-console",
	"severity": 4,
	"message": "Unexpected console statement",
	"source": "eslint",
	"startLineNumber": 114,
	"startColumn": 7,
	"endLineNumber": 114,
	"endColumn": 7
},{
	"resource": "/c:/Users/basil/Desktop/material-kai-vision-platform/src/components/Scraper/SessionDetailView.tsx",
	"owner": "eslint",
	"code": "react-hooks/exhaustive-deps",
	"severity": 4,
	"message": "React Hook useEffect has a missing dependency: 'loadSession'. Either include it or remove the dependency array",
	"source": "eslint",
	"startLineNumber": 70,
	"startColumn": 6,
	"endLineNumber": 70,
	"endColumn": 6
},{
	"resource": "/c:/Users/basil/Desktop/material-kai-vision-platform/src/components/Scraper/SessionDetailView.tsx",
	"owner": "eslint",
	"code": "no-console",
	"severity": 4,
	"message": "Unexpected console statement",
	"source": "eslint",
	"startLineNumber": 83,
	"startColumn": 7,
	"endLineNumber": 83,
	"endColumn": 7
},{
	"resource": "/c:/Users/basil/Desktop/material-kai-vision-platform/src/components/Scraper/SessionDetailView.tsx",
	"owner": "eslint",
	"code": "no-console",
	"severity": 4,
	"message": "Unexpected console statement",
	"source": "eslint",
	"startLineNumber": 121,
	"startColumn": 7,
	"endLineNumber": 121,
	"endColumn": 7
},{
	"resource": "/c:/Users/basil/Desktop/material-kai-vision-platform/src/components/Scraper/SessionDetailView.tsx",
	"owner": "eslint",
	"code": "no-console",
	"severity": 4,
	"message": "Unexpected console statement",
	"source": "eslint",
	"startLineNumber": 145,
	"startColumn": 7,
	"endLineNumber": 145,
	"endColumn": 7
},{
	"resource": "/c:/Users/basil/Desktop/material-kai-vision-platform/src/components/Search/FunctionalCategoryFilters.tsx",
	"owner": "eslint",
	"code": "comma-dangle",
	"severity": 4,
	"message": "Missing trailing comma",
	"source": "eslint",
	"startLineNumber": 39,
	"startColumn": 19,
	"endLineNumber": 39,
	"endColumn": 19
},{
	"resource": "/c:/Users/basil/Desktop/material-kai-vision-platform/src/components/Search/FunctionalCategoryFilters.tsx",
	"owner": "eslint",
	"code": "no-trailing-spaces",
	"severity": 4,
	"message": "Trailing spaces not allowed",
	"source": "eslint",
	"startLineNumber": 64,
	"startColumn": 1,
	"endLineNumber": 64,
	"endColumn": 1
},{
	"resource": "/c:/Users/basil/Desktop/material-kai-vision-platform/src/components/Search/FunctionalCategoryFilters.tsx",
	"owner": "eslint",
	"code": "no-trailing-spaces",
	"severity": 4,
	"message": "Trailing spaces not allowed",
	"source": "eslint",
	"startLineNumber": 184,
	"startColumn": 1,
	"endLineNumber": 184,
	"endColumn": 1
},{
	"resource": "/c:/Users/basil/Desktop/material-kai-vision-platform/src/components/Search/FunctionalCategoryFilters.tsx",
	"owner": "eslint",
	"code": "no-trailing-spaces",
	"severity": 4,
	"message": "Trailing spaces not allowed",
	"source": "eslint",
	"startLineNumber": 237,
	"startColumn": 1,
	"endLineNumber": 237,
	"endColumn": 1
},{
	"resource": "/c:/Users/basil/Desktop/material-kai-vision-platform/src/components/Search/FunctionalCategoryFilters.tsx",
	"owner": "eslint",
	"code": "no-trailing-spaces",
	"severity": 4,
	"message": "Trailing spaces not allowed",
	"source": "eslint",
	"startLineNumber": 290,
	"startColumn": 1,
	"endLineNumber": 290,
	"endColumn": 1
},{
	"resource": "/c:/Users/basil/Desktop/material-kai-vision-platform/src/components/Search/FunctionalCategoryFilters.tsx",
	"owner": "eslint",
	"code": "no-trailing-spaces",
	"severity": 4,
	"message": "Trailing spaces not allowed",
	"source": "eslint",
	"startLineNumber": 348,
	"startColumn": 1,
	"endLineNumber": 348,
	"endColumn": 1
},{
	"resource": "/c:/Users/basil/Desktop/material-kai-vision-platform/src/components/Search/FunctionalCategoryFilters.tsx",
	"owner": "eslint",
	"code": "no-trailing-spaces",
	"severity": 4,
	"message": "Trailing spaces not allowed",
	"source": "eslint",
	"startLineNumber": 397,
	"startColumn": 1,
	"endLineNumber": 397,
	"endColumn": 1
},{
	"resource": "/c:/Users/basil/Desktop/material-kai-vision-platform/src/components/Search/FunctionalCategoryFilters.tsx",
	"owner": "eslint",
	"code": "no-trailing-spaces",
	"severity": 4,
	"message": "Trailing spaces not allowed",
	"source": "eslint",
	"startLineNumber": 489,
	"startColumn": 1,
	"endLineNumber": 489,
	"endColumn": 1
},{
	"resource": "/c:/Users/basil/Desktop/material-kai-vision-platform/src/components/Search/FunctionalCategoryFilters.tsx",
	"owner": "eslint",
	"code": "no-trailing-spaces",
	"severity": 4,
	"message": "Trailing spaces not allowed",
	"source": "eslint",
	"startLineNumber": 538,
	"startColumn": 1,
	"endLineNumber": 538,
	"endColumn": 1
},{
	"resource": "/c:/Users/basil/Desktop/material-kai-vision-platform/src/components/Search/FunctionalCategoryFilters.tsx",
	"owner": "eslint",
	"code": "no-trailing-spaces",
	"severity": 4,
	"message": "Trailing spaces not allowed",
	"source": "eslint",
	"startLineNumber": 610,
	"startColumn": 1,
	"endLineNumber": 610,
	"endColumn": 1
},{
	"resource": "/c:/Users/basil/Desktop/material-kai-vision-platform/src/components/Search/FunctionalCategoryFilters.tsx",
	"owner": "eslint",
	"code": "eol-last",
	"severity": 4,
	"message": "Newline required at end of file but not found",
	"source": "eslint",
	"startLineNumber": 681,
	"startColumn": 42,
	"endLineNumber": 681,
	"endColumn": 42
},{
	"resource": "/c:/Users/basil/Desktop/material-kai-vision-platform/src/components/Search/FunctionalPropertySearch.tsx",
	"owner": "eslint",
	"code": "import/order",
	"severity": 4,
	"message": "There should be no empty line within import group",
	"source": "eslint",
	"startLineNumber": 26,
	"startColumn": 1,
	"endLineNumber": 26,
	"endColumn": 1
},{
	"resource": "/c:/Users/basil/Desktop/material-kai-vision-platform/src/components/Search/FunctionalPropertySearch.tsx",
	"owner": "eslint",
	"code": "no-trailing-spaces",
	"severity": 4,
	"message": "Trailing spaces not allowed",
	"source": "eslint",
	"startLineNumber": 26,
	"startColumn": 9,
	"endLineNumber": 26,
	"endColumn": 9
},{
	"resource": "/c:/Users/basil/Desktop/material-kai-vision-platform/src/components/Search/FunctionalPropertySearch.tsx",
	"owner": "eslint",
	"code": "no-trailing-spaces",
	"severity": 4,
	"message": "Trailing spaces not allowed",
	"source": "eslint",
	"startLineNumber": 248,
	"startColumn": 1,
	"endLineNumber": 248,
	"endColumn": 1
},{
	"resource": "/c:/Users/basil/Desktop/material-kai-vision-platform/src/components/Search/FunctionalPropertySearch.tsx",
	"owner": "eslint",
	"code": "no-trailing-spaces",
	"severity": 4,
	"message": "Trailing spaces not allowed",
	"source": "eslint",
	"startLineNumber": 268,
	"startColumn": 1,
	"endLineNumber": 268,
	"endColumn": 1
},{
	"resource": "/c:/Users/basil/Desktop/material-kai-vision-platform/src/components/Search/FunctionalPropertySearch.tsx",
	"owner": "eslint",
	"code": "quotes",
	"severity": 4,
	"message": "Strings must use singlequote",
	"source": "eslint",
	"startLineNumber": 295,
	"startColumn": 70,
	"endLineNumber": 295,
	"endColumn": 70
},{
	"resource": "/c:/Users/basil/Desktop/material-kai-vision-platform/src/components/Search/FunctionalPropertySearch.tsx",
	"owner": "eslint",
	"code": "quotes",
	"severity": 4,
	"message": "Strings must use singlequote",
	"source": "eslint",
	"startLineNumber": 295,
	"startColumn": 82,
	"endLineNumber": 295,
	"endColumn": 82
},{
	"resource": "/c:/Users/basil/Desktop/material-kai-vision-platform/src/components/Search/FunctionalPropertySearch.tsx",
	"owner": "eslint",
	"code": "quotes",
	"severity": 4,
	"message": "Strings must use singlequote",
	"source": "eslint",
	"startLineNumber": 336,
	"startColumn": 79,
	"endLineNumber": 336,
	"endColumn": 79
},{
	"resource": "/c:/Users/basil/Desktop/material-kai-vision-platform/src/components/Search/FunctionalPropertySearch.tsx",
	"owner": "eslint",
	"code": "quotes",
	"severity": 4,
	"message": "Strings must use singlequote",
	"source": "eslint",
	"startLineNumber": 336,
	"startColumn": 91,
	"endLineNumber": 336,
	"endColumn": 91
},{
	"resource": "/c:/Users/basil/Desktop/material-kai-vision-platform/src/components/Search/FunctionalPropertySearch.tsx",
	"owner": "eslint",
	"code": "quotes",
	"severity": 4,
	"message": "Strings must use singlequote",
	"source": "eslint",
	"startLineNumber": 367,
	"startColumn": 74,
	"endLineNumber": 367,
	"endColumn": 74
},{
	"resource": "/c:/Users/basil/Desktop/material-kai-vision-platform/src/components/Search/FunctionalPropertySearch.tsx",
	"owner": "eslint",
	"code": "quotes",
	"severity": 4,
	"message": "Strings must use singlequote",
	"source": "eslint",
	"startLineNumber": 367,
	"startColumn": 86,
	"endLineNumber": 367,
	"endColumn": 86
},{
	"resource": "/c:/Users/basil/Desktop/material-kai-vision-platform/src/components/Search/FunctionalPropertySearch.tsx",
	"owner": "eslint",
	"code": "quotes",
	"severity": 4,
	"message": "Strings must use singlequote",
	"source": "eslint",
	"startLineNumber": 458,
	"startColumn": 79,
	"endLineNumber": 458,
	"endColumn": 79
},{
	"resource": "/c:/Users/basil/Desktop/material-kai-vision-platform/src/components/Search/FunctionalPropertySearch.tsx",
	"owner": "eslint",
	"code": "quotes",
	"severity": 4,
	"message": "Strings must use singlequote",
	"source": "eslint",
	"startLineNumber": 458,
	"startColumn": 91,
	"endLineNumber": 458,
	"endColumn": 91
},{
	"resource": "/c:/Users/basil/Desktop/material-kai-vision-platform/src/components/Search/FunctionalPropertySearch.tsx",
	"owner": "eslint",
	"code": "quotes",
	"severity": 4,
	"message": "Strings must use singlequote",
	"source": "eslint",
	"startLineNumber": 482,
	"startColumn": 90,
	"endLineNumber": 482,
	"endColumn": 90
},{
	"resource": "/c:/Users/basil/Desktop/material-kai-vision-platform/src/components/Search/FunctionalPropertySearch.tsx",
	"owner": "eslint",
	"code": "quotes",
	"severity": 4,
	"message": "Strings must use singlequote",
	"source": "eslint",
	"startLineNumber": 482,
	"startColumn": 102,
	"endLineNumber": 482,
	"endColumn": 102
},{
	"resource": "/c:/Users/basil/Desktop/material-kai-vision-platform/src/components/Search/FunctionalPropertySearch.tsx",
	"owner": "eslint",
	"code": "quotes",
	"severity": 4,
	"message": "Strings must use singlequote",
	"source": "eslint",
	"startLineNumber": 580,
	"startColumn": 93,
	"endLineNumber": 580,
	"endColumn": 93
},{
	"resource": "/c:/Users/basil/Desktop/material-kai-vision-platform/src/components/Search/FunctionalPropertySearch.tsx",
	"owner": "eslint",
	"code": "quotes",
	"severity": 4,
	"message": "Strings must use singlequote",
	"source": "eslint",
	"startLineNumber": 580,
	"startColumn": 105,
	"endLineNumber": 580,
	"endColumn": 105
},{
	"resource": "/c:/Users/basil/Desktop/material-kai-vision-platform/src/components/Search/FunctionalPropertySearch.tsx",
	"owner": "eslint",
	"code": "quotes",
	"severity": 4,
	"message": "Strings must use singlequote",
	"source": "eslint",
	"startLineNumber": 636,
	"startColumn": 81,
	"endLineNumber": 636,
	"endColumn": 81
},{
	"resource": "/c:/Users/basil/Desktop/material-kai-vision-platform/src/components/Search/FunctionalPropertySearch.tsx",
	"owner": "eslint",
	"code": "quotes",
	"severity": 4,
	"message": "Strings must use singlequote",
	"source": "eslint",
	"startLineNumber": 636,
	"startColumn": 93,
	"endLineNumber": 636,
	"endColumn": 93
},{
	"resource": "/c:/Users/basil/Desktop/material-kai-vision-platform/src/components/Search/FunctionalPropertySearch.tsx",
	"owner": "eslint",
	"code": "quotes",
	"severity": 4,
	"message": "Strings must use singlequote",
	"source": "eslint",
	"startLineNumber": 660,
	"startColumn": 88,
	"endLineNumber": 660,
	"endColumn": 88
},{
	"resource": "/c:/Users/basil/Desktop/material-kai-vision-platform/src/components/Search/FunctionalPropertySearch.tsx",
	"owner": "eslint",
	"code": "quotes",
	"severity": 4,
	"message": "Strings must use singlequote",
	"source": "eslint",
	"startLineNumber": 660,
	"startColumn": 100,
	"endLineNumber": 660,
	"endColumn": 100
},{
	"resource": "/c:/Users/basil/Desktop/material-kai-vision-platform/src/components/Search/FunctionalPropertySearch.tsx",
	"owner": "eslint",
	"code": "quotes",
	"severity": 4,
	"message": "Strings must use singlequote",
	"source": "eslint",
	"startLineNumber": 751,
	"startColumn": 79,
	"endLineNumber": 751,
	"endColumn": 79
},{
	"resource": "/c:/Users/basil/Desktop/material-kai-vision-platform/src/components/Search/FunctionalPropertySearch.tsx",
	"owner": "eslint",
	"code": "quotes",
	"severity": 4,
	"message": "Strings must use singlequote",
	"source": "eslint",
	"startLineNumber": 751,
	"startColumn": 91,
	"endLineNumber": 751,
	"endColumn": 91
},{
	"resource": "/c:/Users/basil/Desktop/material-kai-vision-platform/src/components/Search/FunctionalPropertySearch.tsx",
	"owner": "eslint",
	"code": "quotes",
	"severity": 4,
	"message": "Strings must use singlequote",
	"source": "eslint",
	"startLineNumber": 864,
	"startColumn": 88,
	"endLineNumber": 864,
	"endColumn": 88
},{
	"resource": "/c:/Users/basil/Desktop/material-kai-vision-platform/src/components/Search/FunctionalPropertySearch.tsx",
	"owner": "eslint",
	"code": "quotes",
	"severity": 4,
	"message": "Strings must use singlequote",
	"source": "eslint",
	"startLineNumber": 864,
	"startColumn": 100,
	"endLineNumber": 864,
	"endColumn": 100
},{
	"resource": "/c:/Users/basil/Desktop/material-kai-vision-platform/src/components/Search/FunctionalPropertySearch.tsx",
	"owner": "eslint",
	"code": "quotes",
	"severity": 4,
	"message": "Strings must use singlequote",
	"source": "eslint",
	"startLineNumber": 888,
	"startColumn": 83,
	"endLineNumber": 888,
	"endColumn": 83
},{
	"resource": "/c:/Users/basil/Desktop/material-kai-vision-platform/src/components/Search/FunctionalPropertySearch.tsx",
	"owner": "eslint",
	"code": "quotes",
	"severity": 4,
	"message": "Strings must use singlequote",
	"source": "eslint",
	"startLineNumber": 888,
	"startColumn": 95,
	"endLineNumber": 888,
	"endColumn": 95
},{
	"resource": "/c:/Users/basil/Desktop/material-kai-vision-platform/src/components/Search/FunctionalPropertySearch.tsx",
	"owner": "eslint",
	"code": "react-hooks/exhaustive-dep",
	"severity": 4,
	"message": "React Hook useCallback has a missing dependency: 'renderCategorySpecificFilters'. Either include it or remove the dependency array",
	"source": "eslint",
	"startLineNumber": 995,
	"startColumn": 6,
	"endLineNumber": 995,
	"endColumn": 6
},{
	"resource": "/c:/Users/basil/Desktop/material-kai-vision-platform/src/components/Search/SearchResultCard.tsx",
	"owner": "eslint",
	"code": "",
	"severity": 4,
	"message": "Visible, non-interactive elements with click handlers must have at least one keyboard listener",
	"source": "eslint",
	"startLineNumber": 129,
	"startColumn": 7,
	"endLineNumber": 129,
	"endColumn": 7
},{
	"resource": "/c:/Users/basil/Desktop/material-kai-vision-platform/src/components/Search/SearchResultsList.tsx",
	"owner": "eslint",
	"code": "import/order",
	"severity": 4,
	"message": "There should be at least one empty line between import groups",
	"source": "eslint",
	"startLineNumber": 28,
	"startColumn": 1,
	"endLineNumber": 28,
	"endColumn": 1
},{
	"resource": "/c:/Users/basil/Desktop/material-kai-vision-platform/src/components/Search/SearchResultsList.tsx",
	"owner": "eslint",
	"code": "import/order",
	"severity": 4,
	"message": "`@/services/qualityBasedRankingService` import should occur before import of `./SearchResultCard`",
	"source": "eslint",
	"startLineNumber": 29,
	"startColumn": 1,
	"endLineNumber": 29,
	"endColumn": 1
},{
	"resource": "/c:/Users/basil/Desktop/material-kai-vision-platform/src/components/Search/SemanticSearch.tsx",
	"owner": "eslint",
	"code": "no-console",
	"severity": 4,
	"message": "Unexpected console statement",
	"source": "eslint",
	"startLineNumber": 85,
	"startColumn": 5,
	"endLineNumber": 85,
	"endColumn": 5
},{
	"resource": "/c:/Users/basil/Desktop/material-kai-vision-platform/src/components/Search/SemanticSearch.tsx",
	"owner": "eslint",
	"code": "comma-dangle",
	"severity": 4,
	"message": "Missing trailing comma",
	"source": "eslint",
	"startLineNumber": 94,
	"startColumn": 32,
	"endLineNumber": 94,
	"endColumn": 32
},{
	"resource": "/c:/Users/basil/Desktop/material-kai-vision-platform/src/components/Search/SemanticSearch.tsx",
	"owner": "eslint",
	"code": "comma-dangle",
	"severity": 4,
	"message": "Missing trailing comma",
	"source": "eslint",
	"startLineNumber": 95,
	"startColumn": 8,
	"endLineNumber": 95,
	"endColumn": 8
},{
	"resource": "/c:/Users/basil/Desktop/material-kai-vision-platform/src/components/Search/SemanticSearch.tsx",
	"owner": "eslint",
	"code": "no-console",
	"severity": 4,
	"message": "Unexpected console statement",
	"source": "eslint",
	"startLineNumber": 99,
	"startColumn": 7,
	"endLineNumber": 99,
	"endColumn": 7
},{
	"resource": "/c:/Users/basil/Desktop/material-kai-vision-platform/src/components/Search/SemanticSearch.tsx",
	"owner": "eslint",
	"code": "@typescript-eslint/no-explicit-any",
	"severity": 4,
	"message": "Unexpected any. Specify a different type",
	"source": "eslint",
	"startLineNumber": 107,
	"startColumn": 33,
	"endLineNumber": 107,
	"endColumn": 33
},{
	"resource": "/c:/Users/basil/Desktop/material-kai-vision-platform/src/components/Search/SemanticSearch.tsx",
	"owner": "eslint",
	"code": "comma-dangle",
	"severity": 4,
	"message": "Missing trailing comma",
	"source": "eslint",
	"startLineNumber": 124,
	"startColumn": 33,
	"endLineNumber": 124,
	"endColumn": 33
},{
	"resource": "/c:/Users/basil/Desktop/material-kai-vision-platform/src/components/Search/SemanticSearch.tsx",
	"owner": "eslint",
	"code": "no-console",
	"severity": 4,
	"message": "Unexpected console statement",
	"source": "eslint",
	"startLineNumber": 131,
	"startColumn": 5,
	"endLineNumber": 131,
	"endColumn": 5
},{
	"resource": "/c:/Users/basil/Desktop/material-kai-vision-platform/src/components/Search/SemanticSearch.tsx",
	"owner": "eslint",
	"code": "no-console",
	"severity": 4,
	"message": "Unexpected console statement",
	"source": "eslint",
	"startLineNumber": 135,
	"startColumn": 5,
	"endLineNumber": 135,
	"endColumn": 5
},{
	"resource": "/c:/Users/basil/Desktop/material-kai-vision-platform/src/components/Search/SemanticSearch.tsx",
	"owner": "eslint",
	"code": "no-console",
	"severity": 4,
	"message": "Unexpected console statement",
	"source": "eslint",
	"startLineNumber": 213,
	"startColumn": 7,
	"endLineNumber": 213,
	"endColumn": 7
},{
	"resource": "/c:/Users/basil/Desktop/material-kai-vision-platform/src/components/Search/SemanticSearchInput.tsx",
	"owner": "eslint",
	"code": "no-console",
	"severity": 4,
	"message": "Unexpected console statement",
	"source": "eslint",
	"startLineNumber": 136,
	"startColumn": 5,
	"endLineNumber": 136,
	"endColumn": 5
},{
	"resource": "/c:/Users/basil/Desktop/material-kai-vision-platform/src/components/Search/SemanticSearchInput.tsx",
	"owner": "eslint",
	"code": "no-console",
	"severity": 4,
	"message": "Unexpected console statement",
	"source": "eslint",
	"startLineNumber": 184,
	"startColumn": 9,
	"endLineNumber": 184,
	"endColumn": 9
},{
	"resource": "/c:/Users/basil/Desktop/material-kai-vision-platform/src/components/Search/UnifiedSearchInterface.tsx",
	"owner": "eslint",
	"code": "",
	"severity": 4,
	"message": "Missing trailing comma",
	"source": "eslint",
	"startLineNumber": 85,
	"startColumn": 15,
	"endLineNumber": 85,
	"endColumn": 15
},{
	"resource": "/c:/Users/basil/Desktop/material-kai-vision-platform/src/components/Shopping/ShoppingCart.tsx",
	"owner": "eslint",
	"code": "import/order",
	"severity": 4,
	"message": "There should be at least one empty line between import groups",
	"source": "eslint",
	"startLineNumber": 1,
	"startColumn": 1,
	"endLineNumber": 1,
	"endColumn": 1
},{
	"resource": "/c:/Users/basil/Desktop/material-kai-vision-platform/src/components/Shopping/ShoppingCart.tsx",
	"owner": "eslint",
	"code": "react-hooks/exhaustive-deps",
	"severity": 4,
	"message": "React Hook useEffect has a missing dependency: 'loadCart'. Either include it or remove the dependency array",
	"source": "eslint",
	"startLineNumber": 22,
	"startColumn": 6,
	"endLineNumber": 22,
	"endColumn": 6
},{
	"resource": "/c:/Users/basil/Desktop/material-kai-vision-platform/src/components/SVBRDF/SVBRDFExtractionPage.tsx",
	"owner": "eslint",
	"code": "no-console",
	"severity": 4,
	"message": "Unexpected console statement",
	"source": "eslint",
	"startLineNumber": 105,
	"startColumn": 7,
	"endLineNumber": 105,
	"endColumn": 7
},{
	"resource": "/c:/Users/basil/Desktop/material-kai-vision-platform/src/components/SVBRDF/SVBRDFExtractionPage.tsx",
	"owner": "eslint",
	"code": "no-console",
	"severity": 4,
	"message": "Unexpected console statement",
	"source": "eslint",
	"startLineNumber": 122,
	"startColumn": 7,
	"endLineNumber": 122,
	"endColumn": 7
},{
	"resource": "/c:/Users/basil/Desktop/material-kai-vision-platform/src/components/SVBRDF/SVBRDFExtractionPage.tsx",
	"owner": "eslint",
	"code": "@typescript-eslint/no-explicit-any",
	"severity": 4,
	"message": "Unexpected any. Specify a different type",
	"source": "eslint",
	"startLineNumber": 322,
	"startColumn": 68,
	"endLineNumber": 322,
	"endColumn": 68
},{
	"resource": "/c:/Users/basil/Desktop/material-kai-vision-platform/src/components/SVBRDF/SVBRDFExtractionPage.tsx",
	"owner": "eslint",
	"code": "@typescript-eslint/no-explicit-any",
	"severity": 4,
	"message": "Unexpected any. Specify a different type",
	"source": "eslint",
	"startLineNumber": 328,
	"startColumn": 68,
	"endLineNumber": 328,
	"endColumn": 68
},{
	"resource": "/c:/Users/basil/Desktop/material-kai-vision-platform/src/components/SVBRDF/SVBRDFExtractionPage.tsx",
	"owner": "eslint",
	"code": "@typescript-eslint/no-explicit-any",
	"severity": 4,
	"message": "Unexpected any. Specify a different type",
	"source": "eslint",
	"startLineNumber": 334,
	"startColumn": 69,
	"endLineNumber": 334,
	"endColumn": 69
},{
	"resource": "/c:/Users/basil/Desktop/material-kai-vision-platform/src/components/SVBRDF/SVBRDFExtractionPage.tsx",
	"owner": "eslint",
	"code": "@typescript-eslint/no-explicit-any",
	"severity": 4,
	"message": "Unexpected any. Specify a different type",
	"source": "eslint",
	"startLineNumber": 340,
	"startColumn": 69,
	"endLineNumber": 340,
	"endColumn": 69
},{
	"resource": "/c:/Users/basil/Desktop/material-kai-vision-platform/src/components/SVBRDF/SVBRDFExtractionPage.tsx",
	"owner": "eslint",
	"code": "@typescript-eslint/no-explicit-any",
	"severity": 4,
	"message": "Unexpected any. Specify a different type",
	"source": "eslint",
	"startLineNumber": 397,
	"startColumn": 56,
	"endLineNumber": 397,
	"endColumn": 56
},{
	"resource": "/c:/Users/basil/Desktop/material-kai-vision-platform/src/components/ui/chart.tsx",
	"owner": "eslint",
	"code": "@typescript-eslint/no-explicit-any",
	"severity": 4,
	"message": "Unexpected any. Specify a different type",
	"source": "eslint",
	"startLineNumber": 59,
	"startColumn": 24,
	"endLineNumber": 59,
	"endColumn": 24
},{
	"resource": "/c:/Users/basil/Desktop/material-kai-vision-platform/src/components/ui/chart.tsx",
	"owner": "eslint",
	"code": "@typescript-eslint/no-explicit-any",
	"severity": 4,
	"message": "Unexpected any. Specify a different type",
	"source": "eslint",
	"startLineNumber": 191,
	"startColumn": 62,
	"endLineNumber": 191,
	"endColumn": 62
},{
	"resource": "/c:/Users/basil/Desktop/material-kai-vision-platform/src/components/ui/chart.tsx",
	"owner": "eslint",
	"code": "@typescript-eslint/no-explicit-any",
	"severity": 4,
	"message": "Unexpected any. Specify a different type",
	"source": "eslint",
	"startLineNumber": 202,
	"startColumn": 43,
	"endLineNumber": 202,
	"endColumn": 43
},{
	"resource": "/c:/Users/basil/Desktop/material-kai-vision-platform/src/components/ui/chart.tsx",
	"owner": "eslint",
	"code": "@typescript-eslint/no-explicit-any",
	"severity": 4,
	"message": "Unexpected any. Specify a different type",
	"source": "eslint",
	"startLineNumber": 202,
	"startColumn": 61,
	"endLineNumber": 202,
	"endColumn": 61
},{
	"resource": "/c:/Users/basil/Desktop/material-kai-vision-platform/src/components/ui/chart.tsx",
	"owner": "eslint",
	"code": "@typescript-eslint/no-explicit-any",
	"severity": 4,
	"message": "Unexpected any. Specify a different type",
	"source": "eslint",
	"startLineNumber": 202,
	"startColumn": 96,
	"endLineNumber": 202,
	"endColumn": 96
},{
	"resource": "/c:/Users/basil/Desktop/material-kai-vision-platform/src/components/ui/chart.tsx",
	"owner": "eslint",
	"code": "@typescript-eslint/no-explicit-any",
	"severity": 4,
	"message": "Unexpected any. Specify a different type",
	"source": "eslint",
	"startLineNumber": 241,
	"startColumn": 39,
	"endLineNumber": 241,
	"endColumn": 39
},{
	"resource": "/c:/Users/basil/Desktop/material-kai-vision-platform/src/config/apiConfig.ts",
	"owner": "eslint",
	"code": "no-console",
	"severity": 4,
	"message": "Unexpected console statement",
	"source": "eslint",
	"startLineNumber": 117,
	"startColumn": 5,
	"endLineNumber": 117,
	"endColumn": 5
},{
	"resource": "/c:/Users/basil/Desktop/material-kai-vision-platform/src/config/apiConfig.ts",
	"owner": "eslint",
	"code": "no-console",
	"severity": 4,
	"message": "Unexpected console statement",
	"source": "eslint",
	"startLineNumber": 154,
	"startColumn": 5,
	"endLineNumber": 154,
	"endColumn": 5
},{
	"resource": "/c:/Users/basil/Desktop/material-kai-vision-platform/src/config/apiConfig.ts",
	"owner": "eslint",
	"code": "no-console",
	"severity": 4,
	"message": "Unexpected console statement",
	"source": "eslint",
	"startLineNumber": 155,
	"startColumn": 5,
	"endLineNumber": 155,
	"endColumn": 5
},{
	"resource": "/c:/Users/basil/Desktop/material-kai-vision-platform/src/config/apiConfig.ts",
	"owner": "eslint",
	"code": "no-console",
	"severity": 4,
	"message": "Unexpected console statement",
	"source": "eslint",
	"startLineNumber": 163,
	"startColumn": 7,
	"endLineNumber": 163,
	"endColumn": 7
},{
	"resource": "/c:/Users/basil/Desktop/material-kai-vision-platform/src/config/apiConfig.ts",
	"owner": "eslint",
	"code": "no-console",
	"severity": 4,
	"message": "Unexpected console statement",
	"source": "eslint",
	"startLineNumber": 187,
	"startColumn": 9,
	"endLineNumber": 187,
	"endColumn": 9
},{
	"resource": "/c:/Users/basil/Desktop/material-kai-vision-platform/src/config/apiConfig.ts",
	"owner": "eslint",
	"code": "no-console",
	"severity": 4,
	"message": "Unexpected console statement",
	"source": "eslint",
	"startLineNumber": 192,
	"startColumn": 7,
	"endLineNumber": 192,
	"endColumn": 7
},{
	"resource": "/c:/Users/basil/Desktop/material-kai-vision-platform/src/config/browserApiConfig.ts",
	"owner": "eslint",
	"code": "no-trailing-spaces",
	"severity": 4,
	"message": "Trailing spaces not allowed",
	"source": "eslint",
	"startLineNumber": 3,
	"startColumn": 3,
	"endLineNumber": 3,
	"endColumn": 3
},{
	"resource": "/c:/Users/basil/Desktop/material-kai-vision-platform/src/config/configFactory.ts",
	"owner": "eslint",
	"code": "no-console",
	"severity": 4,
	"message": "Unexpected console statement",
	"source": "eslint",
	"startLineNumber": 74,
	"startColumn": 7,
	"endLineNumber": 74,
	"endColumn": 7
},{
	"resource": "/c:/Users/basil/Desktop/material-kai-vision-platform/src/config/configFactory.ts",
	"owner": "eslint",
	"code": "no-console",
	"severity": 4,
	"message": "Unexpected console statement",
	"source": "eslint",
	"startLineNumber": 217,
	"startColumn": 9,
	"endLineNumber": 217,
	"endColumn": 9
},{
	"resource": "/c:/Users/basil/Desktop/material-kai-vision-platform/src/config/configFactory.ts",
	"owner": "eslint",
	"code": "no-console",
	"severity": 4,
	"message": "Unexpected console statement",
	"source": "eslint",
	"startLineNumber": 228,
	"startColumn": 7,
	"endLineNumber": 228,
	"endColumn": 7
},{
	"resource": "/c:/Users/basil/Desktop/material-kai-vision-platform/src/config/configFactory.ts",
	"owner": "eslint",
	"code": "no-console",
	"severity": 4,
	"message": "Unexpected console statement",
	"source": "eslint",
	"startLineNumber": 232,
	"startColumn": 7,
	"endLineNumber": 232,
	"endColumn": 7
},{
	"resource": "/c:/Users/basil/Desktop/material-kai-vision-platform/src/config/configFactory.ts",
	"owner": "eslint",
	"code": "no-console",
	"severity": 4,
	"message": "Unexpected console statement",
	"source": "eslint",
	"startLineNumber": 258,
	"startColumn": 11,
	"endLineNumber": 258,
	"endColumn": 11
},{
	"resource": "/c:/Users/basil/Desktop/material-kai-vision-platform/src/config/configFactory.ts",
	"owner": "eslint",
	"code": "no-console",
	"severity": 4,
	"message": "Unexpected console statement",
	"source": "eslint",
	"startLineNumber": 260,
	"startColumn": 11,
	"endLineNumber": 260,
	"endColumn": 11
},{
	"resource": "/c:/Users/basil/Desktop/material-kai-vision-platform/src/config/configFactory.ts",
	"owner": "eslint",
	"code": "no-console",
	"severity": 4,
	"message": "Unexpected console statement",
	"source": "eslint",
	"startLineNumber": 262,
	"startColumn": 11,
	"endLineNumber": 262,
	"endColumn": 11
},{
	"resource": "/c:/Users/basil/Desktop/material-kai-vision-platform/src/config/configFactory.ts",
	"owner": "eslint",
	"code": "no-console",
	"severity": 4,
	"message": "Unexpected console statement",
	"source": "eslint",
	"startLineNumber": 274,
	"startColumn": 15,
	"endLineNumber": 274,
	"endColumn": 15
},{
	"resource": "/c:/Users/basil/Desktop/material-kai-vision-platform/src/config/configFactory.ts",
	"owner": "eslint",
	"code": "no-console",
	"severity": 4,
	"message": "Unexpected console statement",
	"source": "eslint",
	"startLineNumber": 280,
	"startColumn": 11,
	"endLineNumber": 280,
	"endColumn": 11
},{
	"resource": "/c:/Users/basil/Desktop/material-kai-vision-platform/src/config/configFactory.ts",
	"owner": "eslint",
	"code": "no-console",
	"severity": 4,
	"message": "Unexpected console statement",
	"source": "eslint",
	"startLineNumber": 283,
	"startColumn": 9,
	"endLineNumber": 283,
	"endColumn": 9
},{
	"resource": "/c:/Users/basil/Desktop/material-kai-vision-platform/src/config/embeddingConfig.ts",
	"owner": "eslint",
	"code": "no-trailing-spaces",
	"severity": 4,
	"message": "Trailing spaces not allowed",
	"source": "eslint",
	"startLineNumber": 3,
	"startColumn": 3,
	"endLineNumber": 3,
	"endColumn": 3
},{
	"resource": "/c:/Users/basil/Desktop/material-kai-vision-platform/src/config/embeddingConfig.ts",
	"owner": "eslint",
	"code": "no-trailing-spaces",
	"severity": 4,
	"message": "Trailing spaces not allowed",
	"source": "eslint",
	"startLineNumber": 121,
	"startColumn": 1,
	"endLineNumber": 121,
	"endColumn": 1
},{
	"resource": "/c:/Users/basil/Desktop/material-kai-vision-platform/src/config/embeddingConfig.ts",
	"owner": "eslint",
	"code": "no-trailing-spaces",
	"severity": 4,
	"message": "Trailing spaces not allowed",
	"source": "eslint",
	"startLineNumber": 199,
	"startColumn": 25,
	"endLineNumber": 199,
	"endColumn": 25
},{
	"resource": "/c:/Users/basil/Desktop/material-kai-vision-platform/src/config/embeddingConfig.ts",
	"owner": "eslint",
	"code": "comma-dangle",
	"severity": 4,
	"message": "Missing trailing comma",
	"source": "eslint",
	"startLineNumber": 200,
	"startColumn": 33,
	"endLineNumber": 200,
	"endColumn": 33
},{
	"resource": "/c:/Users/basil/Desktop/material-kai-vision-platform/src/config/embeddingConfig.ts",
	"owner": "eslint",
	"code": "no-trailing-spaces",
	"severity": 4,
	"message": "Trailing spaces not allowed",
	"source": "eslint",
	"startLineNumber": 204,
	"startColumn": 15,
	"endLineNumber": 204,
	"endColumn": 15
},{
	"resource": "/c:/Users/basil/Desktop/material-kai-vision-platform/src/config/embeddingConfig.ts",
	"owner": "eslint",
	"code": "no-trailing-spaces",
	"severity": 4,
	"message": "Trailing spaces not allowed",
	"source": "eslint",
	"startLineNumber": 205,
	"startColumn": 22,
	"endLineNumber": 205,
	"endColumn": 22
},{
	"resource": "/c:/Users/basil/Desktop/material-kai-vision-platform/src/config/embeddingConfig.ts",
	"owner": "eslint",
	"code": "no-trailing-spaces",
	"severity": 4,
	"message": "Trailing spaces not allowed",
	"source": "eslint",
	"startLineNumber": 206,
	"startColumn": 92,
	"endLineNumber": 206,
	"endColumn": 92
},{
	"resource": "/c:/Users/basil/Desktop/material-kai-vision-platform/src/config/embeddingConfig.ts",
	"owner": "eslint",
	"code": "comma-dangle",
	"severity": 4,
	"message": "Missing trailing comma",
	"source": "eslint",
	"startLineNumber": 206,
	"startColumn": 92,
	"endLineNumber": 206,
	"endColumn": 92
},{
	"resource": "/c:/Users/basil/Desktop/material-kai-vision-platform/src/config/embeddingConfig.ts",
	"owner": "eslint",
	"code": "no-trailing-spaces",
	"severity": 4,
	"message": "Trailing spaces not allowed",
	"source": "eslint",
	"startLineNumber": 236,
	"startColumn": 1,
	"endLineNumber": 236,
	"endColumn": 1
},{
	"resource": "/c:/Users/basil/Desktop/material-kai-vision-platform/src/config/index.ts",
	"owner": "eslint",
	"code": "import/order",
	"severity": 4,
	"message": "There should be no empty line within import group",
	"source": "eslint",
	"startLineNumber": 16,
	"startColumn": 1,
	"endLineNumber": 16,
	"endColumn": 1
},{
	"resource": "/c:/Users/basil/Desktop/material-kai-vision-platform/src/config/index.ts",
	"owner": "eslint",
	"code": "no-console",
	"severity": 4,
	"message": "Unexpected console statement",
	"source": "eslint",
	"startLineNumber": 37,
	"startColumn": 5,
	"endLineNumber": 37,
	"endColumn": 5
},{
	"resource": "/c:/Users/basil/Desktop/material-kai-vision-platform/src/config/index.ts",
	"owner": "eslint",
	"code": "no-console",
	"severity": 4,
	"message": "Unexpected console statement",
	"source": "eslint",
	"startLineNumber": 38,
	"startColumn": 5,
	"endLineNumber": 38,
	"endColumn": 5
},{
	"resource": "/c:/Users/basil/Desktop/material-kai-vision-platform/src/config/index.ts",
	"owner": "eslint",
	"code": "no-console",
	"severity": 4,
	"message": "Unexpected console statement",
	"source": "eslint",
	"startLineNumber": 39,
	"startColumn": 5,
	"endLineNumber": 39,
	"endColumn": 5
},{
	"resource": "/c:/Users/basil/Desktop/material-kai-vision-platform/src/config/index.ts",
	"owner": "eslint",
	"code": "no-console",
	"severity": 4,
	"message": "Unexpected console statement",
	"source": "eslint",
	"startLineNumber": 43,
	"startColumn": 5,
	"endLineNumber": 43,
	"endColumn": 5
},{
	"resource": "/c:/Users/basil/Desktop/material-kai-vision-platform/src/config/index.ts",
	"owner": "eslint",
	"code": "no-console",
	"severity": 4,
	"message": "Unexpected console statement",
	"source": "eslint",
	"startLineNumber": 101,
	"startColumn": 3,
	"endLineNumber": 101,
	"endColumn": 3
},{
	"resource": "/c:/Users/basil/Desktop/material-kai-vision-platform/src/config/index.ts",
	"owner": "eslint",
	"code": "no-console",
	"severity": 4,
	"message": "Unexpected console statement",
	"source": "eslint",
	"startLineNumber": 190,
	"startColumn": 9,
	"endLineNumber": 190,
	"endColumn": 9
},{
	"resource": "/c:/Users/basil/Desktop/material-kai-vision-platform/src/config/index.ts",
	"owner": "eslint",
	"code": "no-console",
	"severity": 4,
	"message": "Unexpected console statement",
	"source": "eslint",
	"startLineNumber": 377,
	"startColumn": 3,
	"endLineNumber": 377,
	"endColumn": 3
},{
	"resource": "/c:/Users/basil/Desktop/material-kai-vision-platform/src/config/index.ts",
	"owner": "eslint",
	"code": "no-console",
	"severity": 4,
	"message": "Unexpected console statement",
	"source": "eslint",
	"startLineNumber": 388,
	"startColumn": 5,
	"endLineNumber": 388,
	"endColumn": 5
},{
	"resource": "/c:/Users/basil/Desktop/material-kai-vision-platform/src/config/index.ts",
	"owner": "eslint",
	"code": "no-console",
	"severity": 4,
	"message": "Unexpected console statement",
	"source": "eslint",
	"startLineNumber": 389,
	"startColumn": 5,
	"endLineNumber": 389,
	"endColumn": 5
},{
	"resource": "/c:/Users/basil/Desktop/material-kai-vision-platform/src/config/monitoring.ts",
	"owner": "eslint",
	"code": "no-trailing-spaces",
	"severity": 4,
	"message": "Trailing spaces not allowed",
	"source": "eslint",
	"startLineNumber": 3,
	"startColumn": 3,
	"endLineNumber": 3,
	"endColumn": 3
},{
	"resource": "/c:/Users/basil/Desktop/material-kai-vision-platform/src/config/monitoring.ts",
	"owner": "eslint",
	"code": "no-trailing-spaces",
	"severity": 4,
	"message": "Trailing spaces not allowed",
	"source": "eslint",
	"startLineNumber": 19,
	"startColumn": 1,
	"endLineNumber": 19,
	"endColumn": 1
},{
	"resource": "/c:/Users/basil/Desktop/material-kai-vision-platform/src/config/monitoring.ts",
	"owner": "eslint",
	"code": "no-trailing-spaces",
	"severity": 4,
	"message": "Trailing spaces not allowed",
	"source": "eslint",
	"startLineNumber": 25,
	"startColumn": 1,
	"endLineNumber": 25,
	"endColumn": 1
},{
	"resource": "/c:/Users/basil/Desktop/material-kai-vision-platform/src/config/monitoring.ts",
	"owner": "eslint",
	"code": "no-trailing-spaces",
	"severity": 4,
	"message": "Trailing spaces not allowed",
	"source": "eslint",
	"startLineNumber": 40,
	"startColumn": 1,
	"endLineNumber": 40,
	"endColumn": 1
},{
	"resource": "/c:/Users/basil/Desktop/material-kai-vision-platform/src/config/monitoring.ts",
	"owner": "eslint",
	"code": "no-trailing-spaces",
	"severity": 4,
	"message": "Trailing spaces not allowed",
	"source": "eslint",
	"startLineNumber": 45,
	"startColumn": 1,
	"endLineNumber": 45,
	"endColumn": 1
},{
	"resource": "/c:/Users/basil/Desktop/material-kai-vision-platform/src/config/monitoring.ts",
	"owner": "eslint",
	"code": "no-trailing-spaces",
	"severity": 4,
	"message": "Trailing spaces not allowed",
	"source": "eslint",
	"startLineNumber": 48,
	"startColumn": 1,
	"endLineNumber": 48,
	"endColumn": 1
},{
	"resource": "/c:/Users/basil/Desktop/material-kai-vision-platform/src/config/monitoring.ts",
	"owner": "eslint",
	"code": "no-trailing-spaces",
	"severity": 4,
	"message": "Trailing spaces not allowed",
	"source": "eslint",
	"startLineNumber": 62,
	"startColumn": 1,
	"endLineNumber": 62,
	"endColumn": 1
},{
	"resource": "/c:/Users/basil/Desktop/material-kai-vision-platform/src/config/monitoring.ts",
	"owner": "eslint",
	"code": "no-trailing-spaces",
	"severity": 4,
	"message": "Trailing spaces not allowed",
	"source": "eslint",
	"startLineNumber": 69,
	"startColumn": 1,
	"endLineNumber": 69,
	"endColumn": 1
},{
	"resource": "/c:/Users/basil/Desktop/material-kai-vision-platform/src/config/monitoring.ts",
	"owner": "eslint",
	"code": "no-trailing-spaces",
	"severity": 4,
	"message": "Trailing spaces not allowed",
	"source": "eslint",
	"startLineNumber": 76,
	"startColumn": 1,
	"endLineNumber": 76,
	"endColumn": 1
},{
	"resource": "/c:/Users/basil/Desktop/material-kai-vision-platform/src/config/monitoring.ts",
	"owner": "eslint",
	"code": "no-trailing-spaces",
	"severity": 4,
	"message": "Trailing spaces not allowed",
	"source": "eslint",
	"startLineNumber": 83,
	"startColumn": 1,
	"endLineNumber": 83,
	"endColumn": 1
},{
	"resource": "/c:/Users/basil/Desktop/material-kai-vision-platform/src/contexts/AuthContext.tsx",
	"owner": "eslint",
	"code": "@typescript-eslint/no-explicit-any",
	"severity": 4,
	"message": "Unexpected any. Specify a different type",
	"source": "eslint",
	"startLineNumber": 3,
	"startColumn": 13,
	"endLineNumber": 3,
	"endColumn": 13
},{
	"resource": "/c:/Users/basil/Desktop/material-kai-vision-platform/src/contexts/AuthContext.tsx",
	"owner": "eslint",
	"code": "@typescript-eslint/no-explicit-any",
	"severity": 4,
	"message": "Unexpected any. Specify a different type",
	"source": "eslint",
	"startLineNumber": 4,
	"startColumn": 16,
	"endLineNumber": 4,
	"endColumn": 16
},{
	"resource": "/c:/Users/basil/Desktop/material-kai-vision-platform/src/contexts/AuthContext.tsx",
	"owner": "eslint",
	"code": "@typescript-eslint/no-explicit-any",
	"severity": 4,
	"message": "Unexpected any. Specify a different type",
	"source": "eslint",
	"startLineNumber": 5,
	"startColumn": 18,
	"endLineNumber": 5,
	"endColumn": 18
},{
	"resource": "/c:/Users/basil/Desktop/material-kai-vision-platform/src/contexts/AuthContext.tsx",
	"owner": "eslint",
	"code": "@typescript-eslint/no-explicit-any",
	"severity": 4,
	"message": "Unexpected any. Specify a different type",
	"source": "eslint",
	"startLineNumber": 40,
	"startColumn": 11,
	"endLineNumber": 40,
	"endColumn": 11
},{
	"resource": "/c:/Users/basil/Desktop/material-kai-vision-platform/src/contexts/AuthContext.tsx",
	"owner": "eslint",
	"code": "@typescript-eslint/no-explicit-any",
	"severity": 4,
	"message": "Unexpected any. Specify a different type",
	"source": "eslint",
	"startLineNumber": 40,
	"startColumn": 25,
	"endLineNumber": 40,
	"endColumn": 25
},{
	"resource": "/c:/Users/basil/Desktop/material-kai-vision-platform/src/contexts/AuthContext.tsx",
	"owner": "eslint",
	"code": "@typescript-eslint/no-explicit-any",
	"severity": 4,
	"message": "Unexpected any. Specify a different type",
	"source": "eslint",
	"startLineNumber": 48,
	"startColumn": 80,
	"endLineNumber": 48,
	"endColumn": 80
},{
	"resource": "/c:/Users/basil/Desktop/material-kai-vision-platform/src/core/errors/ErrorLogger.ts",
	"owner": "eslint",
	"code": "no-console",
	"severity": 4,
	"message": "Unexpected console statement",
	"source": "eslint",
	"startLineNumber": 177,
	"startColumn": 9,
	"endLineNumber": 177,
	"endColumn": 9
},{
	"resource": "/c:/Users/basil/Desktop/material-kai-vision-platform/src/core/errors/ErrorLogger.ts",
	"owner": "eslint",
	"code": "no-console",
	"severity": 4,
	"message": "Unexpected console statement",
	"source": "eslint",
	"startLineNumber": 180,
	"startColumn": 9,
	"endLineNumber": 180,
	"endColumn": 9
},{
	"resource": "/c:/Users/basil/Desktop/material-kai-vision-platform/src/core/errors/ErrorLogger.ts",
	"owner": "eslint",
	"code": "no-console",
	"severity": 4,
	"message": "Unexpected console statement",
	"source": "eslint",
	"startLineNumber": 183,
	"startColumn": 9,
	"endLineNumber": 183,
	"endColumn": 9
},{
	"resource": "/c:/Users/basil/Desktop/material-kai-vision-platform/src/core/errors/ErrorLogger.ts",
	"owner": "eslint",
	"code": "no-console",
	"severity": 4,
	"message": "Unexpected console statement",
	"source": "eslint",
	"startLineNumber": 186,
	"startColumn": 9,
	"endLineNumber": 186,
	"endColumn": 9
},{
	"resource": "/c:/Users/basil/Desktop/material-kai-vision-platform/src/debug/cors-debug.ts",
	"owner": "eslint",
	"code": "no-console",
	"severity": 4,
	"message": "Unexpected console statement",
	"source": "eslint",
	"startLineNumber": 3,
	"startColumn": 3,
	"endLineNumber": 3,
	"endColumn": 3
},{
	"resource": "/c:/Users/basil/Desktop/material-kai-vision-platform/src/debug/cors-debug.ts",
	"owner": "eslint",
	"code": "no-trailing-spaces",
	"severity": 4,
	"message": "Trailing spaces not allowed",
	"source": "eslint",
	"startLineNumber": 4,
	"startColumn": 1,
	"endLineNumber": 4,
	"endColumn": 1
},{
	"resource": "/c:/Users/basil/Desktop/material-kai-vision-platform/src/debug/cors-debug.ts",
	"owner": "eslint",
	"code": "@typescript-eslint/no-explicit-any",
	"severity": 4,
	"message": "Unexpected any. Specify a different type",
	"source": "eslint",
	"startLineNumber": 6,
	"startColumn": 39,
	"endLineNumber": 6,
	"endColumn": 39
},{
	"resource": "/c:/Users/basil/Desktop/material-kai-vision-platform/src/debug/cors-debug.ts",
	"owner": "eslint",
	"code": "@typescript-eslint/no-explicit-any",
	"severity": 4,
	"message": "Unexpected any. Specify a different type",
	"source": "eslint",
	"startLineNumber": 7,
	"startColumn": 39,
	"endLineNumber": 7,
	"endColumn": 39
},{
	"resource": "/c:/Users/basil/Desktop/material-kai-vision-platform/src/debug/cors-debug.ts",
	"owner": "eslint",
	"code": "no-trailing-spaces",
	"severity": 4,
	"message": "Trailing spaces not allowed",
	"source": "eslint",
	"startLineNumber": 8,
	"startColumn": 1,
	"endLineNumber": 8,
	"endColumn": 1
},{
	"resource": "/c:/Users/basil/Desktop/material-kai-vision-platform/src/debug/cors-debug.ts",
	"owner": "eslint",
	"code": "no-console",
	"severity": 4,
	"message": "Unexpected console statement",
	"source": "eslint",
	"startLineNumber": 9,
	"startColumn": 3,
	"endLineNumber": 9,
	"endColumn": 3
},{
	"resource": "/c:/Users/basil/Desktop/material-kai-vision-platform/src/debug/cors-debug.ts",
	"owner": "eslint",
	"code": "no-console",
	"severity": 4,
	"message": "Unexpected console statement",
	"source": "eslint",
	"startLineNumber": 10,
	"startColumn": 3,
	"endLineNumber": 10,
	"endColumn": 3
},{
	"resource": "/c:/Users/basil/Desktop/material-kai-vision-platform/src/debug/cors-debug.ts",
	"owner": "eslint",
	"code": "no-console",
	"severity": 4,
	"message": "Unexpected console statement",
	"source": "eslint",
	"startLineNumber": 11,
	"startColumn": 3,
	"endLineNumber": 11,
	"endColumn": 3
},{
	"resource": "/c:/Users/basil/Desktop/material-kai-vision-platform/src/debug/cors-debug.ts",
	"owner": "eslint",
	"code": "no-console",
	"severity": 4,
	"message": "Unexpected console statement",
	"source": "eslint",
	"startLineNumber": 12,
	"startColumn": 3,
	"endLineNumber": 12,
	"endColumn": 3
},{
	"resource": "/c:/Users/basil/Desktop/material-kai-vision-platform/src/debug/cors-debug.ts",
	"owner": "eslint",
	"code": "no-console",
	"severity": 4,
	"message": "Unexpected console statement",
	"source": "eslint",
	"startLineNumber": 13,
	"startColumn": 3,
	"endLineNumber": 13,
	"endColumn": 3
},{
	"resource": "/c:/Users/basil/Desktop/material-kai-vision-platform/src/debug/cors-debug.ts",
	"owner": "eslint",
	"code": "no-trailing-spaces",
	"severity": 4,
	"message": "Trailing spaces not allowed",
	"source": "eslint",
	"startLineNumber": 14,
	"startColumn": 1,
	"endLineNumber": 14,
	"endColumn": 1
},{
	"resource": "/c:/Users/basil/Desktop/material-kai-vision-platform/src/debug/cors-debug.ts",
	"owner": "eslint",
	"code": "no-console",
	"severity": 4,
	"message": "Unexpected console statement",
	"source": "eslint",
	"startLineNumber": 16,
	"startColumn": 3,
	"endLineNumber": 16,
	"endColumn": 3
},{
	"resource": "/c:/Users/basil/Desktop/material-kai-vision-platform/src/debug/cors-debug.ts",
	"owner": "eslint",
	"code": "no-trailing-spaces",
	"severity": 4,
	"message": "Trailing spaces not allowed",
	"source": "eslint",
	"startLineNumber": 17,
	"startColumn": 1,
	"endLineNumber": 17,
	"endColumn": 1
},{
	"resource": "/c:/Users/basil/Desktop/material-kai-vision-platform/src/debug/cors-debug.ts",
	"owner": "eslint",
	"code": "no-console",
	"severity": 4,
	"message": "Unexpected console statement",
	"source": "eslint",
	"startLineNumber": 20,
	"startColumn": 5,
	"endLineNumber": 20,
	"endColumn": 5
},{
	"resource": "/c:/Users/basil/Desktop/material-kai-vision-platform/src/debug/cors-debug.ts",
	"owner": "eslint",
	"code": "comma-dangle",
	"severity": 4,
	"message": "Missing trailing comma",
	"source": "eslint",
	"startLineNumber": 27,
	"startColumn": 8,
	"endLineNumber": 27,
	"endColumn": 8
},{
	"resource": "/c:/Users/basil/Desktop/material-kai-vision-platform/src/debug/cors-debug.ts",
	"owner": "eslint",
	"code": "no-trailing-spaces",
	"severity": 4,
	"message": "Trailing spaces not allowed",
	"source": "eslint",
	"startLineNumber": 29,
	"startColumn": 1,
	"endLineNumber": 29,
	"endColumn": 1
},{
	"resource": "/c:/Users/basil/Desktop/material-kai-vision-platform/src/debug/cors-debug.ts",
	"owner": "eslint",
	"code": "no-console",
	"severity": 4,
	"message": "Unexpected console statement",
	"source": "eslint",
	"startLineNumber": 30,
	"startColumn": 5,
	"endLineNumber": 30,
	"endColumn": 5
},{
	"resource": "/c:/Users/basil/Desktop/material-kai-vision-platform/src/debug/cors-debug.ts",
	"owner": "eslint",
	"code": "no-console",
	"severity": 4,
	"message": "Unexpected console statement",
	"source": "eslint",
	"startLineNumber": 31,
	"startColumn": 5,
	"endLineNumber": 31,
	"endColumn": 5
},{
	"resource": "/c:/Users/basil/Desktop/material-kai-vision-platform/src/debug/cors-debug.ts",
	"owner": "eslint",
	"code": "no-console",
	"severity": 4,
	"message": "Unexpected console statement",
	"source": "eslint",
	"startLineNumber": 34,
	"startColumn": 9,
	"endLineNumber": 34,
	"endColumn": 9
},{
	"resource": "/c:/Users/basil/Desktop/material-kai-vision-platform/src/debug/cors-debug.ts",
	"owner": "eslint",
	"code": "no-trailing-spaces",
	"severity": 4,
	"message": "Trailing spaces not allowed",
	"source": "eslint",
	"startLineNumber": 37,
	"startColumn": 1,
	"endLineNumber": 37,
	"endColumn": 1
},{
	"resource": "/c:/Users/basil/Desktop/material-kai-vision-platform/src/debug/cors-debug.ts",
	"owner": "eslint",
	"code": "no-console",
	"severity": 4,
	"message": "Unexpected console statement",
	"source": "eslint",
	"startLineNumber": 39,
	"startColumn": 7,
	"endLineNumber": 39,
	"endColumn": 7
},{
	"resource": "/c:/Users/basil/Desktop/material-kai-vision-platform/src/debug/cors-debug.ts",
	"owner": "eslint",
	"code": "no-trailing-spaces",
	"severity": 4,
	"message": "Trailing spaces not allowed",
	"source": "eslint",
	"startLineNumber": 42,
	"startColumn": 1,
	"endLineNumber": 42,
	"endColumn": 1
},{
	"resource": "/c:/Users/basil/Desktop/material-kai-vision-platform/src/debug/cors-debug.ts",
	"owner": "eslint",
	"code": "no-console",
	"severity": 4,
	"message": "Unexpected console statement",
	"source": "eslint",
	"startLineNumber": 44,
	"startColumn": 5,
	"endLineNumber": 44,
	"endColumn": 5
},{
	"resource": "/c:/Users/basil/Desktop/material-kai-vision-platform/src/debug/cors-debug.ts",
	"owner": "eslint",
	"code": "no-trailing-spaces",
	"severity": 4,
	"message": "Trailing spaces not allowed",
	"source": "eslint",
	"startLineNumber": 48,
	"startColumn": 1,
	"endLineNumber": 48,
	"endColumn": 1
},{
	"resource": "/c:/Users/basil/Desktop/material-kai-vision-platform/src/debug/cors-debug.ts",
	"owner": "eslint",
	"code": "no-console",
	"severity": 4,
	"message": "Unexpected console statement",
	"source": "eslint",
	"startLineNumber": 51,
	"startColumn": 5,
	"endLineNumber": 51,
	"endColumn": 5
},{
	"resource": "/c:/Users/basil/Desktop/material-kai-vision-platform/src/debug/cors-debug.ts",
	"owner": "eslint",
	"code": "comma-dangle",
	"severity": 4,
	"message": "Missing trailing comma",
	"source": "eslint",
	"startLineNumber": 60,
	"startColumn": 20,
	"endLineNumber": 60,
	"endColumn": 20
},{
	"resource": "/c:/Users/basil/Desktop/material-kai-vision-platform/src/debug/cors-debug.ts",
	"owner": "eslint",
	"code": "comma-dangle",
	"severity": 4,
	"message": "Missing trailing comma",
	"source": "eslint",
	"startLineNumber": 61,
	"startColumn": 9,
	"endLineNumber": 61,
	"endColumn": 9
},{
	"resource": "/c:/Users/basil/Desktop/material-kai-vision-platform/src/debug/cors-debug.ts",
	"owner": "eslint",
	"code": "no-trailing-spaces",
	"severity": 4,
	"message": "Trailing spaces not allowed",
	"source": "eslint",
	"startLineNumber": 63,
	"startColumn": 1,
	"endLineNumber": 63,
	"endColumn": 1
},{
	"resource": "/c:/Users/basil/Desktop/material-kai-vision-platform/src/debug/cors-debug.ts",
	"owner": "eslint",
	"code": "no-console",
	"severity": 4,
	"message": "Unexpected console statement",
	"source": "eslint",
	"startLineNumber": 64,
	"startColumn": 5,
	"endLineNumber": 64,
	"endColumn": 5
},{
	"resource": "/c:/Users/basil/Desktop/material-kai-vision-platform/src/debug/cors-debug.ts",
	"owner": "eslint",
	"code": "no-console",
	"severity": 4,
	"message": "Unexpected console statement",
	"source": "eslint",
	"startLineNumber": 65,
	"startColumn": 5,
	"endLineNumber": 65,
	"endColumn": 5
},{
	"resource": "/c:/Users/basil/Desktop/material-kai-vision-platform/src/debug/cors-debug.ts",
	"owner": "eslint",
	"code": "no-console",
	"severity": 4,
	"message": "Unexpected console statement",
	"source": "eslint",
	"startLineNumber": 68,
	"startColumn": 9,
	"endLineNumber": 68,
	"endColumn": 9
},{
	"resource": "/c:/Users/basil/Desktop/material-kai-vision-platform/src/debug/cors-debug.ts",
	"owner": "eslint",
	"code": "no-trailing-spaces",
	"severity": 4,
	"message": "Trailing spaces not allowed",
	"source": "eslint",
	"startLineNumber": 71,
	"startColumn": 1,
	"endLineNumber": 71,
	"endColumn": 1
},{
	"resource": "/c:/Users/basil/Desktop/material-kai-vision-platform/src/debug/cors-debug.ts",
	"owner": "eslint",
	"code": "no-console",
	"severity": 4,
	"message": "Unexpected console statement",
	"source": "eslint",
	"startLineNumber": 74,
	"startColumn": 7,
	"endLineNumber": 74,
	"endColumn": 7
},{
	"resource": "/c:/Users/basil/Desktop/material-kai-vision-platform/src/debug/cors-debug.ts",
	"owner": "eslint",
	"code": "no-console",
	"severity": 4,
	"message": "Unexpected console statement",
	"source": "eslint",
	"startLineNumber": 78,
	"startColumn": 7,
	"endLineNumber": 78,
	"endColumn": 7
},{
	"resource": "/c:/Users/basil/Desktop/material-kai-vision-platform/src/debug/cors-debug.ts",
	"owner": "eslint",
	"code": "no-trailing-spaces",
	"severity": 4,
	"message": "Trailing spaces not allowed",
	"source": "eslint",
	"startLineNumber": 81,
	"startColumn": 1,
	"endLineNumber": 81,
	"endColumn": 1
},{
	"resource": "/c:/Users/basil/Desktop/material-kai-vision-platform/src/debug/cors-debug.ts",
	"owner": "eslint",
	"code": "no-console",
	"severity": 4,
	"message": "Unexpected console statement",
	"source": "eslint",
	"startLineNumber": 83,
	"startColumn": 5,
	"endLineNumber": 83,
	"endColumn": 5
},{
	"resource": "/c:/Users/basil/Desktop/material-kai-vision-platform/src/debug/cors-debug.ts",
	"owner": "eslint",
	"code": "no-console",
	"severity": 4,
	"message": "Unexpected console statement",
	"source": "eslint",
	"startLineNumber": 85,
	"startColumn": 5,
	"endLineNumber": 85,
	"endColumn": 5
},{
	"resource": "/c:/Users/basil/Desktop/material-kai-vision-platform/src/debug/cors-debug.ts",
	"owner": "eslint",
	"code": "no-console",
	"severity": 4,
	"message": "Unexpected console statement",
	"source": "eslint",
	"startLineNumber": 86,
	"startColumn": 5,
	"endLineNumber": 86,
	"endColumn": 5
},{
	"resource": "/c:/Users/basil/Desktop/material-kai-vision-platform/src/debug/cors-debug.ts",
	"owner": "eslint",
	"code": "no-console",
	"severity": 4,
	"message": "Unexpected console statement",
	"source": "eslint",
	"startLineNumber": 89,
	"startColumn": 7,
	"endLineNumber": 89,
	"endColumn": 7
},{
	"resource": "/c:/Users/basil/Desktop/material-kai-vision-platform/src/debug/cors-debug.ts",
	"owner": "eslint",
	"code": "no-console",
	"severity": 4,
	"message": "Unexpected console statement",
	"source": "eslint",
	"startLineNumber": 90,
	"startColumn": 7,
	"endLineNumber": 90,
	"endColumn": 7
},{
	"resource": "/c:/Users/basil/Desktop/material-kai-vision-platform/src/debug/cors-debug.ts",
	"owner": "eslint",
	"code": "no-console",
	"severity": 4,
	"message": "Unexpected console statement",
	"source": "eslint",
	"startLineNumber": 91,
	"startColumn": 7,
	"endLineNumber": 91,
	"endColumn": 7
},{
	"resource": "/c:/Users/basil/Desktop/material-kai-vision-platform/src/debug/cors-debug.ts",
	"owner": "eslint",
	"code": "@typescript-eslint/no-explicit-any",
	"severity": 4,
	"message": "Unexpected any. Specify a different type",
	"source": "eslint",
	"startLineNumber": 99,
	"startColumn": 12,
	"endLineNumber": 99,
	"endColumn": 12
},{
	"resource": "/c:/Users/basil/Desktop/material-kai-vision-platform/src/debug/cors-debug.ts",
	"owner": "eslint",
	"code": "no-console",
	"severity": 4,
	"message": "Unexpected console statement",
	"source": "eslint",
	"startLineNumber": 103,
	"startColumn": 3,
	"endLineNumber": 103,
	"endColumn": 3
},{
	"resource": "/c:/Users/basil/Desktop/material-kai-vision-platform/src/di/container.ts",
	"owner": "eslint",
	"code": "no-console",
	"severity": 4,
	"message": "Unexpected console statement",
	"source": "eslint",
	"startLineNumber": 116,
	"startColumn": 11,
	"endLineNumber": 116,
	"endColumn": 11
},{
	"resource": "/c:/Users/basil/Desktop/material-kai-vision-platform/src/di/container.ts",
	"owner": "eslint",
	"code": "@typescript-eslint/no-explicit-any",
	"severity": 4,
	"message": "Unexpected any. Specify a different type",
	"source": "eslint",
	"startLineNumber": 142,
	"startColumn": 33,
	"endLineNumber": 142,
	"endColumn": 33
},{
	"resource": "/c:/Users/basil/Desktop/material-kai-vision-platform/src/di/container.ts",
	"owner": "eslint",
	"code": "no-console",
	"severity": 4,
	"message": "Unexpected console statement",
	"source": "eslint",
	"startLineNumber": 597,
	"startColumn": 7,
	"endLineNumber": 597,
	"endColumn": 7
},{
	"resource": "/c:/Users/basil/Desktop/material-kai-vision-platform/src/di/containerFactory.ts",
	"owner": "eslint",
	"code": "no-console",
	"severity": 4,
	"message": "Unexpected console statement",
	"source": "eslint",
	"startLineNumber": 24,
	"startColumn": 13,
	"endLineNumber": 24,
	"endColumn": 13
},{
	"resource": "/c:/Users/basil/Desktop/material-kai-vision-platform/src/di/containerFactory.ts",
	"owner": "eslint",
	"code": "no-console",
	"severity": 4,
	"message": "Unexpected console statement",
	"source": "eslint",
	"startLineNumber": 30,
	"startColumn": 13,
	"endLineNumber": 30,
	"endColumn": 13
},{
	"resource": "/c:/Users/basil/Desktop/material-kai-vision-platform/src/di/containerFactory.ts",
	"owner": "eslint",
	"code": "no-console",
	"severity": 4,
	"message": "Unexpected console statement",
	"source": "eslint",
	"startLineNumber": 36,
	"startColumn": 13,
	"endLineNumber": 36,
	"endColumn": 13
},{
	"resource": "/c:/Users/basil/Desktop/material-kai-vision-platform/src/di/containerFactory.ts",
	"owner": "eslint",
	"code": "no-console",
	"severity": 4,
	"message": "Unexpected console statement",
	"source": "eslint",
	"startLineNumber": 42,
	"startColumn": 13,
	"endLineNumber": 42,
	"endColumn": 13
},{
	"resource": "/c:/Users/basil/Desktop/material-kai-vision-platform/src/di/interfaces.ts",
	"owner": "eslint",
	"code": "import/order",
	"severity": 4,
	"message": "There should be at least one empty line between import groups",
	"source": "eslint",
	"startLineNumber": 9,
	"startColumn": 1,
	"endLineNumber": 9,
	"endColumn": 1
},{
	"resource": "/c:/Users/basil/Desktop/material-kai-vision-platform/src/hooks/use-toast.ts",
	"owner": "eslint",
	"code": "comma-dangle",
	"severity": 4,
	"message": "Missing trailing comma",
	"source": "eslint",
	"startLineNumber": 187,
	"startColumn": 48,
	"endLineNumber": 187,
	"endColumn": 48
},{
	"resource": "/c:/Users/basil/Desktop/material-kai-vision-platform/src/hooks/useErrorHandler.ts",
	"owner": "eslint",
	"code": "no-trailing-spaces",
	"severity": 4,
	"message": "Trailing spaces not allowed",
	"source": "eslint",
	"startLineNumber": 3,
	"startColumn": 3,
	"endLineNumber": 3,
	"endColumn": 3
},{
	"resource": "/c:/Users/basil/Desktop/material-kai-vision-platform/src/hooks/useErrorHandler.ts",
	"owner": "eslint",
	"code": "import/order",
	"severity": 4,
	"message": "There should be at least one empty line between import groups",
	"source": "eslint",
	"startLineNumber": 8,
	"startColumn": 1,
	"endLineNumber": 8,
	"endColumn": 1
},{
	"resource": "/c:/Users/basil/Desktop/material-kai-vision-platform/src/hooks/useErrorHandler.ts",
	"owner": "eslint",
	"code": "no-console",
	"severity": 4,
	"message": "Unexpected console statement",
	"source": "eslint",
	"startLineNumber": 41,
	"startColumn": 7,
	"endLineNumber": 41,
	"endColumn": 7
},{
	"resource": "/c:/Users/basil/Desktop/material-kai-vision-platform/src/hooks/useErrorHandler.ts",
	"owner": "eslint",
	"code": "no-trailing-spaces",
	"severity": 4,
	"message": "Trailing spaces not allowed",
	"source": "eslint",
	"startLineNumber": 42,
	"startColumn": 1,
	"endLineNumber": 42,
	"endColumn": 1
},{
	"resource": "/c:/Users/basil/Desktop/material-kai-vision-platform/src/hooks/useErrorHandler.ts",
	"owner": "eslint",
	"code": "@typescript-eslint/no-explicit-any",
	"severity": 4,
	"message": "Unexpected any. Specify a different type",
	"source": "eslint",
	"startLineNumber": 51,
	"startColumn": 37,
	"endLineNumber": 51,
	"endColumn": 37
},{
	"resource": "/c:/Users/basil/Desktop/material-kai-vision-platform/src/hooks/useErrorHandler.ts",
	"owner": "eslint",
	"code": "comma-dangle",
	"severity": 4,
	"message": "Missing trailing comma",
	"source": "eslint",
	"startLineNumber": 51,
	"startColumn": 41,
	"endLineNumber": 51,
	"endColumn": 41
},{
	"resource": "/c:/Users/basil/Desktop/material-kai-vision-platform/src/hooks/useErrorHandler.ts",
	"owner": "eslint",
	"code": "no-trailing-spaces",
	"severity": 4,
	"message": "Trailing spaces not allowed",
	"source": "eslint",
	"startLineNumber": 55,
	"startColumn": 1,
	"endLineNumber": 55,
	"endColumn": 1
},{
	"resource": "/c:/Users/basil/Desktop/material-kai-vision-platform/src/hooks/useErrorHandler.ts",
	"owner": "eslint",
	"code": "no-console",
	"severity": 4,
	"message": "Unexpected console statement",
	"source": "eslint",
	"startLineNumber": 69,
	"startColumn": 7,
	"endLineNumber": 69,
	"endColumn": 7
},{
	"resource": "/c:/Users/basil/Desktop/material-kai-vision-platform/src/hooks/useErrorHandler.ts",
	"owner": "eslint",
	"code": "comma-dangle",
	"severity": 4,
	"message": "Missing trailing comma",
	"source": "eslint",
	"startLineNumber": 88,
	"startColumn": 22,
	"endLineNumber": 88,
	"endColumn": 22
},{
	"resource": "/c:/Users/basil/Desktop/material-kai-vision-platform/src/hooks/useErrorHandler.ts",
	"owner": "eslint",
	"code": "@typescript-eslint/no-explicit-any",
	"severity": 4,
	"message": "Unexpected any. Specify a different type",
	"source": "eslint",
	"startLineNumber": 102,
	"startColumn": 57,
	"endLineNumber": 102,
	"endColumn": 57
},{
	"resource": "/c:/Users/basil/Desktop/material-kai-vision-platform/src/hooks/useErrorHandler.ts",
	"owner": "eslint",
	"code": "@typescript-eslint/no-explicit-any",
	"severity": 4,
	"message": "Unexpected any. Specify a different type",
	"source": "eslint",
	"startLineNumber": 102,
	"startColumn": 67,
	"endLineNumber": 102,
	"endColumn": 67
},{
	"resource": "/c:/Users/basil/Desktop/material-kai-vision-platform/src/hooks/useErrorHandler.ts",
	"owner": "eslint",
	"code": "comma-dangle",
	"severity": 4,
	"message": "Missing trailing comma",
	"source": "eslint",
	"startLineNumber": 104,
	"startColumn": 20,
	"endLineNumber": 104,
	"endColumn": 20
},{
	"resource": "/c:/Users/basil/Desktop/material-kai-vision-platform/src/hooks/useErrorHandler.ts",
	"owner": "eslint",
	"code": "no-trailing-spaces",
	"severity": 4,
	"message": "Trailing spaces not allowed",
	"source": "eslint",
	"startLineNumber": 109,
	"startColumn": 1,
	"endLineNumber": 109,
	"endColumn": 1
},{
	"resource": "/c:/Users/basil/Desktop/material-kai-vision-platform/src/hooks/useErrorHandler.ts",
	"owner": "eslint",
	"code": "no-trailing-spaces",
	"severity": 4,
	"message": "Trailing spaces not allowed",
	"source": "eslint",
	"startLineNumber": 117,
	"startColumn": 1,
	"endLineNumber": 117,
	"endColumn": 1
},{
	"resource": "/c:/Users/basil/Desktop/material-kai-vision-platform/src/hooks/useErrorHandler.ts",
	"owner": "eslint",
	"code": "comma-dangle",
	"severity": 4,
	"message": "Missing trailing comma",
	"source": "eslint",
	"startLineNumber": 178,
	"startColumn": 33,
	"endLineNumber": 178,
	"endColumn": 33
},{
	"resource": "/c:/Users/basil/Desktop/material-kai-vision-platform/src/hooks/useErrorHandler.ts",
	"owner": "eslint",
	"code": "comma-dangle",
	"severity": 4,
	"message": "Missing trailing comma",
	"source": "eslint",
	"startLineNumber": 190,
	"startColumn": 10,
	"endLineNumber": 190,
	"endColumn": 10
},{
	"resource": "/c:/Users/basil/Desktop/material-kai-vision-platform/src/hooks/useFunctionalMetadata.ts",
	"owner": "eslint",
	"code": "import/order",
	"severity": 4,
	"message": "There should be at least one empty line between import groups",
	"source": "eslint",
	"startLineNumber": 1,
	"startColumn": 1,
	"endLineNumber": 1,
	"endColumn": 1
},{
	"resource": "/c:/Users/basil/Desktop/material-kai-vision-platform/src/hooks/useFunctionalMetadata.ts",
	"owner": "eslint",
	"code": "no-trailing-",
	"severity": 4,
	"message": "Trailing spaces not allowed",
	"source": "eslint",
	"startLineNumber": 3,
	"startColumn": 9,
	"endLineNumber": 3,
	"endColumn": 9
},{
	"resource": "/c:/Users/basil/Desktop/material-kai-vision-platform/src/hooks/useImageAnalysis.ts",
	"owner": "eslint",
	"severity": 4,
	"message": "The ref value 'unsubscribeRefs.current' will likely have changed by the time this effect cleanup function runs. If this ref points to a node rendered by React,",
	"source": "eslint",
	"startLineNumber": 102,
	"startColumn": 23,
	"endLineNumber": 102,
	"endColumn": 23
},{
	"resource": "/c:/Users/basil/Desktop/material-kai-vision-platform/src/hooks/useMaterialRealtime.ts",
	"owner": "eslint",
	"code": "import/order",
	"severity": 4,
	"message": "There should be at least one empty line between import groups",
	"source": "eslint",
	"startLineNumber": 1,
	"startColumn": 1,
	"endLineNumber": 1,
	"endColumn": 1
},{
	"resource": "/c:/Users/basil/Desktop/material-kai-vision-platform/src/hooks/useMaterialRealtime.ts",
	"owner": "eslint",
	"code": "comma-dangle",
	"severity": 4,
	"message": "Missing trailing comma",
	"source": "eslint",
	"startLineNumber": 26,
	"startColumn": 25,
	"endLineNumber": 26,
	"endColumn": 25
},{
	"resource": "/c:/Users/basil/Desktop/material-kai-vision-platform/src/hooks/useMaterialRealtime.ts",
	"owner": "eslint",
	"code": "@typescript-eslint/no-explicit-any",
	"severity": 4,
	"message": "Unexpected any. Specify a different type",
	"source": "eslint",
	"startLineNumber": 38,
	"startColumn": 31,
	"endLineNumber": 38,
	"endColumn": 31
},{
	"resource": "/c:/Users/basil/Desktop/material-kai-vision-platform/src/hooks/useMaterialRealtime.ts",
	"owner": "eslint",
	"code": "@typescript-eslint/no-explicit-any",
	"severity": 4,
	"message": "Unexpected any. Specify a different type",
	"source": "eslint",
	"startLineNumber": 39,
	"startColumn": 35,
	"endLineNumber": 39,
	"endColumn": 35
},{
	"resource": "/c:/Users/basil/Desktop/material-kai-vision-platform/src/hooks/useMaterialRealtime.ts",
	"owner": "eslint",
	"code": "@typescript-eslint/no-explicit-any",
	"severity": 4,
	"message": "Unexpected any. Specify a different type",
	"source": "eslint",
	"startLineNumber": 40,
	"startColumn": 29,
	"endLineNumber": 40,
	"endColumn": 29
},{
	"resource": "/c:/Users/basil/Desktop/material-kai-vision-platform/src/hooks/useMaterialRealtime.ts",
	"owner": "eslint",
	"code": "comma-dangle",
	"severity": 4,
	"message": "Missing trailing comma",
	"source": "eslint",
	"startLineNumber": 40,
	"startColumn": 73,
	"endLineNumber": 40,
	"endColumn": 73
},{
	"resource": "/c:/Users/basil/Desktop/material-kai-vision-platform/src/hooks/useMaterialRealtime.ts",
	"owner": "eslint",
	"code": "no-console",
	"severity": 4,
	"message": "Unexpected console statement",
	"source": "eslint",
	"startLineNumber": 45,
	"startColumn": 9,
	"endLineNumber": 45,
	"endColumn": 9
},{
	"resource": "/c:/Users/basil/Desktop/material-kai-vision-platform/src/hooks/useMaterialRealtime.ts",
	"owner": "eslint",
	"code": "comma-dangle",
	"severity": 4,
	"message": "Missing trailing comma",
	"source": "eslint",
	"startLineNumber": 50,
	"startColumn": 56,
	"endLineNumber": 50,
	"endColumn": 56
},{
	"resource": "/c:/Users/basil/Desktop/material-kai-vision-platform/src/hooks/useMaterialRealtime.ts",
	"owner": "eslint",
	"code": "no-trailing-spaces",
	"severity": 4,
	"message": "Trailing spaces not allowed",
	"source": "eslint",
	"startLineNumber": 53,
	"startColumn": 1,
	"endLineNumber": 53,
	"endColumn": 1
},{
	"resource": "/c:/Users/basil/Desktop/material-kai-vision-platform/src/hooks/useMaterialRealtime.ts",
	"owner": "eslint",
	"code": "comma-dangle",
	"severity": 4,
	"message": "Missing trailing comma",
	"source": "eslint",
	"startLineNumber": 56,
	"startColumn": 40,
	"endLineNumber": 56,
	"endColumn": 40
},{
	"resource": "/c:/Users/basil/Desktop/material-kai-vision-platform/src/hooks/useMaterialRealtime.ts",
	"owner": "eslint",
	"code": "no-trailing-spaces",
	"severity": 4,
	"message": "Trailing spaces not allowed",
	"source": "eslint",
	"startLineNumber": 59,
	"startColumn": 1,
	"endLineNumber": 59,
	"endColumn": 1
},{
	"resource": "/c:/Users/basil/Desktop/material-kai-vision-platform/src/hooks/useMaterialRealtime.ts",
	"owner": "eslint",
	"code": "no-console",
	"severity": 4,
	"message": "Unexpected console statement",
	"source": "eslint",
	"startLineNumber": 61,
	"startColumn": 9,
	"endLineNumber": 61,
	"endColumn": 9
},{
	"resource": "/c:/Users/basil/Desktop/material-kai-vision-platform/src/hooks/useMaterialRealtime.ts",
	"owner": "eslint",
	"code": "no-trailing-spaces",
	"severity": 4,
	"message": "Trailing spaces not allowed",
	"source": "eslint",
	"startLineNumber": 62,
	"startColumn": 1,
	"endLineNumber": 62,
	"endColumn": 1
},{
	"resource": "/c:/Users/basil/Desktop/material-kai-vision-platform/src/hooks/useMaterialRealtime.ts",
	"owner": "eslint",
	"code": "no-trailing-spaces",
	"severity": 4,
	"message": "Trailing spaces not allowed",
	"source": "eslint",
	"startLineNumber": 64,
	"startColumn": 1,
	"endLineNumber": 64,
	"endColumn": 1
},{
	"resource": "/c:/Users/basil/Desktop/material-kai-vision-platform/src/hooks/useMaterialRealtime.ts",
	"owner": "eslint",
	"code": "comma-dangle",
	"severity": 4,
	"message": "Missing trailing comma",
	"source": "eslint",
	"startLineNumber": 67,
	"startColumn": 40,
	"endLineNumber": 67,
	"endColumn": 40
},{
	"resource": "/c:/Users/basil/Desktop/material-kai-vision-platform/src/hooks/useMaterialRealtime.ts",
	"owner": "eslint",
	"code": "no-trailing-spaces",
	"severity": 4,
	"message": "Trailing spaces not allowed",
	"source": "eslint",
	"startLineNumber": 70,
	"startColumn": 1,
	"endLineNumber": 70,
	"endColumn": 1
},{
	"resource": "/c:/Users/basil/Desktop/material-kai-vision-platform/src/hooks/useMaterialRealtime.ts",
	"owner": "eslint",
	"code": "no-console",
	"severity": 4,
	"message": "Unexpected console statement",
	"source": "eslint",
	"startLineNumber": 72,
	"startColumn": 9,
	"endLineNumber": 72,
	"endColumn": 9
},{
	"resource": "/c:/Users/basil/Desktop/material-kai-vision-platform/src/hooks/useMaterialRealtime.ts",
	"owner": "eslint",
	"code": "no-trailing-spaces",
	"severity": 4,
	"message": "Trailing spaces not allowed",
	"source": "eslint",
	"startLineNumber": 73,
	"startColumn": 1,
	"endLineNumber": 73,
	"endColumn": 1
},{
	"resource": "/c:/Users/basil/Desktop/material-kai-vision-platform/src/hooks/useMaterialRealtime.ts",
	"owner": "eslint",
	"code": "no-trailing-spaces",
	"severity": 4,
	"message": "Trailing spaces not allowed",
	"source": "eslint",
	"startLineNumber": 75,
	"startColumn": 1,
	"endLineNumber": 75,
	"endColumn": 1
},{
	"resource": "/c:/Users/basil/Desktop/material-kai-vision-platform/src/hooks/useMaterialRealtime.ts",
	"owner": "eslint",
	"code": "comma-dangle",
	"severity": 4,
	"message": "Missing trailing comma",
	"source": "eslint",
	"startLineNumber": 78,
	"startColumn": 40,
	"endLineNumber": 78,
	"endColumn": 40
},{
	"resource": "/c:/Users/basil/Desktop/material-kai-vision-platform/src/hooks/useMaterialRealtime.ts",
	"owner": "eslint",
	"code": "no-trailing-spaces",
	"severity": 4,
	"message": "Trailing spaces not allowed",
	"source": "eslint",
	"startLineNumber": 81,
	"startColumn": 1,
	"endLineNumber": 81,
	"endColumn": 1
},{
	"resource": "/c:/Users/basil/Desktop/material-kai-vision-platform/src/hooks/useMaterialRealtime.ts",
	"owner": "eslint",
	"code": "no-console",
	"severity": 4,
	"message": "Unexpected console statement",
	"source": "eslint",
	"startLineNumber": 83,
	"startColumn": 9,
	"endLineNumber": 83,
	"endColumn": 9
},{
	"resource": "/c:/Users/basil/Desktop/material-kai-vision-platform/src/hooks/useMaterialRealtime.ts",
	"owner": "eslint",
	"code": "no-trailing-spaces",
	"severity": 4,
	"message": "Trailing spaces not allowed",
	"source": "eslint",
	"startLineNumber": 84,
	"startColumn": 1,
	"endLineNumber": 84,
	"endColumn": 1
},{
	"resource": "/c:/Users/basil/Desktop/material-kai-vision-platform/src/hooks/useMaterialRealtime.ts",
	"owner": "eslint",
	"code": "no-trailing-spaces",
	"severity": 4,
	"message": "Trailing spaces not allowed",
	"source": "eslint",
	"startLineNumber": 86,
	"startColumn": 1,
	"endLineNumber": 86,
	"endColumn": 1
},{
	"resource": "/c:/Users/basil/Desktop/material-kai-vision-platform/src/hooks/useMaterialRealtime.ts",
	"owner": "eslint",
	"code": "comma-dangle",
	"severity": 4,
	"message": "Missing trailing comma",
	"source": "eslint",
	"startLineNumber": 89,
	"startColumn": 40,
	"endLineNumber": 89,
	"endColumn": 40
},{
	"resource": "/c:/Users/basil/Desktop/material-kai-vision-platform/src/hooks/useMaterialRealtime.ts",
	"owner": "eslint",
	"code": "no-trailing-spaces",
	"severity": 4,
	"message": "Trailing spaces not allowed",
	"source": "eslint",
	"startLineNumber": 92,
	"startColumn": 1,
	"endLineNumber": 92,
	"endColumn": 1
},{
	"resource": "/c:/Users/basil/Desktop/material-kai-vision-platform/src/hooks/useMaterialRealtime.ts",
	"owner": "eslint",
	"code": "comma-dangle",
	"severity": 4,
	"message": "Missing trailing comma",
	"source": "eslint",
	"startLineNumber": 97,
	"startColumn": 27,
	"endLineNumber": 97,
	"endColumn": 27
},{
	"resource": "/c:/Users/basil/Desktop/material-kai-vision-platform/src/hooks/useMaterialRealtime.ts",
	"owner": "eslint",
	"code": "no-trailing-spaces",
	"severity": 4,
	"message": "Trailing spaces not allowed",
	"source": "eslint",
	"startLineNumber": 100,
	"startColumn": 1,
	"endLineNumber": 100,
	"endColumn": 1
},{
	"resource": "/c:/Users/basil/Desktop/material-kai-vision-platform/src/hooks/useMaterialRealtime.ts",
	"owner": "eslint",
	"code": "comma-dangle",
	"severity": 4,
	"message": "Missing trailing comma",
	"source": "eslint",
	"startLineNumber": 104,
	"startColumn": 29,
	"endLineNumber": 104,
	"endColumn": 29
},{
	"resource": "/c:/Users/basil/Desktop/material-kai-vision-platform/src/hooks/useMaterialRealtime.ts",
	"owner": "eslint",
	"code": "no-trailing-spaces",
	"severity": 4,
	"message": "Trailing spaces not allowed",
	"source": "eslint",
	"startLineNumber": 107,
	"startColumn": 1,
	"endLineNumber": 107,
	"endColumn": 1
},{
	"resource": "/c:/Users/basil/Desktop/material-kai-vision-platform/src/hooks/useMaterialRealtime.ts",
	"owner": "eslint",
	"code": "no-console",
	"severity": 4,
	"message": "Unexpected console statement",
	"source": "eslint",
	"startLineNumber": 109,
	"startColumn": 9,
	"endLineNumber": 109,
	"endColumn": 9
},{
	"resource": "/c:/Users/basil/Desktop/material-kai-vision-platform/src/hooks/useMaterialRealtime.ts",
	"owner": "eslint",
	"code": "comma-dangle",
	"severity": 4,
	"message": "Missing trailing comma",
	"source": "eslint",
	"startLineNumber": 112,
	"startColumn": 31,
	"endLineNumber": 112,
	"endColumn": 31
},{
	"resource": "/c:/Users/basil/Desktop/material-kai-vision-platform/src/hooks/useMaterialRealtime.ts",
	"owner": "eslint",
	"code": "comma-dangle",
	"severity": 4,
	"message": "Missing trailing comma",
	"source": "eslint",
	"startLineNumber": 115,
	"startColumn": 8,
	"endLineNumber": 115,
	"endColumn": 8
},{
	"resource": "/c:/Users/basil/Desktop/material-kai-vision-platform/src/hooks/useMaterialRealtime.ts",
	"owner": "eslint",
	"code": "comma-dangle",
	"severity": 4,
	"message": "Missing trailing comma",
	"source": "eslint",
	"startLineNumber": 130,
	"startColumn": 41,
	"endLineNumber": 130,
	"endColumn": 41
},{
	"resource": "/c:/Users/basil/Desktop/material-kai-vision-platform/src/hooks/useMaterialRealtime.ts",
	"owner": "eslint",
	"code": "no-console",
	"severity": 4,
	"message": "Unexpected console statement",
	"source": "eslint",
	"startLineNumber": 135,
	"startColumn": 9,
	"endLineNumber": 135,
	"endColumn": 9
},{
	"resource": "/c:/Users/basil/Desktop/material-kai-vision-platform/src/hooks/useMaterialRealtime.ts",
	"owner": "eslint",
	"code": "comma-dangle",
	"severity": 4,
	"message": "Missing trailing comma",
	"source": "eslint",
	"startLineNumber": 138,
	"startColumn": 31,
	"endLineNumber": 138,
	"endColumn": 31
},{
	"resource": "/c:/Users/basil/Desktop/material-kai-vision-platform/src/hooks/useMaterialRealtime.ts",
	"owner": "eslint",
	"code": "no-console",
	"severity": 4,
	"message": "Unexpected console statement",
	"source": "eslint",
	"startLineNumber": 145,
	"startColumn": 34,
	"endLineNumber": 145,
	"endColumn": 34
},{
	"resource": "/c:/Users/basil/Desktop/material-kai-vision-platform/src/hooks/useMaterialRealtime.ts",
	"owner": "eslint",
	"code": "react-hooks/exhaustive-deps",
	"severity": 4,
	"message": "React Hook useEffect has a missing dependency: 'options'. Either include it or remove the dependency array",
	"source": "eslint",
	"startLineNumber": 147,
	"startColumn": 6,
	"endLineNumber": 147,
	"endColumn": 6
},{
	"resource": "/c:/Users/basil/Desktop/material-kai-vision-platform/src/hooks/useMaterialRealtime.ts",
	"owner": "eslint",
	"code": "comma-dangle",
	"severity": 4,
	"message": "Missing trailing comma",
	"source": "eslint",
	"startLineNumber": 158,
	"startColumn": 54,
	"endLineNumber": 158,
	"endColumn": 54
},{
	"resource": "/c:/Users/basil/Desktop/material-kai-vision-platform/src/hooks/useMaterialRealtime.ts",
	"owner": "eslint",
	"code": "no-trailing-spaces",
	"severity": 4,
	"message": "Trailing spaces not allowed",
	"source": "eslint",
	"startLineNumber": 199,
	"startColumn": 1,
	"endLineNumber": 199,
	"endColumn": 1
},{
	"resource": "/c:/Users/basil/Desktop/material-kai-vision-platform/src/hooks/useMaterialRealtime.ts",
	"owner": "eslint",
	"code": "no-trailing-spaces",
	"severity": 4,
	"message": "Trailing spaces not allowed",
	"source": "eslint",
	"startLineNumber": 205,
	"startColumn": 1,
	"endLineNumber": 205,
	"endColumn": 1
},{
	"resource": "/c:/Users/basil/Desktop/material-kai-vision-platform/src/hooks/useMaterialRealtime.ts",
	"owner": "eslint",
	"code": "no-trailing-spaces",
	"severity": 4,
	"message": "Trailing spaces not allowed",
	"source": "eslint",
	"startLineNumber": 212,
	"startColumn": 1,
	"endLineNumber": 212,
	"endColumn": 1
},{
	"resource": "/c:/Users/basil/Desktop/material-kai-vision-platform/src/hooks/useMaterialRealtime.ts",
	"owner": "eslint",
	"code": "comma-dangle",
	"severity": 4,
	"message": "Missing trailing comma",
	"source": "eslint",
	"startLineNumber": 214,
	"startColumn": 32,
	"endLineNumber": 214,
	"endColumn": 32
},{
	"resource": "/c:/Users/basil/Desktop/material-kai-vision-platform/src/hooks/useMaterialRealtime.ts",
	"owner": "eslint",
	"code": "comma-dangle",
	"severity": 4,
	"message": "Missing trailing comma",
	"source": "eslint",
	"startLineNumber": 225,
	"startColumn": 35,
	"endLineNumber": 225,
	"endColumn": 35
},{
	"resource": "/c:/Users/basil/Desktop/material-kai-vision-platform/src/hooks/useMaterialRealtime.ts",
	"owner": "eslint",
	"code": "comma-dangle",
	"severity": 4,
	"message": "Missing trailing comma",
	"source": "eslint",
	"startLineNumber": 235,
	"startColumn": 35,
	"endLineNumber": 235,
	"endColumn": 35
},{
	"resource": "/c:/Users/basil/Desktop/material-kai-vision-platform/src/hooks/useMaterialRealtime.ts",
	"owner": "eslint",
	"code": "comma-dangle",
	"severity": 4,
	"message": "Missing trailing comma",
	"source": "eslint",
	"startLineNumber": 246,
	"startColumn": 36,
	"endLineNumber": 246,
	"endColumn": 36
},{
	"resource": "/c:/Users/basil/Desktop/material-kai-vision-platform/src/hooks/useMaterialRealtime.ts",
	"owner": "eslint",
	"code": "comma-dangle",
	"severity": 4,
	"message": "Missing trailing comma",
	"source": "eslint",
	"startLineNumber": 256,
	"startColumn": 36,
	"endLineNumber": 256,
	"endColumn": 36
},{
	"resource": "/c:/Users/basil/Desktop/material-kai-vision-platform/src/hooks/useMaterialRealtime.ts",
	"owner": "eslint",
	"code": "comma-dangle",
	"severity": 4,
	"message": "Missing trailing comma",
	"source": "eslint",
	"startLineNumber": 266,
	"startColumn": 35,
	"endLineNumber": 266,
	"endColumn": 35
},{
	"resource": "/c:/Users/basil/Desktop/material-kai-vision-platform/src/hooks/useMaterialRealtime.ts",
	"owner": "eslint",
	"code": "eol-last",
	"severity": 4,
	"message": "Newline required at end of file but not found",
	"source": "eslint",
	"startLineNumber": 268,
	"startColumn": 2,
	"endLineNumber": 268,
	"endColumn": 2
},{
	"resource": "/c:/Users/basil/Desktop/material-kai-vision-platform/src/hooks/useUserRole.ts",
	"owner": "eslint",
	"code": "comma-dangle",
	"severity": 4,
	"message": "Missing trailing comma",
	"source": "eslint",
	"startLineNumber": 26,
	"startColumn": 9,
	"endLineNumber": 26,
	"endColumn": 9
},{
	"resource": "/c:/Users/basil/Desktop/material-kai-vision-platform/src/hooks/useWebSocket.ts",
	"owner": "eslint",
	"code": "react-hooks/exhaustive-deps",
	"severity": 4,
	"message": "React Hook useEffect has missing dependencies: 'updateStats' and 'wsConfig'. Either include them or remove the dependency array",
	"source": "eslint",
	"startLineNumber": 110,
	"startColumn": 6,
	"endLineNumber": 110,
	"endColumn": 6
},{
	"resource": "/c:/Users/basil/Desktop/material-kai-vision-platform/src/hooks/useWebSocket.ts",
	"owner": "eslint",
	"code": "react-hooks/exhaustive-deps",
	"severity": 4,
	"message": "React Hook useEffect has a missing dependency: 'updateStats'. Either include it or remove the dependency array",
	"source": "eslint",
	"startLineNumber": 128,
	"startColumn": 6,
	"endLineNumber": 128,
	"endColumn": 6
},{
	"resource": "/c:/Users/basil/Desktop/material-kai-vision-platform/src/hooks/useWebSocket.ts",
	"owner": "eslint",
	"code": "no-console",
	"severity": 4,
	"message": "Unexpected console statement",
	"source": "eslint",
	"startLineNumber": 160,
	"startColumn": 7,
	"endLineNumber": 160,
	"endColumn": 7
},{
	"resource": "/c:/Users/basil/Desktop/material-kai-vision-platform/src/integrations/supabase/types.ts",
	"owner": "eslint",
	"code": "quotes",
	"severity": 4,
	"message": "Strings must use singlequote",
	"source": "eslint",
	"startLineNumber": 716,
	"startColumn": 29,
	"endLineNumber": 716,
	"endColumn": 29
},{
	"resource": "/c:/Users/basil/Desktop/material-kai-vision-platform/src/integrations/supabase/types.ts",
	"owner": "eslint",
	"code": "quotes",
	"severity": 4,
	"message": "Strings must use singlequote",
	"source": "eslint",
	"startLineNumber": 717,
	"startColumn": 23,
	"endLineNumber": 717,
	"endColumn": 23
},{
	"resource": "/c:/Users/basil/Desktop/material-kai-vision-platform/src/integrations/supabase/types.ts",
	"owner": "eslint",
	"code": "quotes",
	"severity": 4,
	"message": "Strings must use singlequote",
	"source": "eslint",
	"startLineNumber": 718,
	"startColumn": 33,
	"endLineNumber": 718,
	"endColumn": 33
},{
	"resource": "/c:/Users/basil/Desktop/material-kai-vision-platform/src/integrations/supabase/types.ts",
	"owner": "eslint",
	"code": "quotes",
	"severity": 4,
	"message": "Strings must use singlequote",
	"source": "eslint",
	"startLineNumber": 719,
	"startColumn": 33,
	"endLineNumber": 719,
	"endColumn": 33
},{
	"resource": "/c:/Users/basil/Desktop/material-kai-vision-platform/src/integrations/supabase/types.ts",
	"owner": "eslint",
	"code": "quotes",
	"severity": 4,
	"message": "Strings must use singlequote",
	"source": "eslint",
	"startLineNumber": 780,
	"startColumn": 29,
	"endLineNumber": 780,
	"endColumn": 29
},{
	"resource": "/c:/Users/basil/Desktop/material-kai-vision-platform/src/integrations/supabase/types.ts",
	"owner": "eslint",
	"code": "quotes",
	"severity": 4,
	"message": "Strings must use singlequote",
	"source": "eslint",
	"startLineNumber": 781,
	"startColumn": 23,
	"endLineNumber": 781,
	"endColumn": 23
},{
	"resource": "/c:/Users/basil/Desktop/material-kai-vision-platform/src/integrations/supabase/types.ts",
	"owner": "eslint",
	"code": "quotes",
	"severity": 4,
	"message": "Strings must use singlequote",
	"source": "eslint",
	"startLineNumber": 782,
	"startColumn": 33,
	"endLineNumber": 782,
	"endColumn": 33
},{
	"resource": "/c:/Users/basil/Desktop/material-kai-vision-platform/src/integrations/supabase/types.ts",
	"owner": "eslint",
	"code": "quotes",
	"severity": 4,
	"message": "Strings must use singlequote",
	"source": "eslint",
	"startLineNumber": 783,
	"startColumn": 33,
	"endLineNumber": 783,
	"endColumn": 33
},{
	"resource": "/c:/Users/basil/Desktop/material-kai-vision-platform/src/integrations/supabase/types.ts",
	"owner": "eslint",
	"code": "quotes",
	"severity": 4,
	"message": "Strings must use singlequote",
	"source": "eslint",
	"startLineNumber": 786,
	"startColumn": 29,
	"endLineNumber": 786,
	"endColumn": 29
},{
	"resource": "/c:/Users/basil/Desktop/material-kai-vision-platform/src/integrations/supabase/types.ts",
	"owner": "eslint",
	"code": "quotes",
	"severity": 4,
	"message": "Strings must use singlequote",
	"source": "eslint",
	"startLineNumber": 787,
	"startColumn": 23,
	"endLineNumber": 787,
	"endColumn": 23
},{
	"resource": "/c:/Users/basil/Desktop/material-kai-vision-platform/src/integrations/supabase/types.ts",
	"owner": "eslint",
	"code": "quotes",
	"severity": 4,
	"message": "Strings must use singlequote",
	"source": "eslint",
	"startLineNumber": 788,
	"startColumn": 33,
	"endLineNumber": 788,
	"endColumn": 33
},{
	"resource": "/c:/Users/basil/Desktop/material-kai-vision-platform/src/integrations/supabase/types.ts",
	"owner": "eslint",
	"code": "quotes",
	"severity": 4,
	"message": "Strings must use singlequote",
	"source": "eslint",
	"startLineNumber": 789,
	"startColumn": 33,
	"endLineNumber": 789,
	"endColumn": 33
},{
	"resource": "/c:/Users/basil/Desktop/material-kai-vision-platform/src/main.tsx",
	"owner": "eslint",
	"code": "import/order",
	"severity": 4,
	"message": "There should be at least one empty line between import groups",
	"source": "eslint",
	"startLineNumber": 2,
	"startColumn": 1,
	"endLineNumber": 2,
	"endColumn": 1
},{
	"resource": "/c:/Users/basil/Desktop/material-kai-vision-platform/src/main.tsx",
	"owner": "eslint",
	"code": "comma-dangle",
	"severity": 4,
	"message": "Missing trailing comma",
	"source": "eslint",
	"startLineNumber": 13,
	"startColumn": 16,
	"endLineNumber": 13,
	"endColumn": 16
},{
	"resource": "/c:/Users/basil/Desktop/material-kai-vision-platform/src/middleware/jwtAuthMiddleware.ts",
	"owner": "eslint",
	"code": "no-console",
	"severity": 4,
	"message": "Unexpected console statement",
	"source": "eslint",
	"startLineNumber": 145,
	"startColumn": 7,
	"endLineNumber": 145,
	"endColumn": 7
},{
	"resource": "/c:/Users/basil/Desktop/material-kai-vision-platform/src/middleware/jwtAuthMiddleware.ts",
	"owner": "eslint",
	"code": "no-console",
	"severity": 4,
	"message": "Unexpected console statement",
	"source": "eslint",
	"startLineNumber": 228,
	"startColumn": 7,
	"endLineNumber": 228,
	"endColumn": 7
},{
	"resource": "/c:/Users/basil/Desktop/material-kai-vision-platform/src/middleware/jwtAuthMiddleware.ts",
	"owner": "eslint",
	"code": "no-console",
	"severity": 4,
	"message": "Unexpected console statement",
	"source": "eslint",
	"startLineNumber": 341,
	"startColumn": 7,
	"endLineNumber": 341,
	"endColumn": 7
},{
	"resource": "/c:/Users/basil/Desktop/material-kai-vision-platform/src/middleware/jwtAuthMiddleware.ts",
	"owner": "eslint",
	"code": "no-console",
	"severity": 4,
	"message": "Unexpected console statement",
	"source": "eslint",
	"startLineNumber": 379,
	"startColumn": 7,
	"endLineNumber": 379,
	"endColumn": 7
},{
	"resource": "/c:/Users/basil/Desktop/material-kai-vision-platform/src/middleware/jwtAuthMiddleware.ts",
	"owner": "eslint",
	"code": "no-console",
	"severity": 4,
	"message": "Unexpected console statement",
	"source": "eslint",
	"startLineNumber": 398,
	"startColumn": 9,
	"endLineNumber": 398,
	"endColumn": 9
},{
	"resource": "/c:/Users/basil/Desktop/material-kai-vision-platform/src/middleware/jwtAuthMiddleware.ts",
	"owner": "eslint",
	"code": "no-console",
	"severity": 4,
	"message": "Unexpected console statement",
	"source": "eslint",
	"startLineNumber": 404,
	"startColumn": 7,
	"endLineNumber": 404,
	"endColumn": 7
},{
	"resource": "/c:/Users/basil/Desktop/material-kai-vision-platform/src/middleware/materialKaiAuthMiddleware.ts",
	"owner": "eslint",
	"code": "@typescript-eslint/no-explicit-any",
	"severity": 4,
	"message": "Unexpected any. Specify a different type",
	"source": "eslint",
	"startLineNumber": 5,
	"startColumn": 27,
	"endLineNumber": 5,
	"endColumn": 27
},{
	"resource": "/c:/Users/basil/Desktop/material-kai-vision-platform/src/middleware/materialKaiAuthMiddleware.ts",
	"owner": "eslint",
	"code": "no-console",
	"severity": 4,
	"message": "Unexpected console statement",
	"source": "eslint",
	"startLineNumber": 147,
	"startColumn": 7,
	"endLineNumber": 147,
	"endColumn": 7
},{
	"resource": "/c:/Users/basil/Desktop/material-kai-vision-platform/src/middleware/materialKaiAuthMiddleware.ts",
	"owner": "eslint",
	"code": "no-console",
	"severity": 4,
	"message": "Unexpected console statement",
	"source": "eslint",
	"startLineNumber": 187,
	"startColumn": 7,
	"endLineNumber": 187,
	"endColumn": 7
},{
	"resource": "/c:/Users/basil/Desktop/material-kai-vision-platform/src/middleware/materialKaiAuthMiddleware.ts",
	"owner": "eslint",
	"code": "no-console",
	"severity": 4,
	"message": "Unexpected console statement",
	"source": "eslint",
	"startLineNumber": 311,
	"startColumn": 7,
	"endLineNumber": 311,
	"endColumn": 7
},{
	"resource": "/c:/Users/basil/Desktop/material-kai-vision-platform/src/middleware/validationMiddleware.ts",
	"owner": "eslint",
	"code": "@typescript-eslint/no-explicit-any",
	"severity": 4,
	"message": "Unexpected any. Specify a different type",
	"source": "eslint",
	"startLineNumber": 2,
	"startColumn": 16,
	"endLineNumber": 2,
	"endColumn": 16
},{
	"resource": "/c:/Users/basil/Desktop/material-kai-vision-platform/src/middleware/validationMiddleware.ts",
	"owner": "eslint",
	"code": "@typescript-eslint/no-explicit-any",
	"severity": 4,
	"message": "Unexpected any. Specify a different type",
	"source": "eslint",
	"startLineNumber": 3,
	"startColumn": 17,
	"endLineNumber": 3,
	"endColumn": 17
},{
	"resource": "/c:/Users/basil/Desktop/material-kai-vision-platform/src/middleware/validationMiddleware.ts",
	"owner": "eslint",
	"code": "@typescript-eslint/no-explicit-any",
	"severity": 4,
	"message": "Unexpected any. Specify a different type",
	"source": "eslint",
	"startLineNumber": 4,
	"startColumn": 21,
	"endLineNumber": 4,
	"endColumn": 21
},{
	"resource": "/c:/Users/basil/Desktop/material-kai-vision-platform/src/middleware/validationMiddleware.ts",
	"owner": "eslint",
	"code": "no-console",
	"severity": 4,
	"message": "Unexpected console statement",
	"source": "eslint",
	"startLineNumber": 118,
	"startColumn": 5,
	"endLineNumber": 118,
	"endColumn": 5
},{
	"resource": "/c:/Users/basil/Desktop/material-kai-vision-platform/src/middleware/validationMiddleware.ts",
	"owner": "eslint",
	"code": "no-console",
	"severity": 4,
	"message": "Unexpected console statement",
	"source": "eslint",
	"startLineNumber": 157,
	"startColumn": 9,
	"endLineNumber": 157,
	"endColumn": 9
},{
	"resource": "/c:/Users/basil/Desktop/material-kai-vision-platform/src/middleware/validationMiddleware.ts",
	"owner": "eslint",
	"code": "no-console",
	"severity": 4,
	"message": "Unexpected console statement",
	"source": "eslint",
	"startLineNumber": 197,
	"startColumn": 7,
	"endLineNumber": 197,
	"endColumn": 7
},{
	"resource": "/c:/Users/basil/Desktop/material-kai-vision-platform/src/middleware/validationMiddleware.ts",
	"owner": "eslint",
	"code": "@typescript-eslint/no-explicit-any",
	"severity": 4,
	"message": "Unexpected any. Specify a different type",
	"source": "eslint",
	"startLineNumber": 222,
	"startColumn": 45,
	"endLineNumber": 222,
	"endColumn": 45
},{
	"resource": "/c:/Users/basil/Desktop/material-kai-vision-platform/src/middleware/validationMiddleware.ts",
	"owner": "eslint",
	"code": "@typescript-eslint/no-explicit-any",
	"severity": 4,
	"message": "Unexpected any. Specify a different type",
	"source": "eslint",
	"startLineNumber": 222,
	"startColumn": 79,
	"endLineNumber": 222,
	"endColumn": 79
},{
	"resource": "/c:/Users/basil/Desktop/material-kai-vision-platform/src/middleware/validationMiddleware.ts",
	"owner": "eslint",
	"code": "@typescript-eslint/no-explicit-any",
	"severity": 4,
	"message": "Unexpected any. Specify a different type",
	"source": "eslint",
	"startLineNumber": 223,
	"startColumn": 32,
	"endLineNumber": 223,
	"endColumn": 32
},{
	"resource": "/c:/Users/basil/Desktop/material-kai-vision-platform/src/middleware/validationMiddleware.ts",
	"owner": "eslint",
	"code": "no-console",
	"severity": 4,
	"message": "Unexpected console statement",
	"source": "eslint",
	"startLineNumber": 325,
	"startColumn": 7,
	"endLineNumber": 325,
	"endColumn": 7
},{
	"resource": "/c:/Users/basil/Desktop/material-kai-vision-platform/src/middleware/validationMiddleware.ts",
	"owner": "eslint",
	"code": "no-console",
	"severity": 4,
	"message": "Unexpected console statement",
	"source": "eslint",
	"startLineNumber": 382,
	"startColumn": 7,
	"endLineNumber": 382,
	"endColumn": 7
},{
	"resource": "/c:/Users/basil/Desktop/material-kai-vision-platform/src/pages/AuthCallbackPage.tsx",
	"owner": "eslint",
	"code": "import/order",
	"severity": 4,
	"message": "There should be at least one empty line between import groups",
	"source": "eslint",
	"startLineNumber": 2,
	"startColumn": 1,
	"endLineNumber": 2,
	"endColumn": 1
},{
	"resource": "/c:/Users/basil/Desktop/material-kai-vision-platform/src/pages/AuthCallbackPage.tsx",
	"owner": "eslint",
	"code": "no-console",
	"severity": 4,
	"message": "Unexpected console statement",
	"source": "eslint",
	"startLineNumber": 63,
	"startColumn": 15,
	"endLineNumber": 63,
	"endColumn": 15
},{
	"resource": "/c:/Users/basil/Desktop/material-kai-vision-platform/src/pages/AuthCallbackPage.tsx",
	"owner": "eslint",
	"code": "no-console",
	"severity": 4,
	"message": "Unexpected console statement",
	"source": "eslint",
	"startLineNumber": 76,
	"startColumn": 15,
	"endLineNumber": 76,
	"endColumn": 15
},{
	"resource": "/c:/Users/basil/Desktop/material-kai-vision-platform/src/pages/AuthCallbackPage.tsx",
	"owner": "eslint",
	"code": "no-console",
	"severity": 4,
	"message": "Unexpected console statement",
	"source": "eslint",
	"startLineNumber": 89,
	"startColumn": 13,
	"endLineNumber": 89,
	"endColumn": 13
},{
	"resource": "/c:/Users/basil/Desktop/material-kai-vision-platform/src/pages/AuthCallbackPage.tsx",
	"owner": "eslint",
	"code": "no-console",
	"severity": 4,
	"message": "Unexpected console statement",
	"source": "eslint",
	"startLineNumber": 101,
	"startColumn": 9,
	"endLineNumber": 101,
	"endColumn": 9
},{
	"resource": "/c:/Users/basil/Desktop/material-kai-vision-platform/src/pages/Health.tsx",
	"owner": "eslint",
	"code": "no-trailing-spaces",
	"severity": 4,
	"message": "Trailing spaces not allowed",
	"source": "eslint",
	"startLineNumber": 3,
	"startColumn": 3,
	"endLineNumber": 3,
	"endColumn": 3
},{
	"resource": "/c:/Users/basil/Desktop/material-kai-vision-platform/src/pages/Health.tsx",
	"owner": "eslint",
	"code": "no-trailing-spaces",
	"severity": 4,
	"message": "Trailing spaces not allowed",
	"source": "eslint",
	"startLineNumber": 29,
	"startColumn": 1,
	"endLineNumber": 29,
	"endColumn": 1
},{
	"resource": "/c:/Users/basil/Desktop/material-kai-vision-platform/src/pages/Health.tsx",
	"owner": "eslint",
	"code": "no-console",
	"severity": 4,
	"message": "Unexpected console statement",
	"source": "eslint",
	"startLineNumber": 34,
	"startColumn": 7,
	"endLineNumber": 34,
	"endColumn": 7
},{
	"resource": "/c:/Users/basil/Desktop/material-kai-vision-platform/src/pages/Health.tsx",
	"owner": "eslint",
	"code": "no-trailing-spaces",
	"severity": 4,
	"message": "Trailing spaces not allowed",
	"source": "eslint",
	"startLineNumber": 42,
	"startColumn": 1,
	"endLineNumber": 42,
	"endColumn": 1
},{
	"resource": "/c:/Users/basil/Desktop/material-kai-vision-platform/src/pages/Health.tsx",
	"owner": "eslint",
	"code": "no-trailing-spaces",
	"severity": 4,
	"message": "Trailing spaces not allowed",
	"source": "eslint",
	"startLineNumber": 78,
	"startColumn": 55,
	"endLineNumber": 78,
	"endColumn": 55
},{
	"resource": "/c:/Users/basil/Desktop/material-kai-vision-platform/src/pages/Health.tsx",
	"owner": "eslint",
	"code": "no-trailing-spaces",
	"severity": 4,
	"message": "Trailing spaces not allowed",
	"source": "eslint",
	"startLineNumber": 80,
	"startColumn": 1,
	"endLineNumber": 80,
	"endColumn": 1
},{
	"resource": "/c:/Users/basil/Desktop/material-kai-vision-platform/src/pages/Health.tsx",
	"owner": "eslint",
	"code": "no-trailing-spaces",
	"severity": 4,
	"message": "Trailing spaces not allowed",
	"source": "eslint",
	"startLineNumber": 123,
	"startColumn": 1,
	"endLineNumber": 123,
	"endColumn": 1
},{
	"resource": "/c:/Users/basil/Desktop/material-kai-vision-platform/src/pages/Health.tsx",
	"owner": "eslint",
	"code": "no-trailing-spaces",
	"severity": 4,
	"message": "Trailing spaces not allowed",
	"source": "eslint",
	"startLineNumber": 132,
	"startColumn": 1,
	"endLineNumber": 132,
	"endColumn": 1
},{
	"resource": "/c:/Users/basil/Desktop/material-kai-vision-platform/src/pages/Health.tsx",
	"owner": "eslint",
	"code": "no-trailing-spaces",
	"severity": 4,
	"message": "Trailing spaces not allowed",
	"source": "eslint",
	"startLineNumber": 140,
	"startColumn": 1,
	"endLineNumber": 140,
	"endColumn": 1
},{
	"resource": "/c:/Users/basil/Desktop/material-kai-vision-platform/src/pages/Health.tsx",
	"owner": "eslint",
	"code": "no-trailing-spaces",
	"severity": 4,
	"message": "Trailing spaces not allowed",
	"source": "eslint",
	"startLineNumber": 196,
	"startColumn": 1,
	"endLineNumber": 196,
	"endColumn": 1
},{
	"resource": "/c:/Users/basil/Desktop/material-kai-vision-platform/src/pages/Health.tsx",
	"owner": "eslint",
	"code": "no-trailing-spaces",
	"severity": 4,
	"message": "Trailing spaces not allowed",
	"source": "eslint",
	"startLineNumber": 207,
	"startColumn": 1,
	"endLineNumber": 207,
	"endColumn": 1
},{
	"resource": "/c:/Users/basil/Desktop/material-kai-vision-platform/src/pages/Health.tsx",
	"owner": "eslint",
	"code": "no-trailing-spaces",
	"severity": 4,
	"message": "Trailing spaces not allowed",
	"source": "eslint",
	"startLineNumber": 217,
	"startColumn": 1,
	"endLineNumber": 217,
	"endColumn": 1
},{
	"resource": "/c:/Users/basil/Desktop/material-kai-vision-platform/src/pages/NotFound.tsx",
	"owner": "eslint",
	"code": "no-console",
	"severity": 4,
	"message": "Unexpected console statement",
	"source": "eslint",
	"startLineNumber": 8,
	"startColumn": 5,
	"endLineNumber": 8,
	"endColumn": 5
},{
	"resource": "/c:/Users/basil/Desktop/material-kai-vision-platform/src/pages/PDFKnowledgeDemo.tsx",
	"owner": "eslint",
	"code": "no-console",
	"severity": 4,
	"message": "Unexpected console statement",
	"source": "eslint",
	"startLineNumber": 66,
	"startColumn": 7,
	"endLineNumber": 66,
	"endColumn": 7
},{
	"resource": "/c:/Users/basil/Desktop/material-kai-vision-platform/src/pages/PDFKnowledgeDemo.tsx",
	"owner": "eslint",
	"code": "@typescript-eslint/no-explicit-any",
	"severity": 4,
	"message": "Unexpected any. Specify a different type",
	"source": "eslint",
	"startLineNumber": 169,
	"startColumn": 71,
	"endLineNumber": 169,
	"endColumn": 71
},{
	"resource": "/c:/Users/basil/Desktop/material-kai-vision-platform/src/pages/PDFKnowledgeDemo.tsx",
	"owner": "eslint",
	"code": "@typescript-eslint/no-explicit-any",
	"severity": 4,
	"message": "Unexpected any. Specify a different type",
	"source": "eslint",
	"startLineNumber": 174,
	"startColumn": 44,
	"endLineNumber": 174,
	"endColumn": 44
},{
	"resource": "/c:/Users/basil/Desktop/material-kai-vision-platform/src/pages/PDFKnowledgeDemo.tsx",
	"owner": "eslint",
	"code": "@typescript-eslint/no-explicit-any",
	"severity": 4,
	"message": "Unexpected any. Specify a different type",
	"source": "eslint",
	"startLineNumber": 180,
	"startColumn": 40,
	"endLineNumber": 180,
	"endColumn": 40
},{
	"resource": "/c:/Users/basil/Desktop/material-kai-vision-platform/src/pages/PDFKnowledgeDemo.tsx",
	"owner": "eslint",
	"code": "@typescript-eslint/no-explicit-any",
	"severity": 4,
	"message": "Unexpected any. Specify a different type",
	"source": "eslint",
	"startLineNumber": 181,
	"startColumn": 46,
	"endLineNumber": 181,
	"endColumn": 46
},{
	"resource": "/c:/Users/basil/Desktop/material-kai-vision-platform/src/pages/PDFKnowledgeDemo.tsx",
	"owner": "eslint",
	"code": "@typescript-eslint/no-explicit-any",
	"severity": 4,
	"message": "Unexpected any. Specify a different type",
	"source": "eslint",
	"startLineNumber": 182,
	"startColumn": 42,
	"endLineNumber": 182,
	"endColumn": 42
},{
	"resource": "/c:/Users/basil/Desktop/material-kai-vision-platform/src/pages/PDFKnowledgeDemo.tsx",
	"owner": "eslint",
	"code": "@typescript-eslint/no-explicit-any",
	"severity": 4,
	"message": "Unexpected any. Specify a different type",
	"source": "eslint",
	"startLineNumber": 188,
	"startColumn": 68,
	"endLineNumber": 188,
	"endColumn": 68
},{
	"resource": "/c:/Users/basil/Desktop/material-kai-vision-platform/src/pages/PDFKnowledgeDemo.tsx",
	"owner": "eslint",
	"code": "@typescript-eslint/no-explicit-any",
	"severity": 4,
	"message": "Unexpected any. Specify a different type",
	"source": "eslint",
	"startLineNumber": 189,
	"startColumn": 41,
	"endLineNumber": 189,
	"endColumn": 41
},{
	"resource": "/c:/Users/basil/Desktop/material-kai-vision-platform/src/pages/PDFKnowledgeDemo.tsx",
	"owner": "eslint",
	"code": "@typescript-eslint/no-explicit-any",
	"severity": 4,
	"message": "Unexpected any. Specify a different type",
	"source": "eslint",
	"startLineNumber": 190,
	"startColumn": 42,
	"endLineNumber": 190,
	"endColumn": 42
},{
	"resource": "/c:/Users/basil/Desktop/material-kai-vision-platform/src/pages/PDFKnowledgeDemo.tsx",
	"owner": "eslint",
	"code": "no-console",
	"severity": 4,
	"message": "Unexpected console statement",
	"source": "eslint",
	"startLineNumber": 234,
	"startColumn": 15,
	"endLineNumber": 234,
	"endColumn": 15
},{
	"resource": "/c:/Users/basil/Desktop/material-kai-vision-platform/src/pages/PDFProcessing.tsx",
	"owner": "eslint",
	"code": "import/order",
	"severity": 4,
	"message": "There should be no empty line within import group",
	"source": "eslint",
	"startLineNumber": 7,
	"startColumn": 1,
	"endLineNumber": 7,
	"endColumn": 1
},{
	"resource": "/c:/Users/basil/Desktop/material-kai-vision-platform/src/pages/PDFProcessing.tsx",
	"owner": "eslint",
	"code": "no-console",
	"severity": 4,
	"message": "Unexpected console statement",
	"source": "eslint",
	"startLineNumber": 40,
	"startColumn": 9,
	"endLineNumber": 40,
	"endColumn": 9
},{
	"resource": "/c:/Users/basil/Desktop/material-kai-vision-platform/src/pages/PDFProcessing.tsx",
	"owner": "eslint",
	"code": "@typescript-eslint/no-explicit-any",
	"severity": 4,
	"message": "Unexpected any. Specify a different type",
	"source": "eslint",
	"startLineNumber": 49,
	"startColumn": 72,
	"endLineNumber": 49,
	"endColumn": 72
},{
	"resource": "/c:/Users/basil/Desktop/material-kai-vision-platform/src/pages/PDFProcessing.tsx",
	"owner": "eslint",
	"code": "quotes",
	"severity": 4,
	"message": "Strings must use singlequote",
	"source": "eslint",
	"startLineNumber": 140,
	"startColumn": 22,
	"endLineNumber": 140,
	"endColumn": 22
},{
	"resource": "/c:/Users/basil/Desktop/material-kai-vision-platform/src/pages/SearchHub.tsx",
	"owner": "eslint",
	"code": "no-console",
	"severity": 4,
	"message": "Unexpected console statement",
	"source": "eslint",
	"startLineNumber": 22,
	"startColumn": 13,
	"endLineNumber": 22,
	"endColumn": 13
},{
	"resource": "/c:/Users/basil/Desktop/material-kai-vision-platform/src/pages/TestImageGallery.tsx",
	"owner": "eslint",
	"code": "no-trailing-spaces",
	"severity": 4,
	"message": "Trailing spaces not allowed",
	"source": "eslint",
	"startLineNumber": 3,
	"startColumn": 3,
	"endLineNumber": 3,
	"endColumn": 3
},{
	"resource": "/c:/Users/basil/Desktop/material-kai-vision-platform/src/pages/TestImageGallery.tsx",
	"owner": "eslint",
	"code": "import/order",
	"severity": 4,
	"message": "There should be at least one empty line between import groups",
	"source": "eslint",
	"startLineNumber": 8,
	"startColumn": 1,
	"endLineNumber": 8,
	"endColumn": 1
},{
	"resource": "/c:/Users/basil/Desktop/material-kai-vision-platform/src/pages/TestImageGallery.tsx",
	"owner": "eslint",
	"code": "import/order",
	"severity": 4,
	"message": "There should be at least one empty line between import groups",
	"source": "eslint",
	"startLineNumber": 13,
	"startColumn": 1,
	"endLineNumber": 13,
	"endColumn": 1
},{
	"resource": "/c:/Users/basil/Desktop/material-kai-vision-platform/src/pages/TestImageGallery.tsx",
	"owner": "eslint",
	"code": "import/order",
	"severity": 4,
	"message": "`lucide-react` import should occur before import of `@/components/ui/card`",
	"source": "eslint",
	"startLineNumber": 14,
	"startColumn": 1,
	"endLineNumber": 14,
	"endColumn": 1
},{
	"resource": "/c:/Users/basil/Desktop/material-kai-vision-platform/src/pages/TestImageGallery.tsx",
	"owner": "eslint",
	"code": "no-trailing-spaces",
	"severity": 4,
	"message": "Trailing spaces not allowed",
	"source": "eslint",
	"startLineNumber": 23,
	"startColumn": 20,
	"endLineNumber": 23,
	"endColumn": 20
},{
	"resource": "/c:/Users/basil/Desktop/material-kai-vision-platform/src/pages/TestImageGallery.tsx",
	"owner": "eslint",
	"code": "comma-dangle",
	"severity": 4,
	"message": "Missing trailing comma",
	"source": "eslint",
	"startLineNumber": 24,
	"startColumn": 19,
	"endLineNumber": 24,
	"endColumn": 19
},{
	"resource": "/c:/Users/basil/Desktop/material-kai-vision-platform/src/pages/TestImageGallery.tsx",
	"owner": "eslint",
	"code": "no-trailing-spaces",
	"severity": 4,
	"message": "Trailing spaces not allowed",
	"source": "eslint",
	"startLineNumber": 85,
	"startColumn": 20,
	"endLineNumber": 85,
	"endColumn": 20
},{
	"resource": "/c:/Users/basil/Desktop/material-kai-vision-platform/src/pages/TestImageGallery.tsx",
	"owner": "eslint",
	"code": "no-trailing-spaces",
	"severity": 4,
	"message": "Trailing spaces not allowed",
	"source": "eslint",
	"startLineNumber": 86,
	"startColumn": 32,
	"endLineNumber": 86,
	"endColumn": 32
},{
	"resource": "/c:/Users/basil/Desktop/material-kai-vision-platform/src/pages/TestImageGallery.tsx",
	"owner": "eslint",
	"code": "no-console",
	"severity": 4,
	"message": "Unexpected console statement",
	"source": "eslint",
	"startLineNumber": 116,
	"startColumn": 15,
	"endLineNumber": 116,
	"endColumn": 15
},{
	"resource": "/c:/Users/basil/Desktop/material-kai-vision-platform/src/pages/TestImageGallery.tsx",
	"owner": "eslint",
	"code": "no-console",
	"severity": 4,
	"message": "Unexpected console statement",
	"source": "eslint",
	"startLineNumber": 119,
	"startColumn": 15,
	"endLineNumber": 119,
	"endColumn": 15
},{
	"resource": "/c:/Users/basil/Desktop/material-kai-vision-platform/src/pages/TestImageGallery.tsx",
	"owner": "eslint",
	"code": "no-trailing-spaces",
	"severity": 4,
	"message": "Trailing spaces not allowed",
	"source": "eslint",
	"startLineNumber": 146,
	"startColumn": 1,
	"endLineNumber": 146,
	"endColumn": 1
},{
	"resource": "/c:/Users/basil/Desktop/material-kai-vision-platform/src/pages/TestImageGallery.tsx",
	"owner": "eslint",
	"code": "no-trailing-spaces",
	"severity": 4,
	"message": "Trailing spaces not allowed",
	"source": "eslint",
	"startLineNumber": 196,
	"startColumn": 96,
	"endLineNumber": 196,
	"endColumn": 96
},{
	"resource": "/c:/Users/basil/Desktop/material-kai-vision-platform/src/pages/TestImageGallery.tsx",
	"owner": "eslint",
	"code": "react/no-unescaped-entities",
	"severity": 4,
	"message": "`\"` can be escaped with `&quot;`, `&ldquo;`, `&#34;`, `&rdquo;`",
	"source": "eslint",
	"startLineNumber": 209,
	"startColumn": 56,
	"endLineNumber": 209,
	"endColumn": 56
},{
	"resource": "/c:/Users/basil/Desktop/material-kai-vision-platform/src/pages/TestImageGallery.tsx",
	"owner": "eslint",
	"code": "react/no-unescaped-entities",
	"severity": 4,
	"message": "`\"` can be escaped with `&quot;`, `&ldquo;`, `&#34;`, `&rdquo;`",
	"source": "eslint",
	"startLineNumber": 209,
	"startColumn": 73,
	"endLineNumber": 209,
	"endColumn": 73
},{
	"resource": "/c:/Users/basil/Desktop/material-kai-vision-platform/src/services/__tests__/AnalyticsService.test.ts",
	"owner": "eslint",
	"code": "@typescript-eslint/no-explicit-any",
	"severity": 4,
	"message": "Unexpected any. Specify a different type",
	"source": "eslint",
	"startLineNumber": 9,
	"startColumn": 22,
	"endLineNumber": 9,
	"endColumn": 22
},{
	"resource": "/c:/Users/basil/Desktop/material-kai-vision-platform/src/services/__tests__/AnalyticsService.test.ts",
	"owner": "eslint",
	"code": "@typescript-eslint/no-explicit-any",
	"severity": 4,
	"message": "Unexpected any. Specify a different type",
	"source": "eslint",
	"startLineNumber": 22,
	"startColumn": 38,
	"endLineNumber": 22,
	"endColumn": 38
},{
	"resource": "/c:/Users/basil/Desktop/material-kai-vision-platform/src/services/__tests__/BoundaryDetectionService.test.ts",
	"owner": "eslint",
	"code": "import/order",
	"severity": 4,
	"message": "There should be at least one empty line between import groups",
	"source": "eslint",
	"startLineNumber": 1,
	"startColumn": 1,
	"endLineNumber": 1,
	"endColumn": 1
},{
	"resource": "/c:/Users/basil/Desktop/material-kai-vision-platform/src/services/__tests__/BoundaryDetectionService.test.ts",
	"owner": "eslint",
	"code": "quotes",
	"severity": 4,
	"message": "Strings must use singlequote",
	"source": "eslint",
	"startLineNumber": 1,
	"startColumn": 50,
	"endLineNumber": 1,
	"endColumn": 50
},{
	"resource": "/c:/Users/basil/Desktop/material-kai-vision-platform/src/services/__tests__/BoundaryDetectionService.test.ts",
	"owner": "eslint",
	"code": "quotes",
	"severity": 4,
	"message": "Strings must use singlequote",
	"source": "eslint",
	"startLineNumber": 5,
	"startColumn": 8,
	"endLineNumber": 5,
	"endColumn": 8
},{
	"resource": "/c:/Users/basil/Desktop/material-kai-vision-platform/src/services/__tests__/BoundaryDetectionService.test.ts",
	"owner": "eslint",
	"code": "quotes",
	"severity": 4,
	"message": "Strings must use singlequote",
	"source": "eslint",
	"startLineNumber": 8,
	"startColumn": 11,
	"endLineNumber": 8,
	"endColumn": 11
},{
	"resource": "/c:/Users/basil/Desktop/material-kai-vision-platform/src/services/__tests__/BoundaryDetectionService.test.ts",
	"owner": "eslint",
	"code": "quotes",
	"severity": 4,
	"message": "Strings must use singlequote",
	"source": "eslint",
	"startLineNumber": 25,
	"startColumn": 10,
	"endLineNumber": 25,
	"endColumn": 10
},{
	"resource": "/c:/Users/basil/Desktop/material-kai-vision-platform/src/services/__tests__/BoundaryDetectionService.test.ts",
	"owner": "eslint",
	"code": "quotes",
	"severity": 4,
	"message": "Strings must use singlequote",
	"source": "eslint",
	"startLineNumber": 32,
	"startColumn": 12,
	"endLineNumber": 32,
	"endColumn": 12
},{
	"resource": "/c:/Users/basil/Desktop/material-kai-vision-platform/src/services/__tests__/BoundaryDetectionService.test.ts",
	"owner": "eslint",
	"code": "quotes",
	"severity": 4,
	"message": "Strings must use singlequote",
	"source": "eslint",
	"startLineNumber": 33,
	"startColumn": 8,
	"endLineNumber": 33,
	"endColumn": 8
},{
	"resource": "/c:/Users/basil/Desktop/material-kai-vision-platform/src/services/__tests__/BoundaryDetectionService.test.ts",
	"owner": "eslint",
	"code": "quotes",
	"severity": 4,
	"message": "Strings must use singlequote",
	"source": "eslint",
	"startLineNumber": 36,
	"startColumn": 45,
	"endLineNumber": 36,
	"endColumn": 45
},{
	"resource": "/c:/Users/basil/Desktop/material-kai-vision-platform/src/services/__tests__/BoundaryDetectionService.test.ts",
	"owner": "eslint",
	"code": "quotes",
	"severity": 4,
	"message": "Strings must use singlequote",
	"source": "eslint",
	"startLineNumber": 37,
	"startColumn": 48,
	"endLineNumber": 37,
	"endColumn": 48
},{
	"resource": "/c:/Users/basil/Desktop/material-kai-vision-platform/src/services/__tests__/BoundaryDetectionService.test.ts",
	"owner": "eslint",
	"code": "quotes",
	"severity": 4,
	"message": "Strings must use singlequote",
	"source": "eslint",
	"startLineNumber": 41,
	"startColumn": 12,
	"endLineNumber": 41,
	"endColumn": 12
},{
	"resource": "/c:/Users/basil/Desktop/material-kai-vision-platform/src/services/__tests__/BoundaryDetectionService.test.ts",
	"owner": "eslint",
	"code": "quotes",
	"severity": 4,
	"message": "Strings must use singlequote",
	"source": "eslint",
	"startLineNumber": 42,
	"startColumn": 8,
	"endLineNumber": 42,
	"endColumn": 8
},{
	"resource": "/c:/Users/basil/Desktop/material-kai-vision-platform/src/services/__tests__/BoundaryDetectionService.test.ts",
	"owner": "eslint",
	"code": "@typescript-eslint/no-explicit-any",
	"severity": 4,
	"message": "Unexpected any. Specify a different type",
	"source": "eslint",
	"startLineNumber": 43,
	"startColumn": 33,
	"endLineNumber": 43,
	"endColumn": 33
},{
	"resource": "/c:/Users/basil/Desktop/material-kai-vision-platform/src/services/__tests__/BoundaryDetectionService.test.ts",
	"owner": "eslint",
	"code": "quotes",
	"severity": 4,
	"message": "Strings must use singlequote",
	"source": "eslint",
	"startLineNumber": 44,
	"startColumn": 9,
	"endLineNumber": 44,
	"endColumn": 9
},{
	"resource": "/c:/Users/basil/Desktop/material-kai-vision-platform/src/services/__tests__/BoundaryDetectionService.test.ts",
	"owner": "eslint",
	"code": "comma-dangle",
	"severity": 4,
	"message": "Missing trailing comma",
	"source": "eslint",
	"startLineNumber": 44,
	"startColumn": 39,
	"endLineNumber": 44,
	"endColumn": 39
},{
	"resource": "/c:/Users/basil/Desktop/material-kai-vision-platform/src/services/__tests__/BoundaryDetectionService.test.ts",
	"owner": "eslint",
	"code": "quotes",
	"severity": 4,
	"message": "Strings must use singlequote",
	"source": "eslint",
	"startLineNumber": 49,
	"startColumn": 8,
	"endLineNumber": 49,
	"endColumn": 8
},{
	"resource": "/c:/Users/basil/Desktop/material-kai-vision-platform/src/services/__tests__/BoundaryDetectionService.test.ts",
	"owner": "eslint",
	"code": "@typescript-eslint/no-explicit-any",
	"severity": 4,
	"message": "Unexpected any. Specify a different type",
	"source": "eslint",
	"startLineNumber": 50,
	"startColumn": 33,
	"endLineNumber": 50,
	"endColumn": 33
},{
	"resource": "/c:/Users/basil/Desktop/material-kai-vision-platform/src/services/__tests__/BoundaryDetectionService.test.ts",
	"owner": "eslint",
	"code": "quotes",
	"severity": 4,
	"message": "Strings must use singlequote",
	"source": "eslint",
	"startLineNumber": 51,
	"startColumn": 9,
	"endLineNumber": 51,
	"endColumn": 9
},{
	"resource": "/c:/Users/basil/Desktop/material-kai-vision-platform/src/services/__tests__/BoundaryDetectionService.test.ts",
	"owner": "eslint",
	"code": "comma-dangle",
	"severity": 4,
	"message": "Missing trailing comma",
	"source": "eslint",
	"startLineNumber": 51,
	"startColumn": 33,
	"endLineNumber": 51,
	"endColumn": 33
},{
	"resource": "/c:/Users/basil/Desktop/material-kai-vision-platform/src/services/__tests__/BoundaryDetectionService.test.ts",
	"owner": "eslint",
	"code": "quotes",
	"severity": 4,
	"message": "Strings must use singlequote",
	"source": "eslint",
	"startLineNumber": 56,
	"startColumn": 8,
	"endLineNumber": 56,
	"endColumn": 8
},{
	"resource": "/c:/Users/basil/Desktop/material-kai-vision-platform/src/services/__tests__/BoundaryDetectionService.test.ts",
	"owner": "eslint",
	"code": "@typescript-eslint/no-explicit-any",
	"severity": 4,
	"message": "Unexpected any. Specify a different type",
	"source": "eslint",
	"startLineNumber": 57,
	"startColumn": 33,
	"endLineNumber": 57,
	"endColumn": 33
},{
	"resource": "/c:/Users/basil/Desktop/material-kai-vision-platform/src/services/__tests__/BoundaryDetectionService.test.ts",
	"owner": "eslint",
	"code": "quotes",
	"severity": 4,
	"message": "Strings must use singlequote",
	"source": "eslint",
	"startLineNumber": 57,
	"startColumn": 61,
	"endLineNumber": 57,
	"endColumn": 61
},{
	"resource": "/c:/Users/basil/Desktop/material-kai-vision-platform/src/services/__tests__/BoundaryDetectionService.test.ts",
	"owner": "eslint",
	"code": "quotes",
	"severity": 4,
	"message": "Strings must use singlequote",
	"source": "eslint",
	"startLineNumber": 61,
	"startColumn": 8,
	"endLineNumber": 61,
	"endColumn": 8
},{
	"resource": "/c:/Users/basil/Desktop/material-kai-vision-platform/src/services/__tests__/BoundaryDetectionService.test.ts",
	"owner": "eslint",
	"code": "@typescript-eslint/no-explicit-any",
	"severity": 4,
	"message": "Unexpected any. Specify a different type",
	"source": "eslint",
	"startLineNumber": 62,
	"startColumn": 33,
	"endLineNumber": 62,
	"endColumn": 33
},{
	"resource": "/c:/Users/basil/Desktop/material-kai-vision-platform/src/services/__tests__/BoundaryDetectionService.test.ts",
	"owner": "eslint",
	"code": "quotes",
	"severity": 4,
	"message": "Strings must use singlequote",
	"source": "eslint",
	"startLineNumber": 63,
	"startColumn": 9,
	"endLineNumber": 63,
	"endColumn": 9
},{
	"resource": "/c:/Users/basil/Desktop/material-kai-vision-platform/src/services/__tests__/BoundaryDetectionService.test.ts",
	"owner": "eslint",
	"code": "comma-dangle",
	"severity": 4,
	"message": "Missing trailing comma",
	"source": "eslint",
	"startLineNumber": 63,
	"startColumn": 36,
	"endLineNumber": 63,
	"endColumn": 36
},{
	"resource": "/c:/Users/basil/Desktop/material-kai-vision-platform/src/services/__tests__/BoundaryDetectionService.test.ts",
	"owner": "eslint",
	"code": "quotes",
	"severity": 4,
	"message": "Strings must use singlequote",
	"source": "eslint",
	"startLineNumber": 68,
	"startColumn": 8,
	"endLineNumber": 68,
	"endColumn": 8
},{
	"resource": "/c:/Users/basil/Desktop/material-kai-vision-platform/src/services/__tests__/BoundaryDetectionService.test.ts",
	"owner": "eslint",
	"code": "@typescript-eslint/no-explicit-any",
	"severity": 4,
	"message": "Unexpected any. Specify a different type",
	"source": "eslint",
	"startLineNumber": 69,
	"startColumn": 33,
	"endLineNumber": 69,
	"endColumn": 33
},{
	"resource": "/c:/Users/basil/Desktop/material-kai-vision-platform/src/services/__tests__/BoundaryDetectionService.test.ts",
	"owner": "eslint",
	"code": "quotes",
	"severity": 4,
	"message": "Strings must use singlequote",
	"source": "eslint",
	"startLineNumber": 69,
	"startColumn": 61,
	"endLineNumber": 69,
	"endColumn": 61
},{
	"resource": "/c:/Users/basil/Desktop/material-kai-vision-platform/src/services/__tests__/BoundaryDetectionService.test.ts",
	"owner": "eslint",
	"code": "quotes",
	"severity": 4,
	"message": "Strings must use singlequote",
	"source": "eslint",
	"startLineNumber": 73,
	"startColumn": 8,
	"endLineNumber": 73,
	"endColumn": 8
},{
	"resource": "/c:/Users/basil/Desktop/material-kai-vision-platform/src/services/__tests__/BoundaryDetectionService.test.ts",
	"owner": "eslint",
	"code": "quotes",
	"severity": 4,
	"message": "Strings must use singlequote",
	"source": "eslint",
	"startLineNumber": 75,
	"startColumn": 9,
	"endLineNumber": 75,
	"endColumn": 9
},{
	"resource": "/c:/Users/basil/Desktop/material-kai-vision-platform/src/services/__tests__/BoundaryDetectionService.test.ts",
	"owner": "eslint",
	"code": "quotes",
	"severity": 4,
	"message": "Strings must use singlequote",
	"source": "eslint",
	"startLineNumber": 76,
	"startColumn": 9,
	"endLineNumber": 76,
	"endColumn": 9
},{
	"resource": "/c:/Users/basil/Desktop/material-kai-vision-platform/src/services/__tests__/BoundaryDetectionService.test.ts",
	"owner": "eslint",
	"code": "quotes",
	"severity": 4,
	"message": "Strings must use singlequote",
	"source": "eslint",
	"startLineNumber": 77,
	"startColumn": 9,
	"endLineNumber": 77,
	"endColumn": 9
},{
	"resource": "/c:/Users/basil/Desktop/material-kai-vision-platform/src/services/__tests__/BoundaryDetectionService.test.ts",
	"owner": "eslint",
	"code": "quotes",
	"severity": 4,
	"message": "Strings must use singlequote",
	"source": "eslint",
	"startLineNumber": 78,
	"startColumn": 9,
	"endLineNumber": 78,
	"endColumn": 9
},{
	"resource": "/c:/Users/basil/Desktop/material-kai-vision-platform/src/services/__tests__/BoundaryDetectionService.test.ts",
	"owner": "eslint",
	"code": "quotes",
	"severity": 4,
	"message": "Strings must use singlequote",
	"source": "eslint",
	"startLineNumber": 79,
	"startColumn": 9,
	"endLineNumber": 79,
	"endColumn": 9
},{
	"resource": "/c:/Users/basil/Desktop/material-kai-vision-platform/src/services/__tests__/BoundaryDetectionService.test.ts",
	"owner": "eslint",
	"code": "quotes",
	"severity": 4,
	"message": "Strings must use singlequote",
	"source": "eslint",
	"startLineNumber": 80,
	"startColumn": 9,
	"endLineNumber": 80,
	"endColumn": 9
},{
	"resource": "/c:/Users/basil/Desktop/material-kai-vision-platform/src/services/__tests__/BoundaryDetectionService.test.ts",
	"owner": "eslint",
	"code": "@typescript-eslint/no-explicit-any",
	"severity": 4,
	"message": "Unexpected any. Specify a different type",
	"source": "eslint",
	"startLineNumber": 84,
	"startColumn": 35,
	"endLineNumber": 84,
	"endColumn": 35
},{
	"resource": "/c:/Users/basil/Desktop/material-kai-vision-platform/src/services/__tests__/BoundaryDetectionService.test.ts",
	"owner": "eslint",
	"code": "quotes",
	"severity": 4,
	"message": "Strings must use singlequote",
	"source": "eslint",
	"startLineNumber": 91,
	"startColumn": 12,
	"endLineNumber": 91,
	"endColumn": 12
},{
	"resource": "/c:/Users/basil/Desktop/material-kai-vision-platform/src/services/__tests__/BoundaryDetectionService.test.ts",
	"owner": "eslint",
	"code": "quotes",
	"severity": 4,
	"message": "Strings must use singlequote",
	"source": "eslint",
	"startLineNumber": 92,
	"startColumn": 8,
	"endLineNumber": 92,
	"endColumn": 8
},{
	"resource": "/c:/Users/basil/Desktop/material-kai-vision-platform/src/services/__tests__/BoundaryDetectionService.test.ts",
	"owner": "eslint",
	"code": "@typescript-eslint/no-explicit-any",
	"severity": 4,
	"message": "Unexpected any. Specify a different type",
	"source": "eslint",
	"startLineNumber": 93,
	"startColumn": 32,
	"endLineNumber": 93,
	"endColumn": 32
},{
	"resource": "/c:/Users/basil/Desktop/material-kai-vision-platform/src/services/__tests__/BoundaryDetectionService.test.ts",
	"owner": "eslint",
	"code": "quotes",
	"severity": 4,
	"message": "Strings must use singlequote",
	"source": "eslint",
	"startLineNumber": 94,
	"startColumn": 9,
	"endLineNumber": 94,
	"endColumn": 9
},{
	"resource": "/c:/Users/basil/Desktop/material-kai-vision-platform/src/services/__tests__/BoundaryDetectionService.test.ts",
	"owner": "eslint",
	"code": "comma-dangle",
	"severity": 4,
	"message": "Missing trailing comma",
	"source": "eslint",
	"startLineNumber": 96,
	"startColumn": 12,
	"endLineNumber": 96,
	"endColumn": 12
},{
	"resource": "/c:/Users/basil/Desktop/material-kai-vision-platform/src/services/__tests__/BoundaryDetectionService.test.ts",
	"owner": "eslint",
	"code": "quotes",
	"severity": 4,
	"message": "Strings must use singlequote",
	"source": "eslint",
	"startLineNumber": 98,
	"startColumn": 25,
	"endLineNumber": 98,
	"endColumn": 25
},{
	"resource": "/c:/Users/basil/Desktop/material-kai-vision-platform/src/services/__tests__/BoundaryDetectionService.test.ts",
	"owner": "eslint",
	"code": "quotes",
	"severity": 4,
	"message": "Strings must use singlequote",
	"source": "eslint",
	"startLineNumber": 101,
	"startColumn": 8,
	"endLineNumber": 101,
	"endColumn": 8
},{
	"resource": "/c:/Users/basil/Desktop/material-kai-vision-platform/src/services/__tests__/BoundaryDetectionService.test.ts",
	"owner": "eslint",
	"code": "@typescript-eslint/no-explicit-any",
	"severity": 4,
	"message": "Unexpected any. Specify a different type",
	"source": "eslint",
	"startLineNumber": 102,
	"startColumn": 32,
	"endLineNumber": 102,
	"endColumn": 32
},{
	"resource": "/c:/Users/basil/Desktop/material-kai-vision-platform/src/services/__tests__/BoundaryDetectionService.test.ts",
	"owner": "eslint",
	"code": "quotes",
	"severity": 4,
	"message": "Strings must use singlequote",
	"source": "eslint",
	"startLineNumber": 103,
	"startColumn": 9,
	"endLineNumber": 103,
	"endColumn": 9
},{
	"resource": "/c:/Users/basil/Desktop/material-kai-vision-platform/src/services/__tests__/BoundaryDetectionService.test.ts",
	"owner": "eslint",
	"code": "comma-dangle",
	"severity": 4,
	"message": "Missing trailing comma",
	"source": "eslint",
	"startLineNumber": 105,
	"startColumn": 12,
	"endLineNumber": 105,
	"endColumn": 12
},{
	"resource": "/c:/Users/basil/Desktop/material-kai-vision-platform/src/services/__tests__/BoundaryDetectionService.test.ts",
	"owner": "eslint",
	"code": "quotes",
	"severity": 4,
	"message": "Strings must use singlequote",
	"source": "eslint",
	"startLineNumber": 107,
	"startColumn": 25,
	"endLineNumber": 107,
	"endColumn": 25
},{
	"resource": "/c:/Users/basil/Desktop/material-kai-vision-platform/src/services/__tests__/BoundaryDetectionService.test.ts",
	"owner": "eslint",
	"code": "quotes",
	"severity": 4,
	"message": "Strings must use singlequote",
	"source": "eslint",
	"startLineNumber": 110,
	"startColumn": 8,
	"endLineNumber": 110,
	"endColumn": 8
},{
	"resource": "/c:/Users/basil/Desktop/material-kai-vision-platform/src/services/__tests__/BoundaryDetectionService.test.ts",
	"owner": "eslint",
	"code": "@typescript-eslint/no-explicit-any",
	"severity": 4,
	"message": "Unexpected any. Specify a different type",
	"source": "eslint",
	"startLineNumber": 111,
	"startColumn": 32,
	"endLineNumber": 111,
	"endColumn": 32
},{
	"resource": "/c:/Users/basil/Desktop/material-kai-vision-platform/src/services/__tests__/BoundaryDetectionService.test.ts",
	"owner": "eslint",
	"code": "quotes",
	"severity": 4,
	"message": "Strings must use singlequote",
	"source": "eslint",
	"startLineNumber": 112,
	"startColumn": 9,
	"endLineNumber": 112,
	"endColumn": 9
},{
	"resource": "/c:/Users/basil/Desktop/material-kai-vision-platform/src/services/__tests__/BoundaryDetectionService.test.ts",
	"owner": "eslint",
	"code": "comma-dangle",
	"severity": 4,
	"message": "Missing trailing comma",
	"source": "eslint",
	"startLineNumber": 114,
	"startColumn": 12,
	"endLineNumber": 114,
	"endColumn": 12
},{
	"resource": "/c:/Users/basil/Desktop/material-kai-vision-platform/src/services/__tests__/BoundaryDetectionService.test.ts",
	"owner": "eslint",
	"code": "quotes",
	"severity": 4,
	"message": "Strings must use singlequote",
	"source": "eslint",
	"startLineNumber": 116,
	"startColumn": 25,
	"endLineNumber": 116,
	"endColumn": 25
},{
	"resource": "/c:/Users/basil/Desktop/material-kai-vision-platform/src/services/__tests__/BoundaryDetectionService.test.ts",
	"owner": "eslint",
	"code": "quotes",
	"severity": 4,
	"message": "Strings must use singlequote",
	"source": "eslint",
	"startLineNumber": 119,
	"startColumn": 8,
	"endLineNumber": 119,
	"endColumn": 8
},{
	"resource": "/c:/Users/basil/Desktop/material-kai-vision-platform/src/services/__tests__/BoundaryDetectionService.test.ts",
	"owner": "eslint",
	"code": "@typescript-eslint/no-explicit-any",
	"severity": 4,
	"message": "Unexpected any. Specify a different type",
	"source": "eslint",
	"startLineNumber": 120,
	"startColumn": 32,
	"endLineNumber": 120,
	"endColumn": 32
},{
	"resource": "/c:/Users/basil/Desktop/material-kai-vision-platform/src/services/__tests__/BoundaryDetectionService.test.ts",
	"owner": "eslint",
	"code": "quotes",
	"severity": 4,
	"message": "Strings must use singlequote",
	"source": "eslint",
	"startLineNumber": 121,
	"startColumn": 9,
	"endLineNumber": 121,
	"endColumn": 9
},{
	"resource": "/c:/Users/basil/Desktop/material-kai-vision-platform/src/services/__tests__/BoundaryDetectionService.test.ts",
	"owner": "eslint",
	"code": "comma-dangle",
	"severity": 4,
	"message": "Missing trailing comma",
	"source": "eslint",
	"startLineNumber": 123,
	"startColumn": 12,
	"endLineNumber": 123,
	"endColumn": 12
},{
	"resource": "/c:/Users/basil/Desktop/material-kai-vision-platform/src/services/__tests__/BoundaryDetectionService.test.ts",
	"owner": "eslint",
	"code": "quotes",
	"severity": 4,
	"message": "Strings must use singlequote",
	"source": "eslint",
	"startLineNumber": 125,
	"startColumn": 25,
	"endLineNumber": 125,
	"endColumn": 25
},{
	"resource": "/c:/Users/basil/Desktop/material-kai-vision-platform/src/services/__tests__/BoundaryDetectionService.test.ts",
	"owner": "eslint",
	"code": "quotes",
	"severity": 4,
	"message": "Strings must use singlequote",
	"source": "eslint",
	"startLineNumber": 128,
	"startColumn": 8,
	"endLineNumber": 128,
	"endColumn": 8
},{
	"resource": "/c:/Users/basil/Desktop/material-kai-vision-platform/src/services/__tests__/BoundaryDetectionService.test.ts",
	"owner": "eslint",
	"code": "@typescript-eslint/no-explicit-any",
	"severity": 4,
	"message": "Unexpected any. Specify a different type",
	"source": "eslint",
	"startLineNumber": 129,
	"startColumn": 32,
	"endLineNumber": 129,
	"endColumn": 32
},{
	"resource": "/c:/Users/basil/Desktop/material-kai-vision-platform/src/services/__tests__/BoundaryDetectionService.test.ts",
	"owner": "eslint",
	"code": "quotes",
	"severity": 4,
	"message": "Strings must use singlequote",
	"source": "eslint",
	"startLineNumber": 130,
	"startColumn": 9,
	"endLineNumber": 130,
	"endColumn": 9
},{
	"resource": "/c:/Users/basil/Desktop/material-kai-vision-platform/src/services/__tests__/BoundaryDetectionService.test.ts",
	"owner": "eslint",
	"code": "comma-dangle",
	"severity": 4,
	"message": "Missing trailing comma",
	"source": "eslint",
	"startLineNumber": 132,
	"startColumn": 12,
	"endLineNumber": 132,
	"endColumn": 12
},{
	"resource": "/c:/Users/basil/Desktop/material-kai-vision-platform/src/services/__tests__/BoundaryDetectionService.test.ts",
	"owner": "eslint",
	"code": "quotes",
	"severity": 4,
	"message": "Strings must use singlequote",
	"source": "eslint",
	"startLineNumber": 134,
	"startColumn": 25,
	"endLineNumber": 134,
	"endColumn": 25
},{
	"resource": "/c:/Users/basil/Desktop/material-kai-vision-platform/src/services/__tests__/BoundaryDetectionService.test.ts",
	"owner": "eslint",
	"code": "quotes",
	"severity": 4,
	"message": "Strings must use singlequote",
	"source": "eslint",
	"startLineNumber": 138,
	"startColumn": 12,
	"endLineNumber": 138,
	"endColumn": 12
},{
	"resource": "/c:/Users/basil/Desktop/material-kai-vision-platform/src/services/__tests__/BoundaryDetectionService.test.ts",
	"owner": "eslint",
	"code": "quotes",
	"severity": 4,
	"message": "Strings must use singlequote",
	"source": "eslint",
	"startLineNumber": 139,
	"startColumn": 8,
	"endLineNumber": 139,
	"endColumn": 8
},{
	"resource": "/c:/Users/basil/Desktop/material-kai-vision-platform/src/services/__tests__/BoundaryDetectionService.test.ts",
	"owner": "eslint",
	"code": "@typescript-eslint/no-explicit-any",
	"severity": 4,
	"message": "Unexpected any. Specify a different type",
	"source": "eslint",
	"startLineNumber": 140,
	"startColumn": 34,
	"endLineNumber": 140,
	"endColumn": 34
},{
	"resource": "/c:/Users/basil/Desktop/material-kai-vision-platform/src/services/__tests__/BoundaryDetectionService.test.ts",
	"owner": "eslint",
	"code": "quotes",
	"severity": 4,
	"message": "Strings must use singlequote",
	"source": "eslint",
	"startLineNumber": 140,
	"startColumn": 57,
	"endLineNumber": 140,
	"endColumn": 57
},{
	"resource": "/c:/Users/basil/Desktop/material-kai-vision-platform/src/services/__tests__/BoundaryDetectionService.test.ts",
	"owner": "eslint",
	"code": "quotes",
	"severity": 4,
	"message": "Strings must use singlequote",
	"source": "eslint",
	"startLineNumber": 144,
	"startColumn": 8,
	"endLineNumber": 144,
	"endColumn": 8
},{
	"resource": "/c:/Users/basil/Desktop/material-kai-vision-platform/src/services/__tests__/BoundaryDetectionService.test.ts",
	"owner": "eslint",
	"code": "@typescript-eslint/no-explicit-any",
	"severity": 4,
	"message": "Unexpected any. Specify a different type",
	"source": "eslint",
	"startLineNumber": 145,
	"startColumn": 34,
	"endLineNumber": 145,
	"endColumn": 34
},{
	"resource": "/c:/Users/basil/Desktop/material-kai-vision-platform/src/services/__tests__/BoundaryDetectionService.test.ts",
	"owner": "eslint",
	"code": "quotes",
	"severity": 4,
	"message": "Strings must use singlequote",
	"source": "eslint",
	"startLineNumber": 145,
	"startColumn": 57,
	"endLineNumber": 145,
	"endColumn": 57
},{
	"resource": "/c:/Users/basil/Desktop/material-kai-vision-platform/src/services/__tests__/BoundaryDetectionService.test.ts",
	"owner": "eslint",
	"code": "quotes",
	"severity": 4,
	"message": "Strings must use singlequote",
	"source": "eslint",
	"startLineNumber": 149,
	"startColumn": 8,
	"endLineNumber": 149,
	"endColumn": 8
},{
	"resource": "/c:/Users/basil/Desktop/material-kai-vision-platform/src/services/__tests__/BoundaryDetectionService.test.ts",
	"owner": "eslint",
	"code": "@typescript-eslint/no-explicit-any",
	"severity": 4,
	"message": "Unexpected any. Specify a different type",
	"source": "eslint",
	"startLineNumber": 150,
	"startColumn": 26,
	"endLineNumber": 150,
	"endColumn": 26
},{
	"resource": "/c:/Users/basil/Desktop/material-kai-vision-platform/src/services/__tests__/BoundaryDetectionService.test.ts",
	"owner": "eslint",
	"code": "quotes",
	"severity": 4,
	"message": "Strings must use singlequote",
	"source": "eslint",
	"startLineNumber": 150,
	"startColumn": 49,
	"endLineNumber": 150,
	"endColumn": 49
},{
	"resource": "/c:/Users/basil/Desktop/material-kai-vision-platform/src/services/__tests__/BoundaryDetectionService.test.ts",
	"owner": "eslint",
	"code": "@typescript-eslint/no-explicit-any",
	"severity": 4,
	"message": "Unexpected any. Specify a different type",
	"source": "eslint",
	"startLineNumber": 151,
	"startColumn": 26,
	"endLineNumber": 151,
	"endColumn": 26
},{
	"resource": "/c:/Users/basil/Desktop/material-kai-vision-platform/src/services/__tests__/BoundaryDetectionService.test.ts",
	"owner": "eslint",
	"code": "quotes",
	"severity": 4,
	"message": "Strings must use singlequote",
	"source": "eslint",
	"startLineNumber": 151,
	"startColumn": 49,
	"endLineNumber": 151,
	"endColumn": 49
},{
	"resource": "/c:/Users/basil/Desktop/material-kai-vision-platform/src/services/__tests__/BoundaryDetectionService.test.ts",
	"owner": "eslint",
	"code": "@typescript-eslint/no-explicit-any",
	"severity": 4,
	"message": "Unexpected any. Specify a different type",
	"source": "eslint",
	"startLineNumber": 152,
	"startColumn": 26,
	"endLineNumber": 152,
	"endColumn": 26
},{
	"resource": "/c:/Users/basil/Desktop/material-kai-vision-platform/src/services/__tests__/BoundaryDetectionService.test.ts",
	"owner": "eslint",
	"code": "quotes",
	"severity": 4,
	"message": "Strings must use singlequote",
	"source": "eslint",
	"startLineNumber": 152,
	"startColumn": 49,
	"endLineNumber": 152,
	"endColumn": 49
},{
	"resource": "/c:/Users/basil/Desktop/material-kai-vision-platform/src/services/__tests__/BoundaryDetectionService.test.ts",
	"owner": "eslint",
	"code": "quotes",
	"severity": 4,
	"message": "Strings must use singlequote",
	"source": "eslint",
	"startLineNumber": 156,
	"startColumn": 12,
	"endLineNumber": 156,
	"endColumn": 12
},{
	"resource": "/c:/Users/basil/Desktop/material-kai-vision-platform/src/services/__tests__/BoundaryDetectionService.test.ts",
	"owner": "eslint",
	"code": "quotes",
	"severity": 4,
	"message": "Strings must use singlequote",
	"source": "eslint",
	"startLineNumber": 157,
	"startColumn": 8,
	"endLineNumber": 157,
	"endColumn": 8
},{
	"resource": "/c:/Users/basil/Desktop/material-kai-vision-platform/src/services/__tests__/BoundaryDetectionService.test.ts",
	"owner": "eslint",
	"code": "@typescript-eslint/no-explicit-any",
	"severity": 4,
	"message": "Unexpected any. Specify a different type",
	"source": "eslint",
	"startLineNumber": 160,
	"startColumn": 38,
	"endLineNumber": 160,
	"endColumn": 38
},{
	"resource": "/c:/Users/basil/Desktop/material-kai-vision-platform/src/services/__tests__/BoundaryDetectionService.test.ts",
	"owner": "eslint",
	"code": "quotes",
	"severity": 4,
	"message": "Strings must use singlequote",
	"source": "eslint",
	"startLineNumber": 164,
	"startColumn": 8,
	"endLineNumber": 164,
	"endColumn": 8
},{
	"resource": "/c:/Users/basil/Desktop/material-kai-vision-platform/src/services/__tests__/BoundaryDetectionService.test.ts",
	"owner": "eslint",
	"code": "@typescript-eslint/no-explicit-any",
	"severity": 4,
	"message": "Unexpected any. Specify a different type",
	"source": "eslint",
	"startLineNumber": 167,
	"startColumn": 38,
	"endLineNumber": 167,
	"endColumn": 38
},{
	"resource": "/c:/Users/basil/Desktop/material-kai-vision-platform/src/services/__tests__/BoundaryDetectionService.test.ts",
	"owner": "eslint",
	"code": "quotes",
	"severity": 4,
	"message": "Strings must use singlequote",
	"source": "eslint",
	"startLineNumber": 171,
	"startColumn": 8,
	"endLineNumber": 171,
	"endColumn": 8
},{
	"resource": "/c:/Users/basil/Desktop/material-kai-vision-platform/src/services/__tests__/BoundaryDetectionService.test.ts",
	"owner": "eslint",
	"code": "@typescript-eslint/no-explicit-any",
	"severity": 4,
	"message": "Unexpected any. Specify a different type",
	"source": "eslint",
	"startLineNumber": 174,
	"startColumn": 38,
	"endLineNumber": 174,
	"endColumn": 38
},{
	"resource": "/c:/Users/basil/Desktop/material-kai-vision-platform/src/services/__tests__/BoundaryDetectionService.test.ts",
	"owner": "eslint",
	"code": "quotes",
	"severity": 4,
	"message": "Strings must use singlequote",
	"source": "eslint",
	"startLineNumber": 178,
	"startColumn": 8,
	"endLineNumber": 178,
	"endColumn": 8
},{
	"resource": "/c:/Users/basil/Desktop/material-kai-vision-platform/src/services/__tests__/BoundaryDetectionService.test.ts",
	"owner": "eslint",
	"code": "@typescript-eslint/no-explicit-any",
	"severity": 4,
	"message": "Unexpected any. Specify a different type",
	"source": "eslint",
	"startLineNumber": 181,
	"startColumn": 38,
	"endLineNumber": 181,
	"endColumn": 38
},{
	"resource": "/c:/Users/basil/Desktop/material-kai-vision-platform/src/services/__tests__/BoundaryDetectionService.test.ts",
	"owner": "eslint",
	"code": "quotes",
	"severity": 4,
	"message": "Strings must use singlequote",
	"source": "eslint",
	"startLineNumber": 185,
	"startColumn": 8,
	"endLineNumber": 185,
	"endColumn": 8
},{
	"resource": "/c:/Users/basil/Desktop/material-kai-vision-platform/src/services/__tests__/BoundaryDetectionService.test.ts",
	"owner": "eslint",
	"code": "@typescript-eslint/no-explicit-any",
	"severity": 4,
	"message": "Unexpected any. Specify a different type",
	"source": "eslint",
	"startLineNumber": 188,
	"startColumn": 38,
	"endLineNumber": 188,
	"endColumn": 38
},{
	"resource": "/c:/Users/basil/Desktop/material-kai-vision-platform/src/services/__tests__/BoundaryDetectionService.test.ts",
	"owner": "eslint",
	"code": "quotes",
	"severity": 4,
	"message": "Strings must use singlequote",
	"source": "eslint",
	"startLineNumber": 193,
	"startColumn": 12,
	"endLineNumber": 193,
	"endColumn": 12
},{
	"resource": "/c:/Users/basil/Desktop/material-kai-vision-platform/src/services/__tests__/BoundaryDetectionService.test.ts",
	"owner": "eslint",
	"code": "quotes",
	"severity": 4,
	"message": "Strings must use singlequote",
	"source": "eslint",
	"startLineNumber": 194,
	"startColumn": 8,
	"endLineNumber": 194,
	"endColumn": 8
},{
	"resource": "/c:/Users/basil/Desktop/material-kai-vision-platform/src/services/__tests__/BoundaryDetectionService.test.ts",
	"owner": "eslint",
	"code": "@typescript-eslint/no-explicit-any",
	"severity": 4,
	"message": "Unexpected any. Specify a different type",
	"source": "eslint",
	"startLineNumber": 197,
	"startColumn": 36,
	"endLineNumber": 197,
	"endColumn": 36
},{
	"resource": "/c:/Users/basil/Desktop/material-kai-vision-platform/src/services/__tests__/BoundaryDetectionService.test.ts",
	"owner": "eslint",
	"code": "quotes",
	"severity": 4,
	"message": "Strings must use singlequote",
	"source": "eslint",
	"startLineNumber": 201,
	"startColumn": 8,
	"endLineNumber": 201,
	"endColumn": 8
},{
	"resource": "/c:/Users/basil/Desktop/material-kai-vision-platform/src/services/__tests__/BoundaryDetectionService.test.ts",
	"owner": "eslint",
	"code": "@typescript-eslint/no-explicit-any",
	"severity": 4,
	"message": "Unexpected any. Specify a different type",
	"source": "eslint",
	"startLineNumber": 204,
	"startColumn": 36,
	"endLineNumber": 204,
	"endColumn": 36
},{
	"resource": "/c:/Users/basil/Desktop/material-kai-vision-platform/src/services/__tests__/BoundaryDetectionService.test.ts",
	"owner": "eslint",
	"code": "quotes",
	"severity": 4,
	"message": "Strings must use singlequote",
	"source": "eslint",
	"startLineNumber": 208,
	"startColumn": 8,
	"endLineNumber": 208,
	"endColumn": 8
},{
	"resource": "/c:/Users/basil/Desktop/material-kai-vision-platform/src/services/__tests__/BoundaryDetectionService.test.ts",
	"owner": "eslint",
	"code": "@typescript-eslint/no-explicit-any",
	"severity": 4,
	"message": "Unexpected any. Specify a different type",
	"source": "eslint",
	"startLineNumber": 211,
	"startColumn": 36,
	"endLineNumber": 211,
	"endColumn": 36
},{
	"resource": "/c:/Users/basil/Desktop/material-kai-vision-platform/src/services/__tests__/BoundaryDetectionService.test.ts",
	"owner": "eslint",
	"code": "quotes",
	"severity": 4,
	"message": "Strings must use singlequote",
	"source": "eslint",
	"startLineNumber": 216,
	"startColumn": 12,
	"endLineNumber": 216,
	"endColumn": 12
},{
	"resource": "/c:/Users/basil/Desktop/material-kai-vision-platform/src/services/__tests__/BoundaryDetectionService.test.ts",
	"owner": "eslint",
	"code": "quotes",
	"severity": 4,
	"message": "Strings must use singlequote",
	"source": "eslint",
	"startLineNumber": 217,
	"startColumn": 8,
	"endLineNumber": 217,
	"endColumn": 8
},{
	"resource": "/c:/Users/basil/Desktop/material-kai-vision-platform/src/services/__tests__/BoundaryDetectionService.test.ts",
	"owner": "eslint",
	"code": "@typescript-eslint/no-explicit-any",
	"severity": 4,
	"message": "Unexpected any. Specify a different type",
	"source": "eslint",
	"startLineNumber": 224,
	"startColumn": 37,
	"endLineNumber": 224,
	"endColumn": 37
},{
	"resource": "/c:/Users/basil/Desktop/material-kai-vision-platform/src/services/__tests__/BoundaryDetectionService.test.ts",
	"owner": "eslint",
	"code": "comma-dangle",
	"severity": 4,
	"message": "Missing trailing comma",
	"source": "eslint",
	"startLineNumber": 226,
	"startColumn": 17,
	"endLineNumber": 226,
	"endColumn": 17
},{
	"resource": "/c:/Users/basil/Desktop/material-kai-vision-platform/src/services/__tests__/BoundaryDetectionService.test.ts",
	"owner": "eslint",
	"code": "quotes",
	"severity": 4,
	"message": "Strings must use singlequote",
	"source": "eslint",
	"startLineNumber": 231,
	"startColumn": 8,
	"endLineNumber": 231,
	"endColumn": 8
},{
	"resource": "/c:/Users/basil/Desktop/material-kai-vision-platform/src/services/__tests__/BoundaryDetectionService.test.ts",
	"owner": "eslint",
	"code": "@typescript-eslint/no-explicit-any",
	"severity": 4,
	"message": "Unexpected any. Specify a different type",
	"source": "eslint",
	"startLineNumber": 238,
	"startColumn": 37,
	"endLineNumber": 238,
	"endColumn": 37
},{
	"resource": "/c:/Users/basil/Desktop/material-kai-vision-platform/src/services/__tests__/BoundaryDetectionService.test.ts",
	"owner": "eslint",
	"code": "comma-dangle",
	"severity": 4,
	"message": "Missing trailing comma",
	"source": "eslint",
	"startLineNumber": 240,
	"startColumn": 17,
	"endLineNumber": 240,
	"endColumn": 17
},{
	"resource": "/c:/Users/basil/Desktop/material-kai-vision-platform/src/services/__tests__/BoundaryDetectionService.test.ts",
	"owner": "eslint",
	"code": "quotes",
	"severity": 4,
	"message": "Strings must use singlequote",
	"source": "eslint",
	"startLineNumber": 245,
	"startColumn": 8,
	"endLineNumber": 245,
	"endColumn": 8
},{
	"resource": "/c:/Users/basil/Desktop/material-kai-vision-platform/src/services/__tests__/BoundaryDetectionService.test.ts",
	"owner": "eslint",
	"code": "@typescript-eslint/no-explicit-any",
	"severity": 4,
	"message": "Unexpected any. Specify a different type",
	"source": "eslint",
	"startLineNumber": 246,
	"startColumn": 37,
	"endLineNumber": 246,
	"endColumn": 37
},{
	"resource": "/c:/Users/basil/Desktop/material-kai-vision-platform/src/services/__tests__/BoundaryDetectionService.test.ts",
	"owner": "eslint",
	"code": "comma-dangle",
	"severity": 4,
	"message": "Missing trailing comma",
	"source": "eslint",
	"startLineNumber": 248,
	"startColumn": 18,
	"endLineNumber": 248,
	"endColumn": 18
},{
	"resource": "/c:/Users/basil/Desktop/material-kai-vision-platform/src/services/__tests__/BoundaryDetectionService.test.ts",
	"owner": "eslint",
	"code": "quotes",
	"severity": 4,
	"message": "Strings must use singlequote",
	"source": "eslint",
	"startLineNumber": 254,
	"startColumn": 12,
	"endLineNumber": 254,
	"endColumn": 12
},{
	"resource": "/c:/Users/basil/Desktop/material-kai-vision-platform/src/services/__tests__/BoundaryDetectionService.test.ts",
	"owner": "eslint",
	"code": "quotes",
	"severity": 4,
	"message": "Strings must use singlequote",
	"source": "eslint",
	"startLineNumber": 255,
	"startColumn": 8,
	"endLineNumber": 255,
	"endColumn": 8
},{
	"resource": "/c:/Users/basil/Desktop/material-kai-vision-platform/src/services/__tests__/BoundaryDetectionService.test.ts",
	"owner": "eslint",
	"code": "@typescript-eslint/no-explicit-any",
	"severity": 4,
	"message": "Unexpected any. Specify a different type",
	"source": "eslint",
	"startLineNumber": 256,
	"startColumn": 37,
	"endLineNumber": 256,
	"endColumn": 37
},{
	"resource": "/c:/Users/basil/Desktop/material-kai-vision-platform/src/services/__tests__/BoundaryDetectionService.test.ts",
	"owner": "eslint",
	"code": "quotes",
	"severity": 4,
	"message": "Strings must use singlequote",
	"source": "eslint",
	"startLineNumber": 256,
	"startColumn": 65,
	"endLineNumber": 256,
	"endColumn": 65
},{
	"resource": "/c:/Users/basil/Desktop/material-kai-vision-platform/src/services/__tests__/BoundaryDetectionService.test.ts",
	"owner": "eslint",
	"code": "quotes",
	"severity": 4,
	"message": "Strings must use singlequote",
	"source": "eslint",
	"startLineNumber": 257,
	"startColumn": 35,
	"endLineNumber": 257,
	"endColumn": 35
},{
	"resource": "/c:/Users/basil/Desktop/material-kai-vision-platform/src/services/__tests__/BoundaryDetectionService.test.ts",
	"owner": "eslint",
	"code": "quotes",
	"severity": 4,
	"message": "Strings must use singlequote",
	"source": "eslint",
	"startLineNumber": 258,
	"startColumn": 35,
	"endLineNumber": 258,
	"endColumn": 35
},{
	"resource": "/c:/Users/basil/Desktop/material-kai-vision-platform/src/services/__tests__/BoundaryDetectionService.test.ts",
	"owner": "eslint",
	"code": "quotes",
	"severity": 4,
	"message": "Strings must use singlequote",
	"source": "eslint",
	"startLineNumber": 261,
	"startColumn": 8,
	"endLineNumber": 261,
	"endColumn": 8
},{
	"resource": "/c:/Users/basil/Desktop/material-kai-vision-platform/src/services/__tests__/BoundaryDetectionService.test.ts",
	"owner": "eslint",
	"code": "@typescript-eslint/no-explicit-any",
	"severity": 4,
	"message": "Unexpected any. Specify a different type",
	"source": "eslint",
	"startLineNumber": 262,
	"startColumn": 37,
	"endLineNumber": 262,
	"endColumn": 37
},{
	"resource": "/c:/Users/basil/Desktop/material-kai-vision-platform/src/services/__tests__/BoundaryDetectionService.test.ts",
	"owner": "eslint",
	"code": "quotes",
	"severity": 4,
	"message": "Strings must use singlequote",
	"source": "eslint",
	"startLineNumber": 262,
	"startColumn": 65,
	"endLineNumber": 262,
	"endColumn": 65
},{
	"resource": "/c:/Users/basil/Desktop/material-kai-vision-platform/src/services/__tests__/BoundaryDetectionService.test.ts",
	"owner": "eslint",
	"code": "quotes",
	"severity": 4,
	"message": "Strings must use singlequote",
	"source": "eslint",
	"startLineNumber": 263,
	"startColumn": 35,
	"endLineNumber": 263,
	"endColumn": 35
},{
	"resource": "/c:/Users/basil/Desktop/material-kai-vision-platform/src/services/__tests__/BoundaryDetectionService.test.ts",
	"owner": "eslint",
	"code": "quotes",
	"severity": 4,
	"message": "Strings must use singlequote",
	"source": "eslint",
	"startLineNumber": 264,
	"startColumn": 35,
	"endLineNumber": 264,
	"endColumn": 35
},{
	"resource": "/c:/Users/basil/Desktop/material-kai-vision-platform/src/services/__tests__/BoundaryDetectionService.test.ts",
	"owner": "eslint",
	"code": "quotes",
	"severity": 4,
	"message": "Strings must use singlequote",
	"source": "eslint",
	"startLineNumber": 267,
	"startColumn": 8,
	"endLineNumber": 267,
	"endColumn": 8
},{
	"resource": "/c:/Users/basil/Desktop/material-kai-vision-platform/src/services/__tests__/BoundaryDetectionService.test.ts",
	"owner": "eslint",
	"code": "@typescript-eslint/no-explicit-any",
	"severity": 4,
	"message": "Unexpected any. Specify a different type",
	"source": "eslint",
	"startLineNumber": 268,
	"startColumn": 37,
	"endLineNumber": 268,
	"endColumn": 37
},{
	"resource": "/c:/Users/basil/Desktop/material-kai-vision-platform/src/services/__tests__/BoundaryDetectionService.test.ts",
	"owner": "eslint",
	"code": "quotes",
	"severity": 4,
	"message": "Strings must use singlequote",
	"source": "eslint",
	"startLineNumber": 268,
	"startColumn": 65,
	"endLineNumber": 268,
	"endColumn": 65
},{
	"resource": "/c:/Users/basil/Desktop/material-kai-vision-platform/src/services/__tests__/BoundaryDetectionService.test.ts",
	"owner": "eslint",
	"code": "quotes",
	"severity": 4,
	"message": "Strings must use singlequote",
	"source": "eslint",
	"startLineNumber": 269,
	"startColumn": 35,
	"endLineNumber": 269,
	"endColumn": 35
},{
	"resource": "/c:/Users/basil/Desktop/material-kai-vision-platform/src/services/__tests__/BoundaryDetectionService.test.ts",
	"owner": "eslint",
	"code": "quotes",
	"severity": 4,
	"message": "Strings must use singlequote",
	"source": "eslint",
	"startLineNumber": 273,
	"startColumn": 12,
	"endLineNumber": 273,
	"endColumn": 12
},{
	"resource": "/c:/Users/basil/Desktop/material-kai-vision-platform/src/services/__tests__/BoundaryDetectionService.test.ts",
	"owner": "eslint",
	"code": "quotes",
	"severity": 4,
	"message": "Strings must use singlequote",
	"source": "eslint",
	"startLineNumber": 274,
	"startColumn": 8,
	"endLineNumber": 274,
	"endColumn": 8
},{
	"resource": "/c:/Users/basil/Desktop/material-kai-vision-platform/src/services/__tests__/BoundaryDetectionService.test.ts",
	"owner": "eslint",
	"code": "quotes",
	"severity": 4,
	"message": "Strings must use singlequote",
	"source": "eslint",
	"startLineNumber": 283,
	"startColumn": 8,
	"endLineNumber": 283,
	"endColumn": 8
},{
	"resource": "/c:/Users/basil/Desktop/material-kai-vision-platform/src/services/__tests__/BoundaryDetectionService.test.ts",
	"owner": "eslint",
	"code": "quotes",
	"severity": 4,
	"message": "Strings must use singlequote",
	"source": "eslint",
	"startLineNumber": 287,
	"startColumn": 17,
	"endLineNumber": 287,
	"endColumn": 17
},{
	"resource": "/c:/Users/basil/Desktop/material-kai-vision-platform/src/services/__tests__/BoundaryDetectionService.test.ts",
	"owner": "eslint",
	"code": "quotes",
	"severity": 4,
	"message": "Strings must use singlequote",
	"source": "eslint",
	"startLineNumber": 288,
	"startColumn": 19,
	"endLineNumber": 288,
	"endColumn": 19
},{
	"resource": "/c:/Users/basil/Desktop/material-kai-vision-platform/src/services/__tests__/ChunkAnalysisService.test.ts",
	"owner": "eslint",
	"code": "import/order",
	"severity": 4,
	"message": "There should be at least one empty line between import groups",
	"source": "eslint",
	"startLineNumber": 1,
	"startColumn": 1,
	"endLineNumber": 1,
	"endColumn": 1
},{
	"resource": "/c:/Users/basil/Desktop/material-kai-vision-platform/src/services/__tests__/ChunkAnalysisService.test.ts",
	"owner": "eslint",
	"code": "quotes",
	"severity": 4,
	"message": "Strings must use singlequote",
	"source": "eslint",
	"startLineNumber": 1,
	"startColumn": 50,
	"endLineNumber": 1,
	"endColumn": 50
},{
	"resource": "/c:/Users/basil/Desktop/material-kai-vision-platform/src/services/__tests__/ChunkAnalysisService.test.ts",
	"owner": "eslint",
	"code": "import/order",
	"severity": 4,
	"message": "There should be at least one empty line between import groups",
	"source": "eslint",
	"startLineNumber": 2,
	"startColumn": 1,
	"endLineNumber": 2,
	"endColumn": 1
},{
	"resource": "/c:/Users/basil/Desktop/material-kai-vision-platform/src/services/__tests__/ChunkAnalysisService.test.ts",
	"owner": "eslint",
	"code": "quotes",
	"severity": 4,
	"message": "Strings must use singlequote",
	"source": "eslint",
	"startLineNumber": 2,
	"startColumn": 38,
	"endLineNumber": 2,
	"endColumn": 38
},{
	"resource": "/c:/Users/basil/Desktop/material-kai-vision-platform/src/services/__tests__/ChunkAnalysisService.test.ts",
	"owner": "eslint",
	"code": "import/order",
	"severity": 4,
	"message": "`@/types/chunk-analysis` import should occur before import of `../ChunkAnalysisService`",
	"source": "eslint",
	"startLineNumber": 3,
	"startColumn": 1,
	"endLineNumber": 3,
	"endColumn": 1
},{
	"resource": "/c:/Users/basil/Desktop/material-kai-vision-platform/src/services/__tests__/ChunkAnalysisService.test.ts",
	"owner": "eslint",
	"code": "quotes",
	"severity": 4,
	"message": "Strings must use singlequote",
	"source": "eslint",
	"startLineNumber": 7,
	"startColumn": 8,
	"endLineNumber": 7,
	"endColumn": 8
},{
	"resource": "/c:/Users/basil/Desktop/material-kai-vision-platform/src/services/__tests__/ChunkAnalysisService.test.ts",
	"owner": "eslint",
	"code": "quotes",
	"severity": 4,
	"message": "Strings must use singlequote",
	"source": "eslint",
	"startLineNumber": 9,
	"startColumn": 10,
	"endLineNumber": 9,
	"endColumn": 10
},{
	"resource": "/c:/Users/basil/Desktop/material-kai-vision-platform/src/services/__tests__/ChunkAnalysisService.test.ts",
	"owner": "eslint",
	"code": "quotes",
	"severity": 4,
	"message": "Strings must use singlequote",
	"source": "eslint",
	"startLineNumber": 16,
	"startColumn": 12,
	"endLineNumber": 16,
	"endColumn": 12
},{
	"resource": "/c:/Users/basil/Desktop/material-kai-vision-platform/src/services/__tests__/ChunkAnalysisService.test.ts",
	"owner": "eslint",
	"code": "quotes",
	"severity": 4,
	"message": "Strings must use singlequote",
	"source": "eslint",
	"startLineNumber": 17,
	"startColumn": 8,
	"endLineNumber": 17,
	"endColumn": 8
},{
	"resource": "/c:/Users/basil/Desktop/material-kai-vision-platform/src/services/__tests__/ChunkAnalysisService.test.ts",
	"owner": "eslint",
	"code": "quotes",
	"severity": 4,
	"message": "Strings must use singlequote",
	"source": "eslint",
	"startLineNumber": 20,
	"startColumn": 45,
	"endLineNumber": 20,
	"endColumn": 45
},{
	"resource": "/c:/Users/basil/Desktop/material-kai-vision-platform/src/services/__tests__/ChunkAnalysisService.test.ts",
	"owner": "eslint",
	"code": "quotes",
	"severity": 4,
	"message": "Strings must use singlequote",
	"source": "eslint",
	"startLineNumber": 21,
	"startColumn": 48,
	"endLineNumber": 21,
	"endColumn": 48
},{
	"resource": "/c:/Users/basil/Desktop/material-kai-vision-platform/src/services/__tests__/ChunkAnalysisService.test.ts",
	"owner": "eslint",
	"code": "quotes",
	"severity": 4,
	"message": "Strings must use singlequote",
	"source": "eslint",
	"startLineNumber": 25,
	"startColumn": 12,
	"endLineNumber": 25,
	"endColumn": 12
},{
	"resource": "/c:/Users/basil/Desktop/material-kai-vision-platform/src/services/__tests__/ChunkAnalysisService.test.ts",
	"owner": "eslint",
	"code": "quotes",
	"severity": 4,
	"message": "Strings must use singlequote",
	"source": "eslint",
	"startLineNumber": 26,
	"startColumn": 8,
	"endLineNumber": 26,
	"endColumn": 8
},{
	"resource": "/c:/Users/basil/Desktop/material-kai-vision-platform/src/services/__tests__/ChunkAnalysisService.test.ts",
	"owner": "eslint",
	"code": "quotes",
	"severity": 4,
	"message": "Strings must use singlequote",
	"source": "eslint",
	"startLineNumber": 28,
	"startColumn": 19,
	"endLineNumber": 28,
	"endColumn": 19
},{
	"resource": "/c:/Users/basil/Desktop/material-kai-vision-platform/src/services/__tests__/ChunkAnalysisService.test.ts",
	"owner": "eslint",
	"code": "quotes",
	"severity": 4,
	"message": "Strings must use singlequote",
	"source": "eslint",
	"startLineNumber": 29,
	"startColumn": 23,
	"endLineNumber": 29,
	"endColumn": 23
},{
	"resource": "/c:/Users/basil/Desktop/material-kai-vision-platform/src/services/__tests__/ChunkAnalysisService.test.ts",
	"owner": "eslint",
	"code": "quotes",
	"severity": 4,
	"message": "Strings must use singlequote",
	"source": "eslint",
	"startLineNumber": 30,
	"startColumn": 23,
	"endLineNumber": 30,
	"endColumn": 23
},{
	"resource": "/c:/Users/basil/Desktop/material-kai-vision-platform/src/services/__tests__/ChunkAnalysisService.test.ts",
	"owner": "eslint",
	"code": "quotes",
	"severity": 4,
	"message": "Strings must use singlequote",
	"source": "eslint",
	"startLineNumber": 32,
	"startColumn": 20,
	"endLineNumber": 32,
	"endColumn": 20
},{
	"resource": "/c:/Users/basil/Desktop/material-kai-vision-platform/src/services/__tests__/ChunkAnalysisService.test.ts",
	"owner": "eslint",
	"code": "quotes",
	"severity": 4,
	"message": "Strings must use singlequote",
	"source": "eslint",
	"startLineNumber": 33,
	"startColumn": 21,
	"endLineNumber": 33,
	"endColumn": 21
},{
	"resource": "/c:/Users/basil/Desktop/material-kai-vision-platform/src/services/__tests__/ChunkAnalysisService.test.ts",
	"owner": "eslint",
	"code": "quotes",
	"severity": 4,
	"message": "Strings must use singlequote",
	"source": "eslint",
	"startLineNumber": 36,
	"startColumn": 34,
	"endLineNumber": 36,
	"endColumn": 34
},{
	"resource": "/c:/Users/basil/Desktop/material-kai-vision-platform/src/services/__tests__/ChunkAnalysisService.test.ts",
	"owner": "eslint",
	"code": "quotes",
	"severity": 4,
	"message": "Strings must use singlequote",
	"source": "eslint",
	"startLineNumber": 37,
	"startColumn": 38,
	"endLineNumber": 37,
	"endColumn": 38
},{
	"resource": "/c:/Users/basil/Desktop/material-kai-vision-platform/src/services/__tests__/ChunkAnalysisService.test.ts",
	"owner": "eslint",
	"code": "quotes",
	"severity": 4,
	"message": "Strings must use singlequote",
	"source": "eslint",
	"startLineNumber": 41,
	"startColumn": 8,
	"endLineNumber": 41,
	"endColumn": 8
},{
	"resource": "/c:/Users/basil/Desktop/material-kai-vision-platform/src/services/__tests__/ChunkAnalysisService.test.ts",
	"owner": "eslint",
	"code": "quotes",
	"severity": 4,
	"message": "Strings must use singlequote",
	"source": "eslint",
	"startLineNumber": 43,
	"startColumn": 19,
	"endLineNumber": 43,
	"endColumn": 19
},{
	"resource": "/c:/Users/basil/Desktop/material-kai-vision-platform/src/services/__tests__/ChunkAnalysisService.test.ts",
	"owner": "eslint",
	"code": "quotes",
	"severity": 4,
	"message": "Strings must use singlequote",
	"source": "eslint",
	"startLineNumber": 44,
	"startColumn": 23,
	"endLineNumber": 44,
	"endColumn": 23
},{
	"resource": "/c:/Users/basil/Desktop/material-kai-vision-platform/src/services/__tests__/ChunkAnalysisService.test.ts",
	"owner": "eslint",
	"code": "quotes",
	"severity": 4,
	"message": "Strings must use singlequote",
	"source": "eslint",
	"startLineNumber": 52,
	"startColumn": 8,
	"endLineNumber": 52,
	"endColumn": 8
},{
	"resource": "/c:/Users/basil/Desktop/material-kai-vision-platform/src/services/__tests__/ChunkAnalysisService.test.ts",
	"owner": "eslint",
	"code": "quotes",
	"severity": 4,
	"message": "Strings must use singlequote",
	"source": "eslint",
	"startLineNumber": 54,
	"startColumn": 9,
	"endLineNumber": 54,
	"endColumn": 9
},{
	"resource": "/c:/Users/basil/Desktop/material-kai-vision-platform/src/services/__tests__/ChunkAnalysisService.test.ts",
	"owner": "eslint",
	"code": "quotes",
	"severity": 4,
	"message": "Strings must use singlequote",
	"source": "eslint",
	"startLineNumber": 55,
	"startColumn": 9,
	"endLineNumber": 55,
	"endColumn": 9
},{
	"resource": "/c:/Users/basil/Desktop/material-kai-vision-platform/src/services/__tests__/ChunkAnalysisService.test.ts",
	"owner": "eslint",
	"code": "quotes",
	"severity": 4,
	"message": "Strings must use singlequote",
	"source": "eslint",
	"startLineNumber": 56,
	"startColumn": 9,
	"endLineNumber": 56,
	"endColumn": 9
},{
	"resource": "/c:/Users/basil/Desktop/material-kai-vision-platform/src/services/__tests__/ChunkAnalysisService.test.ts",
	"owner": "eslint",
	"code": "quotes",
	"severity": 4,
	"message": "Strings must use singlequote",
	"source": "eslint",
	"startLineNumber": 57,
	"startColumn": 9,
	"endLineNumber": 57,
	"endColumn": 9
},{
	"resource": "/c:/Users/basil/Desktop/material-kai-vision-platform/src/services/__tests__/ChunkAnalysisService.test.ts",
	"owner": "eslint",
	"code": "quotes",
	"severity": 4,
	"message": "Strings must use singlequote",
	"source": "eslint",
	"startLineNumber": 58,
	"startColumn": 9,
	"endLineNumber": 58,
	"endColumn": 9
},{
	"resource": "/c:/Users/basil/Desktop/material-kai-vision-platform/src/services/__tests__/ChunkAnalysisService.test.ts",
	"owner": "eslint",
	"code": "quotes",
	"severity": 4,
	"message": "Strings must use singlequote",
	"source": "eslint",
	"startLineNumber": 59,
	"startColumn": 9,
	"endLineNumber": 59,
	"endColumn": 9
},{
	"resource": "/c:/Users/basil/Desktop/material-kai-vision-platform/src/services/__tests__/ChunkAnalysisService.test.ts",
	"owner": "eslint",
	"code": "quotes",
	"severity": 4,
	"message": "Strings must use singlequote",
	"source": "eslint",
	"startLineNumber": 60,
	"startColumn": 9,
	"endLineNumber": 60,
	"endColumn": 9
},{
	"resource": "/c:/Users/basil/Desktop/material-kai-vision-platform/src/services/__tests__/ChunkAnalysisService.test.ts",
	"owner": "eslint",
	"code": "quotes",
	"severity": 4,
	"message": "Strings must use singlequote",
	"source": "eslint",
	"startLineNumber": 65,
	"startColumn": 21,
	"endLineNumber": 65,
	"endColumn": 21
},{
	"resource": "/c:/Users/basil/Desktop/material-kai-vision-platform/src/services/__tests__/ChunkAnalysisService.test.ts",
	"owner": "eslint",
	"code": "@typescript-eslint/no-explicit-any",
	"severity": 4,
	"message": "Unexpected any. Specify a different type",
	"source": "eslint",
	"startLineNumber": 66,
	"startColumn": 33,
	"endLineNumber": 66,
	"endColumn": 33
},{
	"resource": "/c:/Users/basil/Desktop/material-kai-vision-platform/src/services/__tests__/ChunkAnalysisService.test.ts",
	"owner": "eslint",
	"code": "quotes",
	"severity": 4,
	"message": "Strings must use singlequote",
	"source": "eslint",
	"startLineNumber": 74,
	"startColumn": 12,
	"endLineNumber": 74,
	"endColumn": 12
},{
	"resource": "/c:/Users/basil/Desktop/material-kai-vision-platform/src/services/__tests__/ChunkAnalysisService.test.ts",
	"owner": "eslint",
	"code": "quotes",
	"severity": 4,
	"message": "Strings must use singlequote",
	"source": "eslint",
	"startLineNumber": 75,
	"startColumn": 8,
	"endLineNumber": 75,
	"endColumn": 8
},{
	"resource": "/c:/Users/basil/Desktop/material-kai-vision-platform/src/services/__tests__/ChunkAnalysisService.test.ts",
	"owner": "eslint",
	"code": "quotes",
	"severity": 4,
	"message": "Strings must use singlequote",
	"source": "eslint",
	"startLineNumber": 77,
	"startColumn": 19,
	"endLineNumber": 77,
	"endColumn": 19
},{
	"resource": "/c:/Users/basil/Desktop/material-kai-vision-platform/src/services/__tests__/ChunkAnalysisService.test.ts",
	"owner": "eslint",
	"code": "quotes",
	"severity": 4,
	"message": "Strings must use singlequote",
	"source": "eslint",
	"startLineNumber": 78,
	"startColumn": 24,
	"endLineNumber": 78,
	"endColumn": 24
},{
	"resource": "/c:/Users/basil/Desktop/material-kai-vision-platform/src/services/__tests__/ChunkAnalysisService.test.ts",
	"owner": "eslint",
	"code": "quotes",
	"severity": 4,
	"message": "Strings must use singlequote",
	"source": "eslint",
	"startLineNumber": 79,
	"startColumn": 23,
	"endLineNumber": 79,
	"endColumn": 23
},{
	"resource": "/c:/Users/basil/Desktop/material-kai-vision-platform/src/services/__tests__/ChunkAnalysisService.test.ts",
	"owner": "eslint",
	"code": "quotes",
	"severity": 4,
	"message": "Strings must use singlequote",
	"source": "eslint",
	"startLineNumber": 81,
	"startColumn": 24,
	"endLineNumber": 81,
	"endColumn": 24
},{
	"resource": "/c:/Users/basil/Desktop/material-kai-vision-platform/src/services/__tests__/ChunkAnalysisService.test.ts",
	"owner": "eslint",
	"code": "quotes",
	"severity": 4,
	"message": "Strings must use singlequote",
	"source": "eslint",
	"startLineNumber": 86,
	"startColumn": 34,
	"endLineNumber": 86,
	"endColumn": 34
},{
	"resource": "/c:/Users/basil/Desktop/material-kai-vision-platform/src/services/__tests__/ChunkAnalysisService.test.ts",
	"owner": "eslint",
	"code": "quotes",
	"severity": 4,
	"message": "Strings must use singlequote",
	"source": "eslint",
	"startLineNumber": 87,
	"startColumn": 39,
	"endLineNumber": 87,
	"endColumn": 39
},{
	"resource": "/c:/Users/basil/Desktop/material-kai-vision-platform/src/services/__tests__/ChunkAnalysisService.test.ts",
	"owner": "eslint",
	"code": "quotes",
	"severity": 4,
	"message": "Strings must use singlequote",
	"source": "eslint",
	"startLineNumber": 91,
	"startColumn": 8,
	"endLineNumber": 91,
	"endColumn": 8
},{
	"resource": "/c:/Users/basil/Desktop/material-kai-vision-platform/src/services/__tests__/ChunkAnalysisService.test.ts",
	"owner": "eslint",
	"code": "quotes",
	"severity": 4,
	"message": "Strings must use singlequote",
	"source": "eslint",
	"startLineNumber": 93,
	"startColumn": 19,
	"endLineNumber": 93,
	"endColumn": 19
},{
	"resource": "/c:/Users/basil/Desktop/material-kai-vision-platform/src/services/__tests__/ChunkAnalysisService.test.ts",
	"owner": "eslint",
	"code": "quotes",
	"severity": 4,
	"message": "Strings must use singlequote",
	"source": "eslint",
	"startLineNumber": 95,
	"startColumn": 24,
	"endLineNumber": 95,
	"endColumn": 24
},{
	"resource": "/c:/Users/basil/Desktop/material-kai-vision-platform/src/services/__tests__/ChunkAnalysisService.test.ts",
	"owner": "eslint",
	"code": "quotes",
	"severity": 4,
	"message": "Strings must use singlequote",
	"source": "eslint",
	"startLineNumber": 102,
	"startColumn": 8,
	"endLineNumber": 102,
	"endColumn": 8
},{
	"resource": "/c:/Users/basil/Desktop/material-kai-vision-platform/src/services/__tests__/ChunkAnalysisService.test.ts",
	"owner": "eslint",
	"code": "quotes",
	"severity": 4,
	"message": "Strings must use singlequote",
	"source": "eslint",
	"startLineNumber": 103,
	"startColumn": 30,
	"endLineNumber": 103,
	"endColumn": 30
},{
	"resource": "/c:/Users/basil/Desktop/material-kai-vision-platform/src/services/__tests__/ChunkAnalysisService.test.ts",
	"owner": "eslint",
	"code": "quotes",
	"severity": 4,
	"message": "Strings must use singlequote",
	"source": "eslint",
	"startLineNumber": 103,
	"startColumn": 42,
	"endLineNumber": 103,
	"endColumn": 42
},{
	"resource": "/c:/Users/basil/Desktop/material-kai-vision-platform/src/services/__tests__/ChunkAnalysisService.test.ts",
	"owner": "eslint",
	"code": "quotes",
	"severity": 4,
	"message": "Strings must use singlequote",
	"source": "eslint",
	"startLineNumber": 103,
	"startColumn": 55,
	"endLineNumber": 103,
	"endColumn": 55
},{
	"resource": "/c:/Users/basil/Desktop/material-kai-vision-platform/src/services/__tests__/ChunkAnalysisService.test.ts",
	"owner": "eslint",
	"code": "quotes",
	"severity": 4,
	"message": "Strings must use singlequote",
	"source": "eslint",
	"startLineNumber": 103,
	"startColumn": 66,
	"endLineNumber": 103,
	"endColumn": 66
},{
	"resource": "/c:/Users/basil/Desktop/material-kai-vision-platform/src/services/__tests__/ChunkAnalysisService.test.ts",
	"owner": "eslint",
	"code": "quotes",
	"severity": 4,
	"message": "Strings must use singlequote",
	"source": "eslint",
	"startLineNumber": 103,
	"startColumn": 78,
	"endLineNumber": 103,
	"endColumn": 78
},{
	"resource": "/c:/Users/basil/Desktop/material-kai-vision-platform/src/services/__tests__/ChunkAnalysisService.test.ts",
	"owner": "eslint",
	"code": "quotes",
	"severity": 4,
	"message": "Strings must use singlequote",
	"source": "eslint",
	"startLineNumber": 107,
	"startColumn": 21,
	"endLineNumber": 107,
	"endColumn": 21
},{
	"resource": "/c:/Users/basil/Desktop/material-kai-vision-platform/src/services/__tests__/ChunkAnalysisService.test.ts",
	"owner": "eslint",
	"code": "@typescript-eslint/no-explicit-any",
	"severity": 4,
	"message": "Unexpected any. Specify a different type",
	"source": "eslint",
	"startLineNumber": 109,
	"startColumn": 34,
	"endLineNumber": 109,
	"endColumn": 34
},{
	"resource": "/c:/Users/basil/Desktop/material-kai-vision-platform/src/services/__tests__/ChunkAnalysisService.test.ts",
	"owner": "eslint",
	"code": "quotes",
	"severity": 4,
	"message": "Strings must use singlequote",
	"source": "eslint",
	"startLineNumber": 116,
	"startColumn": 12,
	"endLineNumber": 116,
	"endColumn": 12
},{
	"resource": "/c:/Users/basil/Desktop/material-kai-vision-platform/src/services/__tests__/ChunkAnalysisService.test.ts",
	"owner": "eslint",
	"code": "quotes",
	"severity": 4,
	"message": "Strings must use singlequote",
	"source": "eslint",
	"startLineNumber": 117,
	"startColumn": 8,
	"endLineNumber": 117,
	"endColumn": 8
},{
	"resource": "/c:/Users/basil/Desktop/material-kai-vision-platform/src/services/__tests__/ChunkAnalysisService.test.ts",
	"owner": "eslint",
	"code": "quotes",
	"severity": 4,
	"message": "Strings must use singlequote",
	"source": "eslint",
	"startLineNumber": 119,
	"startColumn": 19,
	"endLineNumber": 119,
	"endColumn": 19
},{
	"resource": "/c:/Users/basil/Desktop/material-kai-vision-platform/src/services/__tests__/ChunkAnalysisService.test.ts",
	"owner": "eslint",
	"code": "quotes",
	"severity": 4,
	"message": "Strings must use singlequote",
	"source": "eslint",
	"startLineNumber": 120,
	"startColumn": 23,
	"endLineNumber": 120,
	"endColumn": 23
},{
	"resource": "/c:/Users/basil/Desktop/material-kai-vision-platform/src/services/__tests__/ChunkAnalysisService.test.ts",
	"owner": "eslint",
	"code": "quotes",
	"severity": 4,
	"message": "Strings must use singlequote",
	"source": "eslint",
	"startLineNumber": 126,
	"startColumn": 28,
	"endLineNumber": 126,
	"endColumn": 28
},{
	"resource": "/c:/Users/basil/Desktop/material-kai-vision-platform/src/services/__tests__/ChunkAnalysisService.test.ts",
	"owner": "eslint",
	"code": "quotes",
	"severity": 4,
	"message": "Strings must use singlequote",
	"source": "eslint",
	"startLineNumber": 129,
	"startColumn": 34,
	"endLineNumber": 129,
	"endColumn": 34
},{
	"resource": "/c:/Users/basil/Desktop/material-kai-vision-platform/src/services/__tests__/ChunkAnalysisService.test.ts",
	"owner": "eslint",
	"code": "quotes",
	"severity": 4,
	"message": "Strings must use singlequote",
	"source": "eslint",
	"startLineNumber": 131,
	"startColumn": 43,
	"endLineNumber": 131,
	"endColumn": 43
},{
	"resource": "/c:/Users/basil/Desktop/material-kai-vision-platform/src/services/__tests__/ChunkAnalysisService.test.ts",
	"owner": "eslint",
	"code": "quotes",
	"severity": 4,
	"message": "Strings must use singlequote",
	"source": "eslint",
	"startLineNumber": 134,
	"startColumn": 8,
	"endLineNumber": 134,
	"endColumn": 8
},{
	"resource": "/c:/Users/basil/Desktop/material-kai-vision-platform/src/services/__tests__/ChunkAnalysisService.test.ts",
	"owner": "eslint",
	"code": "quotes",
	"severity": 4,
	"message": "Strings must use singlequote",
	"source": "eslint",
	"startLineNumber": 136,
	"startColumn": 19,
	"endLineNumber": 136,
	"endColumn": 19
},{
	"resource": "/c:/Users/basil/Desktop/material-kai-vision-platform/src/services/__tests__/ChunkAnalysisService.test.ts",
	"owner": "eslint",
	"code": "quotes",
	"severity": 4,
	"message": "Strings must use singlequote",
	"source": "eslint",
	"startLineNumber": 160,
	"startColumn": 8,
	"endLineNumber": 160,
	"endColumn": 8
},{
	"resource": "/c:/Users/basil/Desktop/material-kai-vision-platform/src/services/__tests__/ChunkAnalysisService.test.ts",
	"owner": "eslint",
	"code": "quotes",
	"severity": 4,
	"message": "Strings must use singlequote",
	"source": "eslint",
	"startLineNumber": 161,
	"startColumn": 25,
	"endLineNumber": 161,
	"endColumn": 25
},{
	"resource": "/c:/Users/basil/Desktop/material-kai-vision-platform/src/services/__tests__/ChunkAnalysisService.test.ts",
	"owner": "eslint",
	"code": "quotes",
	"severity": 4,
	"message": "Strings must use singlequote",
	"source": "eslint",
	"startLineNumber": 161,
	"startColumn": 36,
	"endLineNumber": 161,
	"endColumn": 36
},{
	"resource": "/c:/Users/basil/Desktop/material-kai-vision-platform/src/services/__tests__/ChunkAnalysisService.test.ts",
	"owner": "eslint",
	"code": "quotes",
	"severity": 4,
	"message": "Strings must use singlequote",
	"source": "eslint",
	"startLineNumber": 161,
	"startColumn": 49,
	"endLineNumber": 161,
	"endColumn": 49
},{
	"resource": "/c:/Users/basil/Desktop/material-kai-vision-platform/src/services/__tests__/ChunkAnalysisService.test.ts",
	"owner": "eslint",
	"code": "quotes",
	"severity": 4,
	"message": "Strings must use singlequote",
	"source": "eslint",
	"startLineNumber": 161,
	"startColumn": 65,
	"endLineNumber": 161,
	"endColumn": 65
},{
	"resource": "/c:/Users/basil/Desktop/material-kai-vision-platform/src/services/__tests__/ChunkAnalysisService.test.ts",
	"owner": "eslint",
	"code": "quotes",
	"severity": 4,
	"message": "Strings must use singlequote",
	"source": "eslint",
	"startLineNumber": 165,
	"startColumn": 21,
	"endLineNumber": 165,
	"endColumn": 21
},{
	"resource": "/c:/Users/basil/Desktop/material-kai-vision-platform/src/services/__tests__/ChunkAnalysisService.test.ts",
	"owner": "eslint",
	"code": "@typescript-eslint/no-explicit-any",
	"severity": 4,
	"message": "Unexpected any. Specify a different type",
	"source": "eslint",
	"startLineNumber": 167,
	"startColumn": 40,
	"endLineNumber": 167,
	"endColumn": 40
},{
	"resource": "/c:/Users/basil/Desktop/material-kai-vision-platform/src/services/__tests__/ChunkAnalysisService.test.ts",
	"owner": "eslint",
	"code": "quotes",
	"severity": 4,
	"message": "Strings must use singlequote",
	"source": "eslint",
	"startLineNumber": 173,
	"startColumn": 8,
	"endLineNumber": 173,
	"endColumn": 8
},{
	"resource": "/c:/Users/basil/Desktop/material-kai-vision-platform/src/services/__tests__/ChunkAnalysisService.test.ts",
	"owner": "eslint",
	"code": "quotes",
	"severity": 4,
	"message": "Strings must use singlequote",
	"source": "eslint",
	"startLineNumber": 175,
	"startColumn": 19,
	"endLineNumber": 175,
	"endColumn": 19
},{
	"resource": "/c:/Users/basil/Desktop/material-kai-vision-platform/src/services/__tests__/ChunkAnalysisService.test.ts",
	"owner": "eslint",
	"code": "quotes",
	"severity": 4,
	"message": "Strings must use singlequote",
	"source": "eslint",
	"startLineNumber": 177,
	"startColumn": 28,
	"endLineNumber": 177,
	"endColumn": 28
},{
	"resource": "/c:/Users/basil/Desktop/material-kai-vision-platform/src/services/__tests__/ChunkAnalysisService.test.ts",
	"owner": "eslint",
	"code": "quotes",
	"severity": 4,
	"message": "Strings must use singlequote",
	"source": "eslint",
	"startLineNumber": 180,
	"startColumn": 19,
	"endLineNumber": 180,
	"endColumn": 19
},{
	"resource": "/c:/Users/basil/Desktop/material-kai-vision-platform/src/services/__tests__/ChunkAnalysisService.test.ts",
	"owner": "eslint",
	"code": "quotes",
	"severity": 4,
	"message": "Strings must use singlequote",
	"source": "eslint",
	"startLineNumber": 181,
	"startColumn": 23,
	"endLineNumber": 181,
	"endColumn": 23
},{
	"resource": "/c:/Users/basil/Desktop/material-kai-vision-platform/src/services/__tests__/ChunkAnalysisService.test.ts",
	"owner": "eslint",
	"code": "quotes",
	"severity": 4,
	"message": "Strings must use singlequote",
	"source": "eslint",
	"startLineNumber": 182,
	"startColumn": 26,
	"endLineNumber": 182,
	"endColumn": 26
},{
	"resource": "/c:/Users/basil/Desktop/material-kai-vision-platform/src/services/__tests__/ChunkAnalysisService.test.ts",
	"owner": "eslint",
	"code": "quotes",
	"severity": 4,
	"message": "Strings must use singlequote",
	"source": "eslint",
	"startLineNumber": 187,
	"startColumn": 19,
	"endLineNumber": 187,
	"endColumn": 19
},{
	"resource": "/c:/Users/basil/Desktop/material-kai-vision-platform/src/services/__tests__/ChunkAnalysisService.test.ts",
	"owner": "eslint",
	"code": "quotes",
	"severity": 4,
	"message": "Strings must use singlequote",
	"source": "eslint",
	"startLineNumber": 188,
	"startColumn": 26,
	"endLineNumber": 188,
	"endColumn": 26
},{
	"resource": "/c:/Users/basil/Desktop/material-kai-vision-platform/src/services/__tests__/ChunkAnalysisService.test.ts",
	"owner": "eslint",
	"code": "quotes",
	"severity": 4,
	"message": "Strings must use singlequote",
	"source": "eslint",
	"startLineNumber": 189,
	"startColumn": 23,
	"endLineNumber": 189,
	"endColumn": 23
},{
	"resource": "/c:/Users/basil/Desktop/material-kai-vision-platform/src/services/__tests__/ChunkAnalysisService.test.ts",
	"owner": "eslint",
	"code": "@typescript-eslint/no-non-null-assertion",
	"severity": 4,
	"message": "Forbidden non-null assertion",
	"source": "eslint",
	"startLineNumber": 196,
	"startColumn": 14,
	"endLineNumber": 196,
	"endColumn": 14
},{
	"resource": "/c:/Users/basil/Desktop/material-kai-vision-platform/src/services/__tests__/ChunkAnalysisService.test.ts",
	"owner": "eslint",
	"code": "quotes",
	"severity": 4,
	"message": "Strings must use singlequote",
	"source": "eslint",
	"startLineNumber": 196,
	"startColumn": 45,
	"endLineNumber": 196,
	"endColumn": 45
},{
	"resource": "/c:/Users/basil/Desktop/material-kai-vision-platform/src/services/__tests__/ChunkAnalysisService.test.ts",
	"owner": "eslint",
	"code": "@typescript-eslint/no-non-null-assertion",
	"severity": 4,
	"message": "Forbidden non-null assertion",
	"source": "eslint",
	"startLineNumber": 197,
	"startColumn": 14,
	"endLineNumber": 197,
	"endColumn": 14
},{
	"resource": "/c:/Users/basil/Desktop/material-kai-vision-platform/src/services/__tests__/ChunkAnalysisService.test.ts",
	"owner": "eslint",
	"code": "quotes",
	"severity": 4,
	"message": "Strings must use singlequote",
	"source": "eslint",
	"startLineNumber": 197,
	"startColumn": 54,
	"endLineNumber": 197,
	"endColumn": 54
},{
	"resource": "/c:/Users/basil/Desktop/material-kai-vision-platform/src/services/__tests__/ChunkAnalysisService.test.ts",
	"owner": "eslint",
	"code": "quotes",
	"severity": 4,
	"message": "Strings must use singlequote",
	"source": "eslint",
	"startLineNumber": 201,
	"startColumn": 12,
	"endLineNumber": 201,
	"endColumn": 12
},{
	"resource": "/c:/Users/basil/Desktop/material-kai-vision-platform/src/services/__tests__/ChunkAnalysisService.test.ts",
	"owner": "eslint",
	"code": "quotes",
	"severity": 4,
	"message": "Strings must use singlequote",
	"source": "eslint",
	"startLineNumber": 202,
	"startColumn": 8,
	"endLineNumber": 202,
	"endColumn": 8
},{
	"resource": "/c:/Users/basil/Desktop/material-kai-vision-platform/src/services/__tests__/ChunkAnalysisService.test.ts",
	"owner": "eslint",
	"code": "quotes",
	"severity": 4,
	"message": "Strings must use singlequote",
	"source": "eslint",
	"startLineNumber": 204,
	"startColumn": 19,
	"endLineNumber": 204,
	"endColumn": 19
},{
	"resource": "/c:/Users/basil/Desktop/material-kai-vision-platform/src/services/__tests__/ChunkAnalysisService.test.ts",
	"owner": "eslint",
	"code": "quotes",
	"severity": 4,
	"message": "Strings must use singlequote",
	"source": "eslint",
	"startLineNumber": 205,
	"startColumn": 23,
	"endLineNumber": 205,
	"endColumn": 23
},{
	"resource": "/c:/Users/basil/Desktop/material-kai-vision-platform/src/services/__tests__/ChunkAnalysisService.test.ts",
	"owner": "eslint",
	"code": "quotes",
	"severity": 4,
	"message": "Strings must use singlequote",
	"source": "eslint",
	"startLineNumber": 213,
	"startColumn": 8,
	"endLineNumber": 213,
	"endColumn": 8
},{
	"resource": "/c:/Users/basil/Desktop/material-kai-vision-platform/src/services/__tests__/ChunkAnalysisService.test.ts",
	"owner": "eslint",
	"code": "quotes",
	"severity": 4,
	"message": "Strings must use singlequote",
	"source": "eslint",
	"startLineNumber": 215,
	"startColumn": 19,
	"endLineNumber": 215,
	"endColumn": 19
},{
	"resource": "/c:/Users/basil/Desktop/material-kai-vision-platform/src/services/__tests__/ChunkAnalysisService.test.ts",
	"owner": "eslint",
	"code": "quotes",
	"severity": 4,
	"message": "Strings must use singlequote",
	"source": "eslint",
	"startLineNumber": 216,
	"startColumn": 23,
	"endLineNumber": 216,
	"endColumn": 23
},{
	"resource": "/c:/Users/basil/Desktop/material-kai-vision-platform/src/services/__tests__/ChunkAnalysisService.test.ts",
	"owner": "eslint",
	"code": "quotes",
	"severity": 4,
	"message": "Strings must use singlequote",
	"source": "eslint",
	"startLineNumber": 218,
	"startColumn": 26,
	"endLineNumber": 218,
	"endColumn": 26
},{
	"resource": "/c:/Users/basil/Desktop/material-kai-vision-platform/src/services/__tests__/ChunkAnalysisService.test.ts",
	"owner": "eslint",
	"code": "quotes",
	"severity": 4,
	"message": "Strings must use singlequote",
	"source": "eslint",
	"startLineNumber": 218,
	"startColumn": 36,
	"endLineNumber": 218,
	"endColumn": 36
},{
	"resource": "/c:/Users/basil/Desktop/material-kai-vision-platform/src/services/__tests__/ChunkAnalysisService.test.ts",
	"owner": "eslint",
	"code": "quotes",
	"severity": 4,
	"message": "Strings must use singlequote",
	"source": "eslint",
	"startLineNumber": 218,
	"startColumn": 47,
	"endLineNumber": 218,
	"endColumn": 47
},{
	"resource": "/c:/Users/basil/Desktop/material-kai-vision-platform/src/services/__tests__/ChunkAnalysisService.test.ts",
	"owner": "eslint",
	"code": "quotes",
	"severity": 4,
	"message": "Strings must use singlequote",
	"source": "eslint",
	"startLineNumber": 225,
	"startColumn": 8,
	"endLineNumber": 225,
	"endColumn": 8
},{
	"resource": "/c:/Users/basil/Desktop/material-kai-vision-platform/src/services/__tests__/ChunkAnalysisService.test.ts",
	"owner": "eslint",
	"code": "quotes",
	"severity": 4,
	"message": "Strings must use singlequote",
	"source": "eslint",
	"startLineNumber": 227,
	"startColumn": 19,
	"endLineNumber": 227,
	"endColumn": 19
},{
	"resource": "/c:/Users/basil/Desktop/material-kai-vision-platform/src/services/__tests__/ChunkAnalysisService.test.ts",
	"owner": "eslint",
	"code": "quotes",
	"severity": 4,
	"message": "Strings must use singlequote",
	"source": "eslint",
	"startLineNumber": 229,
	"startColumn": 27,
	"endLineNumber": 229,
	"endColumn": 27
},{
	"resource": "/c:/Users/basil/Desktop/material-kai-vision-platform/src/services/__tests__/ChunkAnalysisService.test.ts",
	"owner": "eslint",
	"code": "quotes",
	"severity": 4,
	"message": "Strings must use singlequote",
	"source": "eslint",
	"startLineNumber": 240,
	"startColumn": 12,
	"endLineNumber": 240,
	"endColumn": 12
},{
	"resource": "/c:/Users/basil/Desktop/material-kai-vision-platform/src/services/__tests__/ChunkAnalysisService.test.ts",
	"owner": "eslint",
	"code": "quotes",
	"severity": 4,
	"message": "Strings must use singlequote",
	"source": "eslint",
	"startLineNumber": 241,
	"startColumn": 8,
	"endLineNumber": 241,
	"endColumn": 8
},{
	"resource": "/c:/Users/basil/Desktop/material-kai-vision-platform/src/services/__tests__/ChunkAnalysisService.test.ts",
	"owner": "eslint",
	"code": "quotes",
	"severity": 4,
	"message": "Strings must use singlequote",
	"source": "eslint",
	"startLineNumber": 245,
	"startColumn": 19,
	"endLineNumber": 245,
	"endColumn": 19
},{
	"resource": "/c:/Users/basil/Desktop/material-kai-vision-platform/src/services/__tests__/ChunkSearchEnhancementService.test.ts",
	"owner": "eslint",
	"code": "import/order",
	"severity": 4,
	"message": "There should be at least one empty line between import groups",
	"source": "eslint",
	"startLineNumber": 6,
	"startColumn": 1,
	"endLineNumber": 6,
	"endColumn": 1
},{
	"resource": "/c:/Users/basil/Desktop/material-kai-vision-platform/src/services/__tests__/ChunkSearchEnhancementService.test.ts",
	"owner": "eslint",
	"code": "@typescript-eslint/no-unused-vars",
	"severity": 4,
	"message": "'mockChunk' is assigned a value but never used. Allowed unused vars must match /^_/u",
	"source": "eslint",
	"startLineNumber": 158,
	"startColumn": 13,
	"endLineNumber": 158,
	"endColumn": 13
},{
	"resource": "/c:/Users/basil/Desktop/material-kai-vision-platform/src/services/__tests__/ChunkSearchEnhancementService.test.ts",
	"owner": "eslint",
	"code": "@typescript-eslint/no-unused-vars",
	"severity": 4,
	"message": "'mockChunk' is assigned a value but never used. Allowed unused vars must match /^_/u",
	"source": "eslint",
	"startLineNumber": 191,
	"startColumn": 13,
	"endLineNumber": 191,
	"endColumn": 13
},{
	"resource": "/c:/Users/basil/Desktop/material-kai-vision-platform/src/services/__tests__/ChunkSearchEnhancementService.test.ts",
	"owner": "eslint",
	"code": "@typescript-eslint/no-unused-vars",
	"severity": 4,
	"message": "'mockChunk' is assigned a value but never used. Allowed unused vars must match /^_/u",
	"source": "eslint",
	"startLineNumber": 205,
	"startColumn": 13,
	"endLineNumber": 205,
	"endColumn": 13
},{
	"resource": "/c:/Users/basil/Desktop/material-kai-vision-platform/src/services/__tests__/ImageValidationService.test.ts",
	"owner": "eslint",
	"code": "import/order",
	"severity": 4,
	"message": "There should be at least one empty line between import groups",
	"source": "eslint",
	"startLineNumber": 6,
	"startColumn": 1,
	"endLineNumber": 6,
	"endColumn": 1
},{
	"resource": "/c:/Users/basil/Desktop/material-kai-vision-platform/src/services/__tests__/ImageValidationService.test.ts",
	"owner": "eslint",
	"code": "import/order",
	"severity": 4,
	"message": "`@/types/image-validation` import should occur before import of `../ImageValidationService`",
	"source": "eslint",
	"startLineNumber": 7,
	"startColumn": 1,
	"endLineNumber": 7,
	"endColumn": 1
},{
	"resource": "/c:/Users/basil/Desktop/material-kai-vision-platform/src/services/__tests__/PerformanceOptimizationService.test.ts",
	"owner": "eslint",
	"code": "@typescript-eslint/no-unused-vars",
	"severity": 4,
	"message": "'QualityDashboardService' is defined but never used. Allowed unused vars must match /^_/u",
	"source": "eslint",
	"startLineNumber": 6,
	"startColumn": 10,
	"endLineNumber": 6,
	"endColumn": 10
},{
	"resource": "/c:/Users/basil/Desktop/material-kai-vision-platform/src/services/__tests__/ProductEnrichmentService.test.ts",
	"owner": "eslint",
	"code": "import/order",
	"severity": 4,
	"message": "There should be at least one empty line between import groups",
	"source": "eslint",
	"startLineNumber": 5,
	"startColumn": 1,
	"endLineNumber": 5,
	"endColumn": 1
},{
	"resource": "/c:/Users/basil/Desktop/material-kai-vision-platform/src/services/__tests__/ProductEnrichmentService.test.ts",
	"owner": "eslint",
	"code": "import/order",
	"severity": 4,
	"message": "`@/types/product-enrichment` import should occur before import of `../ProductEnrichmentService`",
	"source": "eslint",
	"startLineNumber": 6,
	"startColumn": 1,
	"endLineNumber": 6,
	"endColumn": 1
},{
	"resource": "/c:/Users/basil/Desktop/material-kai-vision-platform/src/services/__tests__/ProductEnrichmentService.test.ts",
	"owner": "eslint",
	"code": "@typescript-eslint/no-explicit-any",
	"severity": 4,
	"message": "Unexpected any. Specify a different type",
	"source": "eslint",
	"startLineNumber": 11,
	"startColumn": 22,
	"endLineNumber": 11,
	"endColumn": 22
},{
	"resource": "/c:/Users/basil/Desktop/material-kai-vision-platform/src/services/__tests__/ProductEnrichmentService.test.ts",
	"owner": "eslint",
	"code": "@typescript-eslint/no-explicit-any",
	"severity": 4,
	"message": "Unexpected any. Specify a different type",
	"source": "eslint",
	"startLineNumber": 53,
	"startColumn": 36,
	"endLineNumber": 53,
	"endColumn": 36
},{
	"resource": "/c:/Users/basil/Desktop/material-kai-vision-platform/src/services/__tests__/ProductEnrichmentService.test.ts",
	"owner": "eslint",
	"code": "@typescript-eslint/no-explicit-any",
	"severity": 4,
	"message": "Unexpected any. Specify a different type",
	"source": "eslint",
	"startLineNumber": 53,
	"startColumn": 54,
	"endLineNumber": 53,
	"endColumn": 54
},{
	"resource": "/c:/Users/basil/Desktop/material-kai-vision-platform/src/services/__tests__/ProductEnrichmentService.test.ts",
	"owner": "eslint",
	"code": "@typescript-eslint/no-explicit-any",
	"severity": 4,
	"message": "Unexpected any. Specify a different type",
	"source": "eslint",
	"startLineNumber": 54,
	"startColumn": 19,
	"endLineNumber": 54,
	"endColumn": 19
},{
	"resource": "/c:/Users/basil/Desktop/material-kai-vision-platform/src/services/__tests__/ProductRecommendationService.test.ts",
	"owner": "eslint",
	"code": "@typescript-eslint/no-unused-vars",
	"severity": 4,
	"message": "'QualityDashboardService' is defined but never used. Allowed unused vars must match /^_/u",
	"source": "eslint",
	"startLineNumber": 6,
	"startColumn": 10,
	"endLineNumber": 6,
	"endColumn": 10
},{
	"resource": "/c:/Users/basil/Desktop/material-kai-vision-platform/src/services/__tests__/ProductRecommendationService.test.ts",
	"owner": "eslint",
	"code": "@typescript-eslint/no-explicit-any",
	"severity": 4,
	"message": "Unexpected any. Specify a different type",
	"source": "eslint",
	"startLineNumber": 10,
	"startColumn": 22,
	"endLineNumber": 10,
	"endColumn": 22
},{
	"resource": "/c:/Users/basil/Desktop/material-kai-vision-platform/src/services/__tests__/ProductRecommendationService.test.ts",
	"owner": "eslint",
	"code": "@typescript-eslint/no-explicit-any",
	"severity": 4,
	"message": "Unexpected any. Specify a different type",
	"source": "eslint",
	"startLineNumber": 34,
	"startColumn": 38,
	"endLineNumber": 34,
	"endColumn": 38
},{
	"resource": "/c:/Users/basil/Desktop/material-kai-vision-platform/src/services/__tests__/ProductRecommendationService.test.ts",
	"owner": "eslint",
	"code": "comma-dangle",
	"severity": 4,
	"message": "Missing trailing comma",
	"source": "eslint",
	"startLineNumber": 186,
	"startColumn": 11,
	"endLineNumber": 186,
	"endColumn": 11
},{
	"resource": "/c:/Users/basil/Desktop/material-kai-vision-platform/src/services/__tests__/ProductRecommendationService.test.ts",
	"owner": "eslint",
	"code": "comma-dangle",
	"severity": 4,
	"message": "Missing trailing comma",
	"source": "eslint",
	"startLineNumber": 198,
	"startColumn": 10,
	"endLineNumber": 198,
	"endColumn": 10
},{
	"resource": "/c:/Users/basil/Desktop/material-kai-vision-platform/src/services/__tests__/ProductRecommendationService.test.ts",
	"owner": "eslint",
	"code": "comma-dangle",
	"severity": 4,
	"message": "Missing trailing comma",
	"source": "eslint",
	"startLineNumber": 212,
	"startColumn": 10,
	"endLineNumber": 212,
	"endColumn": 10
},{
	"resource": "/c:/Users/basil/Desktop/material-kai-vision-platform/src/services/__tests__/QualityDashboardService.test.ts",
	"owner": "eslint",
	"code": "@typescript-eslint/no-explicit-any",
	"severity": 4,
	"message": "Unexpected any. Specify a different type",
	"source": "eslint",
	"startLineNumber": 18,
	"startColumn": 22,
	"endLineNumber": 18,
	"endColumn": 22
},{
	"resource": "/c:/Users/basil/Desktop/material-kai-vision-platform/src/services/__tests__/QualityDashboardService.test.ts",
	"owner": "eslint",
	"code": "@typescript-eslint/no-explicit-any",
	"severity": 4,
	"message": "Unexpected any. Specify a different type",
	"source": "eslint",
	"startLineNumber": 26,
	"startColumn": 38,
	"endLineNumber": 26,
	"endColumn": 38
},{
	"resource": "/c:/Users/basil/Desktop/material-kai-vision-platform/src/services/__tests__/QualityDashboardService.test.ts",
	"owner": "eslint",
	"code": "@typescript-eslint/no-explicit-any",
	"severity": 4,
	"message": "Unexpected any. Specify a different type",
	"source": "eslint",
	"startLineNumber": 58,
	"startColumn": 47,
	"endLineNumber": 58,
	"endColumn": 47
},{
	"resource": "/c:/Users/basil/Desktop/material-kai-vision-platform/src/services/__tests__/QualityDashboardService.test.ts",
	"owner": "eslint",
	"code": "@typescript-eslint/no-explicit-any",
	"severity": 4,
	"message": "Unexpected any. Specify a different type",
	"source": "eslint",
	"startLineNumber": 59,
	"startColumn": 49,
	"endLineNumber": 59,
	"endColumn": 49
},{
	"resource": "/c:/Users/basil/Desktop/material-kai-vision-platform/src/services/__tests__/QualityDashboardService.test.ts",
	"owner": "eslint",
	"code": "@typescript-eslint/no-explicit-any",
	"severity": 4,
	"message": "Unexpected any. Specify a different type",
	"source": "eslint",
	"startLineNumber": 60,
	"startColumn": 47,
	"endLineNumber": 60,
	"endColumn": 47
},{
	"resource": "/c:/Users/basil/Desktop/material-kai-vision-platform/src/services/__tests__/QualityDashboardService.test.ts",
	"owner": "eslint",
	"code": "comma-dangle",
	"severity": 4,
	"message": "Missing trailing comma",
	"source": "eslint",
	"startLineNumber": 98,
	"startColumn": 33,
	"endLineNumber": 98,
	"endColumn": 33
},{
	"resource": "/c:/Users/basil/Desktop/material-kai-vision-platform/src/services/__tests__/QualityDashboardService.test.ts",
	"owner": "eslint",
	"code": "comma-dangle",
	"severity": 4,
	"message": "Missing trailing comma",
	"source": "eslint",
	"startLineNumber": 101,
	"startColumn": 35,
	"endLineNumber": 101,
	"endColumn": 35
},{
	"resource": "/c:/Users/basil/Desktop/material-kai-vision-platform/src/services/__tests__/QualityDashboardService.test.ts",
	"owner": "eslint",
	"code": "comma-dangle",
	"severity": 4,
	"message": "Missing trailing comma",
	"source": "eslint",
	"startLineNumber": 104,
	"startColumn": 33,
	"endLineNumber": 104,
	"endColumn": 33
},{
	"resource": "/c:/Users/basil/Desktop/material-kai-vision-platform/src/services/__tests__/QualityDashboardService.test.ts",
	"owner": "eslint",
	"code": "@typescript-eslint/no-unused-vars",
	"severity": 4,
	"message": "'data' is assigned a value but never used. Allowed unused vars must match /^_/u",
	"source": "eslint",
	"startLineNumber": 231,
	"startColumn": 13,
	"endLineNumber": 231,
	"endColumn": 13
},{
	"resource": "/c:/Users/basil/Desktop/material-kai-vision-platform/src/services/__tests__/SearchOptimizationService.test.ts",
	"owner": "eslint",
	"code": "@typescript-eslint/no-unused-vars",
	"severity": 4,
	"message": "'QualityDashboardService' is defined but never used. Allowed unused vars must match /^_/u",
	"source": "eslint",
	"startLineNumber": 6,
	"startColumn": 10,
	"endLineNumber": 6,
	"endColumn": 10
},{
	"resource": "/c:/Users/basil/Desktop/material-kai-vision-platform/src/services/__tests__/SearchOptimizationService.test.ts",
	"owner": "eslint",
	"code": "@typescript-eslint/no-explicit-any",
	"severity": 4,
	"message": "Unexpected any. Specify a different type",
	"source": "eslint",
	"startLineNumber": 10,
	"startColumn": 22,
	"endLineNumber": 10,
	"endColumn": 22
},{
	"resource": "/c:/Users/basil/Desktop/material-kai-vision-platform/src/services/__tests__/SearchOptimizationService.test.ts",
	"owner": "eslint",
	"code": "@typescript-eslint/no-explicit-any",
	"severity": 4,
	"message": "Unexpected any. Specify a different type",
	"source": "eslint",
	"startLineNumber": 33,
	"startColumn": 38,
	"endLineNumber": 33,
	"endColumn": 38
},{
	"resource": "/c:/Users/basil/Desktop/material-kai-vision-platform/src/services/__tests__/SearchOptimizationService.test.ts",
	"owner": "eslint",
	"code": "comma-dangle",
	"severity": 4,
	"message": "Missing trailing comma",
	"source": "eslint",
	"startLineNumber": 172,
	"startColumn": 45,
	"endLineNumber": 172,
	"endColumn": 45
},{
	"resource": "/c:/Users/basil/Desktop/material-kai-vision-platform/src/services/__tests__/ValidationRulesService.test.ts",
	"owner": "eslint",
	"code": "import/order",
	"severity": 4,
	"message": "There should be at least one empty line between import groups",
	"source": "eslint",
	"startLineNumber": 5,
	"startColumn": 1,
	"endLineNumber": 5,
	"endColumn": 1
},{
	"resource": "/c:/Users/basil/Desktop/material-kai-vision-platform/src/services/__tests__/ValidationRulesService.test.ts",
	"owner": "eslint",
	"code": "import/order",
	"severity": 4,
	"message": "`@/types/validation-rules` import should occur before import of `../ValidationRulesService`",
	"source": "eslint",
	"startLineNumber": 6,
	"startColumn": 1,
	"endLineNumber": 6,
	"endColumn": 1
},{
	"resource": "/c:/Users/basil/Desktop/material-kai-vision-platform/src/services/__tests__/ValidationRulesService.test.ts",
	"owner": "eslint",
	"code": "@typescript-eslint/no-explicit-any",
	"severity": 4,
	"message": "Unexpected any. Specify a different type",
	"source": "eslint",
	"startLineNumber": 11,
	"startColumn": 22,
	"endLineNumber": 11,
	"endColumn": 22
},{
	"resource": "/c:/Users/basil/Desktop/material-kai-vision-platform/src/services/__tests__/ValidationRulesService.test.ts",
	"owner": "eslint",
	"code": "@typescript-eslint/no-explicit-any",
	"severity": 4,
	"message": "Unexpected any. Specify a different type",
	"source": "eslint",
	"startLineNumber": 67,
	"startColumn": 36,
	"endLineNumber": 67,
	"endColumn": 36
},{
	"resource": "/c:/Users/basil/Desktop/material-kai-vision-platform/src/services/__tests__/ValidationRulesService.test.ts",
	"owner": "eslint",
	"code": "@typescript-eslint/no-explicit-any",
	"severity": 4,
	"message": "Unexpected any. Specify a different type",
	"source": "eslint",
	"startLineNumber": 67,
	"startColumn": 54,
	"endLineNumber": 67,
	"endColumn": 54
},{
	"resource": "/c:/Users/basil/Desktop/material-kai-vision-platform/src/services/__tests__/ValidationRulesService.test.ts",
	"owner": "eslint",
	"code": "@typescript-eslint/no-explicit-any",
	"severity": 4,
	"message": "Unexpected any. Specify a different type",
	"source": "eslint",
	"startLineNumber": 68,
	"startColumn": 19,
	"endLineNumber": 68,
	"endColumn": 19
},{
	"resource": "/c:/Users/basil/Desktop/material-kai-vision-platform/src/services/3d/spatialMaterialMapper.ts",
	"owner": "eslint",
	"code": "no-console",
	"severity": 4,
	"message": "Unexpected console statement",
	"source": "eslint",
	"startLineNumber": 95,
	"startColumn": 7,
	"endLineNumber": 95,
	"endColumn": 7
},{
	"resource": "/c:/Users/basil/Desktop/material-kai-vision-platform/src/services/3d/spatialMaterialMapper.ts",
	"owner": "eslint",
	"code": "no-console",
	"severity": 4,
	"message": "Unexpected console statement",
	"source": "eslint",
	"startLineNumber": 139,
	"startColumn": 7,
	"endLineNumber": 139,
	"endColumn": 7
},{
	"resource": "/c:/Users/basil/Desktop/material-kai-vision-platform/src/services/3d/spatialMaterialMapper.ts",
	"owner": "eslint",
	"code": "no-console",
	"severity": 4,
	"message": "Unexpected console statement",
	"source": "eslint",
	"startLineNumber": 142,
	"startColumn": 7,
	"endLineNumber": 142,
	"endColumn": 7
},{
	"resource": "/c:/Users/basil/Desktop/material-kai-vision-platform/src/services/3d/spatialMaterialMapper.ts",
	"owner": "eslint",
	"code": "@typescript-eslint/no-non-null-assertion",
	"severity": 4,
	"message": "Forbidden non-null assertion",
	"source": "eslint",
	"startLineNumber": 261,
	"startColumn": 64,
	"endLineNumber": 261,
	"endColumn": 64
},{
	"resource": "/c:/Users/basil/Desktop/material-kai-vision-platform/src/services/3d/spatialMaterialMapper.ts",
	"owner": "eslint",
	"code": "no-console",
	"severity": 4,
	"message": "Unexpected console statement",
	"source": "eslint",
	"startLineNumber": 312,
	"startColumn": 7,
	"endLineNumber": 312,
	"endColumn": 7
},{
	"resource": "/c:/Users/basil/Desktop/material-kai-vision-platform/src/services/3d/spatialMaterialMapper.ts",
	"owner": "eslint",
	"code": "comma-dangle",
	"severity": 4,
	"message": "Missing trailing comma",
	"source": "eslint",
	"startLineNumber": 331,
	"startColumn": 6,
	"endLineNumber": 331,
	"endColumn": 6
},{
	"resource": "/c:/Users/basil/Desktop/material-kai-vision-platform/src/services/3d/spatialMaterialMapper.ts",
	"owner": "eslint",
	"code": "@typescript-eslint/no-non-null-assertion",
	"severity": 4,
	"message": "Forbidden non-null assertion",
	"source": "eslint",
	"startLineNumber": 372,
	"startColumn": 57,
	"endLineNumber": 372,
	"endColumn": 57
},{
	"resource": "/c:/Users/basil/Desktop/material-kai-vision-platform/src/services/3d/spatialMaterialMapper.ts",
	"owner": "eslint",
	"code": "@typescript-eslint/no-non-null-assertion",
	"severity": 4,
	"message": "Forbidden non-null assertion",
	"source": "eslint",
	"startLineNumber": 504,
	"startColumn": 80,
	"endLineNumber": 504,
	"endColumn": 80
},{
	"resource": "/c:/Users/basil/Desktop/material-kai-vision-platform/src/services/3d/spatialMaterialMapper.ts",
	"owner": "eslint",
	"code": "no-console",
	"severity": 4,
	"message": "Unexpected console statement",
	"source": "eslint",
	"startLineNumber": 579,
	"startColumn": 9,
	"endLineNumber": 579,
	"endColumn": 9
},{
	"resource": "/c:/Users/basil/Desktop/material-kai-vision-platform/src/services/3d/spatialMaterialMapper.ts",
	"owner": "eslint",
	"code": "no-console",
	"severity": 4,
	"message": "Unexpected console statement",
	"source": "eslint",
	"startLineNumber": 589,
	"startColumn": 9,
	"endLineNumber": 589,
	"endColumn": 9
},{
	"resource": "/c:/Users/basil/Desktop/material-kai-vision-platform/src/services/3d/spatialMaterialMapper.ts",
	"owner": "eslint",
	"code": "no-console",
	"severity": 4,
	"message": "Unexpected console statement",
	"source": "eslint",
	"startLineNumber": 616,
	"startColumn": 7,
	"endLineNumber": 616,
	"endColumn": 7
},{
	"resource": "/c:/Users/basil/Desktop/material-kai-vision-platform/src/services/agents/__tests__/agentSystem.test.ts",
	"owner": "eslint",
	"code": "comma-dangle",
	"severity": 4,
	"message": "Missing trailing comma",
	"source": "eslint",
	"startLineNumber": 199,
	"startColumn": 18,
	"endLineNumber": 199,
	"endColumn": 18
},{
	"resource": "/c:/Users/basil/Desktop/material-kai-vision-platform/src/services/agents/__tests__/agentSystem.test.ts",
	"owner": "eslint",
	"code": "comma-dangle",
	"severity": 4,
	"message": "Missing trailing comma",
	"source": "eslint",
	"startLineNumber": 215,
	"startColumn": 18,
	"endLineNumber": 215,
	"endColumn": 18
},{
	"resource": "/c:/Users/basil/Desktop/material-kai-vision-platform/src/services/agents/__tests__/agentSystem.test.ts",
	"owner": "eslint",
	"code": "comma-dangle",
	"severity": 4,
	"message": "Missing trailing comma",
	"source": "eslint",
	"startLineNumber": 226,
	"startColumn": 18,
	"endLineNumber": 226,
	"endColumn": 18
},{
	"resource": "/c:/Users/basil/Desktop/material-kai-vision-platform/src/services/agents/agentChatHistoryService.ts",
	"owner": "eslint",
	"code": "no-console",
	"severity": 4,
	"message": "Unexpected console statement",
	"source": "eslint",
	"startLineNumber": 98,
	"startColumn": 7,
	"endLineNumber": 98,
	"endColumn": 7
},{
	"resource": "/c:/Users/basil/Desktop/material-kai-vision-platform/src/services/agents/agentChatHistoryService.ts",
	"owner": "eslint",
	"code": "@typescript-eslint/no-explicit-any",
	"severity": 4,
	"message": "Unexpected any. Specify a different type",
	"source": "eslint",
	"startLineNumber": 125,
	"startColumn": 38,
	"endLineNumber": 125,
	"endColumn": 38
},{
	"resource": "/c:/Users/basil/Desktop/material-kai-vision-platform/src/services/agents/agentChatHistoryService.ts",
	"owner": "eslint",
	"code": "no-console",
	"severity": 4,
	"message": "Unexpected console statement",
	"source": "eslint",
	"startLineNumber": 138,
	"startColumn": 7,
	"endLineNumber": 138,
	"endColumn": 7
},{
	"resource": "/c:/Users/basil/Desktop/material-kai-vision-platform/src/services/agents/agentChatHistoryService.ts",
	"owner": "eslint",
	"code": "no-console",
	"severity": 4,
	"message": "Unexpected console statement",
	"source": "eslint",
	"startLineNumber": 172,
	"startColumn": 7,
	"endLineNumber": 172,
	"endColumn": 7
},{
	"resource": "/c:/Users/basil/Desktop/material-kai-vision-platform/src/services/agents/agentChatHistoryService.ts",
	"owner": "eslint",
	"code": "no-console",
	"severity": 4,
	"message": "Unexpected console statement",
	"source": "eslint",
	"startLineNumber": 219,
	"startColumn": 7,
	"endLineNumber": 219,
	"endColumn": 7
},{
	"resource": "/c:/Users/basil/Desktop/material-kai-vision-platform/src/services/agents/agentChatHistoryService.ts",
	"owner": "eslint",
	"code": "@typescript-eslint/no-explicit-any",
	"severity": 4,
	"message": "Unexpected any. Specify a different type",
	"source": "eslint",
	"startLineNumber": 252,
	"startColumn": 37,
	"endLineNumber": 252,
	"endColumn": 37
},{
	"resource": "/c:/Users/basil/Desktop/material-kai-vision-platform/src/services/agents/agentChatHistoryService.ts",
	"owner": "eslint",
	"code": "no-console",
	"severity": 4,
	"message": "Unexpected console statement",
	"source": "eslint",
	"startLineNumber": 262,
	"startColumn": 7,
	"endLineNumber": 262,
	"endColumn": 7
},{
	"resource": "/c:/Users/basil/Desktop/material-kai-vision-platform/src/services/agents/agentChatHistoryService.ts",
	"owner": "eslint",
	"code": "no-console",
	"severity": 4,
	"message": "Unexpected console statement",
	"source": "eslint",
	"startLineNumber": 284,
	"startColumn": 7,
	"endLineNumber": 284,
	"endColumn": 7
},{
	"resource": "/c:/Users/basil/Desktop/material-kai-vision-platform/src/services/agents/agentChatHistoryService.ts",
	"owner": "eslint",
	"code": "no-console",
	"severity": 4,
	"message": "Unexpected console statement",
	"source": "eslint",
	"startLineNumber": 313,
	"startColumn": 7,
	"endLineNumber": 313,
	"endColumn": 7
},{
	"resource": "/c:/Users/basil/Desktop/material-kai-vision-platform/src/services/agents/agentChatHistoryService.ts",
	"owner": "eslint",
	"code": "no-console",
	"severity": 4,
	"message": "Unexpected console statement",
	"source": "eslint",
	"startLineNumber": 335,
	"startColumn": 7,
	"endLineNumber": 335,
	"endColumn": 7
},{
	"resource": "/c:/Users/basil/Desktop/material-kai-vision-platform/src/services/agents/agentFileUploadService.ts",
	"owner": "eslint",
	"code": "@typescript-eslint/no-explicit-any",
	"severity": 4,
	"message": "Unexpected any. Specify a different type",
	"source": "eslint",
	"startLineNumber": 162,
	"startColumn": 38,
	"endLineNumber": 162,
	"endColumn": 38
},{
	"resource": "/c:/Users/basil/Desktop/material-kai-vision-platform/src/services/agents/agentFileUploadService.ts",
	"owner": "eslint",
	"code": "no-console",
	"severity": 4,
	"message": "Unexpected console statement",
	"source": "eslint",
	"startLineNumber": 175,
	"startColumn": 7,
	"endLineNumber": 175,
	"endColumn": 7
},{
	"resource": "/c:/Users/basil/Desktop/material-kai-vision-platform/src/services/agents/agentFileUploadService.ts",
	"owner": "eslint",
	"code": "no-console",
	"severity": 4,
	"message": "Unexpected console statement",
	"source": "eslint",
	"startLineNumber": 219,
	"startColumn": 7,
	"endLineNumber": 219,
	"endColumn": 7
},{
	"resource": "/c:/Users/basil/Desktop/material-kai-vision-platform/src/services/agents/agentManager.ts",
	"owner": "eslint",
	"code": "no-console",
	"severity": 4,
	"message": "Unexpected console statement",
	"source": "eslint",
	"startLineNumber": 59,
	"startColumn": 7,
	"endLineNumber": 59,
	"endColumn": 7
},{
	"resource": "/c:/Users/basil/Desktop/material-kai-vision-platform/src/services/agents/agentManager.ts",
	"owner": "eslint",
	"code": "no-console",
	"severity": 4,
	"message": "Unexpected console statement",
	"source": "eslint",
	"startLineNumber": 61,
	"startColumn": 7,
	"endLineNumber": 61,
	"endColumn": 7
},{
	"resource": "/c:/Users/basil/Desktop/material-kai-vision-platform/src/services/agents/agentRoleAccessControl.ts",
	"owner": "eslint",
	"code": "comma-dangle",
	"severity": 4,
	"message": "Missing trailing comma",
	"source": "eslint",
	"startLineNumber": 152,
	"startColumn": 45,
	"endLineNumber": 152,
	"endColumn": 45
},{
	"resource": "/c:/Users/basil/Desktop/material-kai-vision-platform/src/services/agents/agentRoleAccessControl.ts",
	"owner": "eslint",
	"code": "comma-dangle",
	"severity": 4,
	"message": "Missing trailing comma",
	"source": "eslint",
	"startLineNumber": 161,
	"startColumn": 45,
	"endLineNumber": 161,
	"endColumn": 45
},{
	"resource": "/c:/Users/basil/Desktop/material-kai-vision-platform/src/services/agents/mivaaSearchAgent.ts",
	"owner": "eslint",
	"code": "import/order",
	"severity": 4,
	"message": "There should be at least one empty line between import groups",
	"source": "eslint",
	"startLineNumber": 6,
	"startColumn": 1,
	"endLineNumber": 6,
	"endColumn": 1
},{
	"resource": "/c:/Users/basil/Desktop/material-kai-vision-platform/src/services/agents/mivaaSearchAgent.ts",
	"owner": "eslint",
	"code": "@typescript-eslint/no-explicit-any",
	"severity": 4,
	"message": "Unexpected any. Specify a different type",
	"source": "eslint",
	"startLineNumber": 116,
	"startColumn": 55,
	"endLineNumber": 116,
	"endColumn": 55
},{
	"resource": "/c:/Users/basil/Desktop/material-kai-vision-platform/src/services/agents/mivaaSearchAgent.ts",
	"owner": "eslint",
	"code": "no-console",
	"severity": 4,
	"message": "Unexpected console statement",
	"source": "eslint",
	"startLineNumber": 121,
	"startColumn": 7,
	"endLineNumber": 121,
	"endColumn": 7
},{
	"resource": "/c:/Users/basil/Desktop/material-kai-vision-platform/src/services/agents/mivaaSearchAgent.ts",
	"owner": "eslint",
	"code": "@typescript-eslint/no-explicit-any",
	"severity": 4,
	"message": "Unexpected any. Specify a different type",
	"source": "eslint",
	"startLineNumber": 138,
	"startColumn": 39,
	"endLineNumber": 138,
	"endColumn": 39
},{
	"resource": "/c:/Users/basil/Desktop/material-kai-vision-platform/src/services/agents/mivaaSearchAgent.ts",
	"owner": "eslint",
	"code": "no-console",
	"severity": 4,
	"message": "Unexpected console statement",
	"source": "eslint",
	"startLineNumber": 147,
	"startColumn": 7,
	"endLineNumber": 147,
	"endColumn": 7
},{
	"resource": "/c:/Users/basil/Desktop/material-kai-vision-platform/src/services/agents/mivaaSearchAgent.ts",
	"owner": "eslint",
	"code": "@typescript-eslint/no-explicit-any",
	"severity": 4,
	"message": "Unexpected any. Specify a different type",
	"source": "eslint",
	"startLineNumber": 155,
	"startColumn": 40,
	"endLineNumber": 155,
	"endColumn": 40
},{
	"resource": "/c:/Users/basil/Desktop/material-kai-vision-platform/src/services/agents/toolAccessControl.ts",
	"owner": "eslint",
	"code": "comma-dangle",
	"severity": 4,
	"message": "Missing trailing comma",
	"source": "eslint",
	"startLineNumber": 229,
	"startColumn": 43,
	"endLineNumber": 229,
	"endColumn": 43
},{
	"resource": "/c:/Users/basil/Desktop/material-kai-vision-platform/src/services/agents/toolAccessControl.ts",
	"owner": "eslint",
	"code": "comma-dangle",
	"severity": 4,
	"message": "Missing trailing comma",
	"source": "eslint",
	"startLineNumber": 239,
	"startColumn": 41,
	"endLineNumber": 239,
	"endColumn": 41
},{
	"resource": "/c:/Users/basil/Desktop/material-kai-vision-platform/src/services/aiMaterialAPI.ts",
	"owner": "eslint",
	"code": "no-console",
	"severity": 4,
	"message": "Unexpected console statement",
	"source": "eslint",
	"startLineNumber": 140,
	"startColumn": 7,
	"endLineNumber": 140,
	"endColumn": 7
},{
	"resource": "/c:/Users/basil/Desktop/material-kai-vision-platform/src/services/aiMaterialAPI.ts",
	"owner": "eslint",
	"code": "no-console",
	"severity": 4,
	"message": "Unexpected console statement",
	"source": "eslint",
	"startLineNumber": 165,
	"startColumn": 7,
	"endLineNumber": 165,
	"endColumn": 7
},{
	"resource": "/c:/Users/basil/Desktop/material-kai-vision-platform/src/services/aiMaterialAPI.ts",
	"owner": "eslint",
	"code": "no-console",
	"severity": 4,
	"message": "Unexpected console statement",
	"source": "eslint",
	"startLineNumber": 188,
	"startColumn": 7,
	"endLineNumber": 188,
	"endColumn": 7
},{
	"resource": "/c:/Users/basil/Desktop/material-kai-vision-platform/src/services/aiMaterialAPI.ts",
	"owner": "eslint",
	"code": "@typescript-eslint/no-explicit-any",
	"severity": 4,
	"message": "Unexpected any. Specify a different type",
	"source": "eslint",
	"startLineNumber": 225,
	"startColumn": 31,
	"endLineNumber": 225,
	"endColumn": 31
},{
	"resource": "/c:/Users/basil/Desktop/material-kai-vision-platform/src/services/aiMaterialAPI.ts",
	"owner": "eslint",
	"code": "no-console",
	"severity": 4,
	"message": "Unexpected console statement",
	"source": "eslint",
	"startLineNumber": 259,
	"startColumn": 7,
	"endLineNumber": 259,
	"endColumn": 7
},{
	"resource": "/c:/Users/basil/Desktop/material-kai-vision-platform/src/services/aiMaterialAPI.ts",
	"owner": "eslint",
	"code": "no-console",
	"severity": 4,
	"message": "Unexpected console statement",
	"source": "eslint",
	"startLineNumber": 292,
	"startColumn": 7,
	"endLineNumber": 292,
	"endColumn": 7
},{
	"resource": "/c:/Users/basil/Desktop/material-kai-vision-platform/src/services/aiMaterialAPI.ts",
	"owner": "eslint",
	"code": "comma-dangle",
	"severity": 4,
	"message": "Missing trailing comma",
	"source": "eslint",
	"startLineNumber": 306,
	"startColumn": 47,
	"endLineNumber": 306,
	"endColumn": 47
},{
	"resource": "/c:/Users/basil/Desktop/material-kai-vision-platform/src/services/aiMaterialAPI.ts",
	"owner": "eslint",
	"code": "no-console",
	"severity": 4,
	"message": "Unexpected console statement",
	"source": "eslint",
	"startLineNumber": 329,
	"startColumn": 7,
	"endLineNumber": 329,
	"endColumn": 7
},{
	"resource": "/c:/Users/basil/Desktop/material-kai-vision-platform/src/services/AnalyticsService.ts",
	"owner": "eslint",
	"code": "no-trailing-spaces",
	"severity": 4,
	"message": "Trailing spaces not allowed",
	"source": "eslint",
	"startLineNumber": 3,
	"startColumn": 3,
	"endLineNumber": 3,
	"endColumn": 3
},{
	"resource": "/c:/Users/basil/Desktop/material-kai-vision-platform/src/services/AnalyticsService.ts",
	"owner": "eslint",
	"code": "import/order",
	"severity": 4,
	"message": "There should be at least one empty line between import groups",
	"source": "eslint",
	"startLineNumber": 7,
	"startColumn": 1,
	"endLineNumber": 7,
	"endColumn": 1
},{
	"resource": "/c:/Users/basil/Desktop/material-kai-vision-platform/src/services/AnalyticsService.ts",
	"owner": "eslint",
	"code": "import/order",
	"severity": 4,
	"message": "`@/integrations/supabase/client` import should occur before import of `./base/BaseService`",
	"source": "eslint",
	"startLineNumber": 8,
	"startColumn": 1,
	"endLineNumber": 8,
	"endColumn": 1
},{
	"resource": "/c:/Users/basil/Desktop/material-kai-vision-platform/src/services/AnalyticsService.ts",
	"owner": "eslint",
	"code": "@typescript-eslint/no-explicit-any",
	"severity": 4,
	"message": "Unexpected any. Specify a different type",
	"source": "eslint",
	"startLineNumber": 237,
	"startColumn": 48,
	"endLineNumber": 237,
	"endColumn": 48
},{
	"resource": "/c:/Users/basil/Desktop/material-kai-vision-platform/src/services/AnalyticsService.ts",
	"owner": "eslint",
	"code": "@typescript-eslint/no-explicit-any",
	"severity": 4,
	"message": "Unexpected any. Specify a different type",
	"source": "eslint",
	"startLineNumber": 247,
	"startColumn": 35,
	"endLineNumber": 247,
	"endColumn": 35
},{
	"resource": "/c:/Users/basil/Desktop/material-kai-vision-platform/src/services/apiGateway/apiClientFactory.ts",
	"owner": "eslint",
	"code": "no-console",
	"severity": 4,
	"message": "Unexpected console statement",
	"source": "eslint",
	"startLineNumber": 98,
	"startColumn": 7,
	"endLineNumber": 98,
	"endColumn": 7
},{
	"resource": "/c:/Users/basil/Desktop/material-kai-vision-platform/src/services/apiGateway/apiClientFactory.ts",
	"owner": "eslint",
	"code": "no-console",
	"severity": 4,
	"message": "Unexpected console statement",
	"source": "eslint",
	"startLineNumber": 165,
	"startColumn": 7,
	"endLineNumber": 165,
	"endColumn": 7
},{
	"resource": "/c:/Users/basil/Desktop/material-kai-vision-platform/src/services/apiGateway/apiGatewayService.ts",
	"owner": "eslint",
	"code": "@typescript-eslint/no-explicit-any",
	"severity": 4,
	"message": "Unexpected any. Specify a different type",
	"source": "eslint",
	"startLineNumber": 323,
	"startColumn": 35,
	"endLineNumber": 323,
	"endColumn": 35
},{
	"resource": "/c:/Users/basil/Desktop/material-kai-vision-platform/src/services/apiGateway/apiGatewayService.ts",
	"owner": "eslint",
	"code": "no-console",
	"severity": 4,
	"message": "Unexpected console statement",
	"source": "eslint",
	"startLineNumber": 421,
	"startColumn": 9,
	"endLineNumber": 421,
	"endColumn": 9
},{
	"resource": "/c:/Users/basil/Desktop/material-kai-vision-platform/src/services/apiGateway/browserApiClientFactory.ts",
	"owner": "eslint",
	"code": "no-trailing-spaces",
	"severity": 4,
	"message": "Trailing spaces not allowed",
	"source": "eslint",
	"startLineNumber": 3,
	"startColumn": 3,
	"endLineNumber": 3,
	"endColumn": 3
},{
	"resource": "/c:/Users/basil/Desktop/material-kai-vision-platform/src/services/apiGateway/browserApiClientFactory.ts",
	"owner": "eslint",
	"code": "comma-dangle",
	"severity": 4,
	"message": "Missing trailing comma",
	"source": "eslint",
	"startLineNumber": 12,
	"startColumn": 22,
	"endLineNumber": 12,
	"endColumn": 22
},{
	"resource": "/c:/Users/basil/Desktop/material-kai-vision-platform/src/services/apiGateway/browserApiClientFactory.ts",
	"owner": "eslint",
	"code": "@typescript-eslint/no-explicit-any",
	"severity": 4,
	"message": "Unexpected any. Specify a different type",
	"source": "eslint",
	"startLineNumber": 34,
	"startColumn": 38,
	"endLineNumber": 34,
	"endColumn": 38
},{
	"resource": "/c:/Users/basil/Desktop/material-kai-vision-platform/src/services/apiGateway/browserApiClientFactory.ts",
	"owner": "eslint",
	"code": "@typescript-eslint/no-explicit-any",
	"severity": 4,
	"message": "Unexpected any. Specify a different type",
	"source": "eslint",
	"startLineNumber": 117,
	"startColumn": 38,
	"endLineNumber": 117,
	"endColumn": 38
},{
	"resource": "/c:/Users/basil/Desktop/material-kai-vision-platform/src/services/apiGateway/browserApiClientFactory.ts",
	"owner": "eslint",
	"code": "@typescript-eslint/no-explicit-any",
	"severity": 4,
	"message": "Unexpected any. Specify a different type",
	"source": "eslint",
	"startLineNumber": 190,
	"startColumn": 43,
	"endLineNumber": 190,
	"endColumn": 43
},{
	"resource": "/c:/Users/basil/Desktop/material-kai-vision-platform/src/services/apiGateway/browserApiClientFactory.ts",
	"owner": "eslint",
	"code": "@typescript-eslint/no-explicit-any",
	"severity": 4,
	"message": "Unexpected any. Specify a different type",
	"source": "eslint",
	"startLineNumber": 191,
	"startColumn": 43,
	"endLineNumber": 191,
	"endColumn": 43
},{
	"resource": "/c:/Users/basil/Desktop/material-kai-vision-platform/src/services/apiGateway/browserApiClientFactory.ts",
	"owner": "eslint",
	"code": "@typescript-eslint/no-explicit-any",
	"severity": 4,
	"message": "Unexpected any. Specify a different type",
	"source": "eslint",
	"startLineNumber": 251,
	"startColumn": 37,
	"endLineNumber": 251,
	"endColumn": 37
},{
	"resource": "/c:/Users/basil/Desktop/material-kai-vision-platform/src/services/apiGateway/browserApiClientFactory.ts",
	"owner": "eslint",
	"code": "@typescript-eslint/no-explicit-any",
	"severity": 4,
	"message": "Unexpected any. Specify a different type",
	"source": "eslint",
	"startLineNumber": 275,
	"startColumn": 28,
	"endLineNumber": 275,
	"endColumn": 28
},{
	"resource": "/c:/Users/basil/Desktop/material-kai-vision-platform/src/services/apiGateway/browserApiIntegrationService.ts",
	"owner": "eslint",
	"code": "comma-dangle",
	"severity": 4,
	"message": "Missing trailing comma",
	"source": "eslint",
	"startLineNumber": 58,
	"startColumn": 30,
	"endLineNumber": 58,
	"endColumn": 30
},{
	"resource": "/c:/Users/basil/Desktop/material-kai-vision-platform/src/services/apiGateway/browserApiIntegrationService.ts",
	"owner": "eslint",
	"code": "comma-dangle",
	"severity": 4,
	"message": "Missing trailing comma",
	"source": "eslint",
	"startLineNumber": 88,
	"startColumn": 19,
	"endLineNumber": 88,
	"endColumn": 19
},{
	"resource": "/c:/Users/basil/Desktop/material-kai-vision-platform/src/services/apiGateway/browserApiIntegrationService.ts",
	"owner": "eslint",
	"code": "comma-dangle",
	"severity": 4,
	"message": "Missing trailing comma",
	"source": "eslint",
	"startLineNumber": 118,
	"startColumn": 37,
	"endLineNumber": 118,
	"endColumn": 37
},{
	"resource": "/c:/Users/basil/Desktop/material-kai-vision-platform/src/services/apiGateway/browserApiIntegrationService.ts",
	"owner": "eslint",
	"code": "no-trailing-spaces",
	"severity": 4,
	"message": "Trailing spaces not allowed",
	"source": "eslint",
	"startLineNumber": 155,
	"startColumn": 56,
	"endLineNumber": 155,
	"endColumn": 56
},{
	"resource": "/c:/Users/basil/Desktop/material-kai-vision-platform/src/services/apiGateway/browserApiIntegrationService.ts",
	"owner": "eslint",
	"code": "comma-dangle",
	"severity": 4,
	"message": "Missing trailing comma",
	"source": "eslint",
	"startLineNumber": 156,
	"startColumn": 61,
	"endLineNumber": 156,
	"endColumn": 61
},{
	"resource": "/c:/Users/basil/Desktop/material-kai-vision-platform/src/services/apiGateway/standardizedApiClient.ts",
	"owner": "eslint",
	"code": "@typescript-eslint/no-explicit-any",
	"severity": 4,
	"message": "Unexpected any. Specify a different type",
	"source": "eslint",
	"startLineNumber": 18,
	"startColumn": 46,
	"endLineNumber": 18,
	"endColumn": 46
},{
	"resource": "/c:/Users/basil/Desktop/material-kai-vision-platform/src/services/apiGateway/standardizedApiClient.ts",
	"owner": "eslint",
	"code": "@typescript-eslint/no-explicit-any",
	"severity": 4,
	"message": "Unexpected any. Specify a different type",
	"source": "eslint",
	"startLineNumber": 35,
	"startColumn": 28,
	"endLineNumber": 35,
	"endColumn": 28
},{
	"resource": "/c:/Users/basil/Desktop/material-kai-vision-platform/src/services/apiGateway/standardizedApiClient.ts",
	"owner": "eslint",
	"code": "@typescript-eslint/no-explicit-any",
	"severity": 4,
	"message": "Unexpected any. Specify a different type",
	"source": "eslint",
	"startLineNumber": 36,
	"startColumn": 27,
	"endLineNumber": 36,
	"endColumn": 27
},{
	"resource": "/c:/Users/basil/Desktop/material-kai-vision-platform/src/services/apiGateway/standardizedApiClient.ts",
	"owner": "eslint",
	"code": "@typescript-eslint/no-explicit-any",
	"severity": 4,
	"message": "Unexpected any. Specify a different type",
	"source": "eslint",
	"startLineNumber": 41,
	"startColumn": 27,
	"endLineNumber": 41,
	"endColumn": 27
},{
	"resource": "/c:/Users/basil/Desktop/material-kai-vision-platform/src/services/apiGateway/standardizedApiClient.ts",
	"owner": "eslint",
	"code": "@typescript-eslint/no-explicit-any",
	"severity": 4,
	"message": "Unexpected any. Specify a different type",
	"source": "eslint",
	"startLineNumber": 46,
	"startColumn": 50,
	"endLineNumber": 46,
	"endColumn": 50
},{
	"resource": "/c:/Users/basil/Desktop/material-kai-vision-platform/src/services/apiGateway/standardizedApiClient.ts",
	"owner": "eslint",
	"code": "@typescript-eslint/no-explicit-any",
	"severity": 4,
	"message": "Unexpected any. Specify a different type",
	"source": "eslint",
	"startLineNumber": 46,
	"startColumn": 67,
	"endLineNumber": 46,
	"endColumn": 67
},{
	"resource": "/c:/Users/basil/Desktop/material-kai-vision-platform/src/services/apiGateway/standardizedApiClient.ts",
	"owner": "eslint",
	"code": "@typescript-eslint/no-explicit-any",
	"severity": 4,
	"message": "Unexpected any. Specify a different type",
	"source": "eslint",
	"startLineNumber": 54,
	"startColumn": 26,
	"endLineNumber": 54,
	"endColumn": 26
},{
	"resource": "/c:/Users/basil/Desktop/material-kai-vision-platform/src/services/apiGateway/standardizedApiClient.ts",
	"owner": "eslint",
	"code": "@typescript-eslint/no-explicit-any",
	"severity": 4,
	"message": "Unexpected any. Specify a different type",
	"source": "eslint",
	"startLineNumber": 57,
	"startColumn": 30,
	"endLineNumber": 57,
	"endColumn": 30
},{
	"resource": "/c:/Users/basil/Desktop/material-kai-vision-platform/src/services/apiGateway/standardizedApiClient.ts",
	"owner": "eslint",
	"code": "@typescript-eslint/no-explicit-any",
	"severity": 4,
	"message": "Unexpected any. Specify a different type",
	"source": "eslint",
	"startLineNumber": 81,
	"startColumn": 35,
	"endLineNumber": 81,
	"endColumn": 35
},{
	"resource": "/c:/Users/basil/Desktop/material-kai-vision-platform/src/services/apiGateway/standardizedApiClient.ts",
	"owner": "eslint",
	"code": "@typescript-eslint/no-explicit-any",
	"severity": 4,
	"message": "Unexpected any. Specify a different type",
	"source": "eslint",
	"startLineNumber": 85,
	"startColumn": 30,
	"endLineNumber": 85,
	"endColumn": 30
},{
	"resource": "/c:/Users/basil/Desktop/material-kai-vision-platform/src/services/apiGateway/standardizedApiClient.ts",
	"owner": "eslint",
	"code": "@typescript-eslint/no-explicit-any",
	"severity": 4,
	"message": "Unexpected any. Specify a different type",
	"source": "eslint",
	"startLineNumber": 103,
	"startColumn": 80,
	"endLineNumber": 103,
	"endColumn": 80
},{
	"resource": "/c:/Users/basil/Desktop/material-kai-vision-platform/src/services/apiGateway/standardizedApiClient.ts",
	"owner": "eslint",
	"code": "@typescript-eslint/no-explicit-any",
	"severity": 4,
	"message": "Unexpected any. Specify a different type",
	"source": "eslint",
	"startLineNumber": 170,
	"startColumn": 26,
	"endLineNumber": 170,
	"endColumn": 26
},{
	"resource": "/c:/Users/basil/Desktop/material-kai-vision-platform/src/services/apiGateway/supabaseApiClient.ts",
	"owner": "eslint",
	"code": "no-console",
	"severity": 4,
	"message": "Unexpected console statement",
	"source": "eslint",
	"startLineNumber": 120,
	"startColumn": 7,
	"endLineNumber": 120,
	"endColumn": 7
},{
	"resource": "/c:/Users/basil/Desktop/material-kai-vision-platform/src/services/apiGateway/supabaseApiClient.ts",
	"owner": "eslint",
	"code": "no-console",
	"severity": 4,
	"message": "Unexpected console statement",
	"source": "eslint",
	"startLineNumber": 121,
	"startColumn": 7,
	"endLineNumber": 121,
	"endColumn": 7
},{
	"resource": "/c:/Users/basil/Desktop/material-kai-vision-platform/src/services/apiGateway/supabaseApiClient.ts",
	"owner": "eslint",
	"code": "no-console",
	"severity": 4,
	"message": "Unexpected console statement",
	"source": "eslint",
	"startLineNumber": 122,
	"startColumn": 7,
	"endLineNumber": 122,
	"endColumn": 7
},{
	"resource": "/c:/Users/basil/Desktop/material-kai-vision-platform/src/services/apiGateway/supabaseApiClient.ts",
	"owner": "eslint",
	"code": "no-console",
	"severity": 4,
	"message": "Unexpected console statement",
	"source": "eslint",
	"startLineNumber": 123,
	"startColumn": 7,
	"endLineNumber": 123,
	"endColumn": 7
},{
	"resource": "/c:/Users/basil/Desktop/material-kai-vision-platform/src/services/apiGateway/supabaseApiClient.ts",
	"owner": "eslint",
	"code": "no-console",
	"severity": 4,
	"message": "Unexpected console statement",
	"source": "eslint",
	"startLineNumber": 124,
	"startColumn": 7,
	"endLineNumber": 124,
	"endColumn": 7
},{
	"resource": "/c:/Users/basil/Desktop/material-kai-vision-platform/src/services/base/ApiService.ts",
	"owner": "eslint",
	"code": "no-console",
	"severity": 4,
	"message": "Unexpected console statement",
	"source": "eslint",
	"startLineNumber": 90,
	"startColumn": 5,
	"endLineNumber": 90,
	"endColumn": 5
},{
	"resource": "/c:/Users/basil/Desktop/material-kai-vision-platform/src/services/base/ApiService.ts",
	"owner": "eslint",
	"code": "@typescript-eslint/no-non-null-assertion",
	"severity": 4,
	"message": "Forbidden non-null assertion",
	"source": "eslint",
	"startLineNumber": 287,
	"startColumn": 25,
	"endLineNumber": 287,
	"endColumn": 25
},{
	"resource": "/c:/Users/basil/Desktop/material-kai-vision-platform/src/services/base/ApiService.ts",
	"owner": "eslint",
	"code": "@typescript-eslint/no-non-null-assertion",
	"severity": 4,
	"message": "Forbidden non-null assertion",
	"source": "eslint",
	"startLineNumber": 377,
	"startColumn": 25,
	"endLineNumber": 377,
	"endColumn": 25
},{
	"resource": "/c:/Users/basil/Desktop/material-kai-vision-platform/src/services/base/BaseService.ts",
	"owner": "eslint",
	"code": "no-console",
	"severity": 4,
	"message": "Unexpected console statement",
	"source": "eslint",
	"startLineNumber": 72,
	"startColumn": 50,
	"endLineNumber": 72,
	"endColumn": 50
},{
	"resource": "/c:/Users/basil/Desktop/material-kai-vision-platform/src/services/base/BaseService.ts",
	"owner": "eslint",
	"code": "no-console",
	"severity": 4,
	"message": "Unexpected console statement",
	"source": "eslint",
	"startLineNumber": 73,
	"startColumn": 32,
	"endLineNumber": 73,
	"endColumn": 32
},{
	"resource": "/c:/Users/basil/Desktop/material-kai-vision-platform/src/services/base/BaseService.ts",
	"owner": "eslint",
	"code": "no-console",
	"severity": 4,
	"message": "Unexpected console statement",
	"source": "eslint",
	"startLineNumber": 74,
	"startColumn": 32,
	"endLineNumber": 74,
	"endColumn": 32
},{
	"resource": "/c:/Users/basil/Desktop/material-kai-vision-platform/src/services/base/BaseService.ts",
	"owner": "eslint",
	"code": "no-console",
	"severity": 4,
	"message": "Unexpected console statement",
	"source": "eslint",
	"startLineNumber": 75,
	"startColumn": 33,
	"endLineNumber": 75,
	"endColumn": 33
},{
	"resource": "/c:/Users/basil/Desktop/material-kai-vision-platform/src/services/base/BaseService.ts",
	"owner": "eslint",
	"code": "no-console",
	"severity": 4,
	"message": "Unexpected console statement",
	"source": "eslint",
	"startLineNumber": 95,
	"startColumn": 7,
	"endLineNumber": 95,
	"endColumn": 7
},{
	"resource": "/c:/Users/basil/Desktop/material-kai-vision-platform/src/services/base/BaseService.ts",
	"owner": "eslint",
	"code": "no-console",
	"severity": 4,
	"message": "Unexpected console statement",
	"source": "eslint",
	"startLineNumber": 97,
	"startColumn": 7,
	"endLineNumber": 97,
	"endColumn": 7
},{
	"resource": "/c:/Users/basil/Desktop/material-kai-vision-platform/src/services/base/BaseService.ts",
	"owner": "eslint",
	"code": "no-console",
	"severity": 4,
	"message": "Unexpected console statement",
	"source": "eslint",
	"startLineNumber": 109,
	"startColumn": 5,
	"endLineNumber": 109,
	"endColumn": 5
},{
	"resource": "/c:/Users/basil/Desktop/material-kai-vision-platform/src/services/base/BaseService.ts",
	"owner": "eslint",
	"code": "no-console",
	"severity": 4,
	"message": "Unexpected console statement",
	"source": "eslint",
	"startLineNumber": 223,
	"startColumn": 5,
	"endLineNumber": 223,
	"endColumn": 5
},{
	"resource": "/c:/Users/basil/Desktop/material-kai-vision-platform/src/services/base/ServiceFactory.ts",
	"owner": "eslint",
	"code": "no-console",
	"severity": 4,
	"message": "Unexpected console statement",
	"source": "eslint",
	"startLineNumber": 54,
	"startColumn": 5,
	"endLineNumber": 54,
	"endColumn": 5
},{
	"resource": "/c:/Users/basil/Desktop/material-kai-vision-platform/src/services/base/ServiceFactory.ts",
	"owner": "eslint",
	"code": "no-console",
	"severity": 4,
	"message": "Unexpected console statement",
	"source": "eslint",
	"startLineNumber": 75,
	"startColumn": 7,
	"endLineNumber": 75,
	"endColumn": 7
},{
	"resource": "/c:/Users/basil/Desktop/material-kai-vision-platform/src/services/base/ServiceFactory.ts",
	"owner": "eslint",
	"code": "no-console",
	"severity": 4,
	"message": "Unexpected console statement",
	"source": "eslint",
	"startLineNumber": 175,
	"startColumn": 5,
	"endLineNumber": 175,
	"endColumn": 5
},{
	"resource": "/c:/Users/basil/Desktop/material-kai-vision-platform/src/services/base/ServiceFactory.ts",
	"owner": "eslint",
	"code": "no-console",
	"severity": 4,
	"message": "Unexpected console statement",
	"source": "eslint",
	"startLineNumber": 186,
	"startColumn": 9,
	"endLineNumber": 186,
	"endColumn": 9
},{
	"resource": "/c:/Users/basil/Desktop/material-kai-vision-platform/src/services/base/ServiceFactory.ts",
	"owner": "eslint",
	"code": "no-console",
	"severity": 4,
	"message": "Unexpected console statement",
	"source": "eslint",
	"startLineNumber": 191,
	"startColumn": 5,
	"endLineNumber": 191,
	"endColumn": 5
},{
	"resource": "/c:/Users/basil/Desktop/material-kai-vision-platform/src/services/base/ServiceFactory.ts",
	"owner": "eslint",
	"code": "no-console",
	"severity": 4,
	"message": "Unexpected console statement",
	"source": "eslint",
	"startLineNumber": 203,
	"startColumn": 5,
	"endLineNumber": 203,
	"endColumn": 5
},{
	"resource": "/c:/Users/basil/Desktop/material-kai-vision-platform/src/services/base/ServiceFactory.ts",
	"owner": "eslint",
	"code": "no-console",
	"severity": 4,
	"message": "Unexpected console statement",
	"source": "eslint",
	"startLineNumber": 215,
	"startColumn": 11,
	"endLineNumber": 215,
	"endColumn": 11
},{
	"resource": "/c:/Users/basil/Desktop/material-kai-vision-platform/src/services/base/ServiceFactory.ts",
	"owner": "eslint",
	"code": "no-console",
	"severity": 4,
	"message": "Unexpected console statement",
	"source": "eslint",
	"startLineNumber": 222,
	"startColumn": 5,
	"endLineNumber": 222,
	"endColumn": 5
},{
	"resource": "/c:/Users/basil/Desktop/material-kai-vision-platform/src/services/batch/batchJobQueue.ts",
	"owner": "eslint",
	"code": "import/order",
	"severity": 4,
	"message": "There should be at least one empty line between import groups",
	"source": "eslint",
	"startLineNumber": 3,
	"startColumn": 1,
	"endLineNumber": 3,
	"endColumn": 1
},{
	"resource": "/c:/Users/basil/Desktop/material-kai-vision-platform/src/services/batch/batchJobQueue.ts",
	"owner": "eslint",
	"code": "@typescript-eslint/no-non-null-assertion",
	"severity": 4,
	"message": "Forbidden non-null assertion",
	"source": "eslint",
	"startLineNumber": 576,
	"startColumn": 16,
	"endLineNumber": 576,
	"endColumn": 16
},{
	"resource": "/c:/Users/basil/Desktop/material-kai-vision-platform/src/services/batch/batchJobQueue.ts",
	"owner": "eslint",
	"code": "no-console",
	"severity": 4,
	"message": "Unexpected console statement",
	"source": "eslint",
	"startLineNumber": 770,
	"startColumn": 11,
	"endLineNumber": 770,
	"endColumn": 11
},{
	"resource": "/c:/Users/basil/Desktop/material-kai-vision-platform/src/services/batch/batchJobQueue.ts",
	"owner": "eslint",
	"code": "no-console",
	"severity": 4,
	"message": "Unexpected console statement",
	"source": "eslint",
	"startLineNumber": 779,
	"startColumn": 7,
	"endLineNumber": 779,
	"endColumn": 7
},{
	"resource": "/c:/Users/basil/Desktop/material-kai-vision-platform/src/services/batch/batchJobQueue.ts",
	"owner": "eslint",
	"code": "no-console",
	"severity": 4,
	"message": "Unexpected console statement",
	"source": "eslint",
	"startLineNumber": 795,
	"startColumn": 9,
	"endLineNumber": 795,
	"endColumn": 9
},{
	"resource": "/c:/Users/basil/Desktop/material-kai-vision-platform/src/services/batch/batchJobQueue.ts",
	"owner": "eslint",
	"code": "no-console",
	"severity": 4,
	"message": "Unexpected console statement",
	"source": "eslint",
	"startLineNumber": 800,
	"startColumn": 9,
	"endLineNumber": 800,
	"endColumn": 9
},{
	"resource": "/c:/Users/basil/Desktop/material-kai-vision-platform/src/services/batch/batchJobQueue.ts",
	"owner": "eslint",
	"code": "no-console",
	"severity": 4,
	"message": "Unexpected console statement",
	"source": "eslint",
	"startLineNumber": 830,
	"startColumn": 9,
	"endLineNumber": 830,
	"endColumn": 9
},{
	"resource": "/c:/Users/basil/Desktop/material-kai-vision-platform/src/services/batch/batchJobQueue.ts",
	"owner": "eslint",
	"code": "no-console",
	"severity": 4,
	"message": "Unexpected console statement",
	"source": "eslint",
	"startLineNumber": 834,
	"startColumn": 7,
	"endLineNumber": 834,
	"endColumn": 7
},{
	"resource": "/c:/Users/basil/Desktop/material-kai-vision-platform/src/services/batch/batchProcessingService.ts",
	"owner": "eslint",
	"code": "@typescript-eslint/no-explicit-any",
	"severity": 4,
	"message": "Unexpected any. Specify a different type",
	"source": "eslint",
	"startLineNumber": 223,
	"startColumn": 25,
	"endLineNumber": 223,
	"endColumn": 25
},{
	"resource": "/c:/Users/basil/Desktop/material-kai-vision-platform/src/services/batch/batchProcessingService.ts",
	"owner": "eslint",
	"code": "@typescript-eslint/no-explicit-any",
	"severity": 4,
	"message": "Unexpected any. Specify a different type",
	"source": "eslint",
	"startLineNumber": 224,
	"startColumn": 23,
	"endLineNumber": 224,
	"endColumn": 23
},{
	"resource": "/c:/Users/basil/Desktop/material-kai-vision-platform/src/services/batch/batchProcessingService.ts",
	"owner": "eslint",
	"code": "@typescript-eslint/no-explicit-any",
	"severity": 4,
	"message": "Unexpected any. Specify a different type",
	"source": "eslint",
	"startLineNumber": 225,
	"startColumn": 24,
	"endLineNumber": 225,
	"endColumn": 24
},{
	"resource": "/c:/Users/basil/Desktop/material-kai-vision-platform/src/services/batch/batchProcessingService.ts",
	"owner": "eslint",
	"code": "no-console",
	"severity": 4,
	"message": "Unexpected console statement",
	"source": "eslint",
	"startLineNumber": 234,
	"startColumn": 30,
	"endLineNumber": 234,
	"endColumn": 30
},{
	"resource": "/c:/Users/basil/Desktop/material-kai-vision-platform/src/services/batch/batchProcessingService.ts",
	"owner": "eslint",
	"code": "no-console",
	"severity": 4,
	"message": "Unexpected console statement",
	"source": "eslint",
	"startLineNumber": 235,
	"startColumn": 31,
	"endLineNumber": 235,
	"endColumn": 31
},{
	"resource": "/c:/Users/basil/Desktop/material-kai-vision-platform/src/services/batch/batchProcessingService.ts",
	"owner": "eslint",
	"code": "no-console",
	"severity": 4,
	"message": "Unexpected console statement",
	"source": "eslint",
	"startLineNumber": 236,
	"startColumn": 30,
	"endLineNumber": 236,
	"endColumn": 30
},{
	"resource": "/c:/Users/basil/Desktop/material-kai-vision-platform/src/services/batch/batchProcessingService.ts",
	"owner": "eslint",
	"code": "no-console",
	"severity": 4,
	"message": "Unexpected console statement",
	"source": "eslint",
	"startLineNumber": 237,
	"startColumn": 31,
	"endLineNumber": 237,
	"endColumn": 31
},{
	"resource": "/c:/Users/basil/Desktop/material-kai-vision-platform/src/services/BoundaryDetectionService.ts",
	"owner": "eslint",
	"code": "quotes",
	"severity": 4,
	"message": "Strings must use singlequote",
	"source": "eslint",
	"startLineNumber": 1,
	"startColumn": 29,
	"endLineNumber": 1,
	"endColumn": 29
},{
	"resource": "/c:/Users/basil/Desktop/material-kai-vision-platform/src/services/BoundaryDetectionService.ts",
	"owner": "eslint",
	"code": "quotes",
	"severity": 4,
	"message": "Strings must use singlequote",
	"source": "eslint",
	"startLineNumber": 2,
	"startColumn": 60,
	"endLineNumber": 2,
	"endColumn": 60
},{
	"resource": "/c:/Users/basil/Desktop/material-kai-vision-platform/src/services/BoundaryDetectionService.ts",
	"owner": "eslint",
	"code": "quotes",
	"severity": 4,
	"message": "Strings must use singlequote",
	"source": "eslint",
	"startLineNumber": 11,
	"startColumn": 18,
	"endLineNumber": 11,
	"endColumn": 18
},{
	"resource": "/c:/Users/basil/Desktop/material-kai-vision-platform/src/services/BoundaryDetectionService.ts",
	"owner": "eslint",
	"code": "quotes",
	"severity": 4,
	"message": "Strings must use singlequote",
	"source": "eslint",
	"startLineNumber": 11,
	"startColumn": 31,
	"endLineNumber": 11,
	"endColumn": 31
},{
	"resource": "/c:/Users/basil/Desktop/material-kai-vision-platform/src/services/BoundaryDetectionService.ts",
	"owner": "eslint",
	"code": "quotes",
	"severity": 4,
	"message": "Strings must use singlequote",
	"source": "eslint",
	"startLineNumber": 11,
	"startColumn": 45,
	"endLineNumber": 11,
	"endColumn": 45
},{
	"resource": "/c:/Users/basil/Desktop/material-kai-vision-platform/src/services/BoundaryDetectionService.ts",
	"owner": "eslint",
	"code": "quotes",
	"severity": 4,
	"message": "Strings must use singlequote",
	"source": "eslint",
	"startLineNumber": 11,
	"startColumn": 57,
	"endLineNumber": 11,
	"endColumn": 57
},{
	"resource": "/c:/Users/basil/Desktop/material-kai-vision-platform/src/services/BoundaryDetectionService.ts",
	"owner": "eslint",
	"code": "quotes",
	"severity": 4,
	"message": "Strings must use singlequote",
	"source": "eslint",
	"startLineNumber": 11,
	"startColumn": 70,
	"endLineNumber": 11,
	"endColumn": 70
},{
	"resource": "/c:/Users/basil/Desktop/material-kai-vision-platform/src/services/BoundaryDetectionService.ts",
	"owner": "eslint",
	"code": "quotes",
	"severity": 4,
	"message": "Strings must use singlequote",
	"source": "eslint",
	"startLineNumber": 52,
	"startColumn": 29,
	"endLineNumber": 52,
	"endColumn": 29
},{
	"resource": "/c:/Users/basil/Desktop/material-kai-vision-platform/src/services/BoundaryDetectionService.ts",
	"owner": "eslint",
	"code": "quotes",
	"severity": 4,
	"message": "Strings must use singlequote",
	"source": "eslint",
	"startLineNumber": 52,
	"startColumn": 40,
	"endLineNumber": 52,
	"endColumn": 40
},{
	"resource": "/c:/Users/basil/Desktop/material-kai-vision-platform/src/services/BoundaryDetectionService.ts",
	"owner": "eslint",
	"code": "quotes",
	"severity": 4,
	"message": "Strings must use singlequote",
	"source": "eslint",
	"startLineNumber": 52,
	"startColumn": 57,
	"endLineNumber": 52,
	"endColumn": 57
},{
	"resource": "/c:/Users/basil/Desktop/material-kai-vision-platform/src/services/BoundaryDetectionService.ts",
	"owner": "eslint",
	"code": "quotes",
	"severity": 4,
	"message": "Strings must use singlequote",
	"source": "eslint",
	"startLineNumber": 52,
	"startColumn": 68,
	"endLineNumber": 52,
	"endColumn": 68
},{
	"resource": "/c:/Users/basil/Desktop/material-kai-vision-platform/src/services/BoundaryDetectionService.ts",
	"owner": "eslint",
	"code": "quotes",
	"severity": 4,
	"message": "Strings must use singlequote",
	"source": "eslint",
	"startLineNumber": 56,
	"startColumn": 13,
	"endLineNumber": 56,
	"endColumn": 13
},{
	"resource": "/c:/Users/basil/Desktop/material-kai-vision-platform/src/services/BoundaryDetectionService.ts",
	"owner": "eslint",
	"code": "quotes",
	"severity": 4,
	"message": "Strings must use singlequote",
	"source": "eslint",
	"startLineNumber": 57,
	"startColumn": 16,
	"endLineNumber": 57,
	"endColumn": 16
},{
	"resource": "/c:/Users/basil/Desktop/material-kai-vision-platform/src/services/BoundaryDetectionService.ts",
	"owner": "eslint",
	"code": "quotes",
	"severity": 4,
	"message": "Strings must use singlequote",
	"source": "eslint",
	"startLineNumber": 58,
	"startColumn": 20,
	"endLineNumber": 58,
	"endColumn": 20
},{
	"resource": "/c:/Users/basil/Desktop/material-kai-vision-platform/src/services/BoundaryDetectionService.ts",
	"owner": "eslint",
	"code": "quotes",
	"severity": 4,
	"message": "Strings must use singlequote",
	"source": "eslint",
	"startLineNumber": 64,
	"startColumn": 19,
	"endLineNumber": 64,
	"endColumn": 19
},{
	"resource": "/c:/Users/basil/Desktop/material-kai-vision-platform/src/services/BoundaryDetectionService.ts",
	"owner": "eslint",
	"code": "quotes",
	"severity": 4,
	"message": "Strings must use singlequote",
	"source": "eslint",
	"startLineNumber": 65,
	"startColumn": 16,
	"endLineNumber": 65,
	"endColumn": 16
},{
	"resource": "/c:/Users/basil/Desktop/material-kai-vision-platform/src/services/BoundaryDetectionService.ts",
	"owner": "eslint",
	"code": "quotes",
	"severity": 4,
	"message": "Strings must use singlequote",
	"source": "eslint",
	"startLineNumber": 72,
	"startColumn": 54,
	"endLineNumber": 72,
	"endColumn": 54
},{
	"resource": "/c:/Users/basil/Desktop/material-kai-vision-platform/src/services/BoundaryDetectionService.ts",
	"owner": "eslint",
	"code": "quotes",
	"severity": 4,
	"message": "Strings must use singlequote",
	"source": "eslint",
	"startLineNumber": 73,
	"startColumn": 46,
	"endLineNumber": 73,
	"endColumn": 46
},{
	"resource": "/c:/Users/basil/Desktop/material-kai-vision-platform/src/services/BoundaryDetectionService.ts",
	"owner": "eslint",
	"code": "comma-dangle",
	"severity": 4,
	"message": "Missing trailing comma",
	"source": "eslint",
	"startLineNumber": 101,
	"startColumn": 37,
	"endLineNumber": 101,
	"endColumn": 37
},{
	"resource": "/c:/Users/basil/Desktop/material-kai-vision-platform/src/services/BoundaryDetectionService.ts",
	"owner": "eslint",
	"code": "comma-dangle",
	"severity": 4,
	"message": "Missing trailing comma",
	"source": "eslint",
	"startLineNumber": 114,
	"startColumn": 24,
	"endLineNumber": 114,
	"endColumn": 24
},{
	"resource": "/c:/Users/basil/Desktop/material-kai-vision-platform/src/services/BoundaryDetectionService.ts",
	"owner": "eslint",
	"code": "comma-dangle",
	"severity": 4,
	"message": "Missing trailing comma",
	"source": "eslint",
	"startLineNumber": 149,
	"startColumn": 29,
	"endLineNumber": 149,
	"endColumn": 29
},{
	"resource": "/c:/Users/basil/Desktop/material-kai-vision-platform/src/services/BoundaryDetectionService.ts",
	"owner": "eslint",
	"code": "comma-dangle",
	"severity": 4,
	"message": "Missing trailing comma",
	"source": "eslint",
	"startLineNumber": 156,
	"startColumn": 29,
	"endLineNumber": 156,
	"endColumn": 29
},{
	"resource": "/c:/Users/basil/Desktop/material-kai-vision-platform/src/services/BoundaryDetectionService.ts",
	"owner": "eslint",
	"code": "comma-dangle",
	"severity": 4,
	"message": "Missing trailing comma",
	"source": "eslint",
	"startLineNumber": 169,
	"startColumn": 31,
	"endLineNumber": 169,
	"endColumn": 31
},{
	"resource": "/c:/Users/basil/Desktop/material-kai-vision-platform/src/services/BoundaryDetectionService.ts",
	"owner": "eslint",
	"code": "comma-dangle",
	"severity": 4,
	"message": "Missing trailing comma",
	"source": "eslint",
	"startLineNumber": 178,
	"startColumn": 31,
	"endLineNumber": 178,
	"endColumn": 31
},{
	"resource": "/c:/Users/basil/Desktop/material-kai-vision-platform/src/services/BoundaryDetectionService.ts",
	"owner": "eslint",
	"code": "comma-dangle",
	"severity": 4,
	"message": "Missing trailing comma",
	"source": "eslint",
	"startLineNumber": 184,
	"startColumn": 70,
	"endLineNumber": 184,
	"endColumn": 70
},{
	"resource": "/c:/Users/basil/Desktop/material-kai-vision-platform/src/services/BoundaryDetectionService.ts",
	"owner": "eslint",
	"code": "quotes",
	"severity": 4,
	"message": "Strings must use singlequote",
	"source": "eslint",
	"startLineNumber": 188,
	"startColumn": 25,
	"endLineNumber": 188,
	"endColumn": 25
},{
	"resource": "/c:/Users/basil/Desktop/material-kai-vision-platform/src/services/BoundaryDetectionService.ts",
	"owner": "eslint",
	"code": "quotes",
	"severity": 4,
	"message": "Strings must use singlequote",
	"source": "eslint",
	"startLineNumber": 215,
	"startColumn": 36,
	"endLineNumber": 215,
	"endColumn": 36
},{
	"resource": "/c:/Users/basil/Desktop/material-kai-vision-platform/src/services/BoundaryDetectionService.ts",
	"owner": "eslint",
	"code": "quotes",
	"severity": 4,
	"message": "Strings must use singlequote",
	"source": "eslint",
	"startLineNumber": 215,
	"startColumn": 51,
	"endLineNumber": 215,
	"endColumn": 51
},{
	"resource": "/c:/Users/basil/Desktop/material-kai-vision-platform/src/services/BoundaryDetectionService.ts",
	"owner": "eslint",
	"code": "comma-dangle",
	"severity": 4,
	"message": "Missing trailing comma",
	"source": "eslint",
	"startLineNumber": 234,
	"startColumn": 31,
	"endLineNumber": 234,
	"endColumn": 31
},{
	"resource": "/c:/Users/basil/Desktop/material-kai-vision-platform/src/services/BoundaryDetectionService.ts",
	"owner": "eslint",
	"code": "quotes",
	"severity": 4,
	"message": "Strings must use singlequote",
	"source": "eslint",
	"startLineNumber": 235,
	"startColumn": 6,
	"endLineNumber": 235,
	"endColumn": 6
},{
	"resource": "/c:/Users/basil/Desktop/material-kai-vision-platform/src/services/BoundaryDetectionService.ts",
	"owner": "eslint",
	"code": "quotes",
	"severity": 4,
	"message": "Strings must use singlequote",
	"source": "eslint",
	"startLineNumber": 235,
	"startColumn": 19,
	"endLineNumber": 235,
	"endColumn": 19
},{
	"resource": "/c:/Users/basil/Desktop/material-kai-vision-platform/src/services/BoundaryDetectionService.ts",
	"owner": "eslint",
	"code": "quotes",
	"severity": 4,
	"message": "Strings must use singlequote",
	"source": "eslint",
	"startLineNumber": 235,
	"startColumn": 33,
	"endLineNumber": 235,
	"endColumn": 33
},{
	"resource": "/c:/Users/basil/Desktop/material-kai-vision-platform/src/services/BoundaryDetectionService.ts",
	"owner": "eslint",
	"code": "quotes",
	"severity": 4,
	"message": "Strings must use singlequote",
	"source": "eslint",
	"startLineNumber": 235,
	"startColumn": 45,
	"endLineNumber": 235,
	"endColumn": 45
},{
	"resource": "/c:/Users/basil/Desktop/material-kai-vision-platform/src/services/BoundaryDetectionService.ts",
	"owner": "eslint",
	"code": "quotes",
	"severity": 4,
	"message": "Strings must use singlequote",
	"source": "eslint",
	"startLineNumber": 235,
	"startColumn": 58,
	"endLineNumber": 235,
	"endColumn": 58
},{
	"resource": "/c:/Users/basil/Desktop/material-kai-vision-platform/src/services/BoundaryDetectionService.ts",
	"owner": "eslint",
	"code": "quotes",
	"severity": 4,
	"message": "Strings must use singlequote",
	"source": "eslint",
	"startLineNumber": 236,
	"startColumn": 37,
	"endLineNumber": 236,
	"endColumn": 37
},{
	"resource": "/c:/Users/basil/Desktop/material-kai-vision-platform/src/services/BoundaryDetectionService.ts",
	"owner": "eslint",
	"code": "quotes",
	"severity": 4,
	"message": "Strings must use singlequote",
	"source": "eslint",
	"startLineNumber": 237,
	"startColumn": 44,
	"endLineNumber": 237,
	"endColumn": 44
},{
	"resource": "/c:/Users/basil/Desktop/material-kai-vision-platform/src/services/BoundaryDetectionService.ts",
	"owner": "eslint",
	"code": "quotes",
	"severity": 4,
	"message": "Strings must use singlequote",
	"source": "eslint",
	"startLineNumber": 238,
	"startColumn": 37,
	"endLineNumber": 238,
	"endColumn": 37
},{
	"resource": "/c:/Users/basil/Desktop/material-kai-vision-platform/src/services/BoundaryDetectionService.ts",
	"owner": "eslint",
	"code": "quotes",
	"severity": 4,
	"message": "Strings must use singlequote",
	"source": "eslint",
	"startLineNumber": 239,
	"startColumn": 47,
	"endLineNumber": 239,
	"endColumn": 47
},{
	"resource": "/c:/Users/basil/Desktop/material-kai-vision-platform/src/services/BoundaryDetectionService.ts",
	"owner": "eslint",
	"code": "quotes",
	"severity": 4,
	"message": "Strings must use singlequote",
	"source": "eslint",
	"startLineNumber": 240,
	"startColumn": 42,
	"endLineNumber": 240,
	"endColumn": 42
},{
	"resource": "/c:/Users/basil/Desktop/material-kai-vision-platform/src/services/BoundaryDetectionService.ts",
	"owner": "eslint",
	"code": "quotes",
	"severity": 4,
	"message": "Strings must use singlequote",
	"source": "eslint",
	"startLineNumber": 241,
	"startColumn": 12,
	"endLineNumber": 241,
	"endColumn": 12
},{
	"resource": "/c:/Users/basil/Desktop/material-kai-vision-platform/src/services/BoundaryDetectionService.ts",
	"owner": "eslint",
	"code": "comma-dangle",
	"severity": 4,
	"message": "Missing trailing comma",
	"source": "eslint",
	"startLineNumber": 250,
	"startColumn": 31,
	"endLineNumber": 250,
	"endColumn": 31
},{
	"resource": "/c:/Users/basil/Desktop/material-kai-vision-platform/src/services/BoundaryDetectionService.ts",
	"owner": "eslint",
	"code": "comma-dangle",
	"severity": 4,
	"message": "Missing trailing comma",
	"source": "eslint",
	"startLineNumber": 262,
	"startColumn": 31,
	"endLineNumber": 262,
	"endColumn": 31
},{
	"resource": "/c:/Users/basil/Desktop/material-kai-vision-platform/src/services/BoundaryDetectionService.ts",
	"owner": "eslint",
	"code": "quotes",
	"severity": 4,
	"message": "Strings must use singlequote",
	"source": "eslint",
	"startLineNumber": 267,
	"startColumn": 18,
	"endLineNumber": 267,
	"endColumn": 18
},{
	"resource": "/c:/Users/basil/Desktop/material-kai-vision-platform/src/services/BoundaryDetectionService.ts",
	"owner": "eslint",
	"code": "quotes",
	"severity": 4,
	"message": "Strings must use singlequote",
	"source": "eslint",
	"startLineNumber": 269,
	"startColumn": 18,
	"endLineNumber": 269,
	"endColumn": 18
},{
	"resource": "/c:/Users/basil/Desktop/material-kai-vision-platform/src/services/BoundaryDetectionService.ts",
	"owner": "eslint",
	"code": "quotes",
	"severity": 4,
	"message": "Strings must use singlequote",
	"source": "eslint",
	"startLineNumber": 271,
	"startColumn": 18,
	"endLineNumber": 271,
	"endColumn": 18
},{
	"resource": "/c:/Users/basil/Desktop/material-kai-vision-platform/src/services/BoundaryDetectionService.ts",
	"owner": "eslint",
	"code": "quotes",
	"severity": 4,
	"message": "Strings must use singlequote",
	"source": "eslint",
	"startLineNumber": 275,
	"startColumn": 18,
	"endLineNumber": 275,
	"endColumn": 18
},{
	"resource": "/c:/Users/basil/Desktop/material-kai-vision-platform/src/services/BoundaryDetectionService.ts",
	"owner": "eslint",
	"code": "quotes",
	"severity": 4,
	"message": "Strings must use singlequote",
	"source": "eslint",
	"startLineNumber": 277,
	"startColumn": 18,
	"endLineNumber": 277,
	"endColumn": 18
},{
	"resource": "/c:/Users/basil/Desktop/material-kai-vision-platform/src/services/BoundaryDetectionService.ts",
	"owner": "eslint",
	"code": "quotes",
	"severity": 4,
	"message": "Strings must use singlequote",
	"source": "eslint",
	"startLineNumber": 280,
	"startColumn": 23,
	"endLineNumber": 280,
	"endColumn": 23
},{
	"resource": "/c:/Users/basil/Desktop/material-kai-vision-platform/src/services/BoundaryDetectionService.ts",
	"owner": "eslint",
	"code": "comma-dangle",
	"severity": 4,
	"message": "Missing trailing comma",
	"source": "eslint",
	"startLineNumber": 308,
	"startColumn": 25,
	"endLineNumber": 308,
	"endColumn": 25
},{
	"resource": "/c:/Users/basil/Desktop/material-kai-vision-platform/src/services/BoundaryDetectionService.ts",
	"owner": "eslint",
	"code": "comma-dangle",
	"severity": 4,
	"message": "Missing trailing comma",
	"source": "eslint",
	"startLineNumber": 327,
	"startColumn": 48,
	"endLineNumber": 327,
	"endColumn": 48
},{
	"resource": "/c:/Users/basil/Desktop/material-kai-vision-platform/src/services/BoundaryDetectionService.ts",
	"owner": "eslint",
	"code": "@typescript-eslint/no-non-null-assertion",
	"severity": 4,
	"message": "Forbidden non-null assertion",
	"source": "eslint",
	"startLineNumber": 359,
	"startColumn": 7,
	"endLineNumber": 359,
	"endColumn": 7
},{
	"resource": "/c:/Users/basil/Desktop/material-kai-vision-platform/src/services/BoundaryDetectionService.ts",
	"owner": "eslint",
	"code": "comma-dangle",
	"severity": 4,
	"message": "Missing trailing comma",
	"source": "eslint",
	"startLineNumber": 368,
	"startColumn": 22,
	"endLineNumber": 368,
	"endColumn": 22
},{
	"resource": "/c:/Users/basil/Desktop/material-kai-vision-platform/src/services/BoundaryDetectionService.ts",
	"owner": "eslint",
	"code": "comma-dangle",
	"severity": 4,
	"message": "Missing trailing comma",
	"source": "eslint",
	"startLineNumber": 391,
	"startColumn": 23,
	"endLineNumber": 391,
	"endColumn": 23
},{
	"resource": "/c:/Users/basil/Desktop/material-kai-vision-platform/src/services/BoundaryDetectionService.ts",
	"owner": "eslint",
	"code": "comma-dangle",
	"severity": 4,
	"message": "Missing trailing comma",
	"source": "eslint",
	"startLineNumber": 396,
	"startColumn": 42,
	"endLineNumber": 396,
	"endColumn": 42
},{
	"resource": "/c:/Users/basil/Desktop/material-kai-vision-platform/src/services/BoundaryDetectionService.ts",
	"owner": "eslint",
	"code": "quotes",
	"severity": 4,
	"message": "Strings must use singlequote",
	"source": "eslint",
	"startLineNumber": 418,
	"startColumn": 23,
	"endLineNumber": 418,
	"endColumn": 23
},{
	"resource": "/c:/Users/basil/Desktop/material-kai-vision-platform/src/services/cache/cacheManager.ts",
	"owner": "eslint",
	"code": "no-trailing-spaces",
	"severity": 4,
	"message": "Trailing spaces not allowed",
	"source": "eslint",
	"startLineNumber": 3,
	"startColumn": 3,
	"endLineNumber": 3,
	"endColumn": 3
},{
	"resource": "/c:/Users/basil/Desktop/material-kai-vision-platform/src/services/cache/cacheManager.ts",
	"owner": "eslint",
	"code": "no-console",
	"severity": 4,
	"message": "Unexpected console statement",
	"source": "eslint",
	"startLineNumber": 42,
	"startColumn": 7,
	"endLineNumber": 42,
	"endColumn": 7
},{
	"resource": "/c:/Users/basil/Desktop/material-kai-vision-platform/src/services/cache/cacheManager.ts",
	"owner": "eslint",
	"code": "no-console",
	"severity": 4,
	"message": "Unexpected console statement",
	"source": "eslint",
	"startLineNumber": 46,
	"startColumn": 5,
	"endLineNumber": 46,
	"endColumn": 5
},{
	"resource": "/c:/Users/basil/Desktop/material-kai-vision-platform/src/services/cache/cacheManager.ts",
	"owner": "eslint",
	"code": "no-console",
	"severity": 4,
	"message": "Unexpected console statement",
	"source": "eslint",
	"startLineNumber": 57,
	"startColumn": 5,
	"endLineNumber": 57,
	"endColumn": 5
},{
	"resource": "/c:/Users/basil/Desktop/material-kai-vision-platform/src/services/cache/cacheManager.ts",
	"owner": "eslint",
	"code": "no-console",
	"severity": 4,
	"message": "Unexpected console statement",
	"source": "eslint",
	"startLineNumber": 66,
	"startColumn": 5,
	"endLineNumber": 66,
	"endColumn": 5
},{
	"resource": "/c:/Users/basil/Desktop/material-kai-vision-platform/src/services/cache/cacheManager.ts",
	"owner": "eslint",
	"code": "no-console",
	"severity": 4,
	"message": "Unexpected console statement",
	"source": "eslint",
	"startLineNumber": 79,
	"startColumn": 5,
	"endLineNumber": 79,
	"endColumn": 5
},{
	"resource": "/c:/Users/basil/Desktop/material-kai-vision-platform/src/services/cache/cacheManager.ts",
	"owner": "eslint",
	"code": "no-console",
	"severity": 4,
	"message": "Unexpected console statement",
	"source": "eslint",
	"startLineNumber": 93,
	"startColumn": 5,
	"endLineNumber": 93,
	"endColumn": 5
},{
	"resource": "/c:/Users/basil/Desktop/material-kai-vision-platform/src/services/cache/cacheManager.ts",
	"owner": "eslint",
	"code": "no-trailing-spaces",
	"severity": 4,
	"message": "Trailing spaces not allowed",
	"source": "eslint",
	"startLineNumber": 94,
	"startColumn": 1,
	"endLineNumber": 94,
	"endColumn": 1
},{
	"resource": "/c:/Users/basil/Desktop/material-kai-vision-platform/src/services/cache/cacheManager.ts",
	"owner": "eslint",
	"code": "no-console",
	"severity": 4,
	"message": "Unexpected console statement",
	"source": "eslint",
	"startLineNumber": 99,
	"startColumn": 5,
	"endLineNumber": 99,
	"endColumn": 5
},{
	"resource": "/c:/Users/basil/Desktop/material-kai-vision-platform/src/services/cache/cacheManager.ts",
	"owner": "eslint",
	"code": "@typescript-eslint/no-explicit-any",
	"severity": 4,
	"message": "Unexpected any. Specify a different type",
	"source": "eslint",
	"startLineNumber": 106,
	"startColumn": 27,
	"endLineNumber": 106,
	"endColumn": 27
},{
	"resource": "/c:/Users/basil/Desktop/material-kai-vision-platform/src/services/cache/cacheManager.ts",
	"owner": "eslint",
	"code": "@typescript-eslint/no-explicit-any",
	"severity": 4,
	"message": "Unexpected any. Specify a different type",
	"source": "eslint",
	"startLineNumber": 112,
	"startColumn": 77,
	"endLineNumber": 112,
	"endColumn": 77
},{
	"resource": "/c:/Users/basil/Desktop/material-kai-vision-platform/src/services/cache/cacheManager.ts",
	"owner": "eslint",
	"code": "no-console",
	"severity": 4,
	"message": "Unexpected console statement",
	"source": "eslint",
	"startLineNumber": 114,
	"startColumn": 7,
	"endLineNumber": 114,
	"endColumn": 7
},{
	"resource": "/c:/Users/basil/Desktop/material-kai-vision-platform/src/services/cache/cacheManager.ts",
	"owner": "eslint",
	"code": "no-trailing-spaces",
	"severity": 4,
	"message": "Trailing spaces not allowed",
	"source": "eslint",
	"startLineNumber": 139,
	"startColumn": 1,
	"endLineNumber": 139,
	"endColumn": 1
},{
	"resource": "/c:/Users/basil/Desktop/material-kai-vision-platform/src/services/cache/cacheManager.ts",
	"owner": "eslint",
	"code": "no-trailing-spaces",
	"severity": 4,
	"message": "Trailing spaces not allowed",
	"source": "eslint",
	"startLineNumber": 141,
	"startColumn": 42,
	"endLineNumber": 141,
	"endColumn": 42
},{
	"resource": "/c:/Users/basil/Desktop/material-kai-vision-platform/src/services/cache/cacheManager.ts",
	"owner": "eslint",
	"code": "comma-dangle",
	"severity": 4,
	"message": "Missing trailing comma",
	"source": "eslint",
	"startLineNumber": 142,
	"startColumn": 8,
	"endLineNumber": 142,
	"endColumn": 8
},{
	"resource": "/c:/Users/basil/Desktop/material-kai-vision-platform/src/services/cache/cacheManager.ts",
	"owner": "eslint",
	"code": "no-trailing-spaces",
	"severity": 4,
	"message": "Trailing spaces not allowed",
	"source": "eslint",
	"startLineNumber": 146,
	"startColumn": 49,
	"endLineNumber": 146,
	"endColumn": 49
},{
	"resource": "/c:/Users/basil/Desktop/material-kai-vision-platform/src/services/cache/cacheManager.ts",
	"owner": "eslint",
	"code": "comma-dangle",
	"severity": 4,
	"message": "Missing trailing comma",
	"source": "eslint",
	"startLineNumber": 147,
	"startColumn": 8,
	"endLineNumber": 147,
	"endColumn": 8
},{
	"resource": "/c:/Users/basil/Desktop/material-kai-vision-platform/src/services/cache/cacheManager.ts",
	"owner": "eslint",
	"code": "no-trailing-spaces",
	"severity": 4,
	"message": "Trailing spaces not allowed",
	"source": "eslint",
	"startLineNumber": 151,
	"startColumn": 51,
	"endLineNumber": 151,
	"endColumn": 51
},{
	"resource": "/c:/Users/basil/Desktop/material-kai-vision-platform/src/services/cache/cacheManager.ts",
	"owner": "eslint",
	"code": "comma-dangle",
	"severity": 4,
	"message": "Missing trailing comma",
	"source": "eslint",
	"startLineNumber": 152,
	"startColumn": 8,
	"endLineNumber": 152,
	"endColumn": 8
},{
	"resource": "/c:/Users/basil/Desktop/material-kai-vision-platform/src/services/cache/cacheManager.ts",
	"owner": "eslint",
	"code": "no-trailing-spaces",
	"severity": 4,
	"message": "Trailing spaces not allowed",
	"source": "eslint",
	"startLineNumber": 158,
	"startColumn": 72,
	"endLineNumber": 158,
	"endColumn": 72
},{
	"resource": "/c:/Users/basil/Desktop/material-kai-vision-platform/src/services/cache/cacheManager.ts",
	"owner": "eslint",
	"code": "comma-dangle",
	"severity": 4,
	"message": "Missing trailing comma",
	"source": "eslint",
	"startLineNumber": 159,
	"startColumn": 10,
	"endLineNumber": 159,
	"endColumn": 10
},{
	"resource": "/c:/Users/basil/Desktop/material-kai-vision-platform/src/services/cache/cacheManager.ts",
	"owner": "eslint",
	"code": "@typescript-eslint/no-explicit-any",
	"severity": 4,
	"message": "Unexpected any. Specify a different type",
	"source": "eslint",
	"startLineNumber": 171,
	"startColumn": 27,
	"endLineNumber": 171,
	"endColumn": 27
},{
	"resource": "/c:/Users/basil/Desktop/material-kai-vision-platform/src/services/cache/cacheManager.ts",
	"owner": "eslint",
	"code": "@typescript-eslint/no-explicit-any",
	"severity": 4,
	"message": "Unexpected any. Specify a different type",
	"source": "eslint",
	"startLineNumber": 177,
	"startColumn": 81,
	"endLineNumber": 177,
	"endColumn": 81
},{
	"resource": "/c:/Users/basil/Desktop/material-kai-vision-platform/src/services/cache/cacheManager.ts",
	"owner": "eslint",
	"code": "no-console",
	"severity": 4,
	"message": "Unexpected console statement",
	"source": "eslint",
	"startLineNumber": 179,
	"startColumn": 7,
	"endLineNumber": 179,
	"endColumn": 7
},{
	"resource": "/c:/Users/basil/Desktop/material-kai-vision-platform/src/services/cache/cacheManager.ts",
	"owner": "eslint",
	"code": "no-trailing-spaces",
	"severity": 4,
	"message": "Trailing spaces not allowed",
	"source": "eslint",
	"startLineNumber": 208,
	"startColumn": 1,
	"endLineNumber": 208,
	"endColumn": 1
},{
	"resource": "/c:/Users/basil/Desktop/material-kai-vision-platform/src/services/cache/cacheManager.ts",
	"owner": "eslint",
	"code": "no-console",
	"severity": 4,
	"message": "Unexpected console statement",
	"source": "eslint",
	"startLineNumber": 225,
	"startColumn": 5,
	"endLineNumber": 225,
	"endColumn": 5
},{
	"resource": "/c:/Users/basil/Desktop/material-kai-vision-platform/src/services/cache/cacheManager.ts",
	"owner": "eslint",
	"code": "no-trailing-spaces",
	"severity": 4,
	"message": "Trailing spaces not allowed",
	"source": "eslint",
	"startLineNumber": 230,
	"startColumn": 1,
	"endLineNumber": 230,
	"endColumn": 1
},{
	"resource": "/c:/Users/basil/Desktop/material-kai-vision-platform/src/services/cache/cacheManager.ts",
	"owner": "eslint",
	"code": "no-console",
	"severity": 4,
	"message": "Unexpected console statement",
	"source": "eslint",
	"startLineNumber": 232,
	"startColumn": 9,
	"endLineNumber": 232,
	"endColumn": 9
},{
	"resource": "/c:/Users/basil/Desktop/material-kai-vision-platform/src/services/cache/cacheManager.ts",
	"owner": "eslint",
	"code": "no-trailing-spaces",
	"severity": 4,
	"message": "Trailing spaces not allowed",
	"source": "eslint",
	"startLineNumber": 234,
	"startColumn": 1,
	"endLineNumber": 234,
	"endColumn": 1
},{
	"resource": "/c:/Users/basil/Desktop/material-kai-vision-platform/src/services/cache/cacheManager.ts",
	"owner": "eslint",
	"code": "no-console",
	"severity": 4,
	"message": "Unexpected console statement",
	"source": "eslint",
	"startLineNumber": 236,
	"startColumn": 9,
	"endLineNumber": 236,
	"endColumn": 9
},{
	"resource": "/c:/Users/basil/Desktop/material-kai-vision-platform/src/services/cache/cacheManager.ts",
	"owner": "eslint",
	"code": "no-console",
	"severity": 4,
	"message": "Unexpected console statement",
	"source": "eslint",
	"startLineNumber": 240,
	"startColumn": 5,
	"endLineNumber": 240,
	"endColumn": 5
},{
	"resource": "/c:/Users/basil/Desktop/material-kai-vision-platform/src/services/cache/cacheManager.ts",
	"owner": "eslint",
	"code": "no-console",
	"severity": 4,
	"message": "Unexpected console statement",
	"source": "eslint",
	"startLineNumber": 251,
	"startColumn": 5,
	"endLineNumber": 251,
	"endColumn": 5
},{
	"resource": "/c:/Users/basil/Desktop/material-kai-vision-platform/src/services/cache/cacheManager.ts",
	"owner": "eslint",
	"code": "no-trailing-spaces",
	"severity": 4,
	"message": "Trailing spaces not allowed",
	"source": "eslint",
	"startLineNumber": 260,
	"startColumn": 1,
	"endLineNumber": 260,
	"endColumn": 1
},{
	"resource": "/c:/Users/basil/Desktop/material-kai-vision-platform/src/services/cache/cacheManager.ts",
	"owner": "eslint",
	"code": "no-console",
	"severity": 4,
	"message": "Unexpected console statement",
	"source": "eslint",
	"startLineNumber": 263,
	"startColumn": 9,
	"endLineNumber": 263,
	"endColumn": 9
},{
	"resource": "/c:/Users/basil/Desktop/material-kai-vision-platform/src/services/cache/cacheManager.ts",
	"owner": "eslint",
	"code": "no-console",
	"severity": 4,
	"message": "Unexpected console statement",
	"source": "eslint",
	"startLineNumber": 272,
	"startColumn": 5,
	"endLineNumber": 272,
	"endColumn": 5
},{
	"resource": "/c:/Users/basil/Desktop/material-kai-vision-platform/src/services/cache/cacheManager.ts",
	"owner": "eslint",
	"code": "no-trailing-spaces",
	"severity": 4,
	"message": "Trailing spaces not allowed",
	"source": "eslint",
	"startLineNumber": 297,
	"startColumn": 1,
	"endLineNumber": 297,
	"endColumn": 1
},{
	"resource": "/c:/Users/basil/Desktop/material-kai-vision-platform/src/services/cache/cacheManager.ts",
	"owner": "eslint",
	"code": "no-trailing-spaces",
	"severity": 4,
	"message": "Trailing spaces not allowed",
	"source": "eslint",
	"startLineNumber": 305,
	"startColumn": 1,
	"endLineNumber": 305,
	"endColumn": 1
},{
	"resource": "/c:/Users/basil/Desktop/material-kai-vision-platform/src/services/cache/cacheManager.ts",
	"owner": "eslint",
	"code": "no-trailing-spaces",
	"severity": 4,
	"message": "Trailing spaces not allowed",
	"source": "eslint",
	"startLineNumber": 310,
	"startColumn": 1,
	"endLineNumber": 310,
	"endColumn": 1
},{
	"resource": "/c:/Users/basil/Desktop/material-kai-vision-platform/src/services/cache/cacheService.ts",
	"owner": "eslint",
	"code": "no-trailing-spaces",
	"severity": 4,
	"message": "Trailing spaces not allowed",
	"source": "eslint",
	"startLineNumber": 3,
	"startColumn": 3,
	"endLineNumber": 3,
	"endColumn": 3
},{
	"resource": "/c:/Users/basil/Desktop/material-kai-vision-platform/src/services/cache/cacheService.ts",
	"owner": "eslint",
	"code": "no-trailing-spaces",
	"severity": 4,
	"message": "Trailing spaces not allowed",
	"source": "eslint",
	"startLineNumber": 120,
	"startColumn": 1,
	"endLineNumber": 120,
	"endColumn": 1
},{
	"resource": "/c:/Users/basil/Desktop/material-kai-vision-platform/src/services/cache/cacheService.ts",
	"owner": "eslint",
	"code": "no-trailing-spaces",
	"severity": 4,
	"message": "Trailing spaces not allowed",
	"source": "eslint",
	"startLineNumber": 126,
	"startColumn": 1,
	"endLineNumber": 126,
	"endColumn": 1
},{
	"resource": "/c:/Users/basil/Desktop/material-kai-vision-platform/src/services/cache/cacheService.ts",
	"owner": "eslint",
	"code": "comma-dangle",
	"severity": 4,
	"message": "Missing trailing comma",
	"source": "eslint",
	"startLineNumber": 181,
	"startColumn": 17,
	"endLineNumber": 181,
	"endColumn": 17
},{
	"resource": "/c:/Users/basil/Desktop/material-kai-vision-platform/src/services/cache/cacheService.ts",
	"owner": "eslint",
	"code": "no-trailing-spaces",
	"severity": 4,
	"message": "Trailing spaces not allowed",
	"source": "eslint",
	"startLineNumber": 286,
	"startColumn": 58,
	"endLineNumber": 286,
	"endColumn": 58
},{
	"resource": "/c:/Users/basil/Desktop/material-kai-vision-platform/src/services/cache/cacheService.ts",
	"owner": "eslint",
	"code": "no-trailing-spaces",
	"severity": 4,
	"message": "Trailing spaces not allowed",
	"source": "eslint",
	"startLineNumber": 287,
	"startColumn": 55,
	"endLineNumber": 287,
	"endColumn": 55
},{
	"resource": "/c:/Users/basil/Desktop/material-kai-vision-platform/src/services/categoryExtractionService.ts",
	"owner": "eslint",
	"code": "no-trailing-spaces",
	"severity": 4,
	"message": "Trailing spaces not allowed",
	"source": "eslint",
	"startLineNumber": 3,
	"startColumn": 3,
	"endLineNumber": 3,
	"endColumn": 3
},{
	"resource": "/c:/Users/basil/Desktop/material-kai-vision-platform/src/services/categoryExtractionService.ts",
	"owner": "eslint",
	"code": "import/order",
	"severity": 4,
	"message": "There should be at least one empty line between import groups",
	"source": "eslint",
	"startLineNumber": 8,
	"startColumn": 1,
	"endLineNumber": 8,
	"endColumn": 1
},{
	"resource": "/c:/Users/basil/Desktop/material-kai-vision-platform/src/services/categoryExtractionService.ts",
	"owner": "eslint",
	"code": "no-trailing-spaces",
	"severity": 4,
	"message": "Trailing spaces not allowed",
	"source": "eslint",
	"startLineNumber": 31,
	"startColumn": 1,
	"endLineNumber": 31,
	"endColumn": 1
},{
	"resource": "/c:/Users/basil/Desktop/material-kai-vision-platform/src/services/categoryExtractionService.ts",
	"owner": "eslint",
	"code": "comma-dangle",
	"severity": 4,
	"message": "Missing trailing comma",
	"source": "eslint",
	"startLineNumber": 36,
	"startColumn": 90,
	"endLineNumber": 36,
	"endColumn": 90
},{
	"resource": "/c:/Users/basil/Desktop/material-kai-vision-platform/src/services/categoryExtractionService.ts",
	"owner": "eslint",
	"code": "comma-dangle",
	"severity": 4,
	"message": "Missing trailing comma",
	"source": "eslint",
	"startLineNumber": 47,
	"startColumn": 91,
	"endLineNumber": 47,
	"endColumn": 91
},{
	"resource": "/c:/Users/basil/Desktop/material-kai-vision-platform/src/services/categoryExtractionService.ts",
	"owner": "eslint",
	"code": "comma-dangle",
	"severity": 4,
	"message": "Missing trailing comma",
	"source": "eslint",
	"startLineNumber": 65,
	"startColumn": 44,
	"endLineNumber": 65,
	"endColumn": 44
},{
	"resource": "/c:/Users/basil/Desktop/material-kai-vision-platform/src/services/categoryExtractionService.ts",
	"owner": "eslint",
	"code": "comma-dangle",
	"severity": 4,
	"message": "Missing trailing comma",
	"source": "eslint",
	"startLineNumber": 73,
	"startColumn": 55,
	"endLineNumber": 73,
	"endColumn": 55
},{
	"resource": "/c:/Users/basil/Desktop/material-kai-vision-platform/src/services/categoryExtractionService.ts",
	"owner": "eslint",
	"code": "comma-dangle",
	"severity": 4,
	"message": "Missing trailing comma",
	"source": "eslint",
	"startLineNumber": 89,
	"startColumn": 36,
	"endLineNumber": 89,
	"endColumn": 36
},{
	"resource": "/c:/Users/basil/Desktop/material-kai-vision-platform/src/services/categoryExtractionService.ts",
	"owner": "eslint",
	"code": "no-trailing-spaces",
	"severity": 4,
	"message": "Trailing spaces not allowed",
	"source": "eslint",
	"startLineNumber": 102,
	"startColumn": 1,
	"endLineNumber": 102,
	"endColumn": 1
},{
	"resource": "/c:/Users/basil/Desktop/material-kai-vision-platform/src/services/categoryExtractionService.ts",
	"owner": "eslint",
	"code": "comma-dangle",
	"severity": 4,
	"message": "Missing trailing comma",
	"source": "eslint",
	"startLineNumber": 117,
	"startColumn": 46,
	"endLineNumber": 117,
	"endColumn": 46
},{
	"resource": "/c:/Users/basil/Desktop/material-kai-vision-platform/src/services/categoryExtractionService.ts",
	"owner": "eslint",
	"code": "comma-dangle",
	"severity": 4,
	"message": "Missing trailing comma",
	"source": "eslint",
	"startLineNumber": 118,
	"startColumn": 10,
	"endLineNumber": 118,
	"endColumn": 10
},{
	"resource": "/c:/Users/basil/Desktop/material-kai-vision-platform/src/services/categoryExtractionService.ts",
	"owner": "eslint",
	"code": "no-console",
	"severity": 4,
	"message": "Unexpected console statement",
	"source": "eslint",
	"startLineNumber": 121,
	"startColumn": 7,
	"endLineNumber": 121,
	"endColumn": 7
},{
	"resource": "/c:/Users/basil/Desktop/material-kai-vision-platform/src/services/categoryExtractionService.ts",
	"owner": "eslint",
	"code": "comma-dangle",
	"severity": 4,
	"message": "Missing trailing comma",
	"source": "eslint",
	"startLineNumber": 128,
	"startColumn": 46,
	"endLineNumber": 128,
	"endColumn": 46
},{
	"resource": "/c:/Users/basil/Desktop/material-kai-vision-platform/src/services/categoryExtractionService.ts",
	"owner": "eslint",
	"code": "comma-dangle",
	"severity": 4,
	"message": "Missing trailing comma",
	"source": "eslint",
	"startLineNumber": 129,
	"startColumn": 10,
	"endLineNumber": 129,
	"endColumn": 10
},{
	"resource": "/c:/Users/basil/Desktop/material-kai-vision-platform/src/services/categoryExtractionService.ts",
	"owner": "eslint",
	"code": "comma-dangle",
	"severity": 4,
	"message": "Missing trailing comma",
	"source": "eslint",
	"startLineNumber": 150,
	"startColumn": 37,
	"endLineNumber": 150,
	"endColumn": 37
},{
	"resource": "/c:/Users/basil/Desktop/material-kai-vision-platform/src/services/categoryExtractionService.ts",
	"owner": "eslint",
	"code": "comma-dangle",
	"severity": 4,
	"message": "Missing trailing comma",
	"source": "eslint",
	"startLineNumber": 151,
	"startColumn": 12,
	"endLineNumber": 151,
	"endColumn": 12
},{
	"resource": "/c:/Users/basil/Desktop/material-kai-vision-platform/src/services/categoryExtractionService.ts",
	"owner": "eslint",
	"code": "comma-dangle",
	"severity": 4,
	"message": "Missing trailing comma",
	"source": "eslint",
	"startLineNumber": 152,
	"startColumn": 11,
	"endLineNumber": 152,
	"endColumn": 11
},{
	"resource": "/c:/Users/basil/Desktop/material-kai-vision-platform/src/services/categoryExtractionService.ts",
	"owner": "eslint",
	"code": "@typescript-eslint/no-explicit-any",
	"severity": 4,
	"message": "Unexpected any. Specify a different type",
	"source": "eslint",
	"startLineNumber": 160,
	"startColumn": 50,
	"endLineNumber": 160,
	"endColumn": 50
},{
	"resource": "/c:/Users/basil/Desktop/material-kai-vision-platform/src/services/categoryExtractionService.ts",
	"owner": "eslint",
	"code": "comma-dangle",
	"severity": 4,
	"message": "Missing trailing comma",
	"source": "eslint",
	"startLineNumber": 164,
	"startColumn": 35,
	"endLineNumber": 164,
	"endColumn": 35
},{
	"resource": "/c:/Users/basil/Desktop/material-kai-vision-platform/src/services/categoryExtractionService.ts",
	"owner": "eslint",
	"code": "no-console",
	"severity": 4,
	"message": "Unexpected console statement",
	"source": "eslint",
	"startLineNumber": 167,
	"startColumn": 7,
	"endLineNumber": 167,
	"endColumn": 7
},{
	"resource": "/c:/Users/basil/Desktop/material-kai-vision-platform/src/services/categoryExtractionService.ts",
	"owner": "eslint",
	"code": "comma-dangle",
	"severity": 4,
	"message": "Missing trailing comma",
	"source": "eslint",
	"startLineNumber": 177,
	"startColumn": 87,
	"endLineNumber": 177,
	"endColumn": 87
},{
	"resource": "/c:/Users/basil/Desktop/material-kai-vision-platform/src/services/categoryExtractionService.ts",
	"owner": "eslint",
	"code": "comma-dangle",
	"severity": 4,
	"message": "Missing trailing comma",
	"source": "eslint",
	"startLineNumber": 192,
	"startColumn": 61,
	"endLineNumber": 192,
	"endColumn": 61
},{
	"resource": "/c:/Users/basil/Desktop/material-kai-vision-platform/src/services/categoryExtractionService.ts",
	"owner": "eslint",
	"code": "comma-dangle",
	"severity": 4,
	"message": "Missing trailing comma",
	"source": "eslint",
	"startLineNumber": 208,
	"startColumn": 61,
	"endLineNumber": 208,
	"endColumn": 61
},{
	"resource": "/c:/Users/basil/Desktop/material-kai-vision-platform/src/services/categoryExtractionService.ts",
	"owner": "eslint",
	"code": "no-trailing-spaces",
	"severity": 4,
	"message": "Trailing spaces not allowed",
	"source": "eslint",
	"startLineNumber": 230,
	"startColumn": 1,
	"endLineNumber": 230,
	"endColumn": 1
},{
	"resource": "/c:/Users/basil/Desktop/material-kai-vision-platform/src/services/categoryExtractionService.ts",
	"owner": "eslint",
	"code": "comma-dangle",
	"severity": 4,
	"message": "Missing trailing comma",
	"source": "eslint",
	"startLineNumber": 245,
	"startColumn": 72,
	"endLineNumber": 245,
	"endColumn": 72
},{
	"resource": "/c:/Users/basil/Desktop/material-kai-vision-platform/src/services/categoryExtractionService.ts",
	"owner": "eslint",
	"code": "no-trailing-spaces",
	"severity": 4,
	"message": "Trailing spaces not allowed",
	"source": "eslint",
	"startLineNumber": 261,
	"startColumn": 1,
	"endLineNumber": 261,
	"endColumn": 1
},{
	"resource": "/c:/Users/basil/Desktop/material-kai-vision-platform/src/services/categoryExtractionService.ts",
	"owner": "eslint",
	"code": "no-trailing-spaces",
	"severity": 4,
	"message": "Trailing spaces not allowed",
	"source": "eslint",
	"startLineNumber": 268,
	"startColumn": 86,
	"endLineNumber": 268,
	"endColumn": 86
},{
	"resource": "/c:/Users/basil/Desktop/material-kai-vision-platform/src/services/categoryExtractionService.ts",
	"owner": "eslint",
	"code": "no-trailing-spaces",
	"severity": 4,
	"message": "Trailing spaces not allowed",
	"source": "eslint",
	"startLineNumber": 269,
	"startColumn": 35,
	"endLineNumber": 269,
	"endColumn": 35
},{
	"resource": "/c:/Users/basil/Desktop/material-kai-vision-platform/src/services/categoryExtractionService.ts",
	"owner": "eslint",
	"code": "comma-dangle",
	"severity": 4,
	"message": "Missing trailing comma",
	"source": "eslint",
	"startLineNumber": 276,
	"startColumn": 33,
	"endLineNumber": 276,
	"endColumn": 33
},{
	"resource": "/c:/Users/basil/Desktop/material-kai-vision-platform/src/services/categoryExtractionService.ts",
	"owner": "eslint",
	"code": "comma-dangle",
	"severity": 4,
	"message": "Missing trailing comma",
	"source": "eslint",
	"startLineNumber": 289,
	"startColumn": 41,
	"endLineNumber": 289,
	"endColumn": 41
},{
	"resource": "/c:/Users/basil/Desktop/material-kai-vision-platform/src/services/categoryExtractionService.ts",
	"owner": "eslint",
	"code": "comma-dangle",
	"severity": 4,
	"message": "Missing trailing comma",
	"source": "eslint",
	"startLineNumber": 299,
	"startColumn": 59,
	"endLineNumber": 299,
	"endColumn": 59
},{
	"resource": "/c:/Users/basil/Desktop/material-kai-vision-platform/src/services/categoryExtractionService.ts",
	"owner": "eslint",
	"code": "comma-dangle",
	"severity": 4,
	"message": "Missing trailing comma",
	"source": "eslint",
	"startLineNumber": 300,
	"startColumn": 12,
	"endLineNumber": 300,
	"endColumn": 12
},{
	"resource": "/c:/Users/basil/Desktop/material-kai-vision-platform/src/services/categoryExtractionService.ts",
	"owner": "eslint",
	"code": "comma-dangle",
	"severity": 4,
	"message": "Missing trailing comma",
	"source": "eslint",
	"startLineNumber": 311,
	"startColumn": 42,
	"endLineNumber": 311,
	"endColumn": 42
},{
	"resource": "/c:/Users/basil/Desktop/material-kai-vision-platform/src/services/categoryExtractionService.ts",
	"owner": "eslint",
	"code": "no-console",
	"severity": 4,
	"message": "Unexpected console statement",
	"source": "eslint",
	"startLineNumber": 316,
	"startColumn": 7,
	"endLineNumber": 316,
	"endColumn": 7
},{
	"resource": "/c:/Users/basil/Desktop/material-kai-vision-platform/src/services/categoryExtractionService.ts",
	"owner": "eslint",
	"code": "comma-dangle",
	"severity": 4,
	"message": "Missing trailing comma",
	"source": "eslint",
	"startLineNumber": 339,
	"startColumn": 25,
	"endLineNumber": 339,
	"endColumn": 25
},{
	"resource": "/c:/Users/basil/Desktop/material-kai-vision-platform/src/services/categoryExtractionService.ts",
	"owner": "eslint",
	"code": "no-console",
	"severity": 4,
	"message": "Unexpected console statement",
	"source": "eslint",
	"startLineNumber": 344,
	"startColumn": 7,
	"endLineNumber": 344,
	"endColumn": 7
},{
	"resource": "/c:/Users/basil/Desktop/material-kai-vision-platform/src/services/categoryExtractionService.ts",
	"owner": "eslint",
	"code": "comma-dangle",
	"severity": 4,
	"message": "Missing trailing comma",
	"source": "eslint",
	"startLineNumber": 357,
	"startColumn": 38,
	"endLineNumber": 357,
	"endColumn": 38
},{
	"resource": "/c:/Users/basil/Desktop/material-kai-vision-platform/src/services/categoryExtractionService.ts",
	"owner": "eslint",
	"code": "comma-dangle",
	"severity": 4,
	"message": "Missing trailing comma",
	"source": "eslint",
	"startLineNumber": 368,
	"startColumn": 39,
	"endLineNumber": 368,
	"endColumn": 39
},{
	"resource": "/c:/Users/basil/Desktop/material-kai-vision-platform/src/services/ChunkAnalysisService.ts",
	"owner": "eslint",
	"code": "import/order",
	"severity": 4,
	"message": "There should be at least one empty line between import groups",
	"source": "eslint",
	"startLineNumber": 1,
	"startColumn": 1,
	"endLineNumber": 1,
	"endColumn": 1
},{
	"resource": "/c:/Users/basil/Desktop/material-kai-vision-platform/src/services/ChunkAnalysisService.ts",
	"owner": "eslint",
	"code": "quotes",
	"severity": 4,
	"message": "Strings must use singlequote",
	"source": "eslint",
	"startLineNumber": 1,
	"startColumn": 26,
	"endLineNumber": 1,
	"endColumn": 26
},{
	"resource": "/c:/Users/basil/Desktop/material-kai-vision-platform/src/services/ChunkAnalysisService.ts",
	"owner": "eslint",
	"code": "import/order",
	"severity": 4,
	"message": "There should be at least one empty line between import groups",
	"source": "eslint",
	"startLineNumber": 2,
	"startColumn": 1,
	"endLineNumber": 2,
	"endColumn": 1
},{
	"resource": "/c:/Users/basil/Desktop/material-kai-vision-platform/src/services/ChunkAnalysisService.ts",
	"owner": "eslint",
	"code": "quotes",
	"severity": 4,
	"message": "Strings must use singlequote",
	"source": "eslint",
	"startLineNumber": 2,
	"startColumn": 29,
	"endLineNumber": 2,
	"endColumn": 29
},{
	"resource": "/c:/Users/basil/Desktop/material-kai-vision-platform/src/services/ChunkAnalysisService.ts",
	"owner": "eslint",
	"code": "import/order",
	"severity": 4,
	"message": "`@/types/chunk-analysis` import should occur before import of `./base/BaseService`",
	"source": "eslint",
	"startLineNumber": 3,
	"startColumn": 1,
	"endLineNumber": 3,
	"endColumn": 1
},{
	"resource": "/c:/Users/basil/Desktop/material-kai-vision-platform/src/services/ChunkAnalysisService.ts",
	"owner": "eslint",
	"code": "quotes",
	"severity": 4,
	"message": "Strings must use singlequote",
	"source": "eslint",
	"startLineNumber": 13,
	"startColumn": 8,
	"endLineNumber": 13,
	"endColumn": 8
},{
	"resource": "/c:/Users/basil/Desktop/material-kai-vision-platform/src/services/ChunkAnalysisService.ts",
	"owner": "eslint",
	"code": "quotes",
	"severity": 4,
	"message": "Strings must use singlequote",
	"source": "eslint",
	"startLineNumber": 25,
	"startColumn": 13,
	"endLineNumber": 25,
	"endColumn": 13
},{
	"resource": "/c:/Users/basil/Desktop/material-kai-vision-platform/src/services/ChunkAnalysisService.ts",
	"owner": "eslint",
	"code": "quotes",
	"severity": 4,
	"message": "Strings must use singlequote",
	"source": "eslint",
	"startLineNumber": 26,
	"startColumn": 16,
	"endLineNumber": 26,
	"endColumn": 16
},{
	"resource": "/c:/Users/basil/Desktop/material-kai-vision-platform/src/services/ChunkAnalysisService.ts",
	"owner": "eslint",
	"code": "quotes",
	"severity": 4,
	"message": "Strings must use singlequote",
	"source": "eslint",
	"startLineNumber": 27,
	"startColumn": 20,
	"endLineNumber": 27,
	"endColumn": 20
},{
	"resource": "/c:/Users/basil/Desktop/material-kai-vision-platform/src/services/ChunkAnalysisService.ts",
	"owner": "eslint",
	"code": "comma-dangle",
	"severity": 4,
	"message": "Missing trailing comma",
	"source": "eslint",
	"startLineNumber": 36,
	"startColumn": 36,
	"endLineNumber": 36,
	"endColumn": 36
},{
	"resource": "/c:/Users/basil/Desktop/material-kai-vision-platform/src/services/ChunkAnalysisService.ts",
	"owner": "eslint",
	"code": "quotes",
	"severity": 4,
	"message": "Strings must use singlequote",
	"source": "eslint",
	"startLineNumber": 40,
	"startColumn": 15,
	"endLineNumber": 40,
	"endColumn": 15
},{
	"resource": "/c:/Users/basil/Desktop/material-kai-vision-platform/src/services/ChunkAnalysisService.ts",
	"owner": "eslint",
	"code": "quotes",
	"severity": 4,
	"message": "Strings must use singlequote",
	"source": "eslint",
	"startLineNumber": 48,
	"startColumn": 25,
	"endLineNumber": 48,
	"endColumn": 25
},{
	"resource": "/c:/Users/basil/Desktop/material-kai-vision-platform/src/services/ChunkAnalysisService.ts",
	"owner": "eslint",
	"code": "comma-dangle",
	"severity": 4,
	"message": "Missing trailing comma",
	"source": "eslint",
	"startLineNumber": 57,
	"startColumn": 38,
	"endLineNumber": 57,
	"endColumn": 38
},{
	"resource": "/c:/Users/basil/Desktop/material-kai-vision-platform/src/services/ChunkAnalysisService.ts",
	"owner": "eslint",
	"code": "quotes",
	"severity": 4,
	"message": "Strings must use singlequote",
	"source": "eslint",
	"startLineNumber": 61,
	"startColumn": 15,
	"endLineNumber": 61,
	"endColumn": 15
},{
	"resource": "/c:/Users/basil/Desktop/material-kai-vision-platform/src/services/ChunkAnalysisService.ts",
	"owner": "eslint",
	"code": "quotes",
	"severity": 4,
	"message": "Strings must use singlequote",
	"source": "eslint",
	"startLineNumber": 68,
	"startColumn": 25,
	"endLineNumber": 68,
	"endColumn": 25
},{
	"resource": "/c:/Users/basil/Desktop/material-kai-vision-platform/src/services/ChunkAnalysisService.ts",
	"owner": "eslint",
	"code": "quotes",
	"severity": 4,
	"message": "Strings must use singlequote",
	"source": "eslint",
	"startLineNumber": 79,
	"startColumn": 15,
	"endLineNumber": 79,
	"endColumn": 15
},{
	"resource": "/c:/Users/basil/Desktop/material-kai-vision-platform/src/services/ChunkAnalysisService.ts",
	"owner": "eslint",
	"code": "quotes",
	"severity": 4,
	"message": "Strings must use singlequote",
	"source": "eslint",
	"startLineNumber": 80,
	"startColumn": 17,
	"endLineNumber": 80,
	"endColumn": 17
},{
	"resource": "/c:/Users/basil/Desktop/material-kai-vision-platform/src/services/ChunkAnalysisService.ts",
	"owner": "eslint",
	"code": "quotes",
	"severity": 4,
	"message": "Strings must use singlequote",
	"source": "eslint",
	"startLineNumber": 81,
	"startColumn": 13,
	"endLineNumber": 81,
	"endColumn": 13
},{
	"resource": "/c:/Users/basil/Desktop/material-kai-vision-platform/src/services/ChunkAnalysisService.ts",
	"owner": "eslint",
	"code": "quotes",
	"severity": 4,
	"message": "Strings must use singlequote",
	"source": "eslint",
	"startLineNumber": 82,
	"startColumn": 16,
	"endLineNumber": 82,
	"endColumn": 16
},{
	"resource": "/c:/Users/basil/Desktop/material-kai-vision-platform/src/services/ChunkAnalysisService.ts",
	"owner": "eslint",
	"code": "quotes",
	"severity": 4,
	"message": "Strings must use singlequote",
	"source": "eslint",
	"startLineNumber": 87,
	"startColumn": 25,
	"endLineNumber": 87,
	"endColumn": 25
},{
	"resource": "/c:/Users/basil/Desktop/material-kai-vision-platform/src/services/ChunkAnalysisService.ts",
	"owner": "eslint",
	"code": "comma-dangle",
	"severity": 4,
	"message": "Missing trailing comma",
	"source": "eslint",
	"startLineNumber": 96,
	"startColumn": 24,
	"endLineNumber": 96,
	"endColumn": 24
},{
	"resource": "/c:/Users/basil/Desktop/material-kai-vision-platform/src/services/ChunkAnalysisService.ts",
	"owner": "eslint",
	"code": "quotes",
	"severity": 4,
	"message": "Strings must use singlequote",
	"source": "eslint",
	"startLineNumber": 100,
	"startColumn": 9,
	"endLineNumber": 100,
	"endColumn": 9
},{
	"resource": "/c:/Users/basil/Desktop/material-kai-vision-platform/src/services/ChunkAnalysisService.ts",
	"owner": "eslint",
	"code": "comma-dangle",
	"severity": 4,
	"message": "Missing trailing comma",
	"source": "eslint",
	"startLineNumber": 101,
	"startColumn": 38,
	"endLineNumber": 101,
	"endColumn": 38
},{
	"resource": "/c:/Users/basil/Desktop/material-kai-vision-platform/src/services/ChunkAnalysisService.ts",
	"owner": "eslint",
	"code": "quotes",
	"severity": 4,
	"message": "Strings must use singlequote",
	"source": "eslint",
	"startLineNumber": 107,
	"startColumn": 25,
	"endLineNumber": 107,
	"endColumn": 25
},{
	"resource": "/c:/Users/basil/Desktop/material-kai-vision-platform/src/services/ChunkAnalysisService.ts",
	"owner": "eslint",
	"code": "quotes",
	"severity": 4,
	"message": "Strings must use singlequote",
	"source": "eslint",
	"startLineNumber": 118,
	"startColumn": 15,
	"endLineNumber": 118,
	"endColumn": 15
},{
	"resource": "/c:/Users/basil/Desktop/material-kai-vision-platform/src/services/ChunkAnalysisService.ts",
	"owner": "eslint",
	"code": "quotes",
	"severity": 4,
	"message": "Strings must use singlequote",
	"source": "eslint",
	"startLineNumber": 126,
	"startColumn": 25,
	"endLineNumber": 126,
	"endColumn": 25
},{
	"resource": "/c:/Users/basil/Desktop/material-kai-vision-platform/src/services/ChunkAnalysisService.ts",
	"owner": "eslint",
	"code": "comma-dangle",
	"severity": 4,
	"message": "Missing trailing comma",
	"source": "eslint",
	"startLineNumber": 135,
	"startColumn": 32,
	"endLineNumber": 135,
	"endColumn": 32
},{
	"resource": "/c:/Users/basil/Desktop/material-kai-vision-platform/src/services/ChunkAnalysisService.ts",
	"owner": "eslint",
	"code": "quotes",
	"severity": 4,
	"message": "Strings must use singlequote",
	"source": "eslint",
	"startLineNumber": 139,
	"startColumn": 15,
	"endLineNumber": 139,
	"endColumn": 15
},{
	"resource": "/c:/Users/basil/Desktop/material-kai-vision-platform/src/services/ChunkAnalysisService.ts",
	"owner": "eslint",
	"code": "quotes",
	"severity": 4,
	"message": "Strings must use singlequote",
	"source": "eslint",
	"startLineNumber": 146,
	"startColumn": 25,
	"endLineNumber": 146,
	"endColumn": 25
},{
	"resource": "/c:/Users/basil/Desktop/material-kai-vision-platform/src/services/ChunkAnalysisService.ts",
	"owner": "eslint",
	"code": "quotes",
	"severity": 4,
	"message": "Strings must use singlequote",
	"source": "eslint",
	"startLineNumber": 157,
	"startColumn": 15,
	"endLineNumber": 157,
	"endColumn": 15
},{
	"resource": "/c:/Users/basil/Desktop/material-kai-vision-platform/src/services/ChunkAnalysisService.ts",
	"owner": "eslint",
	"code": "quotes",
	"severity": 4,
	"message": "Strings must use singlequote",
	"source": "eslint",
	"startLineNumber": 158,
	"startColumn": 17,
	"endLineNumber": 158,
	"endColumn": 17
},{
	"resource": "/c:/Users/basil/Desktop/material-kai-vision-platform/src/services/ChunkAnalysisService.ts",
	"owner": "eslint",
	"code": "quotes",
	"severity": 4,
	"message": "Strings must use singlequote",
	"source": "eslint",
	"startLineNumber": 159,
	"startColumn": 13,
	"endLineNumber": 159,
	"endColumn": 13
},{
	"resource": "/c:/Users/basil/Desktop/material-kai-vision-platform/src/services/ChunkAnalysisService.ts",
	"owner": "eslint",
	"code": "quotes",
	"severity": 4,
	"message": "Strings must use singlequote",
	"source": "eslint",
	"startLineNumber": 160,
	"startColumn": 16,
	"endLineNumber": 160,
	"endColumn": 16
},{
	"resource": "/c:/Users/basil/Desktop/material-kai-vision-platform/src/services/ChunkAnalysisService.ts",
	"owner": "eslint",
	"code": "quotes",
	"severity": 4,
	"message": "Strings must use singlequote",
	"source": "eslint",
	"startLineNumber": 165,
	"startColumn": 25,
	"endLineNumber": 165,
	"endColumn": 25
},{
	"resource": "/c:/Users/basil/Desktop/material-kai-vision-platform/src/services/ChunkAnalysisService.ts",
	"owner": "eslint",
	"code": "quotes",
	"severity": 4,
	"message": "Strings must use singlequote",
	"source": "eslint",
	"startLineNumber": 176,
	"startColumn": 15,
	"endLineNumber": 176,
	"endColumn": 15
},{
	"resource": "/c:/Users/basil/Desktop/material-kai-vision-platform/src/services/ChunkAnalysisService.ts",
	"owner": "eslint",
	"code": "quotes",
	"severity": 4,
	"message": "Strings must use singlequote",
	"source": "eslint",
	"startLineNumber": 177,
	"startColumn": 17,
	"endLineNumber": 177,
	"endColumn": 17
},{
	"resource": "/c:/Users/basil/Desktop/material-kai-vision-platform/src/services/ChunkAnalysisService.ts",
	"owner": "eslint",
	"code": "quotes",
	"severity": 4,
	"message": "Strings must use singlequote",
	"source": "eslint",
	"startLineNumber": 178,
	"startColumn": 13,
	"endLineNumber": 178,
	"endColumn": 13
},{
	"resource": "/c:/Users/basil/Desktop/material-kai-vision-platform/src/services/ChunkAnalysisService.ts",
	"owner": "eslint",
	"code": "quotes",
	"severity": 4,
	"message": "Strings must use singlequote",
	"source": "eslint",
	"startLineNumber": 179,
	"startColumn": 13,
	"endLineNumber": 179,
	"endColumn": 13
},{
	"resource": "/c:/Users/basil/Desktop/material-kai-vision-platform/src/services/ChunkAnalysisService.ts",
	"owner": "eslint",
	"code": "quotes",
	"severity": 4,
	"message": "Strings must use singlequote",
	"source": "eslint",
	"startLineNumber": 180,
	"startColumn": 16,
	"endLineNumber": 180,
	"endColumn": 16
},{
	"resource": "/c:/Users/basil/Desktop/material-kai-vision-platform/src/services/ChunkAnalysisService.ts",
	"owner": "eslint",
	"code": "quotes",
	"severity": 4,
	"message": "Strings must use singlequote",
	"source": "eslint",
	"startLineNumber": 185,
	"startColumn": 25,
	"endLineNumber": 185,
	"endColumn": 25
},{
	"resource": "/c:/Users/basil/Desktop/material-kai-vision-platform/src/services/ChunkAnalysisService.ts",
	"owner": "eslint",
	"code": "quotes",
	"severity": 4,
	"message": "Strings must use singlequote",
	"source": "eslint",
	"startLineNumber": 195,
	"startColumn": 50,
	"endLineNumber": 195,
	"endColumn": 50
},{
	"resource": "/c:/Users/basil/Desktop/material-kai-vision-platform/src/services/ChunkAnalysisService.ts",
	"owner": "eslint",
	"code": "quotes",
	"severity": 4,
	"message": "Strings must use singlequote",
	"source": "eslint",
	"startLineNumber": 202,
	"startColumn": 25,
	"endLineNumber": 202,
	"endColumn": 25
},{
	"resource": "/c:/Users/basil/Desktop/material-kai-vision-platform/src/services/ChunkAnalysisService.ts",
	"owner": "eslint",
	"code": "comma-dangle",
	"severity": 4,
	"message": "Missing trailing comma",
	"source": "eslint",
	"startLineNumber": 211,
	"startColumn": 37,
	"endLineNumber": 211,
	"endColumn": 37
},{
	"resource": "/c:/Users/basil/Desktop/material-kai-vision-platform/src/services/ChunkAnalysisService.ts",
	"owner": "eslint",
	"code": "quotes",
	"severity": 4,
	"message": "Strings must use singlequote",
	"source": "eslint",
	"startLineNumber": 215,
	"startColumn": 15,
	"endLineNumber": 215,
	"endColumn": 15
},{
	"resource": "/c:/Users/basil/Desktop/material-kai-vision-platform/src/services/ChunkAnalysisService.ts",
	"owner": "eslint",
	"code": "quotes",
	"severity": 4,
	"message": "Strings must use singlequote",
	"source": "eslint",
	"startLineNumber": 223,
	"startColumn": 25,
	"endLineNumber": 223,
	"endColumn": 25
},{
	"resource": "/c:/Users/basil/Desktop/material-kai-vision-platform/src/services/ChunkAnalysisService.ts",
	"owner": "eslint",
	"code": "comma-dangle",
	"severity": 4,
	"message": "Missing trailing comma",
	"source": "eslint",
	"startLineNumber": 232,
	"startColumn": 39,
	"endLineNumber": 232,
	"endColumn": 39
},{
	"resource": "/c:/Users/basil/Desktop/material-kai-vision-platform/src/services/ChunkAnalysisService.ts",
	"owner": "eslint",
	"code": "quotes",
	"severity": 4,
	"message": "Strings must use singlequote",
	"source": "eslint",
	"startLineNumber": 236,
	"startColumn": 15,
	"endLineNumber": 236,
	"endColumn": 15
},{
	"resource": "/c:/Users/basil/Desktop/material-kai-vision-platform/src/services/ChunkAnalysisService.ts",
	"owner": "eslint",
	"code": "quotes",
	"severity": 4,
	"message": "Strings must use singlequote",
	"source": "eslint",
	"startLineNumber": 243,
	"startColumn": 25,
	"endLineNumber": 243,
	"endColumn": 25
},{
	"resource": "/c:/Users/basil/Desktop/material-kai-vision-platform/src/services/ChunkAnalysisService.ts",
	"owner": "eslint",
	"code": "quotes",
	"severity": 4,
	"message": "Strings must use singlequote",
	"source": "eslint",
	"startLineNumber": 254,
	"startColumn": 15,
	"endLineNumber": 254,
	"endColumn": 15
},{
	"resource": "/c:/Users/basil/Desktop/material-kai-vision-platform/src/services/ChunkAnalysisService.ts",
	"owner": "eslint",
	"code": "quotes",
	"severity": 4,
	"message": "Strings must use singlequote",
	"source": "eslint",
	"startLineNumber": 255,
	"startColumn": 17,
	"endLineNumber": 255,
	"endColumn": 17
},{
	"resource": "/c:/Users/basil/Desktop/material-kai-vision-platform/src/services/ChunkAnalysisService.ts",
	"owner": "eslint",
	"code": "quotes",
	"severity": 4,
	"message": "Strings must use singlequote",
	"source": "eslint",
	"startLineNumber": 256,
	"startColumn": 13,
	"endLineNumber": 256,
	"endColumn": 13
},{
	"resource": "/c:/Users/basil/Desktop/material-kai-vision-platform/src/services/ChunkAnalysisService.ts",
	"owner": "eslint",
	"code": "quotes",
	"severity": 4,
	"message": "Strings must use singlequote",
	"source": "eslint",
	"startLineNumber": 257,
	"startColumn": 16,
	"endLineNumber": 257,
	"endColumn": 16
},{
	"resource": "/c:/Users/basil/Desktop/material-kai-vision-platform/src/services/ChunkAnalysisService.ts",
	"owner": "eslint",
	"code": "quotes",
	"severity": 4,
	"message": "Strings must use singlequote",
	"source": "eslint",
	"startLineNumber": 262,
	"startColumn": 25,
	"endLineNumber": 262,
	"endColumn": 25
},{
	"resource": "/c:/Users/basil/Desktop/material-kai-vision-platform/src/services/ChunkAnalysisService.ts",
	"owner": "eslint",
	"code": "quotes",
	"severity": 4,
	"message": "Strings must use singlequote",
	"source": "eslint",
	"startLineNumber": 273,
	"startColumn": 15,
	"endLineNumber": 273,
	"endColumn": 15
},{
	"resource": "/c:/Users/basil/Desktop/material-kai-vision-platform/src/services/ChunkAnalysisService.ts",
	"owner": "eslint",
	"code": "quotes",
	"severity": 4,
	"message": "Strings must use singlequote",
	"source": "eslint",
	"startLineNumber": 274,
	"startColumn": 17,
	"endLineNumber": 274,
	"endColumn": 17
},{
	"resource": "/c:/Users/basil/Desktop/material-kai-vision-platform/src/services/ChunkAnalysisService.ts",
	"owner": "eslint",
	"code": "quotes",
	"severity": 4,
	"message": "Strings must use singlequote",
	"source": "eslint",
	"startLineNumber": 275,
	"startColumn": 13,
	"endLineNumber": 275,
	"endColumn": 13
},{
	"resource": "/c:/Users/basil/Desktop/material-kai-vision-platform/src/services/ChunkAnalysisService.ts",
	"owner": "eslint",
	"code": "quotes",
	"severity": 4,
	"message": "Strings must use singlequote",
	"source": "eslint",
	"startLineNumber": 276,
	"startColumn": 13,
	"endLineNumber": 276,
	"endColumn": 13
},{
	"resource": "/c:/Users/basil/Desktop/material-kai-vision-platform/src/services/ChunkAnalysisService.ts",
	"owner": "eslint",
	"code": "quotes",
	"severity": 4,
	"message": "Strings must use singlequote",
	"source": "eslint",
	"startLineNumber": 276,
	"startColumn": 34,
	"endLineNumber": 276,
	"endColumn": 34
},{
	"resource": "/c:/Users/basil/Desktop/material-kai-vision-platform/src/services/ChunkAnalysisService.ts",
	"owner": "eslint",
	"code": "quotes",
	"severity": 4,
	"message": "Strings must use singlequote",
	"source": "eslint",
	"startLineNumber": 277,
	"startColumn": 16,
	"endLineNumber": 277,
	"endColumn": 16
},{
	"resource": "/c:/Users/basil/Desktop/material-kai-vision-platform/src/services/ChunkAnalysisService.ts",
	"owner": "eslint",
	"code": "quotes",
	"severity": 4,
	"message": "Strings must use singlequote",
	"source": "eslint",
	"startLineNumber": 282,
	"startColumn": 25,
	"endLineNumber": 282,
	"endColumn": 25
},{
	"resource": "/c:/Users/basil/Desktop/material-kai-vision-platform/src/services/ChunkAnalysisService.ts",
	"owner": "eslint",
	"code": "quotes",
	"severity": 4,
	"message": "Strings must use singlequote",
	"source": "eslint",
	"startLineNumber": 292,
	"startColumn": 50,
	"endLineNumber": 292,
	"endColumn": 50
},{
	"resource": "/c:/Users/basil/Desktop/material-kai-vision-platform/src/services/ChunkAnalysisService.ts",
	"owner": "eslint",
	"code": "quotes",
	"severity": 4,
	"message": "Strings must use singlequote",
	"source": "eslint",
	"startLineNumber": 299,
	"startColumn": 25,
	"endLineNumber": 299,
	"endColumn": 25
},{
	"resource": "/c:/Users/basil/Desktop/material-kai-vision-platform/src/services/ChunkAnalysisService.ts",
	"owner": "eslint",
	"code": "quotes",
	"severity": 4,
	"message": "Strings must use singlequote",
	"source": "eslint",
	"startLineNumber": 322,
	"startColumn": 25,
	"endLineNumber": 322,
	"endColumn": 25
},{
	"resource": "/c:/Users/basil/Desktop/material-kai-vision-platform/src/services/ChunkAnalysisService.ts",
	"owner": "eslint",
	"code": "quotes",
	"severity": 4,
	"message": "Strings must use singlequote",
	"source": "eslint",
	"startLineNumber": 340,
	"startColumn": 13,
	"endLineNumber": 340,
	"endColumn": 13
},{
	"resource": "/c:/Users/basil/Desktop/material-kai-vision-platform/src/services/ChunkAnalysisService.ts",
	"owner": "eslint",
	"code": "quotes",
	"severity": 4,
	"message": "Strings must use singlequote",
	"source": "eslint",
	"startLineNumber": 341,
	"startColumn": 15,
	"endLineNumber": 341,
	"endColumn": 15
},{
	"resource": "/c:/Users/basil/Desktop/material-kai-vision-platform/src/services/chunkQualityService.ts",
	"owner": "eslint",
	"code": "no-trailing-spaces",
	"severity": 4,
	"message": "Trailing spaces not allowed",
	"source": "eslint",
	"startLineNumber": 3,
	"startColumn": 3,
	"endLineNumber": 3,
	"endColumn": 3
},{
	"resource": "/c:/Users/basil/Desktop/material-kai-vision-platform/src/services/chunkQualityService.ts",
	"owner": "eslint",
	"code": "@typescript-eslint/no-explicit-any",
	"severity": 4,
	"message": "Unexpected any. Specify a different type",
	"source": "eslint",
	"startLineNumber": 96,
	"startColumn": 62,
	"endLineNumber": 96,
	"endColumn": 62
},{
	"resource": "/c:/Users/basil/Desktop/material-kai-vision-platform/src/services/chunkQualityService.ts",
	"owner": "eslint",
	"code": "@typescript-eslint/no-explicit-any",
	"severity": 4,
	"message": "Unexpected any. Specify a different type",
	"source": "eslint",
	"startLineNumber": 130,
	"startColumn": 30,
	"endLineNumber": 130,
	"endColumn": 30
},{
	"resource": "/c:/Users/basil/Desktop/material-kai-vision-platform/src/services/chunkQualityService.ts",
	"owner": "eslint",
	"code": "comma-dangle",
	"severity": 4,
	"message": "Missing trailing comma",
	"source": "eslint",
	"startLineNumber": 130,
	"startColumn": 34,
	"endLineNumber": 130,
	"endColumn": 34
},{
	"resource": "/c:/Users/basil/Desktop/material-kai-vision-platform/src/services/chunkQualityService.ts",
	"owner": "eslint",
	"code": "no-console",
	"severity": 4,
	"message": "Unexpected console statement",
	"source": "eslint",
	"startLineNumber": 132,
	"startColumn": 5,
	"endLineNumber": 132,
	"endColumn": 5
},{
	"resource": "/c:/Users/basil/Desktop/material-kai-vision-platform/src/services/chunkQualityService.ts",
	"owner": "eslint",
	"code": "comma-dangle",
	"severity": 4,
	"message": "Missing trailing comma",
	"source": "eslint",
	"startLineNumber": 216,
	"startColumn": 34,
	"endLineNumber": 216,
	"endColumn": 34
},{
	"resource": "/c:/Users/basil/Desktop/material-kai-vision-platform/src/services/chunkQualityService.ts",
	"owner": "eslint",
	"code": "no-console",
	"severity": 4,
	"message": "Unexpected console statement",
	"source": "eslint",
	"startLineNumber": 218,
	"startColumn": 5,
	"endLineNumber": 218,
	"endColumn": 5
},{
	"resource": "/c:/Users/basil/Desktop/material-kai-vision-platform/src/services/chunkQualityService.ts",
	"owner": "eslint",
	"code": "comma-dangle",
	"severity": 4,
	"message": "Missing trailing comma",
	"source": "eslint",
	"startLineNumber": 232,
	"startColumn": 10,
	"endLineNumber": 232,
	"endColumn": 10
},{
	"resource": "/c:/Users/basil/Desktop/material-kai-vision-platform/src/services/chunkQualityService.ts",
	"owner": "eslint",
	"code": "no-console",
	"severity": 4,
	"message": "Unexpected console statement",
	"source": "eslint",
	"startLineNumber": 246,
	"startColumn": 7,
	"endLineNumber": 246,
	"endColumn": 7
},{
	"resource": "/c:/Users/basil/Desktop/material-kai-vision-platform/src/services/chunkQualityService.ts",
	"owner": "eslint",
	"code": "comma-dangle",
	"severity": 4,
	"message": "Missing trailing comma",
	"source": "eslint",
	"startLineNumber": 257,
	"startColumn": 12,
	"endLineNumber": 257,
	"endColumn": 12
},{
	"resource": "/c:/Users/basil/Desktop/material-kai-vision-platform/src/services/chunkQualityService.ts",
	"owner": "eslint",
	"code": "no-console",
	"severity": 4,
	"message": "Unexpected console statement",
	"source": "eslint",
	"startLineNumber": 263,
	"startColumn": 5,
	"endLineNumber": 263,
	"endColumn": 5
},{
	"resource": "/c:/Users/basil/Desktop/material-kai-vision-platform/src/services/chunkQualityService.ts",
	"owner": "eslint",
	"code": "comma-dangle",
	"severity": 4,
	"message": "Missing trailing comma",
	"source": "eslint",
	"startLineNumber": 273,
	"startColumn": 10,
	"endLineNumber": 273,
	"endColumn": 10
},{
	"resource": "/c:/Users/basil/Desktop/material-kai-vision-platform/src/services/chunkQualityService.ts",
	"owner": "eslint",
	"code": "no-console",
	"severity": 4,
	"message": "Unexpected console statement",
	"source": "eslint",
	"startLineNumber": 288,
	"startColumn": 7,
	"endLineNumber": 288,
	"endColumn": 7
},{
	"resource": "/c:/Users/basil/Desktop/material-kai-vision-platform/src/services/chunkQualityService.ts",
	"owner": "eslint",
	"code": "@typescript-eslint/no-explicit-any",
	"severity": 4,
	"message": "Unexpected any. Specify a different type",
	"source": "eslint",
	"startLineNumber": 294,
	"startColumn": 16,
	"endLineNumber": 294,
	"endColumn": 16
},{
	"resource": "/c:/Users/basil/Desktop/material-kai-vision-platform/src/services/chunkQualityService.ts",
	"owner": "eslint",
	"code": "@typescript-eslint/no-explicit-any",
	"severity": 4,
	"message": "Unexpected any. Specify a different type",
	"source": "eslint",
	"startLineNumber": 295,
	"startColumn": 19,
	"endLineNumber": 295,
	"endColumn": 19
},{
	"resource": "/c:/Users/basil/Desktop/material-kai-vision-platform/src/services/chunkQualityService.ts",
	"owner": "eslint",
	"code": "no-console",
	"severity": 4,
	"message": "Unexpected console statement",
	"source": "eslint",
	"startLineNumber": 343,
	"startColumn": 7,
	"endLineNumber": 343,
	"endColumn": 7
},{
	"resource": "/c:/Users/basil/Desktop/material-kai-vision-platform/src/services/ChunkSearchEnhancementService.ts",
	"owner": "eslint",
	"code": "import/order",
	"severity": 4,
	"message": "There should be at least one empty line between import groups",
	"source": "eslint",
	"startLineNumber": 7,
	"startColumn": 1,
	"endLineNumber": 7,
	"endColumn": 1
},{
	"resource": "/c:/Users/basil/Desktop/material-kai-vision-platform/src/services/ChunkSearchEnhancementService.ts",
	"owner": "eslint",
	"code": "import/order",
	"severity": 4,
	"message": "There should be at least one empty line between import groups",
	"source": "eslint",
	"startLineNumber": 8,
	"startColumn": 1,
	"endLineNumber": 8,
	"endColumn": 1
},{
	"resource": "/c:/Users/basil/Desktop/material-kai-vision-platform/src/services/ChunkSearchEnhancementService.ts",
	"owner": "eslint",
	"code": "import/order",
	"severity": 4,
	"message": "`@/types/chunk-analysis` import should occur before import of `./base/BaseService`",
	"source": "eslint",
	"startLineNumber": 9,
	"startColumn": 1,
	"endLineNumber": 9,
	"endColumn": 1
},{
	"resource": "/c:/Users/basil/Desktop/material-kai-vision-platform/src/services/ChunkSearchEnhancementService.ts",
	"owner": "eslint",
	"code": "comma-dangle",
	"severity": 4,
	"message": "Missing trailing comma",
	"source": "eslint",
	"startLineNumber": 108,
	"startColumn": 10,
	"endLineNumber": 108,
	"endColumn": 10
},{
	"resource": "/c:/Users/basil/Desktop/material-kai-vision-platform/src/services/ChunkSearchEnhancementService.ts",
	"owner": "eslint",
	"code": "@typescript-eslint/no-explicit-any",
	"severity": 4,
	"message": "Unexpected any. Specify a different type",
	"source": "eslint",
	"startLineNumber": 144,
	"startColumn": 56,
	"endLineNumber": 144,
	"endColumn": 56
},{
	"resource": "/c:/Users/basil/Desktop/material-kai-vision-platform/src/services/ChunkSearchEnhancementService.ts",
	"owner": "eslint",
	"code": "comma-dangle",
	"severity": 4,
	"message": "Missing trailing comma",
	"source": "eslint",
	"startLineNumber": 169,
	"startColumn": 15,
	"endLineNumber": 169,
	"endColumn": 15
},{
	"resource": "/c:/Users/basil/Desktop/material-kai-vision-platform/src/services/ChunkSearchEnhancementService.ts",
	"owner": "eslint",
	"code": "comma-dangle",
	"severity": 4,
	"message": "Missing trailing comma",
	"source": "eslint",
	"startLineNumber": 191,
	"startColumn": 10,
	"endLineNumber": 191,
	"endColumn": 10
},{
	"resource": "/c:/Users/basil/Desktop/material-kai-vision-platform/src/services/ChunkSearchEnhancementService.ts",
	"owner": "eslint",
	"code": "@typescript-eslint/no-explicit-any",
	"severity": 4,
	"message": "Unexpected any. Specify a different type",
	"source": "eslint",
	"startLineNumber": 199,
	"startColumn": 38,
	"endLineNumber": 199,
	"endColumn": 38
},{
	"resource": "/c:/Users/basil/Desktop/material-kai-vision-platform/src/services/ChunkSearchEnhancementService.ts",
	"owner": "eslint",
	"code": "comma-dangle",
	"severity": 4,
	"message": "Missing trailing comma",
	"source": "eslint",
	"startLineNumber": 250,
	"startColumn": 10,
	"endLineNumber": 250,
	"endColumn": 10
},{
	"resource": "/c:/Users/basil/Desktop/material-kai-vision-platform/src/services/ChunkSearchEnhancementService.ts",
	"owner": "eslint",
	"code": "@typescript-eslint/no-explicit-any",
	"severity": 4,
	"message": "Unexpected any. Specify a different type",
	"source": "eslint",
	"startLineNumber": 258,
	"startColumn": 38,
	"endLineNumber": 258,
	"endColumn": 38
},{
	"resource": "/c:/Users/basil/Desktop/material-kai-vision-platform/src/services/ChunkSearchEnhancementService.ts",
	"owner": "eslint",
	"code": "@typescript-eslint/no-explicit-any",
	"severity": 4,
	"message": "Unexpected any. Specify a different type",
	"source": "eslint",
	"startLineNumber": 268,
	"startColumn": 37,
	"endLineNumber": 268,
	"endColumn": 37
},{
	"resource": "/c:/Users/basil/Desktop/material-kai-vision-platform/src/services/consolidatedPDFWorkflowService.ts",
	"owner": "eslint",
	"code": "import/order",
	"severity": 4,
	"message": "There should be at least one empty line between import groups",
	"source": "eslint",
	"startLineNumber": 2,
	"startColumn": 1,
	"endLineNumber": 2,
	"endColumn": 1
},{
	"resource": "/c:/Users/basil/Desktop/material-kai-vision-platform/src/services/consolidatedPDFWorkflowService.ts",
	"owner": "eslint",
	"code": "comma-dangle",
	"severity": 4,
	"message": "Missing trailing comma",
	"source": "eslint",
	"startLineNumber": 318,
	"startColumn": 77,
	"endLineNumber": 318,
	"endColumn": 77
},{
	"resource": "/c:/Users/basil/Desktop/material-kai-vision-platform/src/services/consolidatedPDFWorkflowService.ts",
	"owner": "eslint",
	"code": "@typescript-eslint/no-non-null-assertion",
	"severity": 4,
	"message": "Forbidden non-null assertion",
	"source": "eslint",
	"startLineNumber": 328,
	"startColumn": 29,
	"endLineNumber": 328,
	"endColumn": 29
},{
	"resource": "/c:/Users/basil/Desktop/material-kai-vision-platform/src/services/consolidatedPDFWorkflowService.ts",
	"owner": "eslint",
	"code": "comma-dangle",
	"severity": 4,
	"message": "Missing trailing comma",
	"source": "eslint",
	"startLineNumber": 382,
	"startColumn": 69,
	"endLineNumber": 382,
	"endColumn": 69
},{
	"resource": "/c:/Users/basil/Desktop/material-kai-vision-platform/src/services/consolidatedPDFWorkflowService.ts",
	"owner": "eslint",
	"code": "@typescript-eslint/no-explicit-any",
	"severity": 4,
	"message": "Unexpected any. Specify a different type",
	"source": "eslint",
	"startLineNumber": 387,
	"startColumn": 37,
	"endLineNumber": 387,
	"endColumn": 37
},{
	"resource": "/c:/Users/basil/Desktop/material-kai-vision-platform/src/services/consolidatedPDFWorkflowService.ts",
	"owner": "eslint",
	"code": "comma-dangle",
	"severity": 4,
	"message": "Missing trailing comma",
	"source": "eslint",
	"startLineNumber": 431,
	"startColumn": 12,
	"endLineNumber": 431,
	"endColumn": 12
},{
	"resource": "/c:/Users/basil/Desktop/material-kai-vision-platform/src/services/consolidatedPDFWorkflowService.ts",
	"owner": "eslint",
	"code": "comma-dangle",
	"severity": 4,
	"message": "Missing trailing comma",
	"source": "eslint",
	"startLineNumber": 446,
	"startColumn": 135,
	"endLineNumber": 446,
	"endColumn": 135
},{
	"resource": "/c:/Users/basil/Desktop/material-kai-vision-platform/src/services/consolidatedPDFWorkflowService.ts",
	"owner": "eslint",
	"code": "@typescript-eslint/no-explicit-any",
	"severity": 4,
	"message": "Unexpected any. Specify a different type",
	"source": "eslint",
	"startLineNumber": 532,
	"startColumn": 43,
	"endLineNumber": 532,
	"endColumn": 43
},{
	"resource": "/c:/Users/basil/Desktop/material-kai-vision-platform/src/services/consolidatedPDFWorkflowService.ts",
	"owner": "eslint",
	"code": "@typescript-eslint/no-explicit-any",
	"severity": 4,
	"message": "Unexpected any. Specify a different type",
	"source": "eslint",
	"startLineNumber": 568,
	"startColumn": 43,
	"endLineNumber": 568,
	"endColumn": 43
},{
	"resource": "/c:/Users/basil/Desktop/material-kai-vision-platform/src/services/consolidatedPDFWorkflowService.ts",
	"owner": "eslint",
	"code": "@typescript-eslint/no-explicit-any",
	"severity": 4,
	"message": "Unexpected any. Specify a different type",
	"source": "eslint",
	"startLineNumber": 615,
	"startColumn": 43,
	"endLineNumber": 615,
	"endColumn": 43
},{
	"resource": "/c:/Users/basil/Desktop/material-kai-vision-platform/src/services/consolidatedPDFWorkflowService.ts",
	"owner": "eslint",
	"code": "@typescript-eslint/no-explicit-any",
	"severity": 4,
	"message": "Unexpected any. Specify a different type",
	"source": "eslint",
	"startLineNumber": 651,
	"startColumn": 43,
	"endLineNumber": 651,
	"endColumn": 43
},{
	"resource": "/c:/Users/basil/Desktop/material-kai-vision-platform/src/services/consolidatedPDFWorkflowService.ts",
	"owner": "eslint",
	"code": "@typescript-eslint/no-explicit-any",
	"severity": 4,
	"message": "Unexpected any. Specify a different type",
	"source": "eslint",
	"startLineNumber": 652,
	"startColumn": 45,
	"endLineNumber": 652,
	"endColumn": 45
},{
	"resource": "/c:/Users/basil/Desktop/material-kai-vision-platform/src/services/consolidatedPDFWorkflowService.ts",
	"owner": "eslint",
	"code": "comma-dangle",
	"severity": 4,
	"message": "Missing trailing comma",
	"source": "eslint",
	"startLineNumber": 659,
	"startColumn": 16,
	"endLineNumber": 659,
	"endColumn": 16
},{
	"resource": "/c:/Users/basil/Desktop/material-kai-vision-platform/src/services/consolidatedPDFWorkflowService.ts",
	"owner": "eslint",
	"code": "@typescript-eslint/no-explicit-any",
	"severity": 4,
	"message": "Unexpected any. Specify a different type",
	"source": "eslint",
	"startLineNumber": 694,
	"startColumn": 44,
	"endLineNumber": 694,
	"endColumn": 44
},{
	"resource": "/c:/Users/basil/Desktop/material-kai-vision-platform/src/services/consolidatedPDFWorkflowService.ts",
	"owner": "eslint",
	"code": "no-console",
	"severity": 4,
	"message": "Unexpected console statement",
	"source": "eslint",
	"startLineNumber": 736,
	"startColumn": 11,
	"endLineNumber": 736,
	"endColumn": 11
},{
	"resource": "/c:/Users/basil/Desktop/material-kai-vision-platform/src/services/consolidatedPDFWorkflowService.ts",
	"owner": "eslint",
	"code": "no-console",
	"severity": 4,
	"message": "Unexpected console statement",
	"source": "eslint",
	"startLineNumber": 753,
	"startColumn": 7,
	"endLineNumber": 753,
	"endColumn": 7
},{
	"resource": "/c:/Users/basil/Desktop/material-kai-vision-platform/src/services/consolidatedPDFWorkflowService.ts",
	"owner": "eslint",
	"code": "no-console",
	"severity": 4,
	"message": "Unexpected console statement",
	"source": "eslint",
	"startLineNumber": 756,
	"startColumn": 7,
	"endLineNumber": 756,
	"endColumn": 7
},{
	"resource": "/c:/Users/basil/Desktop/material-kai-vision-platform/src/services/consolidatedPDFWorkflowService.ts",
	"owner": "eslint",
	"code": "comma-dangle",
	"severity": 4,
	"message": "Missing trailing comma",
	"source": "eslint",
	"startLineNumber": 771,
	"startColumn": 221,
	"endLineNumber": 771,
	"endColumn": 221
},{
	"resource": "/c:/Users/basil/Desktop/material-kai-vision-platform/src/services/consolidatedPDFWorkflowService.ts",
	"owner": "eslint",
	"code": "comma-dangle",
	"severity": 4,
	"message": "Missing trailing comma",
	"source": "eslint",
	"startLineNumber": 807,
	"startColumn": 20,
	"endLineNumber": 807,
	"endColumn": 20
},{
	"resource": "/c:/Users/basil/Desktop/material-kai-vision-platform/src/services/consolidatedPDFWorkflowService.ts",
	"owner": "eslint",
	"code": "@typescript-eslint/no-explicit-any",
	"severity": 4,
	"message": "Unexpected any. Specify a different type",
	"source": "eslint",
	"startLineNumber": 937,
	"startColumn": 51,
	"endLineNumber": 937,
	"endColumn": 51
},{
	"resource": "/c:/Users/basil/Desktop/material-kai-vision-platform/src/services/consolidatedPDFWorkflowService.ts",
	"owner": "eslint",
	"code": "no-console",
	"severity": 4,
	"message": "Unexpected console statement",
	"source": "eslint",
	"startLineNumber": 958,
	"startColumn": 9,
	"endLineNumber": 958,
	"endColumn": 9
},{
	"resource": "/c:/Users/basil/Desktop/material-kai-vision-platform/src/services/consolidatedPDFWorkflowService.ts",
	"owner": "eslint",
	"code": "@typescript-eslint/no-explicit-any",
	"severity": 4,
	"message": "Unexpected any. Specify a different type",
	"source": "eslint",
	"startLineNumber": 998,
	"startColumn": 16,
	"endLineNumber": 998,
	"endColumn": 16
},{
	"resource": "/c:/Users/basil/Desktop/material-kai-vision-platform/src/services/consolidatedPDFWorkflowService.ts",
	"owner": "eslint",
	"code": "@typescript-eslint/no-explicit-any",
	"severity": 4,
	"message": "Unexpected any. Specify a different type",
	"source": "eslint",
	"startLineNumber": 999,
	"startColumn": 17,
	"endLineNumber": 999,
	"endColumn": 17
},{
	"resource": "/c:/Users/basil/Desktop/material-kai-vision-platform/src/services/consolidatedPDFWorkflowService.ts",
	"owner": "eslint",
	"code": "comma-dangle",
	"severity": 4,
	"message": "Missing trailing comma",
	"source": "eslint",
	"startLineNumber": 1001,
	"startColumn": 18,
	"endLineNumber": 1001,
	"endColumn": 18
},{
	"resource": "/c:/Users/basil/Desktop/material-kai-vision-platform/src/services/consolidatedPDFWorkflowService.ts",
	"owner": "eslint",
	"code": "no-console",
	"severity": 4,
	"message": "Unexpected console statement",
	"source": "eslint",
	"startLineNumber": 1010,
	"startColumn": 7,
	"endLineNumber": 1010,
	"endColumn": 7
},{
	"resource": "/c:/Users/basil/Desktop/material-kai-vision-platform/src/services/consolidatedPDFWorkflowService.ts",
	"owner": "eslint",
	"code": "comma-dangle",
	"severity": 4,
	"message": "Missing trailing comma",
	"source": "eslint",
	"startLineNumber": 1018,
	"startColumn": 29,
	"endLineNumber": 1018,
	"endColumn": 29
},{
	"resource": "/c:/Users/basil/Desktop/material-kai-vision-platform/src/services/consolidatedPDFWorkflowService.ts",
	"owner": "eslint",
	"code": "no-console",
	"severity": 4,
	"message": "Unexpected console statement",
	"source": "eslint",
	"startLineNumber": 1043,
	"startColumn": 7,
	"endLineNumber": 1043,
	"endColumn": 7
},{
	"resource": "/c:/Users/basil/Desktop/material-kai-vision-platform/src/services/consolidatedPDFWorkflowService.ts",
	"owner": "eslint",
	"code": "no-console",
	"severity": 4,
	"message": "Unexpected console statement",
	"source": "eslint",
	"startLineNumber": 1049,
	"startColumn": 7,
	"endLineNumber": 1049,
	"endColumn": 7
},{
	"resource": "/c:/Users/basil/Desktop/material-kai-vision-platform/src/services/consolidatedPDFWorkflowService.ts",
	"owner": "eslint",
	"code": "no-console",
	"severity": 4,
	"message": "Unexpected console statement",
	"source": "eslint",
	"startLineNumber": 1054,
	"startColumn": 11,
	"endLineNumber": 1054,
	"endColumn": 11
},{
	"resource": "/c:/Users/basil/Desktop/material-kai-vision-platform/src/services/consolidatedPDFWorkflowService.ts",
	"owner": "eslint",
	"code": "comma-dangle",
	"severity": 4,
	"message": "Missing trailing comma",
	"source": "eslint",
	"startLineNumber": 1056,
	"startColumn": 41,
	"endLineNumber": 1056,
	"endColumn": 41
},{
	"resource": "/c:/Users/basil/Desktop/material-kai-vision-platform/src/services/consolidatedPDFWorkflowService.ts",
	"owner": "eslint",
	"code": "no-console",
	"severity": 4,
	"message": "Unexpected console statement",
	"source": "eslint",
	"startLineNumber": 1059,
	"startColumn": 11,
	"endLineNumber": 1059,
	"endColumn": 11
},{
	"resource": "/c:/Users/basil/Desktop/material-kai-vision-platform/src/services/consolidatedPDFWorkflowService.ts",
	"owner": "eslint",
	"code": "quotes",
	"severity": 4,
	"message": "Strings must use singlequote",
	"source": "eslint",
	"startLineNumber": 1059,
	"startColumn": 23,
	"endLineNumber": 1059,
	"endColumn": 23
},{
	"resource": "/c:/Users/basil/Desktop/material-kai-vision-platform/src/services/consolidatedPDFWorkflowService.ts",
	"owner": "eslint",
	"code": "comma-dangle",
	"severity": 4,
	"message": "Missing trailing comma",
	"source": "eslint",
	"startLineNumber": 1064,
	"startColumn": 40,
	"endLineNumber": 1064,
	"endColumn": 40
},{
	"resource": "/c:/Users/basil/Desktop/material-kai-vision-platform/src/services/consolidatedPDFWorkflowService.ts",
	"owner": "eslint",
	"code": "no-console",
	"severity": 4,
	"message": "Unexpected console statement",
	"source": "eslint",
	"startLineNumber": 1069,
	"startColumn": 13,
	"endLineNumber": 1069,
	"endColumn": 13
},{
	"resource": "/c:/Users/basil/Desktop/material-kai-vision-platform/src/services/consolidatedPDFWorkflowService.ts",
	"owner": "eslint",
	"code": "no-console",
	"severity": 4,
	"message": "Unexpected console statement",
	"source": "eslint",
	"startLineNumber": 1071,
	"startColumn": 13,
	"endLineNumber": 1071,
	"endColumn": 13
},{
	"resource": "/c:/Users/basil/Desktop/material-kai-vision-platform/src/services/consolidatedPDFWorkflowService.ts",
	"owner": "eslint",
	"code": "quotes",
	"severity": 4,
	"message": "Strings must use singlequote",
	"source": "eslint",
	"startLineNumber": 1071,
	"startColumn": 26,
	"endLineNumber": 1071,
	"endColumn": 26
},{
	"resource": "/c:/Users/basil/Desktop/material-kai-vision-platform/src/services/consolidatedPDFWorkflowService.ts",
	"owner": "eslint",
	"code": "comma-dangle",
	"severity": 4,
	"message": "Missing trailing comma",
	"source": "eslint",
	"startLineNumber": 1074,
	"startColumn": 40,
	"endLineNumber": 1074,
	"endColumn": 40
},{
	"resource": "/c:/Users/basil/Desktop/material-kai-vision-platform/src/services/consolidatedPDFWorkflowService.ts",
	"owner": "eslint",
	"code": "no-console",
	"severity": 4,
	"message": "Unexpected console statement",
	"source": "eslint",
	"startLineNumber": 1079,
	"startColumn": 11,
	"endLineNumber": 1079,
	"endColumn": 11
},{
	"resource": "/c:/Users/basil/Desktop/material-kai-vision-platform/src/services/consolidatedPDFWorkflowService.ts",
	"owner": "eslint",
	"code": "comma-dangle",
	"severity": 4,
	"message": "Missing trailing comma",
	"source": "eslint",
	"startLineNumber": 1082,
	"startColumn": 43,
	"endLineNumber": 1082,
	"endColumn": 43
},{
	"resource": "/c:/Users/basil/Desktop/material-kai-vision-platform/src/services/consolidatedPDFWorkflowService.ts",
	"owner": "eslint",
	"code": "no-console",
	"severity": 4,
	"message": "Unexpected console statement",
	"source": "eslint",
	"startLineNumber": 1085,
	"startColumn": 13,
	"endLineNumber": 1085,
	"endColumn": 13
},{
	"resource": "/c:/Users/basil/Desktop/material-kai-vision-platform/src/services/consolidatedPDFWorkflowService.ts",
	"owner": "eslint",
	"code": "quotes",
	"severity": 4,
	"message": "Strings must use singlequote",
	"source": "eslint",
	"startLineNumber": 1085,
	"startColumn": 25,
	"endLineNumber": 1085,
	"endColumn": 25
},{
	"resource": "/c:/Users/basil/Desktop/material-kai-vision-platform/src/services/consolidatedPDFWorkflowService.ts",
	"owner": "eslint",
	"code": "comma-dangle",
	"severity": 4,
	"message": "Missing trailing comma",
	"source": "eslint",
	"startLineNumber": 1090,
	"startColumn": 42,
	"endLineNumber": 1090,
	"endColumn": 42
},{
	"resource": "/c:/Users/basil/Desktop/material-kai-vision-platform/src/services/consolidatedPDFWorkflowService.ts",
	"owner": "eslint",
	"code": "@typescript-eslint/no-explicit-any",
	"severity": 4,
	"message": "Unexpected any. Specify a different type",
	"source": "eslint",
	"startLineNumber": 1094,
	"startColumn": 54,
	"endLineNumber": 1094,
	"endColumn": 54
},{
	"resource": "/c:/Users/basil/Desktop/material-kai-vision-platform/src/services/consolidatedPDFWorkflowService.ts",
	"owner": "eslint",
	"code": "comma-dangle",
	"severity": 4,
	"message": "Missing trailing comma",
	"source": "eslint",
	"startLineNumber": 1099,
	"startColumn": 66,
	"endLineNumber": 1099,
	"endColumn": 66
},{
	"resource": "/c:/Users/basil/Desktop/material-kai-vision-platform/src/services/consolidatedPDFWorkflowService.ts",
	"owner": "eslint",
	"code": "no-console",
	"severity": 4,
	"message": "Unexpected console statement",
	"source": "eslint",
	"startLineNumber": 1101,
	"startColumn": 15,
	"endLineNumber": 1101,
	"endColumn": 15
},{
	"resource": "/c:/Users/basil/Desktop/material-kai-vision-platform/src/services/consolidatedPDFWorkflowService.ts",
	"owner": "eslint",
	"code": "no-console",
	"severity": 4,
	"message": "Unexpected console statement",
	"source": "eslint",
	"startLineNumber": 1103,
	"startColumn": 15,
	"endLineNumber": 1103,
	"endColumn": 15
},{
	"resource": "/c:/Users/basil/Desktop/material-kai-vision-platform/src/services/consolidatedPDFWorkflowService.ts",
	"owner": "eslint",
	"code": "no-console",
	"severity": 4,
	"message": "Unexpected console statement",
	"source": "eslint",
	"startLineNumber": 1106,
	"startColumn": 13,
	"endLineNumber": 1106,
	"endColumn": 13
},{
	"resource": "/c:/Users/basil/Desktop/material-kai-vision-platform/src/services/consolidatedPDFWorkflowService.ts",
	"owner": "eslint",
	"code": "no-console",
	"severity": 4,
	"message": "Unexpected console statement",
	"source": "eslint",
	"startLineNumber": 1110,
	"startColumn": 11,
	"endLineNumber": 1110,
	"endColumn": 11
},{
	"resource": "/c:/Users/basil/Desktop/material-kai-vision-platform/src/services/consolidatedPDFWorkflowService.ts",
	"owner": "eslint",
	"code": "no-console",
	"severity": 4,
	"message": "Unexpected console statement",
	"source": "eslint",
	"startLineNumber": 1111,
	"startColumn": 11,
	"endLineNumber": 1111,
	"endColumn": 11
},{
	"resource": "/c:/Users/basil/Desktop/material-kai-vision-platform/src/services/consolidatedPDFWorkflowService.ts",
	"owner": "eslint",
	"code": "no-console",
	"severity": 4,
	"message": "Unexpected console statement",
	"source": "eslint",
	"startLineNumber": 1118,
	"startColumn": 9,
	"endLineNumber": 1118,
	"endColumn": 9
},{
	"resource": "/c:/Users/basil/Desktop/material-kai-vision-platform/src/services/consolidatedPDFWorkflowService.ts",
	"owner": "eslint",
	"code": "quotes",
	"severity": 4,
	"message": "Strings must use singlequote",
	"source": "eslint",
	"startLineNumber": 1118,
	"startColumn": 21,
	"endLineNumber": 1118,
	"endColumn": 21
},{
	"resource": "/c:/Users/basil/Desktop/material-kai-vision-platform/src/services/consolidatedPDFWorkflowService.ts",
	"owner": "eslint",
	"code": "no-console",
	"severity": 4,
	"message": "Unexpected console statement",
	"source": "eslint",
	"startLineNumber": 1127,
	"startColumn": 13,
	"endLineNumber": 1127,
	"endColumn": 13
},{
	"resource": "/c:/Users/basil/Desktop/material-kai-vision-platform/src/services/consolidatedPDFWorkflowService.ts",
	"owner": "eslint",
	"code": "@typescript-eslint/no-explicit-any",
	"severity": 4,
	"message": "Unexpected any. Specify a different type",
	"source": "eslint",
	"startLineNumber": 1129,
	"startColumn": 43,
	"endLineNumber": 1129,
	"endColumn": 43
},{
	"resource": "/c:/Users/basil/Desktop/material-kai-vision-platform/src/services/consolidatedPDFWorkflowService.ts",
	"owner": "eslint",
	"code": "comma-dangle",
	"severity": 4,
	"message": "Missing trailing comma",
	"source": "eslint",
	"startLineNumber": 1136,
	"startColumn": 45,
	"endLineNumber": 1136,
	"endColumn": 45
},{
	"resource": "/c:/Users/basil/Desktop/material-kai-vision-platform/src/services/consolidatedPDFWorkflowService.ts",
	"owner": "eslint",
	"code": "no-console",
	"severity": 4,
	"message": "Unexpected console statement",
	"source": "eslint",
	"startLineNumber": 1138,
	"startColumn": 13,
	"endLineNumber": 1138,
	"endColumn": 13
},{
	"resource": "/c:/Users/basil/Desktop/material-kai-vision-platform/src/services/consolidatedPDFWorkflowService.ts",
	"owner": "eslint",
	"code": "no-console",
	"severity": 4,
	"message": "Unexpected console statement",
	"source": "eslint",
	"startLineNumber": 1141,
	"startColumn": 11,
	"endLineNumber": 1141,
	"endColumn": 11
},{
	"resource": "/c:/Users/basil/Desktop/material-kai-vision-platform/src/services/consolidatedPDFWorkflowService.ts",
	"owner": "eslint",
	"code": "no-console",
	"severity": 4,
	"message": "Unexpected console statement",
	"source": "eslint",
	"startLineNumber": 1148,
	"startColumn": 9,
	"endLineNumber": 1148,
	"endColumn": 9
},{
	"resource": "/c:/Users/basil/Desktop/material-kai-vision-platform/src/services/consolidatedPDFWorkflowService.ts",
	"owner": "eslint",
	"code": "no-console",
	"severity": 4,
	"message": "Unexpected console statement",
	"source": "eslint",
	"startLineNumber": 1149,
	"startColumn": 9,
	"endLineNumber": 1149,
	"endColumn": 9
},{
	"resource": "/c:/Users/basil/Desktop/material-kai-vision-platform/src/services/consolidatedPDFWorkflowService.ts",
	"owner": "eslint",
	"code": "quotes",
	"severity": 4,
	"message": "Strings must use singlequote",
	"source": "eslint",
	"startLineNumber": 1149,
	"startColumn": 22,
	"endLineNumber": 1149,
	"endColumn": 22
},{
	"resource": "/c:/Users/basil/Desktop/material-kai-vision-platform/src/services/consolidatedPDFWorkflowService.ts",
	"owner": "eslint",
	"code": "comma-dangle",
	"severity": 4,
	"message": "Missing trailing comma",
	"source": "eslint",
	"startLineNumber": 1171,
	"startColumn": 31,
	"endLineNumber": 1171,
	"endColumn": 31
},{
	"resource": "/c:/Users/basil/Desktop/material-kai-vision-platform/src/services/consolidatedPDFWorkflowService.ts",
	"owner": "eslint",
	"code": "comma-dangle",
	"severity": 4,
	"message": "Missing trailing comma",
	"source": "eslint",
	"startLineNumber": 1172,
	"startColumn": 16,
	"endLineNumber": 1172,
	"endColumn": 16
},{
	"resource": "/c:/Users/basil/Desktop/material-kai-vision-platform/src/services/consolidatedPDFWorkflowService.ts",
	"owner": "eslint",
	"code": "no-console",
	"severity": 4,
	"message": "Unexpected console statement",
	"source": "eslint",
	"startLineNumber": 1182,
	"startColumn": 15,
	"endLineNumber": 1182,
	"endColumn": 15
},{
	"resource": "/c:/Users/basil/Desktop/material-kai-vision-platform/src/services/consolidatedPDFWorkflowService.ts",
	"owner": "eslint",
	"code": "no-console",
	"severity": 4,
	"message": "Unexpected console statement",
	"source": "eslint",
	"startLineNumber": 1185,
	"startColumn": 15,
	"endLineNumber": 1185,
	"endColumn": 15
},{
	"resource": "/c:/Users/basil/Desktop/material-kai-vision-platform/src/services/consolidatedPDFWorkflowService.ts",
	"owner": "eslint",
	"code": "quotes",
	"severity": 4,
	"message": "Strings must use singlequote",
	"source": "eslint",
	"startLineNumber": 1185,
	"startColumn": 29,
	"endLineNumber": 1185,
	"endColumn": 29
},{
	"resource": "/c:/Users/basil/Desktop/material-kai-vision-platform/src/services/consolidatedPDFWorkflowService.ts",
	"owner": "eslint",
	"code": "no-console",
	"severity": 4,
	"message": "Unexpected console statement",
	"source": "eslint",
	"startLineNumber": 1189,
	"startColumn": 11,
	"endLineNumber": 1189,
	"endColumn": 11
},{
	"resource": "/c:/Users/basil/Desktop/material-kai-vision-platform/src/services/consolidatedPDFWorkflowService.ts",
	"owner": "eslint",
	"code": "no-console",
	"severity": 4,
	"message": "Unexpected console statement",
	"source": "eslint",
	"startLineNumber": 1195,
	"startColumn": 9,
	"endLineNumber": 1195,
	"endColumn": 9
},{
	"resource": "/c:/Users/basil/Desktop/material-kai-vision-platform/src/services/consolidatedPDFWorkflowService.ts",
	"owner": "eslint",
	"code": "no-console",
	"severity": 4,
	"message": "Unexpected console statement",
	"source": "eslint",
	"startLineNumber": 1200,
	"startColumn": 9,
	"endLineNumber": 1200,
	"endColumn": 9
},{
	"resource": "/c:/Users/basil/Desktop/material-kai-vision-platform/src/services/consolidatedPDFWorkflowService.ts",
	"owner": "eslint",
	"code": "no-console",
	"severity": 4,
	"message": "Unexpected console statement",
	"source": "eslint",
	"startLineNumber": 1204,
	"startColumn": 7,
	"endLineNumber": 1204,
	"endColumn": 7
},{
	"resource": "/c:/Users/basil/Desktop/material-kai-vision-platform/src/services/consolidatedPDFWorkflowService.ts",
	"owner": "eslint",
	"code": "no-console",
	"severity": 4,
	"message": "Unexpected console statement",
	"source": "eslint",
	"startLineNumber": 1205,
	"startColumn": 7,
	"endLineNumber": 1205,
	"endColumn": 7
},{
	"resource": "/c:/Users/basil/Desktop/material-kai-vision-platform/src/services/consolidatedPDFWorkflowService.ts",
	"owner": "eslint",
	"code": "quotes",
	"severity": 4,
	"message": "Strings must use singlequote",
	"source": "eslint",
	"startLineNumber": 1205,
	"startColumn": 19,
	"endLineNumber": 1205,
	"endColumn": 19
},{
	"resource": "/c:/Users/basil/Desktop/material-kai-vision-platform/src/services/consolidatedPDFWorkflowService.ts",
	"owner": "eslint",
	"code": "no-console",
	"severity": 4,
	"message": "Unexpected console statement",
	"source": "eslint",
	"startLineNumber": 1206,
	"startColumn": 7,
	"endLineNumber": 1206,
	"endColumn": 7
},{
	"resource": "/c:/Users/basil/Desktop/material-kai-vision-platform/src/services/consolidatedPDFWorkflowService.ts",
	"owner": "eslint",
	"code": "quotes",
	"severity": 4,
	"message": "Strings must use singlequote",
	"source": "eslint",
	"startLineNumber": 1206,
	"startColumn": 19,
	"endLineNumber": 1206,
	"endColumn": 19
},{
	"resource": "/c:/Users/basil/Desktop/material-kai-vision-platform/src/services/consolidatedPDFWorkflowService.ts",
	"owner": "eslint",
	"code": "comma-dangle",
	"severity": 4,
	"message": "Missing trailing comma",
	"source": "eslint",
	"startLineNumber": 1230,
	"startColumn": 26,
	"endLineNumber": 1230,
	"endColumn": 26
},{
	"resource": "/c:/Users/basil/Desktop/material-kai-vision-platform/src/services/consolidatedPDFWorkflowService.ts",
	"owner": "eslint",
	"code": "comma-dangle",
	"severity": 4,
	"message": "Missing trailing comma",
	"source": "eslint",
	"startLineNumber": 1231,
	"startColumn": 14,
	"endLineNumber": 1231,
	"endColumn": 14
},{
	"resource": "/c:/Users/basil/Desktop/material-kai-vision-platform/src/services/consolidatedPDFWorkflowService.ts",
	"owner": "eslint",
	"code": "no-console",
	"severity": 4,
	"message": "Unexpected console statement",
	"source": "eslint",
	"startLineNumber": 1235,
	"startColumn": 11,
	"endLineNumber": 1235,
	"endColumn": 11
},{
	"resource": "/c:/Users/basil/Desktop/material-kai-vision-platform/src/services/consolidatedPDFWorkflowService.ts",
	"owner": "eslint",
	"code": "no-console",
	"severity": 4,
	"message": "Unexpected console statement",
	"source": "eslint",
	"startLineNumber": 1237,
	"startColumn": 11,
	"endLineNumber": 1237,
	"endColumn": 11
},{
	"resource": "/c:/Users/basil/Desktop/material-kai-vision-platform/src/services/consolidatedPDFWorkflowService.ts",
	"owner": "eslint",
	"code": "no-console",
	"severity": 4,
	"message": "Unexpected console statement",
	"source": "eslint",
	"startLineNumber": 1240,
	"startColumn": 9,
	"endLineNumber": 1240,
	"endColumn": 9
},{
	"resource": "/c:/Users/basil/Desktop/material-kai-vision-platform/src/services/consolidatedPDFWorkflowService.ts",
	"owner": "eslint",
	"code": "no-console",
	"severity": 4,
	"message": "Unexpected console statement",
	"source": "eslint",
	"startLineNumber": 1248,
	"startColumn": 7,
	"endLineNumber": 1248,
	"endColumn": 7
},{
	"resource": "/c:/Users/basil/Desktop/material-kai-vision-platform/src/services/consolidatedPDFWorkflowService.ts",
	"owner": "eslint",
	"code": "comma-dangle",
	"severity": 4,
	"message": "Missing trailing comma",
	"source": "eslint",
	"startLineNumber": 1274,
	"startColumn": 28,
	"endLineNumber": 1274,
	"endColumn": 28
},{
	"resource": "/c:/Users/basil/Desktop/material-kai-vision-platform/src/services/consolidatedPDFWorkflowService.ts",
	"owner": "eslint",
	"code": "comma-dangle",
	"severity": 4,
	"message": "Missing trailing comma",
	"source": "eslint",
	"startLineNumber": 1275,
	"startColumn": 16,
	"endLineNumber": 1275,
	"endColumn": 16
},{
	"resource": "/c:/Users/basil/Desktop/material-kai-vision-platform/src/services/consolidatedPDFWorkflowService.ts",
	"owner": "eslint",
	"code": "no-console",
	"severity": 4,
	"message": "Unexpected console statement",
	"source": "eslint",
	"startLineNumber": 1284,
	"startColumn": 15,
	"endLineNumber": 1284,
	"endColumn": 15
},{
	"resource": "/c:/Users/basil/Desktop/material-kai-vision-platform/src/services/consolidatedPDFWorkflowService.ts",
	"owner": "eslint",
	"code": "comma-dangle",
	"severity": 4,
	"message": "Missing trailing comma",
	"source": "eslint",
	"startLineNumber": 1295,
	"startColumn": 18,
	"endLineNumber": 1295,
	"endColumn": 18
},{
	"resource": "/c:/Users/basil/Desktop/material-kai-vision-platform/src/services/consolidatedPDFWorkflowService.ts",
	"owner": "eslint",
	"code": "no-console",
	"severity": 4,
	"message": "Unexpected console statement",
	"source": "eslint",
	"startLineNumber": 1298,
	"startColumn": 15,
	"endLineNumber": 1298,
	"endColumn": 15
},{
	"resource": "/c:/Users/basil/Desktop/material-kai-vision-platform/src/services/consolidatedPDFWorkflowService.ts",
	"owner": "eslint",
	"code": "no-console",
	"severity": 4,
	"message": "Unexpected console statement",
	"source": "eslint",
	"startLineNumber": 1302,
	"startColumn": 15,
	"endLineNumber": 1302,
	"endColumn": 15
},{
	"resource": "/c:/Users/basil/Desktop/material-kai-vision-platform/src/services/consolidatedPDFWorkflowService.ts",
	"owner": "eslint",
	"code": "@typescript-eslint/no-explicit-any",
	"severity": 4,
	"message": "Unexpected any. Specify a different type",
	"source": "eslint",
	"startLineNumber": 1308,
	"startColumn": 39,
	"endLineNumber": 1308,
	"endColumn": 39
},{
	"resource": "/c:/Users/basil/Desktop/material-kai-vision-platform/src/services/consolidatedPDFWorkflowService.ts",
	"owner": "eslint",
	"code": "@typescript-eslint/no-explicit-any",
	"severity": 4,
	"message": "Unexpected any. Specify a different type",
	"source": "eslint",
	"startLineNumber": 1310,
	"startColumn": 37,
	"endLineNumber": 1310,
	"endColumn": 37
},{
	"resource": "/c:/Users/basil/Desktop/material-kai-vision-platform/src/services/consolidatedPDFWorkflowService.ts",
	"owner": "eslint",
	"code": "no-console",
	"severity": 4,
	"message": "Unexpected console statement",
	"source": "eslint",
	"startLineNumber": 1319,
	"startColumn": 15,
	"endLineNumber": 1319,
	"endColumn": 15
},{
	"resource": "/c:/Users/basil/Desktop/material-kai-vision-platform/src/services/consolidatedPDFWorkflowService.ts",
	"owner": "eslint",
	"code": "comma-dangle",
	"severity": 4,
	"message": "Missing trailing comma",
	"source": "eslint",
	"startLineNumber": 1336,
	"startColumn": 35,
	"endLineNumber": 1336,
	"endColumn": 35
},{
	"resource": "/c:/Users/basil/Desktop/material-kai-vision-platform/src/services/consolidatedPDFWorkflowService.ts",
	"owner": "eslint",
	"code": "no-console",
	"severity": 4,
	"message": "Unexpected console statement",
	"source": "eslint",
	"startLineNumber": 1343,
	"startColumn": 15,
	"endLineNumber": 1343,
	"endColumn": 15
},{
	"resource": "/c:/Users/basil/Desktop/material-kai-vision-platform/src/services/consolidatedPDFWorkflowService.ts",
	"owner": "eslint",
	"code": "no-console",
	"severity": 4,
	"message": "Unexpected console statement",
	"source": "eslint",
	"startLineNumber": 1350,
	"startColumn": 7,
	"endLineNumber": 1350,
	"endColumn": 7
},{
	"resource": "/c:/Users/basil/Desktop/material-kai-vision-platform/src/services/consolidatedPDFWorkflowService.ts",
	"owner": "eslint",
	"code": "no-console",
	"severity": 4,
	"message": "Unexpected console statement",
	"source": "eslint",
	"startLineNumber": 1371,
	"startColumn": 15,
	"endLineNumber": 1371,
	"endColumn": 15
},{
	"resource": "/c:/Users/basil/Desktop/material-kai-vision-platform/src/services/consolidatedPDFWorkflowService.ts",
	"owner": "eslint",
	"code": "comma-dangle",
	"severity": 4,
	"message": "Missing trailing comma",
	"source": "eslint",
	"startLineNumber": 1374,
	"startColumn": 30,
	"endLineNumber": 1374,
	"endColumn": 30
},{
	"resource": "/c:/Users/basil/Desktop/material-kai-vision-platform/src/services/consolidatedPDFWorkflowService.ts",
	"owner": "eslint",
	"code": "comma-dangle",
	"severity": 4,
	"message": "Missing trailing comma",
	"source": "eslint",
	"startLineNumber": 1382,
	"startColumn": 35,
	"endLineNumber": 1382,
	"endColumn": 35
},{
	"resource": "/c:/Users/basil/Desktop/material-kai-vision-platform/src/services/consolidatedPDFWorkflowService.ts",
	"owner": "eslint",
	"code": "no-console",
	"severity": 4,
	"message": "Unexpected console statement",
	"source": "eslint",
	"startLineNumber": 1384,
	"startColumn": 17,
	"endLineNumber": 1384,
	"endColumn": 17
},{
	"resource": "/c:/Users/basil/Desktop/material-kai-vision-platform/src/services/consolidatedPDFWorkflowService.ts",
	"owner": "eslint",
	"code": "no-console",
	"severity": 4,
	"message": "Unexpected console statement",
	"source": "eslint",
	"startLineNumber": 1387,
	"startColumn": 15,
	"endLineNumber": 1387,
	"endColumn": 15
},{
	"resource": "/c:/Users/basil/Desktop/material-kai-vision-platform/src/services/consolidatedPDFWorkflowService.ts",
	"owner": "eslint",
	"code": "no-console",
	"severity": 4,
	"message": "Unexpected console statement",
	"source": "eslint",
	"startLineNumber": 1391,
	"startColumn": 11,
	"endLineNumber": 1391,
	"endColumn": 11
},{
	"resource": "/c:/Users/basil/Desktop/material-kai-vision-platform/src/services/consolidatedPDFWorkflowService.ts",
	"owner": "eslint",
	"code": "quotes",
	"severity": 4,
	"message": "Strings must use singlequote",
	"source": "eslint",
	"startLineNumber": 1391,
	"startColumn": 23,
	"endLineNumber": 1391,
	"endColumn": 23
},{
	"resource": "/c:/Users/basil/Desktop/material-kai-vision-platform/src/services/consolidatedPDFWorkflowService.ts",
	"owner": "eslint",
	"code": "no-console",
	"severity": 4,
	"message": "Unexpected console statement",
	"source": "eslint",
	"startLineNumber": 1394,
	"startColumn": 9,
	"endLineNumber": 1394,
	"endColumn": 9
},{
	"resource": "/c:/Users/basil/Desktop/material-kai-vision-platform/src/services/consolidatedPDFWorkflowService.ts",
	"owner": "eslint",
	"code": "quotes",
	"severity": 4,
	"message": "Strings must use singlequote",
	"source": "eslint",
	"startLineNumber": 1394,
	"startColumn": 22,
	"endLineNumber": 1394,
	"endColumn": 22
},{
	"resource": "/c:/Users/basil/Desktop/material-kai-vision-platform/src/services/consolidatedPDFWorkflowService.ts",
	"owner": "eslint",
	"code": "no-console",
	"severity": 4,
	"message": "Unexpected console statement",
	"source": "eslint",
	"startLineNumber": 1399,
	"startColumn": 9,
	"endLineNumber": 1399,
	"endColumn": 9
},{
	"resource": "/c:/Users/basil/Desktop/material-kai-vision-platform/src/services/consolidatedPDFWorkflowService.ts",
	"owner": "eslint",
	"code": "no-console",
	"severity": 4,
	"message": "Unexpected console statement",
	"source": "eslint",
	"startLineNumber": 1405,
	"startColumn": 11,
	"endLineNumber": 1405,
	"endColumn": 11
},{
	"resource": "/c:/Users/basil/Desktop/material-kai-vision-platform/src/services/consolidatedPDFWorkflowService.ts",
	"owner": "eslint",
	"code": "comma-dangle",
	"severity": 4,
	"message": "Missing trailing comma",
	"source": "eslint",
	"startLineNumber": 1410,
	"startColumn": 37,
	"endLineNumber": 1410,
	"endColumn": 37
},{
	"resource": "/c:/Users/basil/Desktop/material-kai-vision-platform/src/services/consolidatedPDFWorkflowService.ts",
	"owner": "eslint",
	"code": "no-console",
	"severity": 4,
	"message": "Unexpected console statement",
	"source": "eslint",
	"startLineNumber": 1415,
	"startColumn": 13,
	"endLineNumber": 1415,
	"endColumn": 13
},{
	"resource": "/c:/Users/basil/Desktop/material-kai-vision-platform/src/services/consolidatedPDFWorkflowService.ts",
	"owner": "eslint",
	"code": "no-console",
	"severity": 4,
	"message": "Unexpected console statement",
	"source": "eslint",
	"startLineNumber": 1428,
	"startColumn": 15,
	"endLineNumber": 1428,
	"endColumn": 15
},{
	"resource": "/c:/Users/basil/Desktop/material-kai-vision-platform/src/services/consolidatedPDFWorkflowService.ts",
	"owner": "eslint",
	"code": "no-console",
	"severity": 4,
	"message": "Unexpected console statement",
	"source": "eslint",
	"startLineNumber": 1432,
	"startColumn": 15,
	"endLineNumber": 1432,
	"endColumn": 15
},{
	"resource": "/c:/Users/basil/Desktop/material-kai-vision-platform/src/services/consolidatedPDFWorkflowService.ts",
	"owner": "eslint",
	"code": "comma-dangle",
	"severity": 4,
	"message": "Missing trailing comma",
	"source": "eslint",
	"startLineNumber": 1463,
	"startColumn": 25,
	"endLineNumber": 1463,
	"endColumn": 25
},{
	"resource": "/c:/Users/basil/Desktop/material-kai-vision-platform/src/services/consolidatedPDFWorkflowService.ts",
	"owner": "eslint",
	"code": "comma-dangle",
	"severity": 4,
	"message": "Missing trailing comma",
	"source": "eslint",
	"startLineNumber": 1473,
	"startColumn": 60,
	"endLineNumber": 1473,
	"endColumn": 60
},{
	"resource": "/c:/Users/basil/Desktop/material-kai-vision-platform/src/services/consolidatedPDFWorkflowService.ts",
	"owner": "eslint",
	"code": "no-console",
	"severity": 4,
	"message": "Unexpected console statement",
	"source": "eslint",
	"startLineNumber": 1477,
	"startColumn": 13,
	"endLineNumber": 1477,
	"endColumn": 13
},{
	"resource": "/c:/Users/basil/Desktop/material-kai-vision-platform/src/services/consolidatedPDFWorkflowService.ts",
	"owner": "eslint",
	"code": "no-console",
	"severity": 4,
	"message": "Unexpected console statement",
	"source": "eslint",
	"startLineNumber": 1480,
	"startColumn": 13,
	"endLineNumber": 1480,
	"endColumn": 13
},{
	"resource": "/c:/Users/basil/Desktop/material-kai-vision-platform/src/services/consolidatedPDFWorkflowService.ts",
	"owner": "eslint",
	"code": "no-console",
	"severity": 4,
	"message": "Unexpected console statement",
	"source": "eslint",
	"startLineNumber": 1484,
	"startColumn": 9,
	"endLineNumber": 1484,
	"endColumn": 9
},{
	"resource": "/c:/Users/basil/Desktop/material-kai-vision-platform/src/services/consolidatedPDFWorkflowService.ts",
	"owner": "eslint",
	"code": "quotes",
	"severity": 4,
	"message": "Strings must use singlequote",
	"source": "eslint",
	"startLineNumber": 1484,
	"startColumn": 21,
	"endLineNumber": 1484,
	"endColumn": 21
},{
	"resource": "/c:/Users/basil/Desktop/material-kai-vision-platform/src/services/consolidatedPDFWorkflowService.ts",
	"owner": "eslint",
	"code": "no-console",
	"severity": 4,
	"message": "Unexpected console statement",
	"source": "eslint",
	"startLineNumber": 1488,
	"startColumn": 7,
	"endLineNumber": 1488,
	"endColumn": 7
},{
	"resource": "/c:/Users/basil/Desktop/material-kai-vision-platform/src/services/consolidatedPDFWorkflowService.ts",
	"owner": "eslint",
	"code": "@typescript-eslint/no-explicit-any",
	"severity": 4,
	"message": "Unexpected any. Specify a different type",
	"source": "eslint",
	"startLineNumber": 1498,
	"startColumn": 41,
	"endLineNumber": 1498,
	"endColumn": 41
},{
	"resource": "/c:/Users/basil/Desktop/material-kai-vision-platform/src/services/consolidatedPDFWorkflowService.ts",
	"owner": "eslint",
	"code": "no-console",
	"severity": 4,
	"message": "Unexpected console statement",
	"source": "eslint",
	"startLineNumber": 1513,
	"startColumn": 19,
	"endLineNumber": 1513,
	"endColumn": 19
},{
	"resource": "/c:/Users/basil/Desktop/material-kai-vision-platform/src/services/consolidatedPDFWorkflowService.ts",
	"owner": "eslint",
	"code": "no-console",
	"severity": 4,
	"message": "Unexpected console statement",
	"source": "eslint",
	"startLineNumber": 1517,
	"startColumn": 17,
	"endLineNumber": 1517,
	"endColumn": 17
},{
	"resource": "/c:/Users/basil/Desktop/material-kai-vision-platform/src/services/consolidatedPDFWorkflowService.ts",
	"owner": "eslint",
	"code": "comma-dangle",
	"severity": 4,
	"message": "Missing trailing comma",
	"source": "eslint",
	"startLineNumber": 1520,
	"startColumn": 32,
	"endLineNumber": 1520,
	"endColumn": 32
},{
	"resource": "/c:/Users/basil/Desktop/material-kai-vision-platform/src/services/consolidatedPDFWorkflowService.ts",
	"owner": "eslint",
	"code": "comma-dangle",
	"severity": 4,
	"message": "Missing trailing comma",
	"source": "eslint",
	"startLineNumber": 1528,
	"startColumn": 38,
	"endLineNumber": 1528,
	"endColumn": 38
},{
	"resource": "/c:/Users/basil/Desktop/material-kai-vision-platform/src/services/consolidatedPDFWorkflowService.ts",
	"owner": "eslint",
	"code": "no-console",
	"severity": 4,
	"message": "Unexpected console statement",
	"source": "eslint",
	"startLineNumber": 1530,
	"startColumn": 19,
	"endLineNumber": 1530,
	"endColumn": 19
},{
	"resource": "/c:/Users/basil/Desktop/material-kai-vision-platform/src/services/consolidatedPDFWorkflowService.ts",
	"owner": "eslint",
	"code": "no-console",
	"severity": 4,
	"message": "Unexpected console statement",
	"source": "eslint",
	"startLineNumber": 1533,
	"startColumn": 17,
	"endLineNumber": 1533,
	"endColumn": 17
},{
	"resource": "/c:/Users/basil/Desktop/material-kai-vision-platform/src/services/consolidatedPDFWorkflowService.ts",
	"owner": "eslint",
	"code": "no-console",
	"severity": 4,
	"message": "Unexpected console statement",
	"source": "eslint",
	"startLineNumber": 1537,
	"startColumn": 11,
	"endLineNumber": 1537,
	"endColumn": 11
},{
	"resource": "/c:/Users/basil/Desktop/material-kai-vision-platform/src/services/consolidatedPDFWorkflowService.ts",
	"owner": "eslint",
	"code": "quotes",
	"severity": 4,
	"message": "Strings must use singlequote",
	"source": "eslint",
	"startLineNumber": 1537,
	"startColumn": 23,
	"endLineNumber": 1537,
	"endColumn": 23
},{
	"resource": "/c:/Users/basil/Desktop/material-kai-vision-platform/src/services/consolidatedPDFWorkflowService.ts",
	"owner": "eslint",
	"code": "no-console",
	"severity": 4,
	"message": "Unexpected console statement",
	"source": "eslint",
	"startLineNumber": 1540,
	"startColumn": 9,
	"endLineNumber": 1540,
	"endColumn": 9
},{
	"resource": "/c:/Users/basil/Desktop/material-kai-vision-platform/src/services/consolidatedPDFWorkflowService.ts",
	"owner": "eslint",
	"code": "quotes",
	"severity": 4,
	"message": "Strings must use singlequote",
	"source": "eslint",
	"startLineNumber": 1540,
	"startColumn": 22,
	"endLineNumber": 1540,
	"endColumn": 22
},{
	"resource": "/c:/Users/basil/Desktop/material-kai-vision-platform/src/services/consolidatedPDFWorkflowService.ts",
	"owner": "eslint",
	"code": "no-console",
	"severity": 4,
	"message": "Unexpected console statement",
	"source": "eslint",
	"startLineNumber": 1543,
	"startColumn": 7,
	"endLineNumber": 1543,
	"endColumn": 7
},{
	"resource": "/c:/Users/basil/Desktop/material-kai-vision-platform/src/services/consolidatedPDFWorkflowService.ts",
	"owner": "eslint",
	"code": "no-console",
	"severity": 4,
	"message": "Unexpected console statement",
	"source": "eslint",
	"startLineNumber": 1547,
	"startColumn": 9,
	"endLineNumber": 1547,
	"endColumn": 9
},{
	"resource": "/c:/Users/basil/Desktop/material-kai-vision-platform/src/services/consolidatedPDFWorkflowService.ts",
	"owner": "eslint",
	"code": "no-console",
	"severity": 4,
	"message": "Unexpected console statement",
	"source": "eslint",
	"startLineNumber": 1548,
	"startColumn": 9,
	"endLineNumber": 1548,
	"endColumn": 9
},{
	"resource": "/c:/Users/basil/Desktop/material-kai-vision-platform/src/services/consolidatedPDFWorkflowService.ts",
	"owner": "eslint",
	"code": "quotes",
	"severity": 4,
	"message": "Strings must use singlequote",
	"source": "eslint",
	"startLineNumber": 1548,
	"startColumn": 22,
	"endLineNumber": 1548,
	"endColumn": 22
},{
	"resource": "/c:/Users/basil/Desktop/material-kai-vision-platform/src/services/consolidatedPDFWorkflowService.ts",
	"owner": "eslint",
	"code": "no-console",
	"severity": 4,
	"message": "Unexpected console statement",
	"source": "eslint",
	"startLineNumber": 1549,
	"startColumn": 9,
	"endLineNumber": 1549,
	"endColumn": 9
},{
	"resource": "/c:/Users/basil/Desktop/material-kai-vision-platform/src/services/consolidatedPDFWorkflowService.ts",
	"owner": "eslint",
	"code": "quotes",
	"severity": 4,
	"message": "Strings must use singlequote",
	"source": "eslint",
	"startLineNumber": 1549,
	"startColumn": 22,
	"endLineNumber": 1549,
	"endColumn": 22
},{
	"resource": "/c:/Users/basil/Desktop/material-kai-vision-platform/src/services/consolidatedPDFWorkflowService.ts",
	"owner": "eslint",
	"code": "no-console",
	"severity": 4,
	"message": "Unexpected console statement",
	"source": "eslint",
	"startLineNumber": 1551,
	"startColumn": 9,
	"endLineNumber": 1551,
	"endColumn": 9
},{
	"resource": "/c:/Users/basil/Desktop/material-kai-vision-platform/src/services/consolidatedPDFWorkflowService.ts",
	"owner": "eslint",
	"code": "no-console",
	"severity": 4,
	"message": "Unexpected console statement",
	"source": "eslint",
	"startLineNumber": 1555,
	"startColumn": 7,
	"endLineNumber": 1555,
	"endColumn": 7
},{
	"resource": "/c:/Users/basil/Desktop/material-kai-vision-platform/src/services/consolidatedPDFWorkflowService.ts",
	"owner": "eslint",
	"code": "no-console",
	"severity": 4,
	"message": "Unexpected console statement",
	"source": "eslint",
	"startLineNumber": 1562,
	"startColumn": 11,
	"endLineNumber": 1562,
	"endColumn": 11
},{
	"resource": "/c:/Users/basil/Desktop/material-kai-vision-platform/src/services/consolidatedPDFWorkflowService.ts",
	"owner": "eslint",
	"code": "no-console",
	"severity": 4,
	"message": "Unexpected console statement",
	"source": "eslint",
	"startLineNumber": 1565,
	"startColumn": 11,
	"endLineNumber": 1565,
	"endColumn": 11
},{
	"resource": "/c:/Users/basil/Desktop/material-kai-vision-platform/src/services/consolidatedPDFWorkflowService.ts",
	"owner": "eslint",
	"code": "no-console",
	"severity": 4,
	"message": "Unexpected console statement",
	"source": "eslint",
	"startLineNumber": 1578,
	"startColumn": 13,
	"endLineNumber": 1578,
	"endColumn": 13
},{
	"resource": "/c:/Users/basil/Desktop/material-kai-vision-platform/src/services/consolidatedPDFWorkflowService.ts",
	"owner": "eslint",
	"code": "no-console",
	"severity": 4,
	"message": "Unexpected console statement",
	"source": "eslint",
	"startLineNumber": 1580,
	"startColumn": 13,
	"endLineNumber": 1580,
	"endColumn": 13
},{
	"resource": "/c:/Users/basil/Desktop/material-kai-vision-platform/src/services/consolidatedPDFWorkflowService.ts",
	"owner": "eslint",
	"code": "no-console",
	"severity": 4,
	"message": "Unexpected console statement",
	"source": "eslint",
	"startLineNumber": 1582,
	"startColumn": 13,
	"endLineNumber": 1582,
	"endColumn": 13
},{
	"resource": "/c:/Users/basil/Desktop/material-kai-vision-platform/src/services/consolidatedPDFWorkflowService.ts",
	"owner": "eslint",
	"code": "no-console",
	"severity": 4,
	"message": "Unexpected console statement",
	"source": "eslint",
	"startLineNumber": 1586,
	"startColumn": 9,
	"endLineNumber": 1586,
	"endColumn": 9
},{
	"resource": "/c:/Users/basil/Desktop/material-kai-vision-platform/src/services/consolidatedPDFWorkflowService.ts",
	"owner": "eslint",
	"code": "no-console",
	"severity": 4,
	"message": "Unexpected console statement",
	"source": "eslint",
	"startLineNumber": 1591,
	"startColumn": 7,
	"endLineNumber": 1591,
	"endColumn": 7
},{
	"resource": "/c:/Users/basil/Desktop/material-kai-vision-platform/src/services/consolidatedPDFWorkflowService.ts",
	"owner": "eslint",
	"code": "quotes",
	"severity": 4,
	"message": "Strings must use singlequote",
	"source": "eslint",
	"startLineNumber": 1591,
	"startColumn": 19,
	"endLineNumber": 1591,
	"endColumn": 19
},{
	"resource": "/c:/Users/basil/Desktop/material-kai-vision-platform/src/services/consolidatedPDFWorkflowService.ts",
	"owner": "eslint",
	"code": "comma-dangle",
	"severity": 4,
	"message": "Missing trailing comma",
	"source": "eslint",
	"startLineNumber": 1613,
	"startColumn": 33,
	"endLineNumber": 1613,
	"endColumn": 33
},{
	"resource": "/c:/Users/basil/Desktop/material-kai-vision-platform/src/services/consolidatedPDFWorkflowService.ts",
	"owner": "eslint",
	"code": "comma-dangle",
	"severity": 4,
	"message": "Missing trailing comma",
	"source": "eslint",
	"startLineNumber": 1614,
	"startColumn": 16,
	"endLineNumber": 1614,
	"endColumn": 16
},{
	"resource": "/c:/Users/basil/Desktop/material-kai-vision-platform/src/services/consolidatedPDFWorkflowService.ts",
	"owner": "eslint",
	"code": "no-console",
	"severity": 4,
	"message": "Unexpected console statement",
	"source": "eslint",
	"startLineNumber": 1618,
	"startColumn": 13,
	"endLineNumber": 1618,
	"endColumn": 13
},{
	"resource": "/c:/Users/basil/Desktop/material-kai-vision-platform/src/services/consolidatedPDFWorkflowService.ts",
	"owner": "eslint",
	"code": "no-console",
	"severity": 4,
	"message": "Unexpected console statement",
	"source": "eslint",
	"startLineNumber": 1622,
	"startColumn": 9,
	"endLineNumber": 1622,
	"endColumn": 9
},{
	"resource": "/c:/Users/basil/Desktop/material-kai-vision-platform/src/services/consolidatedPDFWorkflowService.ts",
	"owner": "eslint",
	"code": "comma-dangle",
	"severity": 4,
	"message": "Missing trailing comma",
	"source": "eslint",
	"startLineNumber": 1630,
	"startColumn": 24,
	"endLineNumber": 1630,
	"endColumn": 24
},{
	"resource": "/c:/Users/basil/Desktop/material-kai-vision-platform/src/services/consolidatedPDFWorkflowService.ts",
	"owner": "eslint",
	"code": "no-console",
	"severity": 4,
	"message": "Unexpected console statement",
	"source": "eslint",
	"startLineNumber": 1634,
	"startColumn": 7,
	"endLineNumber": 1634,
	"endColumn": 7
},{
	"resource": "/c:/Users/basil/Desktop/material-kai-vision-platform/src/services/consolidatedPDFWorkflowService.ts",
	"owner": "eslint",
	"code": "@typescript-eslint/no-explicit-any",
	"severity": 4,
	"message": "Unexpected any. Specify a different type",
	"source": "eslint",
	"startLineNumber": 1642,
	"startColumn": 37,
	"endLineNumber": 1642,
	"endColumn": 37
},{
	"resource": "/c:/Users/basil/Desktop/material-kai-vision-platform/src/services/consolidatedPDFWorkflowService.ts",
	"owner": "eslint",
	"code": "@typescript-eslint/no-explicit-any",
	"severity": 4,
	"message": "Unexpected any. Specify a different type",
	"source": "eslint",
	"startLineNumber": 1668,
	"startColumn": 80,
	"endLineNumber": 1668,
	"endColumn": 80
},{
	"resource": "/c:/Users/basil/Desktop/material-kai-vision-platform/src/services/consolidatedPDFWorkflowService.ts",
	"owner": "eslint",
	"code": "no-console",
	"severity": 4,
	"message": "Unexpected console statement",
	"source": "eslint",
	"startLineNumber": 1677,
	"startColumn": 9,
	"endLineNumber": 1677,
	"endColumn": 9
},{
	"resource": "/c:/Users/basil/Desktop/material-kai-vision-platform/src/services/consolidatedPDFWorkflowService.ts",
	"owner": "eslint",
	"code": "comma-dangle",
	"severity": 4,
	"message": "Missing trailing comma",
	"source": "eslint",
	"startLineNumber": 1685,
	"startColumn": 112,
	"endLineNumber": 1685,
	"endColumn": 112
},{
	"resource": "/c:/Users/basil/Desktop/material-kai-vision-platform/src/services/consolidatedPDFWorkflowService.ts",
	"owner": "eslint",
	"code": "quotes",
	"severity": 4,
	"message": "Strings must use singlequote",
	"source": "eslint",
	"startLineNumber": 1747,
	"startColumn": 17,
	"endLineNumber": 1747,
	"endColumn": 17
},{
	"resource": "/c:/Users/basil/Desktop/material-kai-vision-platform/src/services/consolidatedPDFWorkflowService.ts",
	"owner": "eslint",
	"code": "no-console",
	"severity": 4,
	"message": "Unexpected console statement",
	"source": "eslint",
	"startLineNumber": 1758,
	"startColumn": 17,
	"endLineNumber": 1758,
	"endColumn": 17
},{
	"resource": "/c:/Users/basil/Desktop/material-kai-vision-platform/src/services/consolidatedPDFWorkflowService.ts",
	"owner": "eslint",
	"code": "comma-dangle",
	"severity": 4,
	"message": "Missing trailing comma",
	"source": "eslint",
	"startLineNumber": 1775,
	"startColumn": 39,
	"endLineNumber": 1775,
	"endColumn": 39
},{
	"resource": "/c:/Users/basil/Desktop/material-kai-vision-platform/src/services/consolidatedPDFWorkflowService.ts",
	"owner": "eslint",
	"code": "comma-dangle",
	"severity": 4,
	"message": "Missing trailing comma",
	"source": "eslint",
	"startLineNumber": 1776,
	"startColumn": 22,
	"endLineNumber": 1776,
	"endColumn": 22
},{
	"resource": "/c:/Users/basil/Desktop/material-kai-vision-platform/src/services/consolidatedPDFWorkflowService.ts",
	"owner": "eslint",
	"code": "comma-dangle",
	"severity": 4,
	"message": "Missing trailing comma",
	"source": "eslint",
	"startLineNumber": 1785,
	"startColumn": 49,
	"endLineNumber": 1785,
	"endColumn": 49
},{
	"resource": "/c:/Users/basil/Desktop/material-kai-vision-platform/src/services/consolidatedPDFWorkflowService.ts",
	"owner": "eslint",
	"code": "no-console",
	"severity": 4,
	"message": "Unexpected console statement",
	"source": "eslint",
	"startLineNumber": 1788,
	"startColumn": 19,
	"endLineNumber": 1788,
	"endColumn": 19
},{
	"resource": "/c:/Users/basil/Desktop/material-kai-vision-platform/src/services/consolidatedPDFWorkflowService.ts",
	"owner": "eslint",
	"code": "comma-dangle",
	"severity": 4,
	"message": "Missing trailing comma",
	"source": "eslint",
	"startLineNumber": 1791,
	"startColumn": 87,
	"endLineNumber": 1791,
	"endColumn": 87
},{
	"resource": "/c:/Users/basil/Desktop/material-kai-vision-platform/src/services/consolidatedPDFWorkflowService.ts",
	"owner": "eslint",
	"code": "comma-dangle",
	"severity": 4,
	"message": "Missing trailing comma",
	"source": "eslint",
	"startLineNumber": 1796,
	"startColumn": 79,
	"endLineNumber": 1796,
	"endColumn": 79
},{
	"resource": "/c:/Users/basil/Desktop/material-kai-vision-platform/src/services/consolidatedPDFWorkflowService.ts",
	"owner": "eslint",
	"code": "quotes",
	"severity": 4,
	"message": "Strings must use singlequote",
	"source": "eslint",
	"startLineNumber": 1807,
	"startColumn": 23,
	"endLineNumber": 1807,
	"endColumn": 23
},{
	"resource": "/c:/Users/basil/Desktop/material-kai-vision-platform/src/services/consolidatedPDFWorkflowService.ts",
	"owner": "eslint",
	"code": "no-console",
	"severity": 4,
	"message": "Unexpected console statement",
	"source": "eslint",
	"startLineNumber": 1817,
	"startColumn": 17,
	"endLineNumber": 1817,
	"endColumn": 17
},{
	"resource": "/c:/Users/basil/Desktop/material-kai-vision-platform/src/services/consolidatedPDFWorkflowService.ts",
	"owner": "eslint",
	"code": "no-console",
	"severity": 4,
	"message": "Unexpected console statement",
	"source": "eslint",
	"startLineNumber": 1905,
	"startColumn": 13,
	"endLineNumber": 1905,
	"endColumn": 13
},{
	"resource": "/c:/Users/basil/Desktop/material-kai-vision-platform/src/services/consolidatedPDFWorkflowService.ts",
	"owner": "eslint",
	"code": "no-console",
	"severity": 4,
	"message": "Unexpected console statement",
	"source": "eslint",
	"startLineNumber": 1907,
	"startColumn": 13,
	"endLineNumber": 1907,
	"endColumn": 13
},{
	"resource": "/c:/Users/basil/Desktop/material-kai-vision-platform/src/services/consolidatedPDFWorkflowService.ts",
	"owner": "eslint",
	"code": "no-console",
	"severity": 4,
	"message": "Unexpected console statement",
	"source": "eslint",
	"startLineNumber": 1910,
	"startColumn": 11,
	"endLineNumber": 1910,
	"endColumn": 11
},{
	"resource": "/c:/Users/basil/Desktop/material-kai-vision-platform/src/services/consolidatedPDFWorkflowService.ts",
	"owner": "eslint",
	"code": "no-console",
	"severity": 4,
	"message": "Unexpected console statement",
	"source": "eslint",
	"startLineNumber": 1918,
	"startColumn": 9,
	"endLineNumber": 1918,
	"endColumn": 9
},{
	"resource": "/c:/Users/basil/Desktop/material-kai-vision-platform/src/services/consolidatedPDFWorkflowService.ts",
	"owner": "eslint",
	"code": "quotes",
	"severity": 4,
	"message": "Strings must use singlequote",
	"source": "eslint",
	"startLineNumber": 1927,
	"startColumn": 13,
	"endLineNumber": 1927,
	"endColumn": 13
},{
	"resource": "/c:/Users/basil/Desktop/material-kai-vision-platform/src/services/consolidatedPDFWorkflowService.ts",
	"owner": "eslint",
	"code": "@typescript-eslint/no-explicit-any",
	"severity": 4,
	"message": "Unexpected any. Specify a different type",
	"source": "eslint",
	"startLineNumber": 1960,
	"startColumn": 65,
	"endLineNumber": 1960,
	"endColumn": 65
},{
	"resource": "/c:/Users/basil/Desktop/material-kai-vision-platform/src/services/consolidatedPDFWorkflowService.ts",
	"owner": "eslint",
	"code": "@typescript-eslint/no-explicit-any",
	"severity": 4,
	"message": "Unexpected any. Specify a different type",
	"source": "eslint",
	"startLineNumber": 1960,
	"startColumn": 79,
	"endLineNumber": 1960,
	"endColumn": 79
},{
	"resource": "/c:/Users/basil/Desktop/material-kai-vision-platform/src/services/consolidatedPDFWorkflowService.ts",
	"owner": "eslint",
	"code": "@typescript-eslint/no-explicit-any",
	"severity": 4,
	"message": "Unexpected any. Specify a different type",
	"source": "eslint",
	"startLineNumber": 1961,
	"startColumn": 41,
	"endLineNumber": 1961,
	"endColumn": 41
},{
	"resource": "/c:/Users/basil/Desktop/material-kai-vision-platform/src/services/consolidatedPDFWorkflowService.ts",
	"owner": "eslint",
	"code": "@typescript-eslint/no-explicit-any",
	"severity": 4,
	"message": "Unexpected any. Specify a different type",
	"source": "eslint",
	"startLineNumber": 1962,
	"startColumn": 41,
	"endLineNumber": 1962,
	"endColumn": 41
},{
	"resource": "/c:/Users/basil/Desktop/material-kai-vision-platform/src/services/consolidatedPDFWorkflowService.ts",
	"owner": "eslint",
	"code": "no-console",
	"severity": 4,
	"message": "Unexpected console statement",
	"source": "eslint",
	"startLineNumber": 1974,
	"startColumn": 9,
	"endLineNumber": 1974,
	"endColumn": 9
},{
	"resource": "/c:/Users/basil/Desktop/material-kai-vision-platform/src/services/consolidatedPDFWorkflowService.ts",
	"owner": "eslint",
	"code": "no-console",
	"severity": 4,
	"message": "Unexpected console statement",
	"source": "eslint",
	"startLineNumber": 1978,
	"startColumn": 7,
	"endLineNumber": 1978,
	"endColumn": 7
},{
	"resource": "/c:/Users/basil/Desktop/material-kai-vision-platform/src/services/consolidatedPDFWorkflowService.ts",
	"owner": "eslint",
	"code": "quotes",
	"severity": 4,
	"message": "Strings must use singlequote",
	"source": "eslint",
	"startLineNumber": 1978,
	"startColumn": 19,
	"endLineNumber": 1978,
	"endColumn": 19
},{
	"resource": "/c:/Users/basil/Desktop/material-kai-vision-platform/src/services/consolidatedPDFWorkflowService.ts",
	"owner": "eslint",
	"code": "comma-dangle",
	"severity": 4,
	"message": "Missing trailing comma",
	"source": "eslint",
	"startLineNumber": 1982,
	"startColumn": 44,
	"endLineNumber": 1982,
	"endColumn": 44
},{
	"resource": "/c:/Users/basil/Desktop/material-kai-vision-platform/src/services/consolidatedPDFWorkflowService.ts",
	"owner": "eslint",
	"code": "comma-dangle",
	"severity": 4,
	"message": "Missing trailing comma",
	"source": "eslint",
	"startLineNumber": 1993,
	"startColumn": 18,
	"endLineNumber": 1993,
	"endColumn": 18
},{
	"resource": "/c:/Users/basil/Desktop/material-kai-vision-platform/src/services/consolidatedPDFWorkflowService.ts",
	"owner": "eslint",
	"code": "comma-dangle",
	"severity": 4,
	"message": "Missing trailing comma",
	"source": "eslint",
	"startLineNumber": 1995,
	"startColumn": 34,
	"endLineNumber": 1995,
	"endColumn": 34
},{
	"resource": "/c:/Users/basil/Desktop/material-kai-vision-platform/src/services/consolidatedPDFWorkflowService.ts",
	"owner": "eslint",
	"code": "no-console",
	"severity": 4,
	"message": "Unexpected console statement",
	"source": "eslint",
	"startLineNumber": 2000,
	"startColumn": 7,
	"endLineNumber": 2000,
	"endColumn": 7
},{
	"resource": "/c:/Users/basil/Desktop/material-kai-vision-platform/src/services/consolidatedPDFWorkflowService.ts",
	"owner": "eslint",
	"code": "quotes",
	"severity": 4,
	"message": "Strings must use singlequote",
	"source": "eslint",
	"startLineNumber": 2000,
	"startColumn": 19,
	"endLineNumber": 2000,
	"endColumn": 19
},{
	"resource": "/c:/Users/basil/Desktop/material-kai-vision-platform/src/services/consolidatedPDFWorkflowService.ts",
	"owner": "eslint",
	"code": "comma-dangle",
	"severity": 4,
	"message": "Missing trailing comma",
	"source": "eslint",
	"startLineNumber": 2004,
	"startColumn": 44,
	"endLineNumber": 2004,
	"endColumn": 44
},{
	"resource": "/c:/Users/basil/Desktop/material-kai-vision-platform/src/services/consolidatedPDFWorkflowService.ts",
	"owner": "eslint",
	"code": "no-console",
	"severity": 4,
	"message": "Unexpected console statement",
	"source": "eslint",
	"startLineNumber": 2020,
	"startColumn": 7,
	"endLineNumber": 2020,
	"endColumn": 7
},{
	"resource": "/c:/Users/basil/Desktop/material-kai-vision-platform/src/services/consolidatedPDFWorkflowService.ts",
	"owner": "eslint",
	"code": "no-console",
	"severity": 4,
	"message": "Unexpected console statement",
	"source": "eslint",
	"startLineNumber": 2025,
	"startColumn": 9,
	"endLineNumber": 2025,
	"endColumn": 9
},{
	"resource": "/c:/Users/basil/Desktop/material-kai-vision-platform/src/services/consolidatedPDFWorkflowService.ts",
	"owner": "eslint",
	"code": "no-console",
	"severity": 4,
	"message": "Unexpected console statement",
	"source": "eslint",
	"startLineNumber": 2031,
	"startColumn": 9,
	"endLineNumber": 2031,
	"endColumn": 9
},{
	"resource": "/c:/Users/basil/Desktop/material-kai-vision-platform/src/services/consolidatedPDFWorkflowService.ts",
	"owner": "eslint",
	"code": "no-console",
	"severity": 4,
	"message": "Unexpected console statement",
	"source": "eslint",
	"startLineNumber": 2037,
	"startColumn": 9,
	"endLineNumber": 2037,
	"endColumn": 9
},{
	"resource": "/c:/Users/basil/Desktop/material-kai-vision-platform/src/services/consolidatedPDFWorkflowService.ts",
	"owner": "eslint",
	"code": "no-console",
	"severity": 4,
	"message": "Unexpected console statement",
	"source": "eslint",
	"startLineNumber": 2043,
	"startColumn": 7,
	"endLineNumber": 2043,
	"endColumn": 7
},{
	"resource": "/c:/Users/basil/Desktop/material-kai-vision-platform/src/services/consolidatedPDFWorkflowService.ts",
	"owner": "eslint",
	"code": "@typescript-eslint/no-explicit-any",
	"severity": 4,
	"message": "Unexpected any. Specify a different type",
	"source": "eslint",
	"startLineNumber": 2052,
	"startColumn": 13,
	"endLineNumber": 2052,
	"endColumn": 13
},{
	"resource": "/c:/Users/basil/Desktop/material-kai-vision-platform/src/services/consolidatedPDFWorkflowService.ts",
	"owner": "eslint",
	"code": "@typescript-eslint/no-explicit-any",
	"severity": 4,
	"message": "Unexpected any. Specify a different type",
	"source": "eslint",
	"startLineNumber": 2053,
	"startColumn": 13,
	"endLineNumber": 2053,
	"endColumn": 13
},{
	"resource": "/c:/Users/basil/Desktop/material-kai-vision-platform/src/services/consolidatedPDFWorkflowService.ts",
	"owner": "eslint",
	"code": "comma-dangle",
	"severity": 4,
	"message": "Missing trailing comma",
	"source": "eslint",
	"startLineNumber": 2054,
	"startColumn": 78,
	"endLineNumber": 2054,
	"endColumn": 78
},{
	"resource": "/c:/Users/basil/Desktop/material-kai-vision-platform/src/services/consolidatedPDFWorkflowService.ts",
	"owner": "eslint",
	"code": "no-console",
	"severity": 4,
	"message": "Unexpected console statement",
	"source": "eslint",
	"startLineNumber": 2059,
	"startColumn": 5,
	"endLineNumber": 2059,
	"endColumn": 5
},{
	"resource": "/c:/Users/basil/Desktop/material-kai-vision-platform/src/services/consolidatedPDFWorkflowService.ts",
	"owner": "eslint",
	"code": "quotes",
	"severity": 4,
	"message": "Strings must use singlequote",
	"source": "eslint",
	"startLineNumber": 2059,
	"startColumn": 17,
	"endLineNumber": 2059,
	"endColumn": 17
},{
	"resource": "/c:/Users/basil/Desktop/material-kai-vision-platform/src/services/consolidatedPDFWorkflowService.ts",
	"owner": "eslint",
	"code": "no-console",
	"severity": 4,
	"message": "Unexpected console statement",
	"source": "eslint",
	"startLineNumber": 2060,
	"startColumn": 5,
	"endLineNumber": 2060,
	"endColumn": 5
},{
	"resource": "/c:/Users/basil/Desktop/material-kai-vision-platform/src/services/consolidatedPDFWorkflowService.ts",
	"owner": "eslint",
	"code": "no-console",
	"severity": 4,
	"message": "Unexpected console statement",
	"source": "eslint",
	"startLineNumber": 2061,
	"startColumn": 5,
	"endLineNumber": 2061,
	"endColumn": 5
},{
	"resource": "/c:/Users/basil/Desktop/material-kai-vision-platform/src/services/consolidatedPDFWorkflowService.ts",
	"owner": "eslint",
	"code": "no-console",
	"severity": 4,
	"message": "Unexpected console statement",
	"source": "eslint",
	"startLineNumber": 2062,
	"startColumn": 5,
	"endLineNumber": 2062,
	"endColumn": 5
},{
	"resource": "/c:/Users/basil/Desktop/material-kai-vision-platform/src/services/consolidatedPDFWorkflowService.ts",
	"owner": "eslint",
	"code": "@typescript-eslint/no-explicit-any",
	"severity": 4,
	"message": "Unexpected any. Specify a different type",
	"source": "eslint",
	"startLineNumber": 2090,
	"startColumn": 35,
	"endLineNumber": 2090,
	"endColumn": 35
},{
	"resource": "/c:/Users/basil/Desktop/material-kai-vision-platform/src/services/consolidatedPDFWorkflowService.ts",
	"owner": "eslint",
	"code": "comma-dangle",
	"severity": 4,
	"message": "Missing trailing comma",
	"source": "eslint",
	"startLineNumber": 2091,
	"startColumn": 29,
	"endLineNumber": 2091,
	"endColumn": 29
},{
	"resource": "/c:/Users/basil/Desktop/material-kai-vision-platform/src/services/consolidatedPDFWorkflowService.ts",
	"owner": "eslint",
	"code": "no-console",
	"severity": 4,
	"message": "Unexpected console statement",
	"source": "eslint",
	"startLineNumber": 2095,
	"startColumn": 13,
	"endLineNumber": 2095,
	"endColumn": 13
},{
	"resource": "/c:/Users/basil/Desktop/material-kai-vision-platform/src/services/consolidatedPDFWorkflowService.ts",
	"owner": "eslint",
	"code": "no-console",
	"severity": 4,
	"message": "Unexpected console statement",
	"source": "eslint",
	"startLineNumber": 2097,
	"startColumn": 13,
	"endLineNumber": 2097,
	"endColumn": 13
},{
	"resource": "/c:/Users/basil/Desktop/material-kai-vision-platform/src/services/consolidatedPDFWorkflowService.ts",
	"owner": "eslint",
	"code": "no-console",
	"severity": 4,
	"message": "Unexpected console statement",
	"source": "eslint",
	"startLineNumber": 2102,
	"startColumn": 7,
	"endLineNumber": 2102,
	"endColumn": 7
},{
	"resource": "/c:/Users/basil/Desktop/material-kai-vision-platform/src/services/consolidatedPDFWorkflowService.ts",
	"owner": "eslint",
	"code": "no-console",
	"severity": 4,
	"message": "Unexpected console statement",
	"source": "eslint",
	"startLineNumber": 2109,
	"startColumn": 7,
	"endLineNumber": 2109,
	"endColumn": 7
},{
	"resource": "/c:/Users/basil/Desktop/material-kai-vision-platform/src/services/consolidatedPDFWorkflowService.ts",
	"owner": "eslint",
	"code": "@typescript-eslint/no-explicit-any",
	"severity": 4,
	"message": "Unexpected any. Specify a different type",
	"source": "eslint",
	"startLineNumber": 2118,
	"startColumn": 15,
	"endLineNumber": 2118,
	"endColumn": 15
},{
	"resource": "/c:/Users/basil/Desktop/material-kai-vision-platform/src/services/consolidatedPDFWorkflowService.ts",
	"owner": "eslint",
	"code": "@typescript-eslint/no-explicit-any",
	"severity": 4,
	"message": "Unexpected any. Specify a different type",
	"source": "eslint",
	"startLineNumber": 2119,
	"startColumn": 13,
	"endLineNumber": 2119,
	"endColumn": 13
},{
	"resource": "/c:/Users/basil/Desktop/material-kai-vision-platform/src/services/consolidatedPDFWorkflowService.ts",
	"owner": "eslint",
	"code": "comma-dangle",
	"severity": 4,
	"message": "Missing trailing comma",
	"source": "eslint",
	"startLineNumber": 2120,
	"startColumn": 78,
	"endLineNumber": 2120,
	"endColumn": 78
},{
	"resource": "/c:/Users/basil/Desktop/material-kai-vision-platform/src/services/consolidatedPDFWorkflowService.ts",
	"owner": "eslint",
	"code": "no-console",
	"severity": 4,
	"message": "Unexpected console statement",
	"source": "eslint",
	"startLineNumber": 2125,
	"startColumn": 5,
	"endLineNumber": 2125,
	"endColumn": 5
},{
	"resource": "/c:/Users/basil/Desktop/material-kai-vision-platform/src/services/consolidatedPDFWorkflowService.ts",
	"owner": "eslint",
	"code": "quotes",
	"severity": 4,
	"message": "Strings must use singlequote",
	"source": "eslint",
	"startLineNumber": 2125,
	"startColumn": 17,
	"endLineNumber": 2125,
	"endColumn": 17
},{
	"resource": "/c:/Users/basil/Desktop/material-kai-vision-platform/src/services/consolidatedPDFWorkflowService.ts",
	"owner": "eslint",
	"code": "no-console",
	"severity": 4,
	"message": "Unexpected console statement",
	"source": "eslint",
	"startLineNumber": 2126,
	"startColumn": 5,
	"endLineNumber": 2126,
	"endColumn": 5
},{
	"resource": "/c:/Users/basil/Desktop/material-kai-vision-platform/src/services/consolidatedPDFWorkflowService.ts",
	"owner": "eslint",
	"code": "no-console",
	"severity": 4,
	"message": "Unexpected console statement",
	"source": "eslint",
	"startLineNumber": 2127,
	"startColumn": 5,
	"endLineNumber": 2127,
	"endColumn": 5
},{
	"resource": "/c:/Users/basil/Desktop/material-kai-vision-platform/src/services/consolidatedPDFWorkflowService.ts",
	"owner": "eslint",
	"code": "no-console",
	"severity": 4,
	"message": "Unexpected console statement",
	"source": "eslint",
	"startLineNumber": 2128,
	"startColumn": 5,
	"endLineNumber": 2128,
	"endColumn": 5
},{
	"resource": "/c:/Users/basil/Desktop/material-kai-vision-platform/src/services/consolidatedPDFWorkflowService.ts",
	"owner": "eslint",
	"code": "@typescript-eslint/no-explicit-any",
	"severity": 4,
	"message": "Unexpected any. Specify a different type",
	"source": "eslint",
	"startLineNumber": 2159,
	"startColumn": 35,
	"endLineNumber": 2159,
	"endColumn": 35
},{
	"resource": "/c:/Users/basil/Desktop/material-kai-vision-platform/src/services/consolidatedPDFWorkflowService.ts",
	"owner": "eslint",
	"code": "comma-dangle",
	"severity": 4,
	"message": "Missing trailing comma",
	"source": "eslint",
	"startLineNumber": 2160,
	"startColumn": 29,
	"endLineNumber": 2160,
	"endColumn": 29
},{
	"resource": "/c:/Users/basil/Desktop/material-kai-vision-platform/src/services/consolidatedPDFWorkflowService.ts",
	"owner": "eslint",
	"code": "no-console",
	"severity": 4,
	"message": "Unexpected console statement",
	"source": "eslint",
	"startLineNumber": 2164,
	"startColumn": 13,
	"endLineNumber": 2164,
	"endColumn": 13
},{
	"resource": "/c:/Users/basil/Desktop/material-kai-vision-platform/src/services/consolidatedPDFWorkflowService.ts",
	"owner": "eslint",
	"code": "no-console",
	"severity": 4,
	"message": "Unexpected console statement",
	"source": "eslint",
	"startLineNumber": 2166,
	"startColumn": 13,
	"endLineNumber": 2166,
	"endColumn": 13
},{
	"resource": "/c:/Users/basil/Desktop/material-kai-vision-platform/src/services/consolidatedPDFWorkflowService.ts",
	"owner": "eslint",
	"code": "no-console",
	"severity": 4,
	"message": "Unexpected console statement",
	"source": "eslint",
	"startLineNumber": 2171,
	"startColumn": 7,
	"endLineNumber": 2171,
	"endColumn": 7
},{
	"resource": "/c:/Users/basil/Desktop/material-kai-vision-platform/src/services/consolidatedPDFWorkflowService.ts",
	"owner": "eslint",
	"code": "no-console",
	"severity": 4,
	"message": "Unexpected console statement",
	"source": "eslint",
	"startLineNumber": 2178,
	"startColumn": 7,
	"endLineNumber": 2178,
	"endColumn": 7
},{
	"resource": "/c:/Users/basil/Desktop/material-kai-vision-platform/src/services/consolidatedPDFWorkflowService.ts",
	"owner": "eslint",
	"code": "@typescript-eslint/no-explicit-any",
	"severity": 4,
	"message": "Unexpected any. Specify a different type",
	"source": "eslint",
	"startLineNumber": 2187,
	"startColumn": 13,
	"endLineNumber": 2187,
	"endColumn": 13
},{
	"resource": "/c:/Users/basil/Desktop/material-kai-vision-platform/src/services/consolidatedPDFWorkflowService.ts",
	"owner": "eslint",
	"code": "comma-dangle",
	"severity": 4,
	"message": "Missing trailing comma",
	"source": "eslint",
	"startLineNumber": 2190,
	"startColumn": 72,
	"endLineNumber": 2190,
	"endColumn": 72
},{
	"resource": "/c:/Users/basil/Desktop/material-kai-vision-platform/src/services/consolidatedPDFWorkflowService.ts",
	"owner": "eslint",
	"code": "no-console",
	"severity": 4,
	"message": "Unexpected console statement",
	"source": "eslint",
	"startLineNumber": 2195,
	"startColumn": 5,
	"endLineNumber": 2195,
	"endColumn": 5
},{
	"resource": "/c:/Users/basil/Desktop/material-kai-vision-platform/src/services/consolidatedPDFWorkflowService.ts",
	"owner": "eslint",
	"code": "quotes",
	"severity": 4,
	"message": "Strings must use singlequote",
	"source": "eslint",
	"startLineNumber": 2195,
	"startColumn": 17,
	"endLineNumber": 2195,
	"endColumn": 17
},{
	"resource": "/c:/Users/basil/Desktop/material-kai-vision-platform/src/services/consolidatedPDFWorkflowService.ts",
	"owner": "eslint",
	"code": "no-console",
	"severity": 4,
	"message": "Unexpected console statement",
	"source": "eslint",
	"startLineNumber": 2196,
	"startColumn": 5,
	"endLineNumber": 2196,
	"endColumn": 5
},{
	"resource": "/c:/Users/basil/Desktop/material-kai-vision-platform/src/services/consolidatedPDFWorkflowService.ts",
	"owner": "eslint",
	"code": "no-console",
	"severity": 4,
	"message": "Unexpected console statement",
	"source": "eslint",
	"startLineNumber": 2197,
	"startColumn": 5,
	"endLineNumber": 2197,
	"endColumn": 5
},{
	"resource": "/c:/Users/basil/Desktop/material-kai-vision-platform/src/services/consolidatedPDFWorkflowService.ts",
	"owner": "eslint",
	"code": "@typescript-eslint/no-explicit-any",
	"severity": 4,
	"message": "Unexpected any. Specify a different type",
	"source": "eslint",
	"startLineNumber": 2204,
	"startColumn": 26,
	"endLineNumber": 2204,
	"endColumn": 26
},{
	"resource": "/c:/Users/basil/Desktop/material-kai-vision-platform/src/services/consolidatedPDFWorkflowService.ts",
	"owner": "eslint",
	"code": "@typescript-eslint/no-explicit-any",
	"severity": 4,
	"message": "Unexpected any. Specify a different type",
	"source": "eslint",
	"startLineNumber": 2215,
	"startColumn": 32,
	"endLineNumber": 2215,
	"endColumn": 32
},{
	"resource": "/c:/Users/basil/Desktop/material-kai-vision-platform/src/services/consolidatedPDFWorkflowService.ts",
	"owner": "eslint",
	"code": "no-console",
	"severity": 4,
	"message": "Unexpected console statement",
	"source": "eslint",
	"startLineNumber": 2231,
	"startColumn": 11,
	"endLineNumber": 2231,
	"endColumn": 11
},{
	"resource": "/c:/Users/basil/Desktop/material-kai-vision-platform/src/services/consolidatedPDFWorkflowService.ts",
	"owner": "eslint",
	"code": "no-console",
	"severity": 4,
	"message": "Unexpected console statement",
	"source": "eslint",
	"startLineNumber": 2259,
	"startColumn": 13,
	"endLineNumber": 2259,
	"endColumn": 13
},{
	"resource": "/c:/Users/basil/Desktop/material-kai-vision-platform/src/services/consolidatedPDFWorkflowService.ts",
	"owner": "eslint",
	"code": "no-console",
	"severity": 4,
	"message": "Unexpected console statement",
	"source": "eslint",
	"startLineNumber": 2264,
	"startColumn": 13,
	"endLineNumber": 2264,
	"endColumn": 13
},{
	"resource": "/c:/Users/basil/Desktop/material-kai-vision-platform/src/services/consolidatedPDFWorkflowService.ts",
	"owner": "eslint",
	"code": "no-console",
	"severity": 4,
	"message": "Unexpected console statement",
	"source": "eslint",
	"startLineNumber": 2269,
	"startColumn": 11,
	"endLineNumber": 2269,
	"endColumn": 11
},{
	"resource": "/c:/Users/basil/Desktop/material-kai-vision-platform/src/services/consolidatedPDFWorkflowService.ts",
	"owner": "eslint",
	"code": "no-console",
	"severity": 4,
	"message": "Unexpected console statement",
	"source": "eslint",
	"startLineNumber": 2274,
	"startColumn": 15,
	"endLineNumber": 2274,
	"endColumn": 15
},{
	"resource": "/c:/Users/basil/Desktop/material-kai-vision-platform/src/services/consolidatedPDFWorkflowService.ts",
	"owner": "eslint",
	"code": "comma-dangle",
	"severity": 4,
	"message": "Missing trailing comma",
	"source": "eslint",
	"startLineNumber": 2279,
	"startColumn": 30,
	"endLineNumber": 2279,
	"endColumn": 30
},{
	"resource": "/c:/Users/basil/Desktop/material-kai-vision-platform/src/services/consolidatedPDFWorkflowService.ts",
	"owner": "eslint",
	"code": "comma-dangle",
	"severity": 4,
	"message": "Missing trailing comma",
	"source": "eslint",
	"startLineNumber": 2287,
	"startColumn": 39,
	"endLineNumber": 2287,
	"endColumn": 39
},{
	"resource": "/c:/Users/basil/Desktop/material-kai-vision-platform/src/services/consolidatedPDFWorkflowService.ts",
	"owner": "eslint",
	"code": "no-console",
	"severity": 4,
	"message": "Unexpected console statement",
	"source": "eslint",
	"startLineNumber": 2290,
	"startColumn": 17,
	"endLineNumber": 2290,
	"endColumn": 17
},{
	"resource": "/c:/Users/basil/Desktop/material-kai-vision-platform/src/services/consolidatedPDFWorkflowService.ts",
	"owner": "eslint",
	"code": "no-console",
	"severity": 4,
	"message": "Unexpected console statement",
	"source": "eslint",
	"startLineNumber": 2293,
	"startColumn": 15,
	"endLineNumber": 2293,
	"endColumn": 15
},{
	"resource": "/c:/Users/basil/Desktop/material-kai-vision-platform/src/services/consolidatedPDFWorkflowService.ts",
	"owner": "eslint",
	"code": "comma-dangle",
	"severity": 4,
	"message": "Missing trailing comma",
	"source": "eslint",
	"startLineNumber": 2303,
	"startColumn": 18,
	"endLineNumber": 2303,
	"endColumn": 18
},{
	"resource": "/c:/Users/basil/Desktop/material-kai-vision-platform/src/services/consolidatedPDFWorkflowService.ts",
	"owner": "eslint",
	"code": "no-console",
	"severity": 4,
	"message": "Unexpected console statement",
	"source": "eslint",
	"startLineNumber": 2305,
	"startColumn": 13,
	"endLineNumber": 2305,
	"endColumn": 13
},{
	"resource": "/c:/Users/basil/Desktop/material-kai-vision-platform/src/services/consolidatedPDFWorkflowService.ts",
	"owner": "eslint",
	"code": "quotes",
	"severity": 4,
	"message": "Strings must use singlequote",
	"source": "eslint",
	"startLineNumber": 2305,
	"startColumn": 25,
	"endLineNumber": 2305,
	"endColumn": 25
},{
	"resource": "/c:/Users/basil/Desktop/material-kai-vision-platform/src/services/consolidatedPDFWorkflowService.ts",
	"owner": "eslint",
	"code": "no-console",
	"severity": 4,
	"message": "Unexpected console statement",
	"source": "eslint",
	"startLineNumber": 2307,
	"startColumn": 13,
	"endLineNumber": 2307,
	"endColumn": 13
},{
	"resource": "/c:/Users/basil/Desktop/material-kai-vision-platform/src/services/consolidatedPDFWorkflowService.ts",
	"owner": "eslint",
	"code": "quotes",
	"severity": 4,
	"message": "Strings must use singlequote",
	"source": "eslint",
	"startLineNumber": 2307,
	"startColumn": 26,
	"endLineNumber": 2307,
	"endColumn": 26
},{
	"resource": "/c:/Users/basil/Desktop/material-kai-vision-platform/src/services/consolidatedPDFWorkflowService.ts",
	"owner": "eslint",
	"code": "no-console",
	"severity": 4,
	"message": "Unexpected console statement",
	"source": "eslint",
	"startLineNumber": 2310,
	"startColumn": 11,
	"endLineNumber": 2310,
	"endColumn": 11
},{
	"resource": "/c:/Users/basil/Desktop/material-kai-vision-platform/src/services/consolidatedPDFWorkflowService.ts",
	"owner": "eslint",
	"code": "no-console",
	"severity": 4,
	"message": "Unexpected console statement",
	"source": "eslint",
	"startLineNumber": 2314,
	"startColumn": 7,
	"endLineNumber": 2314,
	"endColumn": 7
},{
	"resource": "/c:/Users/basil/Desktop/material-kai-vision-platform/src/services/consolidatedPDFWorkflowService.ts",
	"owner": "eslint",
	"code": "no-console",
	"severity": 4,
	"message": "Unexpected console statement",
	"source": "eslint",
	"startLineNumber": 2321,
	"startColumn": 7,
	"endLineNumber": 2321,
	"endColumn": 7
},{
	"resource": "/c:/Users/basil/Desktop/material-kai-vision-platform/src/services/ContentClassificationService.ts",
	"owner": "eslint",
	"code": "import/order",
	"severity": 4,
	"message": "There should be at least one empty line between import groups",
	"source": "eslint",
	"startLineNumber": 1,
	"startColumn": 1,
	"endLineNumber": 1,
	"endColumn": 1
},{
	"resource": "/c:/Users/basil/Desktop/material-kai-vision-platform/src/services/ContentClassificationService.ts",
	"owner": "eslint",
	"code": "quotes",
	"severity": 4,
	"message": "Strings must use singlequote",
	"source": "eslint",
	"startLineNumber": 1,
	"startColumn": 23,
	"endLineNumber": 1,
	"endColumn": 23
},{
	"resource": "/c:/Users/basil/Desktop/material-kai-vision-platform/src/services/ContentClassificationService.ts",
	"owner": "eslint",
	"code": "quotes",
	"severity": 4,
	"message": "Strings must use singlequote",
	"source": "eslint",
	"startLineNumber": 2,
	"startColumn": 29,
	"endLineNumber": 2,
	"endColumn": 29
},{
	"resource": "/c:/Users/basil/Desktop/material-kai-vision-platform/src/services/ContentClassificationService.ts",
	"owner": "eslint",
	"code": "quotes",
	"severity": 4,
	"message": "Strings must use singlequote",
	"source": "eslint",
	"startLineNumber": 8,
	"startColumn": 13,
	"endLineNumber": 8,
	"endColumn": 13
},{
	"resource": "/c:/Users/basil/Desktop/material-kai-vision-platform/src/services/ContentClassificationService.ts",
	"owner": "eslint",
	"code": "quotes",
	"severity": 4,
	"message": "Strings must use singlequote",
	"source": "eslint",
	"startLineNumber": 9,
	"startColumn": 19,
	"endLineNumber": 9,
	"endColumn": 19
},{
	"resource": "/c:/Users/basil/Desktop/material-kai-vision-platform/src/services/ContentClassificationService.ts",
	"owner": "eslint",
	"code": "quotes",
	"severity": 4,
	"message": "Strings must use singlequote",
	"source": "eslint",
	"startLineNumber": 10,
	"startColumn": 18,
	"endLineNumber": 10,
	"endColumn": 18
},{
	"resource": "/c:/Users/basil/Desktop/material-kai-vision-platform/src/services/ContentClassificationService.ts",
	"owner": "eslint",
	"code": "quotes",
	"severity": 4,
	"message": "Strings must use singlequote",
	"source": "eslint",
	"startLineNumber": 11,
	"startColumn": 22,
	"endLineNumber": 11,
	"endColumn": 22
},{
	"resource": "/c:/Users/basil/Desktop/material-kai-vision-platform/src/services/ContentClassificationService.ts",
	"owner": "eslint",
	"code": "quotes",
	"severity": 4,
	"message": "Strings must use singlequote",
	"source": "eslint",
	"startLineNumber": 12,
	"startColumn": 22,
	"endLineNumber": 12,
	"endColumn": 22
},{
	"resource": "/c:/Users/basil/Desktop/material-kai-vision-platform/src/services/ContentClassificationService.ts",
	"owner": "eslint",
	"code": "quotes",
	"severity": 4,
	"message": "Strings must use singlequote",
	"source": "eslint",
	"startLineNumber": 13,
	"startColumn": 15,
	"endLineNumber": 13,
	"endColumn": 15
},{
	"resource": "/c:/Users/basil/Desktop/material-kai-vision-platform/src/services/ContentClassificationService.ts",
	"owner": "eslint",
	"code": "quotes",
	"severity": 4,
	"message": "Strings must use singlequote",
	"source": "eslint",
	"startLineNumber": 14,
	"startColumn": 11,
	"endLineNumber": 14,
	"endColumn": 11
},{
	"resource": "/c:/Users/basil/Desktop/material-kai-vision-platform/src/services/ContentClassificationService.ts",
	"owner": "eslint",
	"code": "quotes",
	"severity": 4,
	"message": "Strings must use singlequote",
	"source": "eslint",
	"startLineNumber": 44,
	"startColumn": 27,
	"endLineNumber": 44,
	"endColumn": 27
},{
	"resource": "/c:/Users/basil/Desktop/material-kai-vision-platform/src/services/ContentClassificationService.ts",
	"owner": "eslint",
	"code": "quotes",
	"severity": 4,
	"message": "Strings must use singlequote",
	"source": "eslint",
	"startLineNumber": 50,
	"startColumn": 13,
	"endLineNumber": 50,
	"endColumn": 13
},{
	"resource": "/c:/Users/basil/Desktop/material-kai-vision-platform/src/services/ContentClassificationService.ts",
	"owner": "eslint",
	"code": "quotes",
	"severity": 4,
	"message": "Strings must use singlequote",
	"source": "eslint",
	"startLineNumber": 51,
	"startColumn": 16,
	"endLineNumber": 51,
	"endColumn": 16
},{
	"resource": "/c:/Users/basil/Desktop/material-kai-vision-platform/src/services/ContentClassificationService.ts",
	"owner": "eslint",
	"code": "quotes",
	"severity": 4,
	"message": "Strings must use singlequote",
	"source": "eslint",
	"startLineNumber": 52,
	"startColumn": 20,
	"endLineNumber": 52,
	"endColumn": 20
},{
	"resource": "/c:/Users/basil/Desktop/material-kai-vision-platform/src/services/ContentClassificationService.ts",
	"owner": "eslint",
	"code": "quotes",
	"severity": 4,
	"message": "Strings must use singlequote",
	"source": "eslint",
	"startLineNumber": 58,
	"startColumn": 23,
	"endLineNumber": 58,
	"endColumn": 23
},{
	"resource": "/c:/Users/basil/Desktop/material-kai-vision-platform/src/services/ContentClassificationService.ts",
	"owner": "eslint",
	"code": "comma-dangle",
	"severity": 4,
	"message": "Missing trailing comma",
	"source": "eslint",
	"startLineNumber": 68,
	"startColumn": 34,
	"endLineNumber": 68,
	"endColumn": 34
},{
	"resource": "/c:/Users/basil/Desktop/material-kai-vision-platform/src/services/ContentClassificationService.ts",
	"owner": "eslint",
	"code": "quotes",
	"severity": 4,
	"message": "Strings must use singlequote",
	"source": "eslint",
	"startLineNumber": 81,
	"startColumn": 19,
	"endLineNumber": 81,
	"endColumn": 19
},{
	"resource": "/c:/Users/basil/Desktop/material-kai-vision-platform/src/services/ContentClassificationService.ts",
	"owner": "eslint",
	"code": "quotes",
	"severity": 4,
	"message": "Strings must use singlequote",
	"source": "eslint",
	"startLineNumber": 88,
	"startColumn": 38,
	"endLineNumber": 88,
	"endColumn": 38
},{
	"resource": "/c:/Users/basil/Desktop/material-kai-vision-platform/src/services/ContentClassificationService.ts",
	"owner": "eslint",
	"code": "quotes",
	"severity": 4,
	"message": "Strings must use singlequote",
	"source": "eslint",
	"startLineNumber": 88,
	"startColumn": 74,
	"endLineNumber": 88,
	"endColumn": 74
},{
	"resource": "/c:/Users/basil/Desktop/material-kai-vision-platform/src/services/ContentClassificationService.ts",
	"owner": "eslint",
	"code": "quotes",
	"severity": 4,
	"message": "Strings must use singlequote",
	"source": "eslint",
	"startLineNumber": 97,
	"startColumn": 25,
	"endLineNumber": 97,
	"endColumn": 25
},{
	"resource": "/c:/Users/basil/Desktop/material-kai-vision-platform/src/services/ContentClassificationService.ts",
	"owner": "eslint",
	"code": "comma-dangle",
	"severity": 4,
	"message": "Missing trailing comma",
	"source": "eslint",
	"startLineNumber": 106,
	"startColumn": 37,
	"endLineNumber": 106,
	"endColumn": 37
},{
	"resource": "/c:/Users/basil/Desktop/material-kai-vision-platform/src/services/ContentClassificationService.ts",
	"owner": "eslint",
	"code": "quotes",
	"severity": 4,
	"message": "Strings must use singlequote",
	"source": "eslint",
	"startLineNumber": 129,
	"startColumn": 9,
	"endLineNumber": 129,
	"endColumn": 9
},{
	"resource": "/c:/Users/basil/Desktop/material-kai-vision-platform/src/services/ContentClassificationService.ts",
	"owner": "eslint",
	"code": "quotes",
	"severity": 4,
	"message": "Strings must use singlequote",
	"source": "eslint",
	"startLineNumber": 132,
	"startColumn": 9,
	"endLineNumber": 132,
	"endColumn": 9
},{
	"resource": "/c:/Users/basil/Desktop/material-kai-vision-platform/src/services/ContentClassificationService.ts",
	"owner": "eslint",
	"code": "quotes",
	"severity": 4,
	"message": "Strings must use singlequote",
	"source": "eslint",
	"startLineNumber": 167,
	"startColumn": 25,
	"endLineNumber": 167,
	"endColumn": 25
},{
	"resource": "/c:/Users/basil/Desktop/material-kai-vision-platform/src/services/ContentClassificationService.ts",
	"owner": "eslint",
	"code": "quotes",
	"severity": 4,
	"message": "Strings must use singlequote",
	"source": "eslint",
	"startLineNumber": 187,
	"startColumn": 40,
	"endLineNumber": 187,
	"endColumn": 40
},{
	"resource": "/c:/Users/basil/Desktop/material-kai-vision-platform/src/services/ContentClassificationService.ts",
	"owner": "eslint",
	"code": "quotes",
	"severity": 4,
	"message": "Strings must use singlequote",
	"source": "eslint",
	"startLineNumber": 191,
	"startColumn": 25,
	"endLineNumber": 191,
	"endColumn": 25
},{
	"resource": "/c:/Users/basil/Desktop/material-kai-vision-platform/src/services/ContentClassificationService.ts",
	"owner": "eslint",
	"code": "quotes",
	"severity": 4,
	"message": "Strings must use singlequote",
	"source": "eslint",
	"startLineNumber": 195,
	"startColumn": 20,
	"endLineNumber": 195,
	"endColumn": 20
},{
	"resource": "/c:/Users/basil/Desktop/material-kai-vision-platform/src/services/ContentClassificationService.ts",
	"owner": "eslint",
	"code": "comma-dangle",
	"severity": 4,
	"message": "Missing trailing comma",
	"source": "eslint",
	"startLineNumber": 221,
	"startColumn": 32,
	"endLineNumber": 221,
	"endColumn": 32
},{
	"resource": "/c:/Users/basil/Desktop/material-kai-vision-platform/src/services/ContentClassificationService.ts",
	"owner": "eslint",
	"code": "comma-dangle",
	"severity": 4,
	"message": "Missing trailing comma",
	"source": "eslint",
	"startLineNumber": 226,
	"startColumn": 53,
	"endLineNumber": 226,
	"endColumn": 53
},{
	"resource": "/c:/Users/basil/Desktop/material-kai-vision-platform/src/services/ContentClassificationService.ts",
	"owner": "eslint",
	"code": "quotes",
	"severity": 4,
	"message": "Strings must use singlequote",
	"source": "eslint",
	"startLineNumber": 243,
	"startColumn": 23,
	"endLineNumber": 243,
	"endColumn": 23
},{
	"resource": "/c:/Users/basil/Desktop/material-kai-vision-platform/src/services/crm.service.ts",
	"owner": "eslint",
	"code": "@typescript-eslint/no-explicit-any",
	"severity": 4,
	"message": "Unexpected any. Specify a different type",
	"source": "eslint",
	"startLineNumber": 55,
	"startColumn": 45,
	"endLineNumber": 55,
	"endColumn": 45
},{
	"resource": "/c:/Users/basil/Desktop/material-kai-vision-platform/src/services/crm.service.ts",
	"owner": "eslint",
	"code": "@typescript-eslint/no-explicit-any",
	"severity": 4,
	"message": "Unexpected any. Specify a different type",
	"source": "eslint",
	"startLineNumber": 181,
	"startColumn": 32,
	"endLineNumber": 181,
	"endColumn": 32
},{
	"resource": "/c:/Users/basil/Desktop/material-kai-vision-platform/src/services/crm.service.ts",
	"owner": "eslint",
	"code": "@typescript-eslint/no-explicit-any",
	"severity": 4,
	"message": "Unexpected any. Specify a different type",
	"source": "eslint",
	"startLineNumber": 243,
	"startColumn": 51,
	"endLineNumber": 243,
	"endColumn": 51
},{
	"resource": "/c:/Users/basil/Desktop/material-kai-vision-platform/src/services/documentChunkingService.ts",
	"owner": "eslint",
	"code": "no-console",
	"severity": 4,
	"message": "Unexpected console statement",
	"source": "eslint",
	"startLineNumber": 146,
	"startColumn": 7,
	"endLineNumber": 146,
	"endColumn": 7
},{
	"resource": "/c:/Users/basil/Desktop/material-kai-vision-platform/src/services/documentChunkingService.ts",
	"owner": "eslint",
	"code": "no-console",
	"severity": 4,
	"message": "Unexpected console statement",
	"source": "eslint",
	"startLineNumber": 184,
	"startColumn": 7,
	"endLineNumber": 184,
	"endColumn": 7
},{
	"resource": "/c:/Users/basil/Desktop/material-kai-vision-platform/src/services/documentChunkingService.ts",
	"owner": "eslint",
	"code": "no-console",
	"severity": 4,
	"message": "Unexpected console statement",
	"source": "eslint",
	"startLineNumber": 194,
	"startColumn": 7,
	"endLineNumber": 194,
	"endColumn": 7
},{
	"resource": "/c:/Users/basil/Desktop/material-kai-vision-platform/src/services/documentChunkingService.ts",
	"owner": "eslint",
	"code": "@typescript-eslint/no-non-null-assertion",
	"severity": 4,
	"message": "Forbidden non-null assertion",
	"source": "eslint",
	"startLineNumber": 448,
	"startColumn": 11,
	"endLineNumber": 448,
	"endColumn": 11
},{
	"resource": "/c:/Users/basil/Desktop/material-kai-vision-platform/src/services/documentIntegrationService.ts",
	"owner": "eslint",
	"code": "no-console",
	"severity": 4,
	"message": "Unexpected console statement",
	"source": "eslint",
	"startLineNumber": 105,
	"startColumn": 7,
	"endLineNumber": 105,
	"endColumn": 7
},{
	"resource": "/c:/Users/basil/Desktop/material-kai-vision-platform/src/services/documentIntegrationService.ts",
	"owner": "eslint",
	"code": "@typescript-eslint/no-explicit-any",
	"severity": 4,
	"message": "Unexpected any. Specify a different type",
	"source": "eslint",
	"startLineNumber": 139,
	"startColumn": 41,
	"endLineNumber": 139,
	"endColumn": 41
},{
	"resource": "/c:/Users/basil/Desktop/material-kai-vision-platform/src/services/documentIntegrationService.ts",
	"owner": "eslint",
	"code": "@typescript-eslint/no-explicit-any",
	"severity": 4,
	"message": "Unexpected any. Specify a different type",
	"source": "eslint",
	"startLineNumber": 140,
	"startColumn": 43,
	"endLineNumber": 140,
	"endColumn": 43
},{
	"resource": "/c:/Users/basil/Desktop/material-kai-vision-platform/src/services/documentIntegrationService.ts",
	"owner": "eslint",
	"code": "no-console",
	"severity": 4,
	"message": "Unexpected console statement",
	"source": "eslint",
	"startLineNumber": 150,
	"startColumn": 7,
	"endLineNumber": 150,
	"endColumn": 7
},{
	"resource": "/c:/Users/basil/Desktop/material-kai-vision-platform/src/services/documentIntegrationService.ts",
	"owner": "eslint",
	"code": "no-console",
	"severity": 4,
	"message": "Unexpected console statement",
	"source": "eslint",
	"startLineNumber": 154,
	"startColumn": 7,
	"endLineNumber": 154,
	"endColumn": 7
},{
	"resource": "/c:/Users/basil/Desktop/material-kai-vision-platform/src/services/documentIntegrationService.ts",
	"owner": "eslint",
	"code": "no-console",
	"severity": 4,
	"message": "Unexpected console statement",
	"source": "eslint",
	"startLineNumber": 266,
	"startColumn": 5,
	"endLineNumber": 266,
	"endColumn": 5
},{
	"resource": "/c:/Users/basil/Desktop/material-kai-vision-platform/src/services/documentIntegrationService.ts",
	"owner": "eslint",
	"code": "no-console",
	"severity": 4,
	"message": "Unexpected console statement",
	"source": "eslint",
	"startLineNumber": 276,
	"startColumn": 11,
	"endLineNumber": 276,
	"endColumn": 11
},{
	"resource": "/c:/Users/basil/Desktop/material-kai-vision-platform/src/services/documentIntegrationService.ts",
	"owner": "eslint",
	"code": "no-console",
	"severity": 4,
	"message": "Unexpected console statement",
	"source": "eslint",
	"startLineNumber": 294,
	"startColumn": 5,
	"endLineNumber": 294,
	"endColumn": 5
},{
	"resource": "/c:/Users/basil/Desktop/material-kai-vision-platform/src/services/documentIntegrationService.ts",
	"owner": "eslint",
	"code": "no-console",
	"severity": 4,
	"message": "Unexpected console statement",
	"source": "eslint",
	"startLineNumber": 327,
	"startColumn": 7,
	"endLineNumber": 327,
	"endColumn": 7
},{
	"resource": "/c:/Users/basil/Desktop/material-kai-vision-platform/src/services/documentIntegrationService.ts",
	"owner": "eslint",
	"code": "no-console",
	"severity": 4,
	"message": "Unexpected console statement",
	"source": "eslint",
	"startLineNumber": 348,
	"startColumn": 5,
	"endLineNumber": 348,
	"endColumn": 5
},{
	"resource": "/c:/Users/basil/Desktop/material-kai-vision-platform/src/services/documentIntegrationService.ts",
	"owner": "eslint",
	"code": "@typescript-eslint/no-explicit-any",
	"severity": 4,
	"message": "Unexpected any. Specify a different type",
	"source": "eslint",
	"startLineNumber": 358,
	"startColumn": 38,
	"endLineNumber": 358,
	"endColumn": 38
},{
	"resource": "/c:/Users/basil/Desktop/material-kai-vision-platform/src/services/documentIntegrationService.ts",
	"owner": "eslint",
	"code": "no-console",
	"severity": 4,
	"message": "Unexpected console statement",
	"source": "eslint",
	"startLineNumber": 377,
	"startColumn": 5,
	"endLineNumber": 377,
	"endColumn": 5
},{
	"resource": "/c:/Users/basil/Desktop/material-kai-vision-platform/src/services/documentIntegrationService.ts",
	"owner": "eslint",
	"code": "@typescript-eslint/no-explicit-any",
	"severity": 4,
	"message": "Unexpected any. Specify a different type",
	"source": "eslint",
	"startLineNumber": 387,
	"startColumn": 53,
	"endLineNumber": 387,
	"endColumn": 53
},{
	"resource": "/c:/Users/basil/Desktop/material-kai-vision-platform/src/services/documentIntegrationService.ts",
	"owner": "eslint",
	"code": "@typescript-eslint/no-explicit-any",
	"severity": 4,
	"message": "Unexpected any. Specify a different type",
	"source": "eslint",
	"startLineNumber": 395,
	"startColumn": 46,
	"endLineNumber": 395,
	"endColumn": 46
},{
	"resource": "/c:/Users/basil/Desktop/material-kai-vision-platform/src/services/documentIntegrationService.ts",
	"owner": "eslint",
	"code": "@typescript-eslint/no-explicit-any",
	"severity": 4,
	"message": "Unexpected any. Specify a different type",
	"source": "eslint",
	"startLineNumber": 396,
	"startColumn": 46,
	"endLineNumber": 396,
	"endColumn": 46
},{
	"resource": "/c:/Users/basil/Desktop/material-kai-vision-platform/src/services/documentIntegrationService.ts",
	"owner": "eslint",
	"code": "@typescript-eslint/no-explicit-any",
	"severity": 4,
	"message": "Unexpected any. Specify a different type",
	"source": "eslint",
	"startLineNumber": 397,
	"startColumn": 54,
	"endLineNumber": 397,
	"endColumn": 54
},{
	"resource": "/c:/Users/basil/Desktop/material-kai-vision-platform/src/services/documentIntegrationService.ts",
	"owner": "eslint",
	"code": "@typescript-eslint/no-explicit-any",
	"severity": 4,
	"message": "Unexpected any. Specify a different type",
	"source": "eslint",
	"startLineNumber": 398,
	"startColumn": 54,
	"endLineNumber": 398,
	"endColumn": 54
},{
	"resource": "/c:/Users/basil/Desktop/material-kai-vision-platform/src/services/documentIntegrationService.ts",
	"owner": "eslint",
	"code": "no-console",
	"severity": 4,
	"message": "Unexpected console statement",
	"source": "eslint",
	"startLineNumber": 426,
	"startColumn": 7,
	"endLineNumber": 426,
	"endColumn": 7
},{
	"resource": "/c:/Users/basil/Desktop/material-kai-vision-platform/src/services/documentIntegrationService.ts",
	"owner": "eslint",
	"code": "no-console",
	"severity": 4,
	"message": "Unexpected console statement",
	"source": "eslint",
	"startLineNumber": 439,
	"startColumn": 7,
	"endLineNumber": 439,
	"endColumn": 7
},{
	"resource": "/c:/Users/basil/Desktop/material-kai-vision-platform/src/services/documentIntegrationService.ts",
	"owner": "eslint",
	"code": "@typescript-eslint/no-explicit-any",
	"severity": 4,
	"message": "Unexpected any. Specify a different type",
	"source": "eslint",
	"startLineNumber": 454,
	"startColumn": 64,
	"endLineNumber": 454,
	"endColumn": 64
},{
	"resource": "/c:/Users/basil/Desktop/material-kai-vision-platform/src/services/documentIntegrationService.ts",
	"owner": "eslint",
	"code": "@typescript-eslint/no-explicit-any",
	"severity": 4,
	"message": "Unexpected any. Specify a different type",
	"source": "eslint",
	"startLineNumber": 454,
	"startColumn": 78,
	"endLineNumber": 454,
	"endColumn": 78
},{
	"resource": "/c:/Users/basil/Desktop/material-kai-vision-platform/src/services/documentIntegrationService.ts",
	"owner": "eslint",
	"code": "@typescript-eslint/no-explicit-any",
	"severity": 4,
	"message": "Unexpected any. Specify a different type",
	"source": "eslint",
	"startLineNumber": 455,
	"startColumn": 39,
	"endLineNumber": 455,
	"endColumn": 39
},{
	"resource": "/c:/Users/basil/Desktop/material-kai-vision-platform/src/services/documentIntegrationService.ts",
	"owner": "eslint",
	"code": "@typescript-eslint/no-explicit-any",
	"severity": 4,
	"message": "Unexpected any. Specify a different type",
	"source": "eslint",
	"startLineNumber": 456,
	"startColumn": 39,
	"endLineNumber": 456,
	"endColumn": 39
},{
	"resource": "/c:/Users/basil/Desktop/material-kai-vision-platform/src/services/documentIntegrationService.ts",
	"owner": "eslint",
	"code": "comma-dangle",
	"severity": 4,
	"message": "Missing trailing comma",
	"source": "eslint",
	"startLineNumber": 473,
	"startColumn": 16,
	"endLineNumber": 473,
	"endColumn": 16
},{
	"resource": "/c:/Users/basil/Desktop/material-kai-vision-platform/src/services/documentIntegrationService.ts",
	"owner": "eslint",
	"code": "comma-dangle",
	"severity": 4,
	"message": "Missing trailing comma",
	"source": "eslint",
	"startLineNumber": 474,
	"startColumn": 9,
	"endLineNumber": 474,
	"endColumn": 9
},{
	"resource": "/c:/Users/basil/Desktop/material-kai-vision-platform/src/services/documentIntegrationService.ts",
	"owner": "eslint",
	"code": "no-console",
	"severity": 4,
	"message": "Unexpected console statement",
	"source": "eslint",
	"startLineNumber": 490,
	"startColumn": 5,
	"endLineNumber": 490,
	"endColumn": 5
},{
	"resource": "/c:/Users/basil/Desktop/material-kai-vision-platform/src/services/documentVectorStoreService.ts",
	"owner": "eslint",
	"code": "import/order",
	"severity": 4,
	"message": "There should be at least one empty line between import groups",
	"source": "eslint",
	"startLineNumber": 13,
	"startColumn": 1,
	"endLineNumber": 13,
	"endColumn": 1
},{
	"resource": "/c:/Users/basil/Desktop/material-kai-vision-platform/src/services/documentVectorStoreService.ts",
	"owner": "eslint",
	"code": "import/order",
	"severity": 4,
	"message": "`../config/embeddingConfig` import should occur before import of `./embeddingGenerationService`",
	"source": "eslint",
	"startLineNumber": 14,
	"startColumn": 1,
	"endLineNumber": 14,
	"endColumn": 1
},{
	"resource": "/c:/Users/basil/Desktop/material-kai-vision-platform/src/services/documentVectorStoreService.ts",
	"owner": "eslint",
	"code": "no-console",
	"severity": 4,
	"message": "Unexpected console statement",
	"source": "eslint",
	"startLineNumber": 174,
	"startColumn": 5,
	"endLineNumber": 174,
	"endColumn": 5
},{
	"resource": "/c:/Users/basil/Desktop/material-kai-vision-platform/src/services/documentVectorStoreService.ts",
	"owner": "eslint",
	"code": "no-console",
	"severity": 4,
	"message": "Unexpected console statement",
	"source": "eslint",
	"startLineNumber": 192,
	"startColumn": 5,
	"endLineNumber": 192,
	"endColumn": 5
},{
	"resource": "/c:/Users/basil/Desktop/material-kai-vision-platform/src/services/documentVectorStoreService.ts",
	"owner": "eslint",
	"code": "no-console",
	"severity": 4,
	"message": "Unexpected console statement",
	"source": "eslint",
	"startLineNumber": 219,
	"startColumn": 9,
	"endLineNumber": 219,
	"endColumn": 9
},{
	"resource": "/c:/Users/basil/Desktop/material-kai-vision-platform/src/services/documentVectorStoreService.ts",
	"owner": "eslint",
	"code": "no-console",
	"severity": 4,
	"message": "Unexpected console statement",
	"source": "eslint",
	"startLineNumber": 301,
	"startColumn": 13,
	"endLineNumber": 301,
	"endColumn": 13
},{
	"resource": "/c:/Users/basil/Desktop/material-kai-vision-platform/src/services/documentVectorStoreService.ts",
	"owner": "eslint",
	"code": "no-console",
	"severity": 4,
	"message": "Unexpected console statement",
	"source": "eslint",
	"startLineNumber": 329,
	"startColumn": 15,
	"endLineNumber": 329,
	"endColumn": 15
},{
	"resource": "/c:/Users/basil/Desktop/material-kai-vision-platform/src/services/documentVectorStoreService.ts",
	"owner": "eslint",
	"code": "no-console",
	"severity": 4,
	"message": "Unexpected console statement",
	"source": "eslint",
	"startLineNumber": 337,
	"startColumn": 11,
	"endLineNumber": 337,
	"endColumn": 11
},{
	"resource": "/c:/Users/basil/Desktop/material-kai-vision-platform/src/services/documentVectorStoreService.ts",
	"owner": "eslint",
	"code": "no-console",
	"severity": 4,
	"message": "Unexpected console statement",
	"source": "eslint",
	"startLineNumber": 370,
	"startColumn": 7,
	"endLineNumber": 370,
	"endColumn": 7
},{
	"resource": "/c:/Users/basil/Desktop/material-kai-vision-platform/src/services/documentVectorStoreService.ts",
	"owner": "eslint",
	"code": "no-console",
	"severity": 4,
	"message": "Unexpected console statement",
	"source": "eslint",
	"startLineNumber": 384,
	"startColumn": 7,
	"endLineNumber": 384,
	"endColumn": 7
},{
	"resource": "/c:/Users/basil/Desktop/material-kai-vision-platform/src/services/documentVectorStoreService.ts",
	"owner": "eslint",
	"code": "no-console",
	"severity": 4,
	"message": "Unexpected console statement",
	"source": "eslint",
	"startLineNumber": 403,
	"startColumn": 7,
	"endLineNumber": 403,
	"endColumn": 7
},{
	"resource": "/c:/Users/basil/Desktop/material-kai-vision-platform/src/services/documentVectorStoreService.ts",
	"owner": "eslint",
	"code": "no-console",
	"severity": 4,
	"message": "Unexpected console statement",
	"source": "eslint",
	"startLineNumber": 481,
	"startColumn": 7,
	"endLineNumber": 481,
	"endColumn": 7
},{
	"resource": "/c:/Users/basil/Desktop/material-kai-vision-platform/src/services/documentVectorStoreService.ts",
	"owner": "eslint",
	"code": "no-console",
	"severity": 4,
	"message": "Unexpected console statement",
	"source": "eslint",
	"startLineNumber": 494,
	"startColumn": 7,
	"endLineNumber": 494,
	"endColumn": 7
},{
	"resource": "/c:/Users/basil/Desktop/material-kai-vision-platform/src/services/documentVectorStoreService.ts",
	"owner": "eslint",
	"code": "no-console",
	"severity": 4,
	"message": "Unexpected console statement",
	"source": "eslint",
	"startLineNumber": 510,
	"startColumn": 7,
	"endLineNumber": 510,
	"endColumn": 7
},{
	"resource": "/c:/Users/basil/Desktop/material-kai-vision-platform/src/services/documentVectorStoreService.ts",
	"owner": "eslint",
	"code": "no-console",
	"severity": 4,
	"message": "Unexpected console statement",
	"source": "eslint",
	"startLineNumber": 522,
	"startColumn": 7,
	"endLineNumber": 522,
	"endColumn": 7
},{
	"resource": "/c:/Users/basil/Desktop/material-kai-vision-platform/src/services/documentVectorStoreService.ts",
	"owner": "eslint",
	"code": "no-console",
	"severity": 4,
	"message": "Unexpected console statement",
	"source": "eslint",
	"startLineNumber": 525,
	"startColumn": 7,
	"endLineNumber": 525,
	"endColumn": 7
},{
	"resource": "/c:/Users/basil/Desktop/material-kai-vision-platform/src/services/documentVectorStoreService.ts",
	"owner": "eslint",
	"code": "no-console",
	"severity": 4,
	"message": "Unexpected console statement",
	"source": "eslint",
	"startLineNumber": 556,
	"startColumn": 9,
	"endLineNumber": 556,
	"endColumn": 9
},{
	"resource": "/c:/Users/basil/Desktop/material-kai-vision-platform/src/services/documentVectorStoreService.ts",
	"owner": "eslint",
	"code": "@typescript-eslint/no-explicit-any",
	"severity": 4,
	"message": "Unexpected any. Specify a different type",
	"source": "eslint",
	"startLineNumber": 564,
	"startColumn": 39,
	"endLineNumber": 564,
	"endColumn": 39
},{
	"resource": "/c:/Users/basil/Desktop/material-kai-vision-platform/src/services/documentVectorStoreService.ts",
	"owner": "eslint",
	"code": "no-console",
	"severity": 4,
	"message": "Unexpected console statement",
	"source": "eslint",
	"startLineNumber": 567,
	"startColumn": 7,
	"endLineNumber": 567,
	"endColumn": 7
},{
	"resource": "/c:/Users/basil/Desktop/material-kai-vision-platform/src/services/dynamicCategoryManagementService.ts",
	"owner": "eslint",
	"code": "no-trailing-spaces",
	"severity": 4,
	"message": "Trailing spaces not allowed",
	"source": "eslint",
	"startLineNumber": 3,
	"startColumn": 3,
	"endLineNumber": 3,
	"endColumn": 3
},{
	"resource": "/c:/Users/basil/Desktop/material-kai-vision-platform/src/services/dynamicCategoryManagementService.ts",
	"owner": "eslint",
	"code": "no-trailing-spaces",
	"severity": 4,
	"message": "Trailing spaces not allowed",
	"source": "eslint",
	"startLineNumber": 99,
	"startColumn": 1,
	"endLineNumber": 99,
	"endColumn": 1
},{
	"resource": "/c:/Users/basil/Desktop/material-kai-vision-platform/src/services/dynamicCategoryManagementService.ts",
	"owner": "eslint",
	"code": "no-console",
	"severity": 4,
	"message": "Unexpected console statement",
	"source": "eslint",
	"startLineNumber": 102,
	"startColumn": 7,
	"endLineNumber": 102,
	"endColumn": 7
},{
	"resource": "/c:/Users/basil/Desktop/material-kai-vision-platform/src/services/dynamicCategoryManagementService.ts",
	"owner": "eslint",
	"code": "comma-dangle",
	"severity": 4,
	"message": "Missing trailing comma",
	"source": "eslint",
	"startLineNumber": 151,
	"startColumn": 47,
	"endLineNumber": 151,
	"endColumn": 47
},{
	"resource": "/c:/Users/basil/Desktop/material-kai-vision-platform/src/services/dynamicCategoryManagementService.ts",
	"owner": "eslint",
	"code": "no-trailing-spaces",
	"severity": 4,
	"message": "Trailing spaces not allowed",
	"source": "eslint",
	"startLineNumber": 160,
	"startColumn": 1,
	"endLineNumber": 160,
	"endColumn": 1
},{
	"resource": "/c:/Users/basil/Desktop/material-kai-vision-platform/src/services/dynamicCategoryManagementService.ts",
	"owner": "eslint",
	"code": "no-console",
	"severity": 4,
	"message": "Unexpected console statement",
	"source": "eslint",
	"startLineNumber": 163,
	"startColumn": 7,
	"endLineNumber": 163,
	"endColumn": 7
},{
	"resource": "/c:/Users/basil/Desktop/material-kai-vision-platform/src/services/dynamicCategoryManagementService.ts",
	"owner": "eslint",
	"code": "comma-dangle",
	"severity": 4,
	"message": "Missing trailing comma",
	"source": "eslint",
	"startLineNumber": 177,
	"startColumn": 47,
	"endLineNumber": 177,
	"endColumn": 47
},{
	"resource": "/c:/Users/basil/Desktop/material-kai-vision-platform/src/services/dynamicCategoryManagementService.ts",
	"owner": "eslint",
	"code": "no-trailing-spaces",
	"severity": 4,
	"message": "Trailing spaces not allowed",
	"source": "eslint",
	"startLineNumber": 185,
	"startColumn": 1,
	"endLineNumber": 185,
	"endColumn": 1
},{
	"resource": "/c:/Users/basil/Desktop/material-kai-vision-platform/src/services/dynamicCategoryManagementService.ts",
	"owner": "eslint",
	"code": "no-console",
	"severity": 4,
	"message": "Unexpected console statement",
	"source": "eslint",
	"startLineNumber": 188,
	"startColumn": 7,
	"endLineNumber": 188,
	"endColumn": 7
},{
	"resource": "/c:/Users/basil/Desktop/material-kai-vision-platform/src/services/dynamicCategoryManagementService.ts",
	"owner": "eslint",
	"code": "no-trailing-spaces",
	"severity": 4,
	"message": "Trailing spaces not allowed",
	"source": "eslint",
	"startLineNumber": 197,
	"startColumn": 21,
	"endLineNumber": 197,
	"endColumn": 21
},{
	"resource": "/c:/Users/basil/Desktop/material-kai-vision-platform/src/services/dynamicCategoryManagementService.ts",
	"owner": "eslint",
	"code": "comma-dangle",
	"severity": 4,
	"message": "Missing trailing comma",
	"source": "eslint",
	"startLineNumber": 198,
	"startColumn": 23,
	"endLineNumber": 198,
	"endColumn": 23
},{
	"resource": "/c:/Users/basil/Desktop/material-kai-vision-platform/src/services/dynamicCategoryManagementService.ts",
	"owner": "eslint",
	"code": "comma-dangle",
	"severity": 4,
	"message": "Missing trailing comma",
	"source": "eslint",
	"startLineNumber": 210,
	"startColumn": 69,
	"endLineNumber": 210,
	"endColumn": 69
},{
	"resource": "/c:/Users/basil/Desktop/material-kai-vision-platform/src/services/dynamicCategoryManagementService.ts",
	"owner": "eslint",
	"code": "comma-dangle",
	"severity": 4,
	"message": "Missing trailing comma",
	"source": "eslint",
	"startLineNumber": 211,
	"startColumn": 11,
	"endLineNumber": 211,
	"endColumn": 11
},{
	"resource": "/c:/Users/basil/Desktop/material-kai-vision-platform/src/services/dynamicCategoryManagementService.ts",
	"owner": "eslint",
	"code": "no-console",
	"severity": 4,
	"message": "Unexpected console statement",
	"source": "eslint",
	"startLineNumber": 221,
	"startColumn": 7,
	"endLineNumber": 221,
	"endColumn": 7
},{
	"resource": "/c:/Users/basil/Desktop/material-kai-vision-platform/src/services/dynamicCategoryManagementService.ts",
	"owner": "eslint",
	"code": "@typescript-eslint/no-explicit-any",
	"severity": 4,
	"message": "Unexpected any. Specify a different type",
	"source": "eslint",
	"startLineNumber": 231,
	"startColumn": 20,
	"endLineNumber": 231,
	"endColumn": 20
},{
	"resource": "/c:/Users/basil/Desktop/material-kai-vision-platform/src/services/dynamicCategoryManagementService.ts",
	"owner": "eslint",
	"code": "comma-dangle",
	"severity": 4,
	"message": "Missing trailing comma",
	"source": "eslint",
	"startLineNumber": 231,
	"startColumn": 23,
	"endLineNumber": 231,
	"endColumn": 23
},{
	"resource": "/c:/Users/basil/Desktop/material-kai-vision-platform/src/services/dynamicCategoryManagementService.ts",
	"owner": "eslint",
	"code": "comma-dangle",
	"severity": 4,
	"message": "Missing trailing comma",
	"source": "eslint",
	"startLineNumber": 236,
	"startColumn": 19,
	"endLineNumber": 236,
	"endColumn": 19
},{
	"resource": "/c:/Users/basil/Desktop/material-kai-vision-platform/src/services/dynamicCategoryManagementService.ts",
	"owner": "eslint",
	"code": "no-console",
	"severity": 4,
	"message": "Unexpected console statement",
	"source": "eslint",
	"startLineNumber": 249,
	"startColumn": 7,
	"endLineNumber": 249,
	"endColumn": 7
},{
	"resource": "/c:/Users/basil/Desktop/material-kai-vision-platform/src/services/dynamicCategoryManagementService.ts",
	"owner": "eslint",
	"code": "no-trailing-spaces",
	"severity": 4,
	"message": "Trailing spaces not allowed",
	"source": "eslint",
	"startLineNumber": 258,
	"startColumn": 1,
	"endLineNumber": 258,
	"endColumn": 1
},{
	"resource": "/c:/Users/basil/Desktop/material-kai-vision-platform/src/services/dynamicCategoryManagementService.ts",
	"owner": "eslint",
	"code": "comma-dangle",
	"severity": 4,
	"message": "Missing trailing comma",
	"source": "eslint",
	"startLineNumber": 271,
	"startColumn": 30,
	"endLineNumber": 271,
	"endColumn": 30
},{
	"resource": "/c:/Users/basil/Desktop/material-kai-vision-platform/src/services/dynamicCategoryManagementService.ts",
	"owner": "eslint",
	"code": "no-trailing-spaces",
	"severity": 4,
	"message": "Trailing spaces not allowed",
	"source": "eslint",
	"startLineNumber": 286,
	"startColumn": 43,
	"endLineNumber": 286,
	"endColumn": 43
},{
	"resource": "/c:/Users/basil/Desktop/material-kai-vision-platform/src/services/dynamicCategoryManagementService.ts",
	"owner": "eslint",
	"code": "@typescript-eslint/no-explicit-any",
	"severity": 4,
	"message": "Unexpected any. Specify a different type",
	"source": "eslint",
	"startLineNumber": 295,
	"startColumn": 38,
	"endLineNumber": 295,
	"endColumn": 38
},{
	"resource": "/c:/Users/basil/Desktop/material-kai-vision-platform/src/services/dynamicCategoryManagementService.ts",
	"owner": "eslint",
	"code": "@typescript-eslint/no-non-null-assertion",
	"severity": 4,
	"message": "Forbidden non-null assertion",
	"source": "eslint",
	"startLineNumber": 307,
	"startColumn": 25,
	"endLineNumber": 307,
	"endColumn": 25
},{
	"resource": "/c:/Users/basil/Desktop/material-kai-vision-platform/src/services/dynamicCategoryManagementService.ts",
	"owner": "eslint",
	"code": "no-trailing-spaces",
	"severity": 4,
	"message": "Trailing spaces not allowed",
	"source": "eslint",
	"startLineNumber": 308,
	"startColumn": 1,
	"endLineNumber": 308,
	"endColumn": 1
},{
	"resource": "/c:/Users/basil/Desktop/material-kai-vision-platform/src/services/dynamicCategoryManagementService.ts",
	"owner": "eslint",
	"code": "@typescript-eslint/no-explicit-any",
	"severity": 4,
	"message": "Unexpected any. Specify a different type",
	"source": "eslint",
	"startLineNumber": 323,
	"startColumn": 32,
	"endLineNumber": 323,
	"endColumn": 32
},{
	"resource": "/c:/Users/basil/Desktop/material-kai-vision-platform/src/services/dynamicCategoryManagementService.ts",
	"owner": "eslint",
	"code": "comma-dangle",
	"severity": 4,
	"message": "Missing trailing comma",
	"source": "eslint",
	"startLineNumber": 339,
	"startColumn": 19,
	"endLineNumber": 339,
	"endColumn": 19
},{
	"resource": "/c:/Users/basil/Desktop/material-kai-vision-platform/src/services/dynamicCategoryManagementService.ts",
	"owner": "eslint",
	"code": "no-trailing-spaces",
	"severity": 4,
	"message": "Trailing spaces not allowed",
	"source": "eslint",
	"startLineNumber": 357,
	"startColumn": 46,
	"endLineNumber": 357,
	"endColumn": 46
},{
	"resource": "/c:/Users/basil/Desktop/material-kai-vision-platform/src/services/dynamicCategoryManagementService.ts",
	"owner": "eslint",
	"code": "comma-dangle",
	"severity": 4,
	"message": "Missing trailing comma",
	"source": "eslint",
	"startLineNumber": 358,
	"startColumn": 51,
	"endLineNumber": 358,
	"endColumn": 51
},{
	"resource": "/c:/Users/basil/Desktop/material-kai-vision-platform/src/services/dynamicCategoryManagementService.ts",
	"owner": "eslint",
	"code": "no-trailing-spaces",
	"severity": 4,
	"message": "Trailing spaces not allowed",
	"source": "eslint",
	"startLineNumber": 369,
	"startColumn": 1,
	"endLineNumber": 369,
	"endColumn": 1
},{
	"resource": "/c:/Users/basil/Desktop/material-kai-vision-platform/src/services/dynamicCategoryManagementService.ts",
	"owner": "eslint",
	"code": "no-trailing-spaces",
	"severity": 4,
	"message": "Trailing spaces not allowed",
	"source": "eslint",
	"startLineNumber": 371,
	"startColumn": 1,
	"endLineNumber": 371,
	"endColumn": 1
},{
	"resource": "/c:/Users/basil/Desktop/material-kai-vision-platform/src/services/dynamicCategoryManagementService.ts",
	"owner": "eslint",
	"code": "no-trailing-spaces",
	"severity": 4,
	"message": "Trailing spaces not allowed",
	"source": "eslint",
	"startLineNumber": 377,
	"startColumn": 1,
	"endLineNumber": 377,
	"endColumn": 1
},{
	"resource": "/c:/Users/basil/Desktop/material-kai-vision-platform/src/services/dynamicCategoryManagementService.ts",
	"owner": "eslint",
	"code": "comma-dangle",
	"severity": 4,
	"message": "Missing trailing comma",
	"source": "eslint",
	"startLineNumber": 387,
	"startColumn": 29,
	"endLineNumber": 387,
	"endColumn": 29
},{
	"resource": "/c:/Users/basil/Desktop/material-kai-vision-platform/src/services/dynamicCategoryManagementService.ts",
	"owner": "eslint",
	"code": "comma-dangle",
	"severity": 4,
	"message": "Missing trailing comma",
	"source": "eslint",
	"startLineNumber": 395,
	"startColumn": 59,
	"endLineNumber": 395,
	"endColumn": 59
},{
	"resource": "/c:/Users/basil/Desktop/material-kai-vision-platform/src/services/dynamicCategoryManagementService.ts",
	"owner": "eslint",
	"code": "comma-dangle",
	"severity": 4,
	"message": "Missing trailing comma",
	"source": "eslint",
	"startLineNumber": 396,
	"startColumn": 12,
	"endLineNumber": 396,
	"endColumn": 12
},{
	"resource": "/c:/Users/basil/Desktop/material-kai-vision-platform/src/services/dynamicCategoryManagementService.ts",
	"owner": "eslint",
	"code": "no-console",
	"severity": 4,
	"message": "Unexpected console statement",
	"source": "eslint",
	"startLineNumber": 400,
	"startColumn": 7,
	"endLineNumber": 400,
	"endColumn": 7
},{
	"resource": "/c:/Users/basil/Desktop/material-kai-vision-platform/src/services/dynamicCategoryManagementService.ts",
	"owner": "eslint",
	"code": "@typescript-eslint/no-explicit-any",
	"severity": 4,
	"message": "Unexpected any. Specify a different type",
	"source": "eslint",
	"startLineNumber": 425,
	"startColumn": 91,
	"endLineNumber": 425,
	"endColumn": 91
},{
	"resource": "/c:/Users/basil/Desktop/material-kai-vision-platform/src/services/dynamicMaterialCategoriesService.ts",
	"owner": "eslint",
	"code": "no-trailing-spaces",
	"severity": 4,
	"message": "Trailing spaces not allowed",
	"source": "eslint",
	"startLineNumber": 64,
	"startColumn": 1,
	"endLineNumber": 64,
	"endColumn": 1
},{
	"resource": "/c:/Users/basil/Desktop/material-kai-vision-platform/src/services/dynamicMaterialCategoriesService.ts",
	"owner": "eslint",
	"code": "no-trailing-spaces",
	"severity": 4,
	"message": "Trailing spaces not allowed",
	"source": "eslint",
	"startLineNumber": 87,
	"startColumn": 43,
	"endLineNumber": 87,
	"endColumn": 43
},{
	"resource": "/c:/Users/basil/Desktop/material-kai-vision-platform/src/services/dynamicMaterialCategoriesService.ts",
	"owner": "eslint",
	"code": "no-trailing-spaces",
	"severity": 4,
	"message": "Trailing spaces not allowed",
	"source": "eslint",
	"startLineNumber": 93,
	"startColumn": 1,
	"endLineNumber": 93,
	"endColumn": 1
},{
	"resource": "/c:/Users/basil/Desktop/material-kai-vision-platform/src/services/dynamicMaterialCategoriesService.ts",
	"owner": "eslint",
	"code": "comma-dangle",
	"severity": 4,
	"message": "Missing trailing comma",
	"source": "eslint",
	"startLineNumber": 99,
	"startColumn": 35,
	"endLineNumber": 99,
	"endColumn": 35
},{
	"resource": "/c:/Users/basil/Desktop/material-kai-vision-platform/src/services/dynamicMaterialCategoriesService.ts",
	"owner": "eslint",
	"code": "comma-dangle",
	"severity": 4,
	"message": "Missing trailing comma",
	"source": "eslint",
	"startLineNumber": 100,
	"startColumn": 8,
	"endLineNumber": 100,
	"endColumn": 8
},{
	"resource": "/c:/Users/basil/Desktop/material-kai-vision-platform/src/services/dynamicMaterialCategoriesService.ts",
	"owner": "eslint",
	"code": "no-console",
	"severity": 4,
	"message": "Unexpected console statement",
	"source": "eslint",
	"startLineNumber": 128,
	"startColumn": 7,
	"endLineNumber": 128,
	"endColumn": 7
},{
	"resource": "/c:/Users/basil/Desktop/material-kai-vision-platform/src/services/dynamicMaterialCategoriesService.ts",
	"owner": "eslint",
	"code": "no-console",
	"severity": 4,
	"message": "Unexpected console statement",
	"source": "eslint",
	"startLineNumber": 152,
	"startColumn": 7,
	"endLineNumber": 152,
	"endColumn": 7
},{
	"resource": "/c:/Users/basil/Desktop/material-kai-vision-platform/src/services/dynamicMaterialCategoriesService.ts",
	"owner": "eslint",
	"code": "no-console",
	"severity": 4,
	"message": "Unexpected console statement",
	"source": "eslint",
	"startLineNumber": 176,
	"startColumn": 7,
	"endLineNumber": 176,
	"endColumn": 7
},{
	"resource": "/c:/Users/basil/Desktop/material-kai-vision-platform/src/services/dynamicMaterialCategoriesService.ts",
	"owner": "eslint",
	"code": "comma-dangle",
	"severity": 4,
	"message": "Missing trailing comma",
	"source": "eslint",
	"startLineNumber": 192,
	"startColumn": 41,
	"endLineNumber": 192,
	"endColumn": 41
},{
	"resource": "/c:/Users/basil/Desktop/material-kai-vision-platform/src/services/dynamicMaterialCategoriesService.ts",
	"owner": "eslint",
	"code": "no-console",
	"severity": 4,
	"message": "Unexpected console statement",
	"source": "eslint",
	"startLineNumber": 208,
	"startColumn": 7,
	"endLineNumber": 208,
	"endColumn": 7
},{
	"resource": "/c:/Users/basil/Desktop/material-kai-vision-platform/src/services/dynamicMaterialCategoriesService.ts",
	"owner": "eslint",
	"code": "no-console",
	"severity": 4,
	"message": "Unexpected console statement",
	"source": "eslint",
	"startLineNumber": 230,
	"startColumn": 7,
	"endLineNumber": 230,
	"endColumn": 7
},{
	"resource": "/c:/Users/basil/Desktop/material-kai-vision-platform/src/services/dynamicMaterialCategoriesService.ts",
	"owner": "eslint",
	"code": "eol-last",
	"severity": 4,
	"message": "Newline required at end of file but not found",
	"source": "eslint",
	"startLineNumber": 296,
	"startColumn": 2,
	"endLineNumber": 296,
	"endColumn": 2
},{
	"resource": "/c:/Users/basil/Desktop/material-kai-vision-platform/src/services/embeddingGenerationService.ts",
	"owner": "eslint",
	"code": "comma-dangle",
	"severity": 4,
	"message": "Missing trailing comma",
	"source": "eslint",
	"startLineNumber": 13,
	"startColumn": 19,
	"endLineNumber": 13,
	"endColumn": 19
},{
	"resource": "/c:/Users/basil/Desktop/material-kai-vision-platform/src/services/embeddingGenerationService.ts",
	"owner": "eslint",
	"code": "comma-dangle",
	"severity": 4,
	"message": "Missing trailing comma",
	"source": "eslint",
	"startLineNumber": 168,
	"startColumn": 62,
	"endLineNumber": 168,
	"endColumn": 62
},{
	"resource": "/c:/Users/basil/Desktop/material-kai-vision-platform/src/services/embeddingGenerationService.ts",
	"owner": "eslint",
	"code": "comma-dangle",
	"severity": 4,
	"message": "Missing trailing comma",
	"source": "eslint",
	"startLineNumber": 211,
	"startColumn": 50,
	"endLineNumber": 211,
	"endColumn": 50
},{
	"resource": "/c:/Users/basil/Desktop/material-kai-vision-platform/src/services/embeddingGenerationService.ts",
	"owner": "eslint",
	"code": "@typescript-eslint/no-explicit-any",
	"severity": 4,
	"message": "Unexpected any. Specify a different type",
	"source": "eslint",
	"startLineNumber": 254,
	"startColumn": 72,
	"endLineNumber": 254,
	"endColumn": 72
},{
	"resource": "/c:/Users/basil/Desktop/material-kai-vision-platform/src/services/embeddingGenerationService.ts",
	"owner": "eslint",
	"code": "comma-dangle",
	"severity": 4,
	"message": "Missing trailing comma",
	"source": "eslint",
	"startLineNumber": 259,
	"startColumn": 38,
	"endLineNumber": 259,
	"endColumn": 38
},{
	"resource": "/c:/Users/basil/Desktop/material-kai-vision-platform/src/services/embeddingGenerationService.ts",
	"owner": "eslint",
	"code": "comma-dangle",
	"severity": 4,
	"message": "Missing trailing comma",
	"source": "eslint",
	"startLineNumber": 278,
	"startColumn": 67,
	"endLineNumber": 278,
	"endColumn": 67
},{
	"resource": "/c:/Users/basil/Desktop/material-kai-vision-platform/src/services/embeddingGenerationService.ts",
	"owner": "eslint",
	"code": "@typescript-eslint/no-explicit-any",
	"severity": 4,
	"message": "Unexpected any. Specify a different type",
	"source": "eslint",
	"startLineNumber": 279,
	"startColumn": 14,
	"endLineNumber": 279,
	"endColumn": 14
},{
	"resource": "/c:/Users/basil/Desktop/material-kai-vision-platform/src/services/embeddingGenerationService.ts",
	"owner": "eslint",
	"code": "@typescript-eslint/no-non-null-assertion",
	"severity": 4,
	"message": "Forbidden non-null assertion",
	"source": "eslint",
	"startLineNumber": 574,
	"startColumn": 11,
	"endLineNumber": 574,
	"endColumn": 11
},{
	"resource": "/c:/Users/basil/Desktop/material-kai-vision-platform/src/services/embeddingGenerationService.ts",
	"owner": "eslint",
	"code": "@typescript-eslint/no-explicit-any",
	"severity": 4,
	"message": "Unexpected any. Specify a different type",
	"source": "eslint",
	"startLineNumber": 607,
	"startColumn": 34,
	"endLineNumber": 607,
	"endColumn": 34
},{
	"resource": "/c:/Users/basil/Desktop/material-kai-vision-platform/src/services/enhancedRAGService.ts",
	"owner": "eslint",
	"code": "comma-dangle",
	"severity": 4,
	"message": "Missing trailing comma",
	"source": "eslint",
	"startLineNumber": 157,
	"startColumn": 48,
	"endLineNumber": 157,
	"endColumn": 48
},{
	"resource": "/c:/Users/basil/Desktop/material-kai-vision-platform/src/services/enhancedRAGService.ts",
	"owner": "eslint",
	"code": "@typescript-eslint/no-explicit-any",
	"severity": 4,
	"message": "Unexpected any. Specify a different type",
	"source": "eslint",
	"startLineNumber": 179,
	"startColumn": 30,
	"endLineNumber": 179,
	"endColumn": 30
},{
	"resource": "/c:/Users/basil/Desktop/material-kai-vision-platform/src/services/enhancedRAGService.ts",
	"owner": "eslint",
	"code": "comma-dangle",
	"severity": 4,
	"message": "Missing trailing comma",
	"source": "eslint",
	"startLineNumber": 196,
	"startColumn": 53,
	"endLineNumber": 196,
	"endColumn": 53
},{
	"resource": "/c:/Users/basil/Desktop/material-kai-vision-platform/src/services/enhancedRAGService.ts",
	"owner": "eslint",
	"code": "no-console",
	"severity": 4,
	"message": "Unexpected console statement",
	"source": "eslint",
	"startLineNumber": 234,
	"startColumn": 9,
	"endLineNumber": 234,
	"endColumn": 9
},{
	"resource": "/c:/Users/basil/Desktop/material-kai-vision-platform/src/services/enhancedRAGService.ts",
	"owner": "eslint",
	"code": "comma-dangle",
	"severity": 4,
	"message": "Missing trailing comma",
	"source": "eslint",
	"startLineNumber": 269,
	"startColumn": 53,
	"endLineNumber": 269,
	"endColumn": 53
},{
	"resource": "/c:/Users/basil/Desktop/material-kai-vision-platform/src/services/enhancedRAGService.ts",
	"owner": "eslint",
	"code": "@typescript-eslint/no-explicit-any",
	"severity": 4,
	"message": "Unexpected any. Specify a different type",
	"source": "eslint",
	"startLineNumber": 291,
	"startColumn": 30,
	"endLineNumber": 291,
	"endColumn": 30
},{
	"resource": "/c:/Users/basil/Desktop/material-kai-vision-platform/src/services/enhancedRAGService.ts",
	"owner": "eslint",
	"code": "comma-dangle",
	"severity": 4,
	"message": "Missing trailing comma",
	"source": "eslint",
	"startLineNumber": 309,
	"startColumn": 58,
	"endLineNumber": 309,
	"endColumn": 58
},{
	"resource": "/c:/Users/basil/Desktop/material-kai-vision-platform/src/services/enhancedRAGService.ts",
	"owner": "eslint",
	"code": "@typescript-eslint/no-explicit-any",
	"severity": 4,
	"message": "Unexpected any. Specify a different type",
	"source": "eslint",
	"startLineNumber": 336,
	"startColumn": 30,
	"endLineNumber": 336,
	"endColumn": 30
},{
	"resource": "/c:/Users/basil/Desktop/material-kai-vision-platform/src/services/enhancedRAGService.ts",
	"owner": "eslint",
	"code": "comma-dangle",
	"severity": 4,
	"message": "Missing trailing comma",
	"source": "eslint",
	"startLineNumber": 354,
	"startColumn": 48,
	"endLineNumber": 354,
	"endColumn": 48
},{
	"resource": "/c:/Users/basil/Desktop/material-kai-vision-platform/src/services/enhancedRAGService.ts",
	"owner": "eslint",
	"code": "comma-dangle",
	"severity": 4,
	"message": "Missing trailing comma",
	"source": "eslint",
	"startLineNumber": 404,
	"startColumn": 48,
	"endLineNumber": 404,
	"endColumn": 48
},{
	"resource": "/c:/Users/basil/Desktop/material-kai-vision-platform/src/services/enhancedRAGService.ts",
	"owner": "eslint",
	"code": "@typescript-eslint/no-explicit-any",
	"severity": 4,
	"message": "Unexpected any. Specify a different type",
	"source": "eslint",
	"startLineNumber": 437,
	"startColumn": 21,
	"endLineNumber": 437,
	"endColumn": 21
},{
	"resource": "/c:/Users/basil/Desktop/material-kai-vision-platform/src/services/enhancedRAGService.ts",
	"owner": "eslint",
	"code": "@typescript-eslint/no-explicit-any",
	"severity": 4,
	"message": "Unexpected any. Specify a different type",
	"source": "eslint",
	"startLineNumber": 438,
	"startColumn": 34,
	"endLineNumber": 438,
	"endColumn": 34
},{
	"resource": "/c:/Users/basil/Desktop/material-kai-vision-platform/src/services/enhancedRAGService.ts",
	"owner": "eslint",
	"code": "@typescript-eslint/no-explicit-any",
	"severity": 4,
	"message": "Unexpected any. Specify a different type",
	"source": "eslint",
	"startLineNumber": 439,
	"startColumn": 25,
	"endLineNumber": 439,
	"endColumn": 25
},{
	"resource": "/c:/Users/basil/Desktop/material-kai-vision-platform/src/services/enhancedRAGService.ts",
	"owner": "eslint",
	"code": "@typescript-eslint/no-explicit-any",
	"severity": 4,
	"message": "Unexpected any. Specify a different type",
	"source": "eslint",
	"startLineNumber": 442,
	"startColumn": 34,
	"endLineNumber": 442,
	"endColumn": 34
},{
	"resource": "/c:/Users/basil/Desktop/material-kai-vision-platform/src/services/enhancedRAGService.ts",
	"owner": "eslint",
	"code": "@typescript-eslint/no-explicit-any",
	"severity": 4,
	"message": "Unexpected any. Specify a different type",
	"source": "eslint",
	"startLineNumber": 445,
	"startColumn": 23,
	"endLineNumber": 445,
	"endColumn": 23
},{
	"resource": "/c:/Users/basil/Desktop/material-kai-vision-platform/src/services/enhancedRAGService.ts",
	"owner": "eslint",
	"code": "@typescript-eslint/no-explicit-any",
	"severity": 4,
	"message": "Unexpected any. Specify a different type",
	"source": "eslint",
	"startLineNumber": 445,
	"startColumn": 36,
	"endLineNumber": 445,
	"endColumn": 36
},{
	"resource": "/c:/Users/basil/Desktop/material-kai-vision-platform/src/services/enhancedRAGService.ts",
	"owner": "eslint",
	"code": "comma-dangle",
	"severity": 4,
	"message": "Missing trailing comma",
	"source": "eslint",
	"startLineNumber": 462,
	"startColumn": 51,
	"endLineNumber": 462,
	"endColumn": 51
},{
	"resource": "/c:/Users/basil/Desktop/material-kai-vision-platform/src/services/enhancedRAGService.ts",
	"owner": "eslint",
	"code": "no-console",
	"severity": 4,
	"message": "Unexpected console statement",
	"source": "eslint",
	"startLineNumber": 488,
	"startColumn": 11,
	"endLineNumber": 488,
	"endColumn": 11
},{
	"resource": "/c:/Users/basil/Desktop/material-kai-vision-platform/src/services/enhancedRAGService.ts",
	"owner": "eslint",
	"code": "comma-dangle",
	"severity": 4,
	"message": "Missing trailing comma",
	"source": "eslint",
	"startLineNumber": 510,
	"startColumn": 58,
	"endLineNumber": 510,
	"endColumn": 58
},{
	"resource": "/c:/Users/basil/Desktop/material-kai-vision-platform/src/services/enhancedRAGService.ts",
	"owner": "eslint",
	"code": "comma-dangle",
	"severity": 4,
	"message": "Missing trailing comma",
	"source": "eslint",
	"startLineNumber": 542,
	"startColumn": 49,
	"endLineNumber": 542,
	"endColumn": 49
},{
	"resource": "/c:/Users/basil/Desktop/material-kai-vision-platform/src/services/entityRelationshipService.ts",
	"owner": "eslint",
	"code": "no-trailing-spaces",
	"severity": 4,
	"message": "Trailing spaces not allowed",
	"source": "eslint",
	"startLineNumber": 3,
	"startColumn": 3,
	"endLineNumber": 3,
	"endColumn": 3
},{
	"resource": "/c:/Users/basil/Desktop/material-kai-vision-platform/src/services/entityRelationshipService.ts",
	"owner": "eslint",
	"code": "comma-dangle",
	"severity": 4,
	"message": "Missing trailing comma",
	"source": "eslint",
	"startLineNumber": 25,
	"startColumn": 33,
	"endLineNumber": 25,
	"endColumn": 33
},{
	"resource": "/c:/Users/basil/Desktop/material-kai-vision-platform/src/services/entityRelationshipService.ts",
	"owner": "eslint",
	"code": "comma-dangle",
	"severity": 4,
	"message": "Missing trailing comma",
	"source": "eslint",
	"startLineNumber": 36,
	"startColumn": 46,
	"endLineNumber": 36,
	"endColumn": 46
},{
	"resource": "/c:/Users/basil/Desktop/material-kai-vision-platform/src/services/entityRelationshipService.ts",
	"owner": "eslint",
	"code": "comma-dangle",
	"severity": 4,
	"message": "Missing trailing comma",
	"source": "eslint",
	"startLineNumber": 52,
	"startColumn": 33,
	"endLineNumber": 52,
	"endColumn": 33
},{
	"resource": "/c:/Users/basil/Desktop/material-kai-vision-platform/src/services/entityRelationshipService.ts",
	"owner": "eslint",
	"code": "comma-dangle",
	"severity": 4,
	"message": "Missing trailing comma",
	"source": "eslint",
	"startLineNumber": 63,
	"startColumn": 44,
	"endLineNumber": 63,
	"endColumn": 44
},{
	"resource": "/c:/Users/basil/Desktop/material-kai-vision-platform/src/services/entityRelationshipService.ts",
	"owner": "eslint",
	"code": "comma-dangle",
	"severity": 4,
	"message": "Missing trailing comma",
	"source": "eslint",
	"startLineNumber": 79,
	"startColumn": 33,
	"endLineNumber": 79,
	"endColumn": 33
},{
	"resource": "/c:/Users/basil/Desktop/material-kai-vision-platform/src/services/entityRelationshipService.ts",
	"owner": "eslint",
	"code": "comma-dangle",
	"severity": 4,
	"message": "Missing trailing comma",
	"source": "eslint",
	"startLineNumber": 90,
	"startColumn": 46,
	"endLineNumber": 90,
	"endColumn": 46
},{
	"resource": "/c:/Users/basil/Desktop/material-kai-vision-platform/src/services/entityRelationshipService.ts",
	"owner": "eslint",
	"code": "comma-dangle",
	"severity": 4,
	"message": "Missing trailing comma",
	"source": "eslint",
	"startLineNumber": 274,
	"startColumn": 82,
	"endLineNumber": 274,
	"endColumn": 82
},{
	"resource": "/c:/Users/basil/Desktop/material-kai-vision-platform/src/services/entityRelationshipService.ts",
	"owner": "eslint",
	"code": "comma-dangle",
	"severity": 4,
	"message": "Missing trailing comma",
	"source": "eslint",
	"startLineNumber": 294,
	"startColumn": 80,
	"endLineNumber": 294,
	"endColumn": 80
},{
	"resource": "/c:/Users/basil/Desktop/material-kai-vision-platform/src/services/entityRelationshipService.ts",
	"owner": "eslint",
	"code": "comma-dangle",
	"severity": 4,
	"message": "Missing trailing comma",
	"source": "eslint",
	"startLineNumber": 314,
	"startColumn": 82,
	"endLineNumber": 314,
	"endColumn": 82
},{
	"resource": "/c:/Users/basil/Desktop/material-kai-vision-platform/src/services/functionalMetadataApiService.ts",
	"owner": "eslint",
	"code": "import/order",
	"severity": 4,
	"message": "There should be at least one empty line between import groups",
	"source": "eslint",
	"startLineNumber": 1,
	"startColumn": 1,
	"endLineNumber": 1,
	"endColumn": 1
},{
	"resource": "/c:/Users/basil/Desktop/material-kai-vision-platform/src/services/functionalMetadataApiService.ts",
	"owner": "eslint",
	"code": "no-trailing-spaces",
	"severity": 4,
	"message": "Trailing spaces not allowed",
	"source": "eslint",
	"startLineNumber": 128,
	"startColumn": 3,
	"endLineNumber": 128,
	"endColumn": 3
},{
	"resource": "/c:/Users/basil/Desktop/material-kai-vision-platform/src/services/functionalMetadataApiService.ts",
	"owner": "eslint",
	"code": "comma-dangle",
	"severity": 4,
	"message": "Missing trailing comma",
	"source": "eslint",
	"startLineNumber": 143,
	"startColumn": 49,
	"endLineNumber": 143,
	"endColumn": 49
},{
	"resource": "/c:/Users/basil/Desktop/material-kai-vision-platform/src/services/functionalMetadataApiService.ts",
	"owner": "eslint",
	"code": "no-trailing-spaces",
	"severity": 4,
	"message": "Trailing spaces not allowed",
	"source": "eslint",
	"startLineNumber": 196,
	"startColumn": 1,
	"endLineNumber": 196,
	"endColumn": 1
},{
	"resource": "/c:/Users/basil/Desktop/material-kai-vision-platform/src/services/functionalMetadataApiService.ts",
	"owner": "eslint",
	"code": "comma-dangle",
	"severity": 4,
	"message": "Missing trailing comma",
	"source": "eslint",
	"startLineNumber": 216,
	"startColumn": 6,
	"endLineNumber": 216,
	"endColumn": 6
},{
	"resource": "/c:/Users/basil/Desktop/material-kai-vision-platform/src/services/functionalMetadataApiService.ts",
	"owner": "eslint",
	"code": "@typescript-eslint/no-explicit-any",
	"severity": 4,
	"message": "Unexpected any. Specify a different type",
	"source": "eslint",
	"startLineNumber": 231,
	"startColumn": 102,
	"endLineNumber": 231,
	"endColumn": 102
},{
	"resource": "/c:/Users/basil/Desktop/material-kai-vision-platform/src/services/functionalMetadataApiService.ts",
	"owner": "eslint",
	"code": "@typescript-eslint/no-explicit-any",
	"severity": 4,
	"message": "Unexpected any. Specify a different type",
	"source": "eslint",
	"startLineNumber": 237,
	"startColumn": 11,
	"endLineNumber": 237,
	"endColumn": 11
},{
	"resource": "/c:/Users/basil/Desktop/material-kai-vision-platform/src/services/functionalMetadataApiService.ts",
	"owner": "eslint",
	"code": "@typescript-eslint/no-explicit-any",
	"severity": 4,
	"message": "Unexpected any. Specify a different type",
	"source": "eslint",
	"startLineNumber": 239,
	"startColumn": 23,
	"endLineNumber": 239,
	"endColumn": 23
},{
	"resource": "/c:/Users/basil/Desktop/material-kai-vision-platform/src/services/functionalMetadataApiService.ts",
	"owner": "eslint",
	"code": "@typescript-eslint/no-explicit-any",
	"severity": 4,
	"message": "Unexpected any. Specify a different type",
	"source": "eslint",
	"startLineNumber": 240,
	"startColumn": 74,
	"endLineNumber": 240,
	"endColumn": 74
},{
	"resource": "/c:/Users/basil/Desktop/material-kai-vision-platform/src/services/functionalMetadataApiService.ts",
	"owner": "eslint",
	"code": "@typescript-eslint/no-explicit-any",
	"severity": 4,
	"message": "Unexpected any. Specify a different type",
	"source": "eslint",
	"startLineNumber": 240,
	"startColumn": 102,
	"endLineNumber": 240,
	"endColumn": 102
},{
	"resource": "/c:/Users/basil/Desktop/material-kai-vision-platform/src/services/functionalMetadataApiService.ts",
	"owner": "eslint",
	"code": "comma-dangle",
	"severity": 4,
	"message": "Missing trailing comma",
	"source": "eslint",
	"startLineNumber": 267,
	"startColumn": 66,
	"endLineNumber": 267,
	"endColumn": 66
},{
	"resource": "/c:/Users/basil/Desktop/material-kai-vision-platform/src/services/functionalMetadataApiService.ts",
	"owner": "eslint",
	"code": "no-trailing-spaces",
	"severity": 4,
	"message": "Trailing spaces not allowed",
	"source": "eslint",
	"startLineNumber": 304,
	"startColumn": 83,
	"endLineNumber": 304,
	"endColumn": 83
},{
	"resource": "/c:/Users/basil/Desktop/material-kai-vision-platform/src/services/functionalMetadataApiService.ts",
	"owner": "eslint",
	"code": "comma-dangle",
	"severity": 4,
	"message": "Missing trailing comma",
	"source": "eslint",
	"startLineNumber": 305,
	"startColumn": 85,
	"endLineNumber": 305,
	"endColumn": 85
},{
	"resource": "/c:/Users/basil/Desktop/material-kai-vision-platform/src/services/functionalMetadataApiService.ts",
	"owner": "eslint",
	"code": "comma-dangle",
	"severity": 4,
	"message": "Missing trailing comma",
	"source": "eslint",
	"startLineNumber": 322,
	"startColumn": 79,
	"endLineNumber": 322,
	"endColumn": 79
},{
	"resource": "/c:/Users/basil/Desktop/material-kai-vision-platform/src/services/functionalMetadataApiService.ts",
	"owner": "eslint",
	"code": "comma-dangle",
	"severity": 4,
	"message": "Missing trailing comma",
	"source": "eslint",
	"startLineNumber": 362,
	"startColumn": 49,
	"endLineNumber": 362,
	"endColumn": 49
},{
	"resource": "/c:/Users/basil/Desktop/material-kai-vision-platform/src/services/functionalMetadataApiService.ts",
	"owner": "eslint",
	"code": "no-trailing-spaces",
	"severity": 4,
	"message": "Trailing spaces not allowed",
	"source": "eslint",
	"startLineNumber": 371,
	"startColumn": 1,
	"endLineNumber": 371,
	"endColumn": 1
},{
	"resource": "/c:/Users/basil/Desktop/material-kai-vision-platform/src/services/functionalMetadataApiService.ts",
	"owner": "eslint",
	"code": "no-trailing-spaces",
	"severity": 4,
	"message": "Trailing spaces not allowed",
	"source": "eslint",
	"startLineNumber": 374,
	"startColumn": 1,
	"endLineNumber": 374,
	"endColumn": 1
},{
	"resource": "/c:/Users/basil/Desktop/material-kai-vision-platform/src/services/functionalMetadataApiService.ts",
	"owner": "eslint",
	"code": "comma-dangle",
	"severity": 4,
	"message": "Missing trailing comma",
	"source": "eslint",
	"startLineNumber": 421,
	"startColumn": 40,
	"endLineNumber": 421,
	"endColumn": 40
},{
	"resource": "/c:/Users/basil/Desktop/material-kai-vision-platform/src/services/functionalMetadataApiService.ts",
	"owner": "eslint",
	"code": "eol-last",
	"severity": 4,
	"message": "Newline required at end of file but not found",
	"source": "eslint",
	"startLineNumber": 426,
	"startColumn": 90,
	"endLineNumber": 426,
	"endColumn": 90
},{
	"resource": "/c:/Users/basil/Desktop/material-kai-vision-platform/src/services/htmlDOMAnalyzer.ts",
	"owner": "eslint",
	"code": "no-console",
	"severity": 4,
	"message": "Unexpected console statement",
	"source": "eslint",
	"startLineNumber": 107,
	"startColumn": 7,
	"endLineNumber": 107,
	"endColumn": 7
},{
	"resource": "/c:/Users/basil/Desktop/material-kai-vision-platform/src/services/htmlDOMAnalyzer.ts",
	"owner": "eslint",
	"code": "no-console",
	"severity": 4,
	"message": "Unexpected console statement",
	"source": "eslint",
	"startLineNumber": 138,
	"startColumn": 7,
	"endLineNumber": 138,
	"endColumn": 7
},{
	"resource": "/c:/Users/basil/Desktop/material-kai-vision-platform/src/services/htmlDOMAnalyzer.ts",
	"owner": "eslint",
	"code": "no-console",
	"severity": 4,
	"message": "Unexpected console statement",
	"source": "eslint",
	"startLineNumber": 149,
	"startColumn": 7,
	"endLineNumber": 149,
	"endColumn": 7
},{
	"resource": "/c:/Users/basil/Desktop/material-kai-vision-platform/src/services/htmlDOMAnalyzer.ts",
	"owner": "eslint",
	"code": "@typescript-eslint/no-explicit-any",
	"severity": 4,
	"message": "Unexpected any. Specify a different type",
	"source": "eslint",
	"startLineNumber": 150,
	"startColumn": 58,
	"endLineNumber": 150,
	"endColumn": 58
},{
	"resource": "/c:/Users/basil/Desktop/material-kai-vision-platform/src/services/htmlDOMAnalyzer.ts",
	"owner": "eslint",
	"code": "no-console",
	"severity": 4,
	"message": "Unexpected console statement",
	"source": "eslint",
	"startLineNumber": 308,
	"startColumn": 7,
	"endLineNumber": 308,
	"endColumn": 7
},{
	"resource": "/c:/Users/basil/Desktop/material-kai-vision-platform/src/services/htmlDOMAnalyzer.ts",
	"owner": "eslint",
	"code": "no-console",
	"severity": 4,
	"message": "Unexpected console statement",
	"source": "eslint",
	"startLineNumber": 778,
	"startColumn": 7,
	"endLineNumber": 778,
	"endColumn": 7
},{
	"resource": "/c:/Users/basil/Desktop/material-kai-vision-platform/src/services/htmlDOMAnalyzer.ts",
	"owner": "eslint",
	"code": "no-console",
	"severity": 4,
	"message": "Unexpected console statement",
	"source": "eslint",
	"startLineNumber": 780,
	"startColumn": 7,
	"endLineNumber": 780,
	"endColumn": 7
},{
	"resource": "/c:/Users/basil/Desktop/material-kai-vision-platform/src/services/htmlDOMAnalyzer.ts",
	"owner": "eslint",
	"code": "@typescript-eslint/no-explicit-any",
	"severity": 4,
	"message": "Unexpected any. Specify a different type",
	"source": "eslint",
	"startLineNumber": 815,
	"startColumn": 44,
	"endLineNumber": 815,
	"endColumn": 44
},{
	"resource": "/c:/Users/basil/Desktop/material-kai-vision-platform/src/services/htmlDOMAnalyzer.ts",
	"owner": "eslint",
	"code": "no-console",
	"severity": 4,
	"message": "Unexpected console statement",
	"source": "eslint",
	"startLineNumber": 822,
	"startColumn": 7,
	"endLineNumber": 822,
	"endColumn": 7
},{
	"resource": "/c:/Users/basil/Desktop/material-kai-vision-platform/src/services/hybridAIService.ts",
	"owner": "eslint",
	"code": "no-console",
	"severity": 4,
	"message": "Unexpected console statement",
	"source": "eslint",
	"startLineNumber": 84,
	"startColumn": 9,
	"endLineNumber": 84,
	"endColumn": 9
},{
	"resource": "/c:/Users/basil/Desktop/material-kai-vision-platform/src/services/hybridAIService.ts",
	"owner": "eslint",
	"code": "@typescript-eslint/no-explicit-any",
	"severity": 4,
	"message": "Unexpected any. Specify a different type",
	"source": "eslint",
	"startLineNumber": 105,
	"startColumn": 33,
	"endLineNumber": 105,
	"endColumn": 33
},{
	"resource": "/c:/Users/basil/Desktop/material-kai-vision-platform/src/services/hybridAIService.ts",
	"owner": "eslint",
	"code": "@typescript-eslint/no-explicit-any",
	"severity": 4,
	"message": "Unexpected any. Specify a different type",
	"source": "eslint",
	"startLineNumber": 110,
	"startColumn": 28,
	"endLineNumber": 110,
	"endColumn": 28
},{
	"resource": "/c:/Users/basil/Desktop/material-kai-vision-platform/src/services/hybridAIService.ts",
	"owner": "eslint",
	"code": "@typescript-eslint/no-explicit-any",
	"severity": 4,
	"message": "Unexpected any. Specify a different type",
	"source": "eslint",
	"startLineNumber": 112,
	"startColumn": 38,
	"endLineNumber": 112,
	"endColumn": 38
},{
	"resource": "/c:/Users/basil/Desktop/material-kai-vision-platform/src/services/hybridAIService.ts",
	"owner": "eslint",
	"code": "@typescript-eslint/no-explicit-any",
	"severity": 4,
	"message": "Unexpected any. Specify a different type",
	"source": "eslint",
	"startLineNumber": 117,
	"startColumn": 28,
	"endLineNumber": 117,
	"endColumn": 28
},{
	"resource": "/c:/Users/basil/Desktop/material-kai-vision-platform/src/services/hybridAIService.ts",
	"owner": "eslint",
	"code": "no-console",
	"severity": 4,
	"message": "Unexpected console statement",
	"source": "eslint",
	"startLineNumber": 118,
	"startColumn": 11,
	"endLineNumber": 118,
	"endColumn": 11
},{
	"resource": "/c:/Users/basil/Desktop/material-kai-vision-platform/src/services/hybridAIService.ts",
	"owner": "eslint",
	"code": "@typescript-eslint/no-explicit-any",
	"severity": 4,
	"message": "Unexpected any. Specify a different type",
	"source": "eslint",
	"startLineNumber": 118,
	"startColumn": 87,
	"endLineNumber": 118,
	"endColumn": 87
},{
	"resource": "/c:/Users/basil/Desktop/material-kai-vision-platform/src/services/hybridAIService.ts",
	"owner": "eslint",
	"code": "no-console",
	"severity": 4,
	"message": "Unexpected console statement",
	"source": "eslint",
	"startLineNumber": 122,
	"startColumn": 9,
	"endLineNumber": 122,
	"endColumn": 9
},{
	"resource": "/c:/Users/basil/Desktop/material-kai-vision-platform/src/services/hybridAIService.ts",
	"owner": "eslint",
	"code": "@typescript-eslint/no-explicit-any",
	"severity": 4,
	"message": "Unexpected any. Specify a different type",
	"source": "eslint",
	"startLineNumber": 122,
	"startColumn": 62,
	"endLineNumber": 122,
	"endColumn": 62
},{
	"resource": "/c:/Users/basil/Desktop/material-kai-vision-platform/src/services/hybridAIService.ts",
	"owner": "eslint",
	"code": "@typescript-eslint/no-explicit-any",
	"severity": 4,
	"message": "Unexpected any. Specify a different type",
	"source": "eslint",
	"startLineNumber": 130,
	"startColumn": 28,
	"endLineNumber": 130,
	"endColumn": 28
},{
	"resource": "/c:/Users/basil/Desktop/material-kai-vision-platform/src/services/hybridAIService.ts",
	"owner": "eslint",
	"code": "no-console",
	"severity": 4,
	"message": "Unexpected console statement",
	"source": "eslint",
	"startLineNumber": 134,
	"startColumn": 9,
	"endLineNumber": 134,
	"endColumn": 9
},{
	"resource": "/c:/Users/basil/Desktop/material-kai-vision-platform/src/services/hybridAIService.ts",
	"owner": "eslint",
	"code": "@typescript-eslint/no-explicit-any",
	"severity": 4,
	"message": "Unexpected any. Specify a different type",
	"source": "eslint",
	"startLineNumber": 134,
	"startColumn": 61,
	"endLineNumber": 134,
	"endColumn": 61
},{
	"resource": "/c:/Users/basil/Desktop/material-kai-vision-platform/src/services/hybridAIService.ts",
	"owner": "eslint",
	"code": "@typescript-eslint/no-explicit-any",
	"severity": 4,
	"message": "Unexpected any. Specify a different type",
	"source": "eslint",
	"startLineNumber": 287,
	"startColumn": 94,
	"endLineNumber": 287,
	"endColumn": 94
},{
	"resource": "/c:/Users/basil/Desktop/material-kai-vision-platform/src/services/hybridAIService.ts",
	"owner": "eslint",
	"code": "@typescript-eslint/no-explicit-any",
	"severity": 4,
	"message": "Unexpected any. Specify a different type",
	"source": "eslint",
	"startLineNumber": 324,
	"startColumn": 64,
	"endLineNumber": 324,
	"endColumn": 64
},{
	"resource": "/c:/Users/basil/Desktop/material-kai-vision-platform/src/services/hybridAIService.ts",
	"owner": "eslint",
	"code": "@typescript-eslint/no-explicit-any",
	"severity": 4,
	"message": "Unexpected any. Specify a different type",
	"source": "eslint",
	"startLineNumber": 324,
	"startColumn": 78,
	"endLineNumber": 324,
	"endColumn": 78
},{
	"resource": "/c:/Users/basil/Desktop/material-kai-vision-platform/src/services/hybridAIService.ts",
	"owner": "eslint",
	"code": "@typescript-eslint/no-explicit-any",
	"severity": 4,
	"message": "Unexpected any. Specify a different type",
	"source": "eslint",
	"startLineNumber": 325,
	"startColumn": 39,
	"endLineNumber": 325,
	"endColumn": 39
},{
	"resource": "/c:/Users/basil/Desktop/material-kai-vision-platform/src/services/hybridAIService.ts",
	"owner": "eslint",
	"code": "@typescript-eslint/no-explicit-any",
	"severity": 4,
	"message": "Unexpected any. Specify a different type",
	"source": "eslint",
	"startLineNumber": 326,
	"startColumn": 39,
	"endLineNumber": 326,
	"endColumn": 39
},{
	"resource": "/c:/Users/basil/Desktop/material-kai-vision-platform/src/services/hybridAIService.ts",
	"owner": "eslint",
	"code": "comma-dangle",
	"severity": 4,
	"message": "Missing trailing comma",
	"source": "eslint",
	"startLineNumber": 343,
	"startColumn": 16,
	"endLineNumber": 343,
	"endColumn": 16
},{
	"resource": "/c:/Users/basil/Desktop/material-kai-vision-platform/src/services/hybridAIService.ts",
	"owner": "eslint",
	"code": "comma-dangle",
	"severity": 4,
	"message": "Missing trailing comma",
	"source": "eslint",
	"startLineNumber": 344,
	"startColumn": 9,
	"endLineNumber": 344,
	"endColumn": 9
},{
	"resource": "/c:/Users/basil/Desktop/material-kai-vision-platform/src/services/hybridAIService.ts",
	"owner": "eslint",
	"code": "no-console",
	"severity": 4,
	"message": "Unexpected console statement",
	"source": "eslint",
	"startLineNumber": 360,
	"startColumn": 5,
	"endLineNumber": 360,
	"endColumn": 5
},{
	"resource": "/c:/Users/basil/Desktop/material-kai-vision-platform/src/services/imageAnalysis/ImageAnalysisService.ts",
	"owner": "eslint",
	"code": "no-console",
	"severity": 4,
	"message": "Unexpected console statement",
	"source": "eslint",
	"startLineNumber": 162,
	"startColumn": 7,
	"endLineNumber": 162,
	"endColumn": 7
},{
	"resource": "/c:/Users/basil/Desktop/material-kai-vision-platform/src/services/imageAnalysis/ImageAnalysisService.ts",
	"owner": "eslint",
	"code": "no-console",
	"severity": 4,
	"message": "Unexpected console statement",
	"source": "eslint",
	"startLineNumber": 210,
	"startColumn": 7,
	"endLineNumber": 210,
	"endColumn": 7
},{
	"resource": "/c:/Users/basil/Desktop/material-kai-vision-platform/src/services/imageAnalysis/ImageAnalysisService.ts",
	"owner": "eslint",
	"code": "@typescript-eslint/no-non-null-assertion",
	"severity": 4,
	"message": "Forbidden non-null assertion",
	"source": "eslint",
	"startLineNumber": 223,
	"startColumn": 5,
	"endLineNumber": 223,
	"endColumn": 5
},{
	"resource": "/c:/Users/basil/Desktop/material-kai-vision-platform/src/services/imageAnalysis/ImageAnalysisService.ts",
	"owner": "eslint",
	"code": "@typescript-eslint/no-non-null-assertion",
	"severity": 4,
	"message": "Forbidden non-null assertion",
	"source": "eslint",
	"startLineNumber": 253,
	"startColumn": 5,
	"endLineNumber": 253,
	"endColumn": 5
},{
	"resource": "/c:/Users/basil/Desktop/material-kai-vision-platform/src/services/imageAnalysis/ImageAnalysisService.ts",
	"owner": "eslint",
	"code": "no-console",
	"severity": 4,
	"message": "Unexpected console statement",
	"source": "eslint",
	"startLineNumber": 313,
	"startColumn": 9,
	"endLineNumber": 313,
	"endColumn": 9
},{
	"resource": "/c:/Users/basil/Desktop/material-kai-vision-platform/src/services/imageAnalysis/ImageAnalysisService.ts",
	"owner": "eslint",
	"code": "no-console",
	"severity": 4,
	"message": "Unexpected console statement",
	"source": "eslint",
	"startLineNumber": 346,
	"startColumn": 11,
	"endLineNumber": 346,
	"endColumn": 11
},{
	"resource": "/c:/Users/basil/Desktop/material-kai-vision-platform/src/services/imageAnalysis/ImageAnalysisService.ts",
	"owner": "eslint",
	"code": "no-console",
	"severity": 4,
	"message": "Unexpected console statement",
	"source": "eslint",
	"startLineNumber": 358,
	"startColumn": 11,
	"endLineNumber": 358,
	"endColumn": 11
},{
	"resource": "/c:/Users/basil/Desktop/material-kai-vision-platform/src/services/imageAnalysis/ImageAnalysisService.ts",
	"owner": "eslint",
	"code": "no-console",
	"severity": 4,
	"message": "Unexpected console statement",
	"source": "eslint",
	"startLineNumber": 391,
	"startColumn": 7,
	"endLineNumber": 391,
	"endColumn": 7
},{
	"resource": "/c:/Users/basil/Desktop/material-kai-vision-platform/src/services/imagePreprocessing.ts",
	"owner": "eslint",
	"code": "no-trailing-spaces",
	"severity": 4,
	"message": "Trailing spaces not allowed",
	"source": "eslint",
	"startLineNumber": 3,
	"startColumn": 3,
	"endLineNumber": 3,
	"endColumn": 3
},{
	"resource": "/c:/Users/basil/Desktop/material-kai-vision-platform/src/services/imagePreprocessing.ts",
	"owner": "eslint",
	"code": "import/order",
	"severity": 4,
	"message": "There should be at least one empty line between import groups",
	"source": "eslint",
	"startLineNumber": 9,
	"startColumn": 1,
	"endLineNumber": 9,
	"endColumn": 1
},{
	"resource": "/c:/Users/basil/Desktop/material-kai-vision-platform/src/services/imagePreprocessing.ts",
	"owner": "eslint",
	"code": "no-trailing-spaces",
	"severity": 4,
	"message": "Trailing spaces not allowed",
	"source": "eslint",
	"startLineNumber": 73,
	"startColumn": 1,
	"endLineNumber": 73,
	"endColumn": 1
},{
	"resource": "/c:/Users/basil/Desktop/material-kai-vision-platform/src/services/imagePreprocessing.ts",
	"owner": "eslint",
	"code": "comma-dangle",
	"severity": 4,
	"message": "Missing trailing comma",
	"source": "eslint",
	"startLineNumber": 79,
	"startColumn": 40,
	"endLineNumber": 79,
	"endColumn": 40
},{
	"resource": "/c:/Users/basil/Desktop/material-kai-vision-platform/src/services/imagePreprocessing.ts",
	"owner": "eslint",
	"code": "no-trailing-spaces",
	"severity": 4,
	"message": "Trailing spaces not allowed",
	"source": "eslint",
	"startLineNumber": 130,
	"startColumn": 64,
	"endLineNumber": 130,
	"endColumn": 64
},{
	"resource": "/c:/Users/basil/Desktop/material-kai-vision-platform/src/services/imagePreprocessing.ts",
	"owner": "eslint",
	"code": "no-trailing-spaces",
	"severity": 4,
	"message": "Trailing spaces not allowed",
	"source": "eslint",
	"startLineNumber": 136,
	"startColumn": 64,
	"endLineNumber": 136,
	"endColumn": 64
},{
	"resource": "/c:/Users/basil/Desktop/material-kai-vision-platform/src/services/imagePreprocessing.ts",
	"owner": "eslint",
	"code": "no-trailing-spaces",
	"severity": 4,
	"message": "Trailing spaces not allowed",
	"source": "eslint",
	"startLineNumber": 143,
	"startColumn": 68,
	"endLineNumber": 143,
	"endColumn": 68
},{
	"resource": "/c:/Users/basil/Desktop/material-kai-vision-platform/src/services/imagePreprocessing.ts",
	"owner": "eslint",
	"code": "no-trailing-spaces",
	"severity": 4,
	"message": "Trailing spaces not allowed",
	"source": "eslint",
	"startLineNumber": 173,
	"startColumn": 1,
	"endLineNumber": 173,
	"endColumn": 1
},{
	"resource": "/c:/Users/basil/Desktop/material-kai-vision-platform/src/services/imagePreprocessing.ts",
	"owner": "eslint",
	"code": "comma-dangle",
	"severity": 4,
	"message": "Missing trailing comma",
	"source": "eslint",
	"startLineNumber": 192,
	"startColumn": 41,
	"endLineNumber": 192,
	"endColumn": 41
},{
	"resource": "/c:/Users/basil/Desktop/material-kai-vision-platform/src/services/imagePreprocessing.ts",
	"owner": "eslint",
	"code": "no-trailing-spaces",
	"severity": 4,
	"message": "Trailing spaces not allowed",
	"source": "eslint",
	"startLineNumber": 200,
	"startColumn": 1,
	"endLineNumber": 200,
	"endColumn": 1
},{
	"resource": "/c:/Users/basil/Desktop/material-kai-vision-platform/src/services/imagePreprocessing.ts",
	"owner": "eslint",
	"code": "comma-dangle",
	"severity": 4,
	"message": "Missing trailing comma",
	"source": "eslint",
	"startLineNumber": 205,
	"startColumn": 16,
	"endLineNumber": 205,
	"endColumn": 16
},{
	"resource": "/c:/Users/basil/Desktop/material-kai-vision-platform/src/services/imagePreprocessing.ts",
	"owner": "eslint",
	"code": "no-trailing-spaces",
	"severity": 4,
	"message": "Trailing spaces not allowed",
	"source": "eslint",
	"startLineNumber": 213,
	"startColumn": 63,
	"endLineNumber": 213,
	"endColumn": 63
},{
	"resource": "/c:/Users/basil/Desktop/material-kai-vision-platform/src/services/imagePreprocessing.ts",
	"owner": "eslint",
	"code": "comma-dangle",
	"severity": 4,
	"message": "Missing trailing comma",
	"source": "eslint",
	"startLineNumber": 240,
	"startColumn": 24,
	"endLineNumber": 240,
	"endColumn": 24
},{
	"resource": "/c:/Users/basil/Desktop/material-kai-vision-platform/src/services/imagePreprocessing.ts",
	"owner": "eslint",
	"code": "no-trailing-spaces",
	"severity": 4,
	"message": "Trailing spaces not allowed",
	"source": "eslint",
	"startLineNumber": 291,
	"startColumn": 1,
	"endLineNumber": 291,
	"endColumn": 1
},{
	"resource": "/c:/Users/basil/Desktop/material-kai-vision-platform/src/services/imagePreprocessing.ts",
	"owner": "eslint",
	"code": "no-trailing-spaces",
	"severity": 4,
	"message": "Trailing spaces not allowed",
	"source": "eslint",
	"startLineNumber": 312,
	"startColumn": 1,
	"endLineNumber": 312,
	"endColumn": 1
},{
	"resource": "/c:/Users/basil/Desktop/material-kai-vision-platform/src/services/imagePreprocessing.ts",
	"owner": "eslint",
	"code": "no-trailing-spaces",
	"severity": 4,
	"message": "Trailing spaces not allowed",
	"source": "eslint",
	"startLineNumber": 317,
	"startColumn": 1,
	"endLineNumber": 317,
	"endColumn": 1
},{
	"resource": "/c:/Users/basil/Desktop/material-kai-vision-platform/src/services/imagePreprocessing.ts",
	"owner": "eslint",
	"code": "no-trailing-spaces",
	"severity": 4,
	"message": "Trailing spaces not allowed",
	"source": "eslint",
	"startLineNumber": 319,
	"startColumn": 70,
	"endLineNumber": 319,
	"endColumn": 70
},{
	"resource": "/c:/Users/basil/Desktop/material-kai-vision-platform/src/services/imagePreprocessing.ts",
	"owner": "eslint",
	"code": "no-trailing-spaces",
	"severity": 4,
	"message": "Trailing spaces not allowed",
	"source": "eslint",
	"startLineNumber": 323,
	"startColumn": 1,
	"endLineNumber": 323,
	"endColumn": 1
},{
	"resource": "/c:/Users/basil/Desktop/material-kai-vision-platform/src/services/imagePreprocessing.ts",
	"owner": "eslint",
	"code": "no-trailing-spaces",
	"severity": 4,
	"message": "Trailing spaces not allowed",
	"source": "eslint",
	"startLineNumber": 328,
	"startColumn": 1,
	"endLineNumber": 328,
	"endColumn": 1
},{
	"resource": "/c:/Users/basil/Desktop/material-kai-vision-platform/src/services/imagePreprocessing.ts",
	"owner": "eslint",
	"code": "comma-dangle",
	"severity": 4,
	"message": "Missing trailing comma",
	"source": "eslint",
	"startLineNumber": 408,
	"startColumn": 36,
	"endLineNumber": 408,
	"endColumn": 36
},{
	"resource": "/c:/Users/basil/Desktop/material-kai-vision-platform/src/services/imagePreprocessing.ts",
	"owner": "eslint",
	"code": "no-trailing-spaces",
	"severity": 4,
	"message": "Trailing spaces not allowed",
	"source": "eslint",
	"startLineNumber": 416,
	"startColumn": 1,
	"endLineNumber": 416,
	"endColumn": 1
},{
	"resource": "/c:/Users/basil/Desktop/material-kai-vision-platform/src/services/imagePreprocessing.ts",
	"owner": "eslint",
	"code": "no-trailing-spaces",
	"severity": 4,
	"message": "Trailing spaces not allowed",
	"source": "eslint",
	"startLineNumber": 457,
	"startColumn": 5,
	"endLineNumber": 457,
	"endColumn": 5
},{
	"resource": "/c:/Users/basil/Desktop/material-kai-vision-platform/src/services/imagePreprocessing.ts",
	"owner": "eslint",
	"code": "comma-dangle",
	"severity": 4,
	"message": "Missing trailing comma",
	"source": "eslint",
	"startLineNumber": 468,
	"startColumn": 21,
	"endLineNumber": 468,
	"endColumn": 21
},{
	"resource": "/c:/Users/basil/Desktop/material-kai-vision-platform/src/services/imagePreprocessing.ts",
	"owner": "eslint",
	"code": "no-trailing-spaces",
	"severity": 4,
	"message": "Trailing spaces not allowed",
	"source": "eslint",
	"startLineNumber": 472,
	"startColumn": 1,
	"endLineNumber": 472,
	"endColumn": 1
},{
	"resource": "/c:/Users/basil/Desktop/material-kai-vision-platform/src/services/imagePreprocessing.ts",
	"owner": "eslint",
	"code": "comma-dangle",
	"severity": 4,
	"message": "Missing trailing comma",
	"source": "eslint",
	"startLineNumber": 491,
	"startColumn": 84,
	"endLineNumber": 491,
	"endColumn": 84
},{
	"resource": "/c:/Users/basil/Desktop/material-kai-vision-platform/src/services/imagePreprocessing.ts",
	"owner": "eslint",
	"code": "no-trailing-spaces",
	"severity": 4,
	"message": "Trailing spaces not allowed",
	"source": "eslint",
	"startLineNumber": 494,
	"startColumn": 1,
	"endLineNumber": 494,
	"endColumn": 1
},{
	"resource": "/c:/Users/basil/Desktop/material-kai-vision-platform/src/services/imagePreprocessing.ts",
	"owner": "eslint",
	"code": "no-trailing-spaces",
	"severity": 4,
	"message": "Trailing spaces not allowed",
	"source": "eslint",
	"startLineNumber": 499,
	"startColumn": 1,
	"endLineNumber": 499,
	"endColumn": 1
},{
	"resource": "/c:/Users/basil/Desktop/material-kai-vision-platform/src/services/imagePreprocessing.ts",
	"owner": "eslint",
	"code": "no-trailing-spaces",
	"severity": 4,
	"message": "Trailing spaces not allowed",
	"source": "eslint",
	"startLineNumber": 504,
	"startColumn": 1,
	"endLineNumber": 504,
	"endColumn": 1
},{
	"resource": "/c:/Users/basil/Desktop/material-kai-vision-platform/src/services/imagePreprocessing.ts",
	"owner": "eslint",
	"code": "no-trailing-spaces",
	"severity": 4,
	"message": "Trailing spaces not allowed",
	"source": "eslint",
	"startLineNumber": 508,
	"startColumn": 1,
	"endLineNumber": 508,
	"endColumn": 1
},{
	"resource": "/c:/Users/basil/Desktop/material-kai-vision-platform/src/services/imagePreprocessing.ts",
	"owner": "eslint",
	"code": "comma-dangle",
	"severity": 4,
	"message": "Missing trailing comma",
	"source": "eslint",
	"startLineNumber": 546,
	"startColumn": 26,
	"endLineNumber": 546,
	"endColumn": 26
},{
	"resource": "/c:/Users/basil/Desktop/material-kai-vision-platform/src/services/imagePreprocessing.ts",
	"owner": "eslint",
	"code": "no-trailing-spaces",
	"severity": 4,
	"message": "Trailing spaces not allowed",
	"source": "eslint",
	"startLineNumber": 549,
	"startColumn": 1,
	"endLineNumber": 549,
	"endColumn": 1
},{
	"resource": "/c:/Users/basil/Desktop/material-kai-vision-platform/src/services/imagePreprocessing.ts",
	"owner": "eslint",
	"code": "comma-dangle",
	"severity": 4,
	"message": "Missing trailing comma",
	"source": "eslint",
	"startLineNumber": 568,
	"startColumn": 41,
	"endLineNumber": 568,
	"endColumn": 41
},{
	"resource": "/c:/Users/basil/Desktop/material-kai-vision-platform/src/services/imagePreprocessing.ts",
	"owner": "eslint",
	"code": "no-trailing-spaces",
	"severity": 4,
	"message": "Trailing spaces not allowed",
	"source": "eslint",
	"startLineNumber": 572,
	"startColumn": 1,
	"endLineNumber": 572,
	"endColumn": 1
},{
	"resource": "/c:/Users/basil/Desktop/material-kai-vision-platform/src/services/imagePreprocessing.ts",
	"owner": "eslint",
	"code": "no-trailing-spaces",
	"severity": 4,
	"message": "Trailing spaces not allowed",
	"source": "eslint",
	"startLineNumber": 577,
	"startColumn": 1,
	"endLineNumber": 577,
	"endColumn": 1
},{
	"resource": "/c:/Users/basil/Desktop/material-kai-vision-platform/src/services/imagePreprocessing.ts",
	"owner": "eslint",
	"code": "no-trailing-spaces",
	"severity": 4,
	"message": "Trailing spaces not allowed",
	"source": "eslint",
	"startLineNumber": 583,
	"startColumn": 1,
	"endLineNumber": 583,
	"endColumn": 1
},{
	"resource": "/c:/Users/basil/Desktop/material-kai-vision-platform/src/services/imagePreprocessing.ts",
	"owner": "eslint",
	"code": "no-trailing-spaces",
	"severity": 4,
	"message": "Trailing spaces not allowed",
	"source": "eslint",
	"startLineNumber": 588,
	"startColumn": 1,
	"endLineNumber": 588,
	"endColumn": 1
},{
	"resource": "/c:/Users/basil/Desktop/material-kai-vision-platform/src/services/imagePreprocessing.ts",
	"owner": "eslint",
	"code": "no-trailing-spaces",
	"severity": 4,
	"message": "Trailing spaces not allowed",
	"source": "eslint",
	"startLineNumber": 598,
	"startColumn": 1,
	"endLineNumber": 598,
	"endColumn": 1
},{
	"resource": "/c:/Users/basil/Desktop/material-kai-vision-platform/src/services/imagePreprocessing.ts",
	"owner": "eslint",
	"code": "no-trailing-spaces",
	"severity": 4,
	"message": "Trailing spaces not allowed",
	"source": "eslint",
	"startLineNumber": 602,
	"startColumn": 1,
	"endLineNumber": 602,
	"endColumn": 1
},{
	"resource": "/c:/Users/basil/Desktop/material-kai-vision-platform/src/services/imagePreprocessing.ts",
	"owner": "eslint",
	"code": "no-trailing-spaces",
	"severity": 4,
	"message": "Trailing spaces not allowed",
	"source": "eslint",
	"startLineNumber": 605,
	"startColumn": 1,
	"endLineNumber": 605,
	"endColumn": 1
},{
	"resource": "/c:/Users/basil/Desktop/material-kai-vision-platform/src/services/imagePreprocessing.ts",
	"owner": "eslint",
	"code": "eol-last",
	"severity": 4,
	"message": "Newline required at end of file but not found",
	"source": "eslint",
	"startLineNumber": 608,
	"startColumn": 2,
	"endLineNumber": 608,
	"endColumn": 2
},{
	"resource": "/c:/Users/basil/Desktop/material-kai-vision-platform/src/services/imageTextMapper.ts",
	"owner": "eslint",
	"code": "@typescript-eslint/no-explicit-any",
	"severity": 4,
	"message": "Unexpected any. Specify a different type",
	"source": "eslint",
	"startLineNumber": 10,
	"startColumn": 64,
	"endLineNumber": 10,
	"endColumn": 64
},{
	"resource": "/c:/Users/basil/Desktop/material-kai-vision-platform/src/services/imageTextMapper.ts",
	"owner": "eslint",
	"code": "@typescript-eslint/no-explicit-any",
	"severity": 4,
	"message": "Unexpected any. Specify a different type",
	"source": "eslint",
	"startLineNumber": 10,
	"startColumn": 78,
	"endLineNumber": 10,
	"endColumn": 78
},{
	"resource": "/c:/Users/basil/Desktop/material-kai-vision-platform/src/services/imageTextMapper.ts",
	"owner": "eslint",
	"code": "@typescript-eslint/no-explicit-any",
	"severity": 4,
	"message": "Unexpected any. Specify a different type",
	"source": "eslint",
	"startLineNumber": 11,
	"startColumn": 39,
	"endLineNumber": 11,
	"endColumn": 39
},{
	"resource": "/c:/Users/basil/Desktop/material-kai-vision-platform/src/services/imageTextMapper.ts",
	"owner": "eslint",
	"code": "@typescript-eslint/no-explicit-any",
	"severity": 4,
	"message": "Unexpected any. Specify a different type",
	"source": "eslint",
	"startLineNumber": 12,
	"startColumn": 39,
	"endLineNumber": 12,
	"endColumn": 39
},{
	"resource": "/c:/Users/basil/Desktop/material-kai-vision-platform/src/services/imageTextMapper.ts",
	"owner": "eslint",
	"code": "comma-dangle",
	"severity": 4,
	"message": "Missing trailing comma",
	"source": "eslint",
	"startLineNumber": 29,
	"startColumn": 16,
	"endLineNumber": 29,
	"endColumn": 16
},{
	"resource": "/c:/Users/basil/Desktop/material-kai-vision-platform/src/services/imageTextMapper.ts",
	"owner": "eslint",
	"code": "comma-dangle",
	"severity": 4,
	"message": "Missing trailing comma",
	"source": "eslint",
	"startLineNumber": 30,
	"startColumn": 9,
	"endLineNumber": 30,
	"endColumn": 9
},{
	"resource": "/c:/Users/basil/Desktop/material-kai-vision-platform/src/services/imageTextMapper.ts",
	"owner": "eslint",
	"code": "no-console",
	"severity": 4,
	"message": "Unexpected console statement",
	"source": "eslint",
	"startLineNumber": 46,
	"startColumn": 5,
	"endLineNumber": 46,
	"endColumn": 5
},{
	"resource": "/c:/Users/basil/Desktop/material-kai-vision-platform/src/services/imageTextMapper.ts",
	"owner": "eslint",
	"code": "no-console",
	"severity": 4,
	"message": "Unexpected console statement",
	"source": "eslint",
	"startLineNumber": 146,
	"startColumn": 7,
	"endLineNumber": 146,
	"endColumn": 7
},{
	"resource": "/c:/Users/basil/Desktop/material-kai-vision-platform/src/services/imageTextMapper.ts",
	"owner": "eslint",
	"code": "no-console",
	"severity": 4,
	"message": "Unexpected console statement",
	"source": "eslint",
	"startLineNumber": 218,
	"startColumn": 7,
	"endLineNumber": 218,
	"endColumn": 7
},{
	"resource": "/c:/Users/basil/Desktop/material-kai-vision-platform/src/services/imageTextMapper.ts",
	"owner": "eslint",
	"code": "no-console",
	"severity": 4,
	"message": "Unexpected console statement",
	"source": "eslint",
	"startLineNumber": 222,
	"startColumn": 7,
	"endLineNumber": 222,
	"endColumn": 7
},{
	"resource": "/c:/Users/basil/Desktop/material-kai-vision-platform/src/services/imageTextMapper.ts",
	"owner": "eslint",
	"code": "@typescript-eslint/no-explicit-any",
	"severity": 4,
	"message": "Unexpected any. Specify a different type",
	"source": "eslint",
	"startLineNumber": 223,
	"startColumn": 52,
	"endLineNumber": 223,
	"endColumn": 52
},{
	"resource": "/c:/Users/basil/Desktop/material-kai-vision-platform/src/services/imageTextMapper.ts",
	"owner": "eslint",
	"code": "no-console",
	"severity": 4,
	"message": "Unexpected console statement",
	"source": "eslint",
	"startLineNumber": 279,
	"startColumn": 9,
	"endLineNumber": 279,
	"endColumn": 9
},{
	"resource": "/c:/Users/basil/Desktop/material-kai-vision-platform/src/services/imageTextMapper.ts",
	"owner": "eslint",
	"code": "@typescript-eslint/no-non-null-assertion",
	"severity": 4,
	"message": "Forbidden non-null assertion",
	"source": "eslint",
	"startLineNumber": 399,
	"startColumn": 45,
	"endLineNumber": 399,
	"endColumn": 45
},{
	"resource": "/c:/Users/basil/Desktop/material-kai-vision-platform/src/services/imageTextMapper.ts",
	"owner": "eslint",
	"code": "@typescript-eslint/no-non-null-assertion",
	"severity": 4,
	"message": "Forbidden non-null assertion",
	"source": "eslint",
	"startLineNumber": 400,
	"startColumn": 52,
	"endLineNumber": 400,
	"endColumn": 52
},{
	"resource": "/c:/Users/basil/Desktop/material-kai-vision-platform/src/services/imageTextMapper.ts",
	"owner": "eslint",
	"code": "no-console",
	"severity": 4,
	"message": "Unexpected console statement",
	"source": "eslint",
	"startLineNumber": 506,
	"startColumn": 7,
	"endLineNumber": 506,
	"endColumn": 7
},{
	"resource": "/c:/Users/basil/Desktop/material-kai-vision-platform/src/services/imageTextMapper.ts",
	"owner": "eslint",
	"code": "no-console",
	"severity": 4,
	"message": "Unexpected console statement",
	"source": "eslint",
	"startLineNumber": 535,
	"startColumn": 7,
	"endLineNumber": 535,
	"endColumn": 7
},{
	"resource": "/c:/Users/basil/Desktop/material-kai-vision-platform/src/services/imageTextMapper.ts",
	"owner": "eslint",
	"code": "@typescript-eslint/no-explicit-any",
	"severity": 4,
	"message": "Unexpected any. Specify a different type",
	"source": "eslint",
	"startLineNumber": 569,
	"startColumn": 51,
	"endLineNumber": 569,
	"endColumn": 51
},{
	"resource": "/c:/Users/basil/Desktop/material-kai-vision-platform/src/services/imageTextMapper.ts",
	"owner": "eslint",
	"code": "@typescript-eslint/no-explicit-any",
	"severity": 4,
	"message": "Unexpected any. Specify a different type",
	"source": "eslint",
	"startLineNumber": 570,
	"startColumn": 54,
	"endLineNumber": 570,
	"endColumn": 54
},{
	"resource": "/c:/Users/basil/Desktop/material-kai-vision-platform/src/services/imageTextMapper.ts",
	"owner": "eslint",
	"code": "no-console",
	"severity": 4,
	"message": "Unexpected console statement",
	"source": "eslint",
	"startLineNumber": 573,
	"startColumn": 7,
	"endLineNumber": 573,
	"endColumn": 7
},{
	"resource": "/c:/Users/basil/Desktop/material-kai-vision-platform/src/services/imageTextMapper.ts",
	"owner": "eslint",
	"code": "@typescript-eslint/no-non-null-assertion",
	"severity": 4,
	"message": "Forbidden non-null assertion",
	"source": "eslint",
	"startLineNumber": 612,
	"startColumn": 32,
	"endLineNumber": 612,
	"endColumn": 32
},{
	"resource": "/c:/Users/basil/Desktop/material-kai-vision-platform/src/services/imageTextMapper.ts",
	"owner": "eslint",
	"code": "no-console",
	"severity": 4,
	"message": "Unexpected console statement",
	"source": "eslint",
	"startLineNumber": 875,
	"startColumn": 11,
	"endLineNumber": 875,
	"endColumn": 11
},{
	"resource": "/c:/Users/basil/Desktop/material-kai-vision-platform/src/services/imageTextMapper.ts",
	"owner": "eslint",
	"code": "no-console",
	"severity": 4,
	"message": "Unexpected console statement",
	"source": "eslint",
	"startLineNumber": 879,
	"startColumn": 7,
	"endLineNumber": 879,
	"endColumn": 7
},{
	"resource": "/c:/Users/basil/Desktop/material-kai-vision-platform/src/services/imageTextMapper.ts",
	"owner": "eslint",
	"code": "no-console",
	"severity": 4,
	"message": "Unexpected console statement",
	"source": "eslint",
	"startLineNumber": 881,
	"startColumn": 7,
	"endLineNumber": 881,
	"endColumn": 7
},{
	"resource": "/c:/Users/basil/Desktop/material-kai-vision-platform/src/services/imageTextMapper.ts",
	"owner": "eslint",
	"code": "@typescript-eslint/no-explicit-any",
	"severity": 4,
	"message": "Unexpected any. Specify a different type",
	"source": "eslint",
	"startLineNumber": 909,
	"startColumn": 29,
	"endLineNumber": 909,
	"endColumn": 29
},{
	"resource": "/c:/Users/basil/Desktop/material-kai-vision-platform/src/services/imageTextMapper.ts",
	"owner": "eslint",
	"code": "no-console",
	"severity": 4,
	"message": "Unexpected console statement",
	"source": "eslint",
	"startLineNumber": 911,
	"startColumn": 7,
	"endLineNumber": 911,
	"endColumn": 7
},{
	"resource": "/c:/Users/basil/Desktop/material-kai-vision-platform/src/services/imageTextMapper.ts",
	"owner": "eslint",
	"code": "@typescript-eslint/no-explicit-any",
	"severity": 4,
	"message": "Unexpected any. Specify a different type",
	"source": "eslint",
	"startLineNumber": 920,
	"startColumn": 39,
	"endLineNumber": 920,
	"endColumn": 39
},{
	"resource": "/c:/Users/basil/Desktop/material-kai-vision-platform/src/services/imageTextMapper.ts",
	"owner": "eslint",
	"code": "@typescript-eslint/no-explicit-any",
	"severity": 4,
	"message": "Unexpected any. Specify a different type",
	"source": "eslint",
	"startLineNumber": 923,
	"startColumn": 24,
	"endLineNumber": 923,
	"endColumn": 24
},{
	"resource": "/c:/Users/basil/Desktop/material-kai-vision-platform/src/services/imageTextMapper.ts",
	"owner": "eslint",
	"code": "@typescript-eslint/no-explicit-any",
	"severity": 4,
	"message": "Unexpected any. Specify a different type",
	"source": "eslint",
	"startLineNumber": 924,
	"startColumn": 29,
	"endLineNumber": 924,
	"endColumn": 29
},{
	"resource": "/c:/Users/basil/Desktop/material-kai-vision-platform/src/services/imageTextMapper.ts",
	"owner": "eslint",
	"code": "@typescript-eslint/no-explicit-any",
	"severity": 4,
	"message": "Unexpected any. Specify a different type",
	"source": "eslint",
	"startLineNumber": 925,
	"startColumn": 34,
	"endLineNumber": 925,
	"endColumn": 34
},{
	"resource": "/c:/Users/basil/Desktop/material-kai-vision-platform/src/services/imageTextMapper.ts",
	"owner": "eslint",
	"code": "@typescript-eslint/no-explicit-any",
	"severity": 4,
	"message": "Unexpected any. Specify a different type",
	"source": "eslint",
	"startLineNumber": 926,
	"startColumn": 30,
	"endLineNumber": 926,
	"endColumn": 30
},{
	"resource": "/c:/Users/basil/Desktop/material-kai-vision-platform/src/services/imageTextMapper.ts",
	"owner": "eslint",
	"code": "@typescript-eslint/no-explicit-any",
	"severity": 4,
	"message": "Unexpected any. Specify a different type",
	"source": "eslint",
	"startLineNumber": 927,
	"startColumn": 37,
	"endLineNumber": 927,
	"endColumn": 37
},{
	"resource": "/c:/Users/basil/Desktop/material-kai-vision-platform/src/services/imageTextMapper.ts",
	"owner": "eslint",
	"code": "@typescript-eslint/no-explicit-any",
	"severity": 4,
	"message": "Unexpected any. Specify a different type",
	"source": "eslint",
	"startLineNumber": 928,
	"startColumn": 45,
	"endLineNumber": 928,
	"endColumn": 45
},{
	"resource": "/c:/Users/basil/Desktop/material-kai-vision-platform/src/services/imageTextMapper.ts",
	"owner": "eslint",
	"code": "@typescript-eslint/no-explicit-any",
	"severity": 4,
	"message": "Unexpected any. Specify a different type",
	"source": "eslint",
	"startLineNumber": 929,
	"startColumn": 49,
	"endLineNumber": 929,
	"endColumn": 49
},{
	"resource": "/c:/Users/basil/Desktop/material-kai-vision-platform/src/services/imageTextMapper.ts",
	"owner": "eslint",
	"code": "@typescript-eslint/no-explicit-any",
	"severity": 4,
	"message": "Unexpected any. Specify a different type",
	"source": "eslint",
	"startLineNumber": 930,
	"startColumn": 48,
	"endLineNumber": 930,
	"endColumn": 48
},{
	"resource": "/c:/Users/basil/Desktop/material-kai-vision-platform/src/services/imageTextMapper.ts",
	"owner": "eslint",
	"code": "@typescript-eslint/no-explicit-any",
	"severity": 4,
	"message": "Unexpected any. Specify a different type",
	"source": "eslint",
	"startLineNumber": 940,
	"startColumn": 42,
	"endLineNumber": 940,
	"endColumn": 42
},{
	"resource": "/c:/Users/basil/Desktop/material-kai-vision-platform/src/services/imageTextMapper.ts",
	"owner": "eslint",
	"code": "@typescript-eslint/no-explicit-any",
	"severity": 4,
	"message": "Unexpected any. Specify a different type",
	"source": "eslint",
	"startLineNumber": 941,
	"startColumn": 38,
	"endLineNumber": 941,
	"endColumn": 38
},{
	"resource": "/c:/Users/basil/Desktop/material-kai-vision-platform/src/services/ImageValidationService.ts",
	"owner": "eslint",
	"code": "import/order",
	"severity": 4,
	"message": "There should be at least one empty line between import groups",
	"source": "eslint",
	"startLineNumber": 6,
	"startColumn": 1,
	"endLineNumber": 6,
	"endColumn": 1
},{
	"resource": "/c:/Users/basil/Desktop/material-kai-vision-platform/src/services/ImageValidationService.ts",
	"owner": "eslint",
	"code": "import/order",
	"severity": 4,
	"message": "There should be at least one empty line between import groups",
	"source": "eslint",
	"startLineNumber": 7,
	"startColumn": 1,
	"endLineNumber": 7,
	"endColumn": 1
},{
	"resource": "/c:/Users/basil/Desktop/material-kai-vision-platform/src/services/ImageValidationService.ts",
	"owner": "eslint",
	"code": "import/order",
	"severity": 4,
	"message": "`@/types/image-validation` import should occur before import of `./base/BaseService`",
	"source": "eslint",
	"startLineNumber": 8,
	"startColumn": 1,
	"endLineNumber": 8,
	"endColumn": 1
},{
	"resource": "/c:/Users/basil/Desktop/material-kai-vision-platform/src/services/ImageValidationService.ts",
	"owner": "eslint",
	"code": "@typescript-eslint/no-unused-vars",
	"severity": 4,
	"message": "'ImageValidationUpdate' is defined but never used. Allowed unused vars must match /^_/u",
	"source": "eslint",
	"startLineNumber": 11,
	"startColumn": 3,
	"endLineNumber": 11,
	"endColumn": 3
},{
	"resource": "/c:/Users/basil/Desktop/material-kai-vision-platform/src/services/ImageValidationService.ts",
	"owner": "eslint",
	"code": "no-console",
	"severity": 4,
	"message": "Unexpected console statement",
	"source": "eslint",
	"startLineNumber": 66,
	"startColumn": 5,
	"endLineNumber": 66,
	"endColumn": 5
},{
	"resource": "/c:/Users/basil/Desktop/material-kai-vision-platform/src/services/ImageValidationService.ts",
	"owner": "eslint",
	"code": "comma-dangle",
	"severity": 4,
	"message": "Missing trailing comma",
	"source": "eslint",
	"startLineNumber": 112,
	"startColumn": 32,
	"endLineNumber": 112,
	"endColumn": 32
},{
	"resource": "/c:/Users/basil/Desktop/material-kai-vision-platform/src/services/ImageValidationService.ts",
	"owner": "eslint",
	"code": "no-console",
	"severity": 4,
	"message": "Unexpected console statement",
	"source": "eslint",
	"startLineNumber": 177,
	"startColumn": 11,
	"endLineNumber": 177,
	"endColumn": 11
},{
	"resource": "/c:/Users/basil/Desktop/material-kai-vision-platform/src/services/ImageValidationService.ts",
	"owner": "eslint",
	"code": "@typescript-eslint/no-explicit-any",
	"severity": 4,
	"message": "Unexpected any. Specify a different type",
	"source": "eslint",
	"startLineNumber": 245,
	"startColumn": 16,
	"endLineNumber": 245,
	"endColumn": 16
},{
	"resource": "/c:/Users/basil/Desktop/material-kai-vision-platform/src/services/ImageValidationService.ts",
	"owner": "eslint",
	"code": "comma-dangle",
	"severity": 4,
	"message": "Missing trailing comma",
	"source": "eslint",
	"startLineNumber": 247,
	"startColumn": 35,
	"endLineNumber": 247,
	"endColumn": 35
},{
	"resource": "/c:/Users/basil/Desktop/material-kai-vision-platform/src/services/ImageValidationService.ts",
	"owner": "eslint",
	"code": "@typescript-eslint/no-explicit-any",
	"severity": 4,
	"message": "Unexpected any. Specify a different type",
	"source": "eslint",
	"startLineNumber": 274,
	"startColumn": 16,
	"endLineNumber": 274,
	"endColumn": 16
},{
	"resource": "/c:/Users/basil/Desktop/material-kai-vision-platform/src/services/ImageValidationService.ts",
	"owner": "eslint",
	"code": "comma-dangle",
	"severity": 4,
	"message": "Missing trailing comma",
	"source": "eslint",
	"startLineNumber": 276,
	"startColumn": 35,
	"endLineNumber": 276,
	"endColumn": 35
},{
	"resource": "/c:/Users/basil/Desktop/material-kai-vision-platform/src/services/ImageValidationService.ts",
	"owner": "eslint",
	"code": "@typescript-eslint/no-explicit-any",
	"severity": 4,
	"message": "Unexpected any. Specify a different type",
	"source": "eslint",
	"startLineNumber": 293,
	"startColumn": 16,
	"endLineNumber": 293,
	"endColumn": 16
},{
	"resource": "/c:/Users/basil/Desktop/material-kai-vision-platform/src/services/ImageValidationService.ts",
	"owner": "eslint",
	"code": "comma-dangle",
	"severity": 4,
	"message": "Missing trailing comma",
	"source": "eslint",
	"startLineNumber": 295,
	"startColumn": 35,
	"endLineNumber": 295,
	"endColumn": 35
},{
	"resource": "/c:/Users/basil/Desktop/material-kai-vision-platform/src/services/ImageValidationService.ts",
	"owner": "eslint",
	"code": "@typescript-eslint/no-explicit-any",
	"severity": 4,
	"message": "Unexpected any. Specify a different type",
	"source": "eslint",
	"startLineNumber": 311,
	"startColumn": 44,
	"endLineNumber": 311,
	"endColumn": 44
},{
	"resource": "/c:/Users/basil/Desktop/material-kai-vision-platform/src/services/ImageValidationService.ts",
	"owner": "eslint",
	"code": "comma-dangle",
	"severity": 4,
	"message": "Missing trailing comma",
	"source": "eslint",
	"startLineNumber": 330,
	"startColumn": 53,
	"endLineNumber": 330,
	"endColumn": 53
},{
	"resource": "/c:/Users/basil/Desktop/material-kai-vision-platform/src/services/ImageValidationService.ts",
	"owner": "eslint",
	"code": "comma-dangle",
	"severity": 4,
	"message": "Missing trailing comma",
	"source": "eslint",
	"startLineNumber": 361,
	"startColumn": 28,
	"endLineNumber": 361,
	"endColumn": 28
},{
	"resource": "/c:/Users/basil/Desktop/material-kai-vision-platform/src/services/integratedAIService.ts",
	"owner": "eslint",
	"code": "no-console",
	"severity": 4,
	"message": "Unexpected console statement",
	"source": "eslint",
	"startLineNumber": 180,
	"startColumn": 11,
	"endLineNumber": 180,
	"endColumn": 11
},{
	"resource": "/c:/Users/basil/Desktop/material-kai-vision-platform/src/services/integratedAIService.ts",
	"owner": "eslint",
	"code": "no-console",
	"severity": 4,
	"message": "Unexpected console statement",
	"source": "eslint",
	"startLineNumber": 188,
	"startColumn": 7,
	"endLineNumber": 188,
	"endColumn": 7
},{
	"resource": "/c:/Users/basil/Desktop/material-kai-vision-platform/src/services/integratedAIService.ts",
	"owner": "eslint",
	"code": "no-console",
	"severity": 4,
	"message": "Unexpected console statement",
	"source": "eslint",
	"startLineNumber": 189,
	"startColumn": 7,
	"endLineNumber": 189,
	"endColumn": 7
},{
	"resource": "/c:/Users/basil/Desktop/material-kai-vision-platform/src/services/integratedAIService.ts",
	"owner": "eslint",
	"code": "no-console",
	"severity": 4,
	"message": "Unexpected console statement",
	"source": "eslint",
	"startLineNumber": 190,
	"startColumn": 7,
	"endLineNumber": 190,
	"endColumn": 7
},{
	"resource": "/c:/Users/basil/Desktop/material-kai-vision-platform/src/services/integratedAIService.ts",
	"owner": "eslint",
	"code": "no-console",
	"severity": 4,
	"message": "Unexpected console statement",
	"source": "eslint",
	"startLineNumber": 191,
	"startColumn": 7,
	"endLineNumber": 191,
	"endColumn": 7
},{
	"resource": "/c:/Users/basil/Desktop/material-kai-vision-platform/src/services/integratedAIService.ts",
	"owner": "eslint",
	"code": "no-console",
	"severity": 4,
	"message": "Unexpected console statement",
	"source": "eslint",
	"startLineNumber": 192,
	"startColumn": 7,
	"endLineNumber": 192,
	"endColumn": 7
},{
	"resource": "/c:/Users/basil/Desktop/material-kai-vision-platform/src/services/integratedAIService.ts",
	"owner": "eslint",
	"code": "no-console",
	"severity": 4,
	"message": "Unexpected console statement",
	"source": "eslint",
	"startLineNumber": 193,
	"startColumn": 7,
	"endLineNumber": 193,
	"endColumn": 7
},{
	"resource": "/c:/Users/basil/Desktop/material-kai-vision-platform/src/services/integratedAIService.ts",
	"owner": "eslint",
	"code": "no-console",
	"severity": 4,
	"message": "Unexpected console statement",
	"source": "eslint",
	"startLineNumber": 194,
	"startColumn": 7,
	"endLineNumber": 194,
	"endColumn": 7
},{
	"resource": "/c:/Users/basil/Desktop/material-kai-vision-platform/src/services/integratedAIService.ts",
	"owner": "eslint",
	"code": "no-console",
	"severity": 4,
	"message": "Unexpected console statement",
	"source": "eslint",
	"startLineNumber": 195,
	"startColumn": 7,
	"endLineNumber": 195,
	"endColumn": 7
},{
	"resource": "/c:/Users/basil/Desktop/material-kai-vision-platform/src/services/integratedAIService.ts",
	"owner": "eslint",
	"code": "no-console",
	"severity": 4,
	"message": "Unexpected console statement",
	"source": "eslint",
	"startLineNumber": 217,
	"startColumn": 7,
	"endLineNumber": 217,
	"endColumn": 7
},{
	"resource": "/c:/Users/basil/Desktop/material-kai-vision-platform/src/services/integratedAIService.ts",
	"owner": "eslint",
	"code": "no-console",
	"severity": 4,
	"message": "Unexpected console statement",
	"source": "eslint",
	"startLineNumber": 245,
	"startColumn": 7,
	"endLineNumber": 245,
	"endColumn": 7
},{
	"resource": "/c:/Users/basil/Desktop/material-kai-vision-platform/src/services/integratedAIService.ts",
	"owner": "eslint",
	"code": "no-console",
	"severity": 4,
	"message": "Unexpected console statement",
	"source": "eslint",
	"startLineNumber": 267,
	"startColumn": 7,
	"endLineNumber": 267,
	"endColumn": 7
},{
	"resource": "/c:/Users/basil/Desktop/material-kai-vision-platform/src/services/integratedAIService.ts",
	"owner": "eslint",
	"code": "no-console",
	"severity": 4,
	"message": "Unexpected console statement",
	"source": "eslint",
	"startLineNumber": 297,
	"startColumn": 7,
	"endLineNumber": 297,
	"endColumn": 7
},{
	"resource": "/c:/Users/basil/Desktop/material-kai-vision-platform/src/services/integratedAIService.ts",
	"owner": "eslint",
	"code": "no-console",
	"severity": 4,
	"message": "Unexpected console statement",
	"source": "eslint",
	"startLineNumber": 325,
	"startColumn": 7,
	"endLineNumber": 325,
	"endColumn": 7
},{
	"resource": "/c:/Users/basil/Desktop/material-kai-vision-platform/src/services/integratedAIService.ts",
	"owner": "eslint",
	"code": "no-console",
	"severity": 4,
	"message": "Unexpected console statement",
	"source": "eslint",
	"startLineNumber": 347,
	"startColumn": 7,
	"endLineNumber": 347,
	"endColumn": 7
},{
	"resource": "/c:/Users/basil/Desktop/material-kai-vision-platform/src/services/integratedAIService.ts",
	"owner": "eslint",
	"code": "no-console",
	"severity": 4,
	"message": "Unexpected console statement",
	"source": "eslint",
	"startLineNumber": 379,
	"startColumn": 7,
	"endLineNumber": 379,
	"endColumn": 7
},{
	"resource": "/c:/Users/basil/Desktop/material-kai-vision-platform/src/services/integratedAIService.ts",
	"owner": "eslint",
	"code": "@typescript-eslint/no-explicit-any",
	"severity": 4,
	"message": "Unexpected any. Specify a different type",
	"source": "eslint",
	"startLineNumber": 402,
	"startColumn": 34,
	"endLineNumber": 402,
	"endColumn": 34
},{
	"resource": "/c:/Users/basil/Desktop/material-kai-vision-platform/src/services/integratedAIService.ts",
	"owner": "eslint",
	"code": "no-console",
	"severity": 4,
	"message": "Unexpected console statement",
	"source": "eslint",
	"startLineNumber": 418,
	"startColumn": 13,
	"endLineNumber": 418,
	"endColumn": 13
},{
	"resource": "/c:/Users/basil/Desktop/material-kai-vision-platform/src/services/integratedAIService.ts",
	"owner": "eslint",
	"code": "@typescript-eslint/no-explicit-any",
	"severity": 4,
	"message": "Unexpected any. Specify a different type",
	"source": "eslint",
	"startLineNumber": 428,
	"startColumn": 12,
	"endLineNumber": 428,
	"endColumn": 12
},{
	"resource": "/c:/Users/basil/Desktop/material-kai-vision-platform/src/services/integratedAIService.ts",
	"owner": "eslint",
	"code": "@typescript-eslint/no-explicit-any",
	"severity": 4,
	"message": "Unexpected any. Specify a different type",
	"source": "eslint",
	"startLineNumber": 436,
	"startColumn": 55,
	"endLineNumber": 436,
	"endColumn": 55
},{
	"resource": "/c:/Users/basil/Desktop/material-kai-vision-platform/src/services/integratedAIService.ts",
	"owner": "eslint",
	"code": "@typescript-eslint/no-explicit-any",
	"severity": 4,
	"message": "Unexpected any. Specify a different type",
	"source": "eslint",
	"startLineNumber": 441,
	"startColumn": 13,
	"endLineNumber": 441,
	"endColumn": 13
},{
	"resource": "/c:/Users/basil/Desktop/material-kai-vision-platform/src/services/integratedAIService.ts",
	"owner": "eslint",
	"code": "no-console",
	"severity": 4,
	"message": "Unexpected console statement",
	"source": "eslint",
	"startLineNumber": 481,
	"startColumn": 7,
	"endLineNumber": 481,
	"endColumn": 7
},{
	"resource": "/c:/Users/basil/Desktop/material-kai-vision-platform/src/services/integratedAIService.ts",
	"owner": "eslint",
	"code": "no-console",
	"severity": 4,
	"message": "Unexpected console statement",
	"source": "eslint",
	"startLineNumber": 509,
	"startColumn": 7,
	"endLineNumber": 509,
	"endColumn": 7
},{
	"resource": "/c:/Users/basil/Desktop/material-kai-vision-platform/src/services/integratedWorkflowService.ts",
	"owner": "eslint",
	"code": "@typescript-eslint/no-explicit-any",
	"severity": 4,
	"message": "Unexpected any. Specify a different type",
	"source": "eslint",
	"startLineNumber": 52,
	"startColumn": 35,
	"endLineNumber": 52,
	"endColumn": 35
},{
	"resource": "/c:/Users/basil/Desktop/material-kai-vision-platform/src/services/integratedWorkflowService.ts",
	"owner": "eslint",
	"code": "@typescript-eslint/no-explicit-any",
	"severity": 4,
	"message": "Unexpected any. Specify a different type",
	"source": "eslint",
	"startLineNumber": 58,
	"startColumn": 69,
	"endLineNumber": 58,
	"endColumn": 69
},{
	"resource": "/c:/Users/basil/Desktop/material-kai-vision-platform/src/services/integratedWorkflowService.ts",
	"owner": "eslint",
	"code": "no-console",
	"severity": 4,
	"message": "Unexpected console statement",
	"source": "eslint",
	"startLineNumber": 60,
	"startColumn": 23,
	"endLineNumber": 60,
	"endColumn": 23
},{
	"resource": "/c:/Users/basil/Desktop/material-kai-vision-platform/src/services/integratedWorkflowService.ts",
	"owner": "eslint",
	"code": "@typescript-eslint/no-explicit-any",
	"severity": 4,
	"message": "Unexpected any. Specify a different type",
	"source": "eslint",
	"startLineNumber": 64,
	"startColumn": 57,
	"endLineNumber": 64,
	"endColumn": 57
},{
	"resource": "/c:/Users/basil/Desktop/material-kai-vision-platform/src/services/integratedWorkflowService.ts",
	"owner": "eslint",
	"code": "no-console",
	"severity": 4,
	"message": "Unexpected console statement",
	"source": "eslint",
	"startLineNumber": 66,
	"startColumn": 25,
	"endLineNumber": 66,
	"endColumn": 25
},{
	"resource": "/c:/Users/basil/Desktop/material-kai-vision-platform/src/services/integratedWorkflowService.ts",
	"owner": "eslint",
	"code": "@typescript-eslint/no-explicit-any",
	"severity": 4,
	"message": "Unexpected any. Specify a different type",
	"source": "eslint",
	"startLineNumber": 70,
	"startColumn": 72,
	"endLineNumber": 70,
	"endColumn": 72
},{
	"resource": "/c:/Users/basil/Desktop/material-kai-vision-platform/src/services/integratedWorkflowService.ts",
	"owner": "eslint",
	"code": "no-console",
	"severity": 4,
	"message": "Unexpected console statement",
	"source": "eslint",
	"startLineNumber": 72,
	"startColumn": 23,
	"endLineNumber": 72,
	"endColumn": 23
},{
	"resource": "/c:/Users/basil/Desktop/material-kai-vision-platform/src/services/integratedWorkflowService.ts",
	"owner": "eslint",
	"code": "comma-dangle",
	"severity": 4,
	"message": "Missing trailing comma",
	"source": "eslint",
	"startLineNumber": 188,
	"startColumn": 48,
	"endLineNumber": 188,
	"endColumn": 48
},{
	"resource": "/c:/Users/basil/Desktop/material-kai-vision-platform/src/services/integratedWorkflowService.ts",
	"owner": "eslint",
	"code": "no-console",
	"severity": 4,
	"message": "Unexpected console statement",
	"source": "eslint",
	"startLineNumber": 192,
	"startColumn": 9,
	"endLineNumber": 192,
	"endColumn": 9
},{
	"resource": "/c:/Users/basil/Desktop/material-kai-vision-platform/src/services/integratedWorkflowService.ts",
	"owner": "eslint",
	"code": "@typescript-eslint/no-explicit-any",
	"severity": 4,
	"message": "Unexpected any. Specify a different type",
	"source": "eslint",
	"startLineNumber": 217,
	"startColumn": 51,
	"endLineNumber": 217,
	"endColumn": 51
},{
	"resource": "/c:/Users/basil/Desktop/material-kai-vision-platform/src/services/integratedWorkflowService.ts",
	"owner": "eslint",
	"code": "no-console",
	"severity": 4,
	"message": "Unexpected console statement",
	"source": "eslint",
	"startLineNumber": 289,
	"startColumn": 7,
	"endLineNumber": 289,
	"endColumn": 7
},{
	"resource": "/c:/Users/basil/Desktop/material-kai-vision-platform/src/services/integratedWorkflowService.ts",
	"owner": "eslint",
	"code": "no-console",
	"severity": 4,
	"message": "Unexpected console statement",
	"source": "eslint",
	"startLineNumber": 321,
	"startColumn": 7,
	"endLineNumber": 321,
	"endColumn": 7
},{
	"resource": "/c:/Users/basil/Desktop/material-kai-vision-platform/src/services/integratedWorkflowService.ts",
	"owner": "eslint",
	"code": "no-console",
	"severity": 4,
	"message": "Unexpected console statement",
	"source": "eslint",
	"startLineNumber": 350,
	"startColumn": 7,
	"endLineNumber": 350,
	"endColumn": 7
},{
	"resource": "/c:/Users/basil/Desktop/material-kai-vision-platform/src/services/integratedWorkflowService.ts",
	"owner": "eslint",
	"code": "no-console",
	"severity": 4,
	"message": "Unexpected console statement",
	"source": "eslint",
	"startLineNumber": 376,
	"startColumn": 7,
	"endLineNumber": 376,
	"endColumn": 7
},{
	"resource": "/c:/Users/basil/Desktop/material-kai-vision-platform/src/services/jinaAIService.ts",
	"owner": "eslint",
	"code": "no-console",
	"severity": 4,
	"message": "Unexpected console statement",
	"source": "eslint",
	"startLineNumber": 372,
	"startColumn": 7,
	"endLineNumber": 372,
	"endColumn": 7
},{
	"resource": "/c:/Users/basil/Desktop/material-kai-vision-platform/src/services/jinaAIService.ts",
	"owner": "eslint",
	"code": "no-console",
	"severity": 4,
	"message": "Unexpected console statement",
	"source": "eslint",
	"startLineNumber": 380,
	"startColumn": 9,
	"endLineNumber": 380,
	"endColumn": 9
},{
	"resource": "/c:/Users/basil/Desktop/material-kai-vision-platform/src/services/jinaAIService.ts",
	"owner": "eslint",
	"code": "no-console",
	"severity": 4,
	"message": "Unexpected console statement",
	"source": "eslint",
	"startLineNumber": 400,
	"startColumn": 9,
	"endLineNumber": 400,
	"endColumn": 9
},{
	"resource": "/c:/Users/basil/Desktop/material-kai-vision-platform/src/services/jinaAIService.ts",
	"owner": "eslint",
	"code": "no-console",
	"severity": 4,
	"message": "Unexpected console statement",
	"source": "eslint",
	"startLineNumber": 404,
	"startColumn": 9,
	"endLineNumber": 404,
	"endColumn": 9
},{
	"resource": "/c:/Users/basil/Desktop/material-kai-vision-platform/src/services/jinaAIService.ts",
	"owner": "eslint",
	"code": "no-console",
	"severity": 4,
	"message": "Unexpected console statement",
	"source": "eslint",
	"startLineNumber": 416,
	"startColumn": 9,
	"endLineNumber": 416,
	"endColumn": 9
},{
	"resource": "/c:/Users/basil/Desktop/material-kai-vision-platform/src/services/jinaAIService.ts",
	"owner": "eslint",
	"code": "no-console",
	"severity": 4,
	"message": "Unexpected console statement",
	"source": "eslint",
	"startLineNumber": 417,
	"startColumn": 9,
	"endLineNumber": 417,
	"endColumn": 9
},{
	"resource": "/c:/Users/basil/Desktop/material-kai-vision-platform/src/services/jinaAIService.ts",
	"owner": "eslint",
	"code": "no-console",
	"severity": 4,
	"message": "Unexpected console statement",
	"source": "eslint",
	"startLineNumber": 425,
	"startColumn": 9,
	"endLineNumber": 425,
	"endColumn": 9
},{
	"resource": "/c:/Users/basil/Desktop/material-kai-vision-platform/src/services/jinaAIService.ts",
	"owner": "eslint",
	"code": "no-console",
	"severity": 4,
	"message": "Unexpected console statement",
	"source": "eslint",
	"startLineNumber": 438,
	"startColumn": 7,
	"endLineNumber": 438,
	"endColumn": 7
},{
	"resource": "/c:/Users/basil/Desktop/material-kai-vision-platform/src/services/jinaAIService.ts",
	"owner": "eslint",
	"code": "no-console",
	"severity": 4,
	"message": "Unexpected console statement",
	"source": "eslint",
	"startLineNumber": 442,
	"startColumn": 7,
	"endLineNumber": 442,
	"endColumn": 7
},{
	"resource": "/c:/Users/basil/Desktop/material-kai-vision-platform/src/services/jinaAIService.ts",
	"owner": "eslint",
	"code": "no-console",
	"severity": 4,
	"message": "Unexpected console statement",
	"source": "eslint",
	"startLineNumber": 496,
	"startColumn": 9,
	"endLineNumber": 496,
	"endColumn": 9
},{
	"resource": "/c:/Users/basil/Desktop/material-kai-vision-platform/src/services/layoutAwareChunker.ts",
	"owner": "eslint",
	"code": "comma-dangle",
	"severity": 4,
	"message": "Missing trailing comma",
	"source": "eslint",
	"startLineNumber": 81,
	"startColumn": 69,
	"endLineNumber": 81,
	"endColumn": 69
},{
	"resource": "/c:/Users/basil/Desktop/material-kai-vision-platform/src/services/layoutAwareChunker.ts",
	"owner": "eslint",
	"code": "no-console",
	"severity": 4,
	"message": "Unexpected console statement",
	"source": "eslint",
	"startLineNumber": 96,
	"startColumn": 7,
	"endLineNumber": 96,
	"endColumn": 7
},{
	"resource": "/c:/Users/basil/Desktop/material-kai-vision-platform/src/services/layoutAwareChunker.ts",
	"owner": "eslint",
	"code": "no-console",
	"severity": 4,
	"message": "Unexpected console statement",
	"source": "eslint",
	"startLineNumber": 141,
	"startColumn": 7,
	"endLineNumber": 141,
	"endColumn": 7
},{
	"resource": "/c:/Users/basil/Desktop/material-kai-vision-platform/src/services/layoutAwareChunker.ts",
	"owner": "eslint",
	"code": "no-console",
	"severity": 4,
	"message": "Unexpected console statement",
	"source": "eslint",
	"startLineNumber": 145,
	"startColumn": 7,
	"endLineNumber": 145,
	"endColumn": 7
},{
	"resource": "/c:/Users/basil/Desktop/material-kai-vision-platform/src/services/layoutAwareChunker.ts",
	"owner": "eslint",
	"code": "@typescript-eslint/no-non-null-assertion",
	"severity": 4,
	"message": "Forbidden non-null assertion",
	"source": "eslint",
	"startLineNumber": 317,
	"startColumn": 5,
	"endLineNumber": 317,
	"endColumn": 5
},{
	"resource": "/c:/Users/basil/Desktop/material-kai-vision-platform/src/services/layoutAwareChunker.ts",
	"owner": "eslint",
	"code": "@typescript-eslint/no-non-null-assertion",
	"severity": 4,
	"message": "Forbidden non-null assertion",
	"source": "eslint",
	"startLineNumber": 318,
	"startColumn": 5,
	"endLineNumber": 318,
	"endColumn": 5
},{
	"resource": "/c:/Users/basil/Desktop/material-kai-vision-platform/src/services/layoutAwareChunker.ts",
	"owner": "eslint",
	"code": "@typescript-eslint/no-non-null-assertion",
	"severity": 4,
	"message": "Forbidden non-null assertion",
	"source": "eslint",
	"startLineNumber": 319,
	"startColumn": 5,
	"endLineNumber": 319,
	"endColumn": 5
},{
	"resource": "/c:/Users/basil/Desktop/material-kai-vision-platform/src/services/layoutAwareChunker.ts",
	"owner": "eslint",
	"code": "@typescript-eslint/no-non-null-assertion",
	"severity": 4,
	"message": "Forbidden non-null assertion",
	"source": "eslint",
	"startLineNumber": 320,
	"startColumn": 5,
	"endLineNumber": 320,
	"endColumn": 5
},{
	"resource": "/c:/Users/basil/Desktop/material-kai-vision-platform/src/services/layoutAwareChunker.ts",
	"owner": "eslint",
	"code": "@typescript-eslint/no-non-null-assertion",
	"severity": 4,
	"message": "Forbidden non-null assertion",
	"source": "eslint",
	"startLineNumber": 320,
	"startColumn": 60,
	"endLineNumber": 320,
	"endColumn": 60
},{
	"resource": "/c:/Users/basil/Desktop/material-kai-vision-platform/src/services/layoutAwareChunker.ts",
	"owner": "eslint",
	"code": "@typescript-eslint/no-non-null-assertion",
	"severity": 4,
	"message": "Forbidden non-null assertion",
	"source": "eslint",
	"startLineNumber": 321,
	"startColumn": 5,
	"endLineNumber": 321,
	"endColumn": 5
},{
	"resource": "/c:/Users/basil/Desktop/material-kai-vision-platform/src/services/layoutAwareChunker.ts",
	"owner": "eslint",
	"code": "@typescript-eslint/no-non-null-assertion",
	"severity": 4,
	"message": "Forbidden non-null assertion",
	"source": "eslint",
	"startLineNumber": 321,
	"startColumn": 43,
	"endLineNumber": 321,
	"endColumn": 43
},{
	"resource": "/c:/Users/basil/Desktop/material-kai-vision-platform/src/services/layoutAwareChunker.ts",
	"owner": "eslint",
	"code": "@typescript-eslint/no-non-null-assertion",
	"severity": 4,
	"message": "Forbidden non-null assertion",
	"source": "eslint",
	"startLineNumber": 325,
	"startColumn": 5,
	"endLineNumber": 325,
	"endColumn": 5
},{
	"resource": "/c:/Users/basil/Desktop/material-kai-vision-platform/src/services/layoutAwareChunker.ts",
	"owner": "eslint",
	"code": "@typescript-eslint/no-non-null-assertion",
	"severity": 4,
	"message": "Forbidden non-null assertion",
	"source": "eslint",
	"startLineNumber": 325,
	"startColumn": 52,
	"endLineNumber": 325,
	"endColumn": 52
},{
	"resource": "/c:/Users/basil/Desktop/material-kai-vision-platform/src/services/layoutAwareChunker.ts",
	"owner": "eslint",
	"code": "@typescript-eslint/no-non-null-assertion",
	"severity": 4,
	"message": "Forbidden non-null assertion",
	"source": "eslint",
	"startLineNumber": 328,
	"startColumn": 27,
	"endLineNumber": 328,
	"endColumn": 27
},{
	"resource": "/c:/Users/basil/Desktop/material-kai-vision-platform/src/services/layoutAwareChunker.ts",
	"owner": "eslint",
	"code": "@typescript-eslint/no-non-null-assertion",
	"severity": 4,
	"message": "Forbidden non-null assertion",
	"source": "eslint",
	"startLineNumber": 329,
	"startColumn": 5,
	"endLineNumber": 329,
	"endColumn": 5
},{
	"resource": "/c:/Users/basil/Desktop/material-kai-vision-platform/src/services/layoutAwareChunker.ts",
	"owner": "eslint",
	"code": "@typescript-eslint/no-non-null-assertion",
	"severity": 4,
	"message": "Forbidden non-null assertion",
	"source": "eslint",
	"startLineNumber": 329,
	"startColumn": 35,
	"endLineNumber": 329,
	"endColumn": 35
},{
	"resource": "/c:/Users/basil/Desktop/material-kai-vision-platform/src/services/layoutAwareChunker.ts",
	"owner": "eslint",
	"code": "@typescript-eslint/no-non-null-assertion",
	"severity": 4,
	"message": "Forbidden non-null assertion",
	"source": "eslint",
	"startLineNumber": 341,
	"startColumn": 11,
	"endLineNumber": 341,
	"endColumn": 11
},{
	"resource": "/c:/Users/basil/Desktop/material-kai-vision-platform/src/services/layoutAwareChunker.ts",
	"owner": "eslint",
	"code": "@typescript-eslint/no-non-null-assertion",
	"severity": 4,
	"message": "Forbidden non-null assertion",
	"source": "eslint",
	"startLineNumber": 343,
	"startColumn": 19,
	"endLineNumber": 343,
	"endColumn": 19
},{
	"resource": "/c:/Users/basil/Desktop/material-kai-vision-platform/src/services/layoutAwareChunker.ts",
	"owner": "eslint",
	"code": "@typescript-eslint/no-non-null-assertion",
	"severity": 4,
	"message": "Forbidden non-null assertion",
	"source": "eslint",
	"startLineNumber": 344,
	"startColumn": 13,
	"endLineNumber": 344,
	"endColumn": 13
},{
	"resource": "/c:/Users/basil/Desktop/material-kai-vision-platform/src/services/layoutAwareChunker.ts",
	"owner": "eslint",
	"code": "@typescript-eslint/no-non-null-assertion",
	"severity": 4,
	"message": "Forbidden non-null assertion",
	"source": "eslint",
	"startLineNumber": 345,
	"startColumn": 20,
	"endLineNumber": 345,
	"endColumn": 20
},{
	"resource": "/c:/Users/basil/Desktop/material-kai-vision-platform/src/services/layoutAwareChunker.ts",
	"owner": "eslint",
	"code": "@typescript-eslint/no-non-null-assertion",
	"severity": 4,
	"message": "Forbidden non-null assertion",
	"source": "eslint",
	"startLineNumber": 346,
	"startColumn": 18,
	"endLineNumber": 346,
	"endColumn": 18
},{
	"resource": "/c:/Users/basil/Desktop/material-kai-vision-platform/src/services/layoutAwareChunker.ts",
	"owner": "eslint",
	"code": "@typescript-eslint/no-non-null-assertion",
	"severity": 4,
	"message": "Forbidden non-null assertion",
	"source": "eslint",
	"startLineNumber": 347,
	"startColumn": 23,
	"endLineNumber": 347,
	"endColumn": 23
},{
	"resource": "/c:/Users/basil/Desktop/material-kai-vision-platform/src/services/layoutAwareChunker.ts",
	"owner": "eslint",
	"code": "@typescript-eslint/no-non-null-assertion",
	"severity": 4,
	"message": "Forbidden non-null assertion",
	"source": "eslint",
	"startLineNumber": 348,
	"startColumn": 19,
	"endLineNumber": 348,
	"endColumn": 19
},{
	"resource": "/c:/Users/basil/Desktop/material-kai-vision-platform/src/services/layoutAwareChunker.ts",
	"owner": "eslint",
	"code": "@typescript-eslint/no-non-null-assertion",
	"severity": 4,
	"message": "Forbidden non-null assertion",
	"source": "eslint",
	"startLineNumber": 349,
	"startColumn": 13,
	"endLineNumber": 349,
	"endColumn": 13
},{
	"resource": "/c:/Users/basil/Desktop/material-kai-vision-platform/src/services/layoutAwareChunker.ts",
	"owner": "eslint",
	"code": "@typescript-eslint/no-non-null-assertion",
	"severity": 4,
	"message": "Forbidden non-null assertion",
	"source": "eslint",
	"startLineNumber": 351,
	"startColumn": 22,
	"endLineNumber": 351,
	"endColumn": 22
},{
	"resource": "/c:/Users/basil/Desktop/material-kai-vision-platform/src/services/layoutAwareChunker.ts",
	"owner": "eslint",
	"code": "@typescript-eslint/no-non-null-assertion",
	"severity": 4,
	"message": "Forbidden non-null assertion",
	"source": "eslint",
	"startLineNumber": 352,
	"startColumn": 17,
	"endLineNumber": 352,
	"endColumn": 17
},{
	"resource": "/c:/Users/basil/Desktop/material-kai-vision-platform/src/services/layoutAwareChunker.ts",
	"owner": "eslint",
	"code": "@typescript-eslint/no-non-null-assertion",
	"severity": 4,
	"message": "Forbidden non-null assertion",
	"source": "eslint",
	"startLineNumber": 353,
	"startColumn": 18,
	"endLineNumber": 353,
	"endColumn": 18
},{
	"resource": "/c:/Users/basil/Desktop/material-kai-vision-platform/src/services/layoutAwareChunker.ts",
	"owner": "eslint",
	"code": "@typescript-eslint/no-non-null-assertion",
	"severity": 4,
	"message": "Forbidden non-null assertion",
	"source": "eslint",
	"startLineNumber": 377,
	"startColumn": 38,
	"endLineNumber": 377,
	"endColumn": 38
},{
	"resource": "/c:/Users/basil/Desktop/material-kai-vision-platform/src/services/layoutAwareChunker.ts",
	"owner": "eslint",
	"code": "no-console",
	"severity": 4,
	"message": "Unexpected console statement",
	"source": "eslint",
	"startLineNumber": 399,
	"startColumn": 5,
	"endLineNumber": 399,
	"endColumn": 5
},{
	"resource": "/c:/Users/basil/Desktop/material-kai-vision-platform/src/services/layoutAwareChunker.ts",
	"owner": "eslint",
	"code": "no-console",
	"severity": 4,
	"message": "Unexpected console statement",
	"source": "eslint",
	"startLineNumber": 422,
	"startColumn": 13,
	"endLineNumber": 422,
	"endColumn": 13
},{
	"resource": "/c:/Users/basil/Desktop/material-kai-vision-platform/src/services/layoutAwareChunker.ts",
	"owner": "eslint",
	"code": "no-console",
	"severity": 4,
	"message": "Unexpected console statement",
	"source": "eslint",
	"startLineNumber": 425,
	"startColumn": 9,
	"endLineNumber": 425,
	"endColumn": 9
},{
	"resource": "/c:/Users/basil/Desktop/material-kai-vision-platform/src/services/layoutAwareChunker.ts",
	"owner": "eslint",
	"code": "no-console",
	"severity": 4,
	"message": "Unexpected console statement",
	"source": "eslint",
	"startLineNumber": 427,
	"startColumn": 9,
	"endLineNumber": 427,
	"endColumn": 9
},{
	"resource": "/c:/Users/basil/Desktop/material-kai-vision-platform/src/services/layoutAwareChunker.ts",
	"owner": "eslint",
	"code": "no-console",
	"severity": 4,
	"message": "Unexpected console statement",
	"source": "eslint",
	"startLineNumber": 450,
	"startColumn": 11,
	"endLineNumber": 450,
	"endColumn": 11
},{
	"resource": "/c:/Users/basil/Desktop/material-kai-vision-platform/src/services/layoutAwareChunker.ts",
	"owner": "eslint",
	"code": "no-console",
	"severity": 4,
	"message": "Unexpected console statement",
	"source": "eslint",
	"startLineNumber": 454,
	"startColumn": 7,
	"endLineNumber": 454,
	"endColumn": 7
},{
	"resource": "/c:/Users/basil/Desktop/material-kai-vision-platform/src/services/layoutAwareChunker.ts",
	"owner": "eslint",
	"code": "no-console",
	"severity": 4,
	"message": "Unexpected console statement",
	"source": "eslint",
	"startLineNumber": 506,
	"startColumn": 11,
	"endLineNumber": 506,
	"endColumn": 11
},{
	"resource": "/c:/Users/basil/Desktop/material-kai-vision-platform/src/services/layoutAwareChunker.ts",
	"owner": "eslint",
	"code": "no-console",
	"severity": 4,
	"message": "Unexpected console statement",
	"source": "eslint",
	"startLineNumber": 510,
	"startColumn": 7,
	"endLineNumber": 510,
	"endColumn": 7
},{
	"resource": "/c:/Users/basil/Desktop/material-kai-vision-platform/src/services/layoutAwareChunker.ts",
	"owner": "eslint",
	"code": "no-console",
	"severity": 4,
	"message": "Unexpected console statement",
	"source": "eslint",
	"startLineNumber": 512,
	"startColumn": 7,
	"endLineNumber": 512,
	"endColumn": 7
},{
	"resource": "/c:/Users/basil/Desktop/material-kai-vision-platform/src/services/layoutAwareChunker.ts",
	"owner": "eslint",
	"code": "no-console",
	"severity": 4,
	"message": "Unexpected console statement",
	"source": "eslint",
	"startLineNumber": 549,
	"startColumn": 9,
	"endLineNumber": 549,
	"endColumn": 9
},{
	"resource": "/c:/Users/basil/Desktop/material-kai-vision-platform/src/services/layoutAwareChunker.ts",
	"owner": "eslint",
	"code": "no-console",
	"severity": 4,
	"message": "Unexpected console statement",
	"source": "eslint",
	"startLineNumber": 555,
	"startColumn": 9,
	"endLineNumber": 555,
	"endColumn": 9
},{
	"resource": "/c:/Users/basil/Desktop/material-kai-vision-platform/src/services/layoutAwareChunker.ts",
	"owner": "eslint",
	"code": "@typescript-eslint/no-explicit-any",
	"severity": 4,
	"message": "Unexpected any. Specify a different type",
	"source": "eslint",
	"startLineNumber": 655,
	"startColumn": 29,
	"endLineNumber": 655,
	"endColumn": 29
},{
	"resource": "/c:/Users/basil/Desktop/material-kai-vision-platform/src/services/layoutAwareChunker.ts",
	"owner": "eslint",
	"code": "no-console",
	"severity": 4,
	"message": "Unexpected console statement",
	"source": "eslint",
	"startLineNumber": 657,
	"startColumn": 7,
	"endLineNumber": 657,
	"endColumn": 7
},{
	"resource": "/c:/Users/basil/Desktop/material-kai-vision-platform/src/services/layoutAwareChunker.ts",
	"owner": "eslint",
	"code": "@typescript-eslint/no-explicit-any",
	"severity": 4,
	"message": "Unexpected any. Specify a different type",
	"source": "eslint",
	"startLineNumber": 697,
	"startColumn": 29,
	"endLineNumber": 697,
	"endColumn": 29
},{
	"resource": "/c:/Users/basil/Desktop/material-kai-vision-platform/src/services/layoutAwareChunker.ts",
	"owner": "eslint",
	"code": "no-console",
	"severity": 4,
	"message": "Unexpected console statement",
	"source": "eslint",
	"startLineNumber": 699,
	"startColumn": 7,
	"endLineNumber": 699,
	"endColumn": 7
},{
	"resource": "/c:/Users/basil/Desktop/material-kai-vision-platform/src/services/layoutAwareChunker.ts",
	"owner": "eslint",
	"code": "@typescript-eslint/no-explicit-any",
	"severity": 4,
	"message": "Unexpected any. Specify a different type",
	"source": "eslint",
	"startLineNumber": 708,
	"startColumn": 39,
	"endLineNumber": 708,
	"endColumn": 39
},{
	"resource": "/c:/Users/basil/Desktop/material-kai-vision-platform/src/services/layoutAwareChunker.ts",
	"owner": "eslint",
	"code": "@typescript-eslint/no-explicit-any",
	"severity": 4,
	"message": "Unexpected any. Specify a different type",
	"source": "eslint",
	"startLineNumber": 712,
	"startColumn": 32,
	"endLineNumber": 712,
	"endColumn": 32
},{
	"resource": "/c:/Users/basil/Desktop/material-kai-vision-platform/src/services/layoutAwareChunker.ts",
	"owner": "eslint",
	"code": "@typescript-eslint/no-explicit-any",
	"severity": 4,
	"message": "Unexpected any. Specify a different type",
	"source": "eslint",
	"startLineNumber": 713,
	"startColumn": 32,
	"endLineNumber": 713,
	"endColumn": 32
},{
	"resource": "/c:/Users/basil/Desktop/material-kai-vision-platform/src/services/layoutAwareChunker.ts",
	"owner": "eslint",
	"code": "@typescript-eslint/no-explicit-any",
	"severity": 4,
	"message": "Unexpected any. Specify a different type",
	"source": "eslint",
	"startLineNumber": 716,
	"startColumn": 31,
	"endLineNumber": 716,
	"endColumn": 31
},{
	"resource": "/c:/Users/basil/Desktop/material-kai-vision-platform/src/services/layoutAwareChunker.ts",
	"owner": "eslint",
	"code": "@typescript-eslint/no-explicit-any",
	"severity": 4,
	"message": "Unexpected any. Specify a different type",
	"source": "eslint",
	"startLineNumber": 717,
	"startColumn": 36,
	"endLineNumber": 717,
	"endColumn": 36
},{
	"resource": "/c:/Users/basil/Desktop/material-kai-vision-platform/src/services/layoutAwareChunker.ts",
	"owner": "eslint",
	"code": "@typescript-eslint/no-explicit-any",
	"severity": 4,
	"message": "Unexpected any. Specify a different type",
	"source": "eslint",
	"startLineNumber": 718,
	"startColumn": 32,
	"endLineNumber": 718,
	"endColumn": 32
},{
	"resource": "/c:/Users/basil/Desktop/material-kai-vision-platform/src/services/layoutAwareChunker.ts",
	"owner": "eslint",
	"code": "@typescript-eslint/no-explicit-any",
	"severity": 4,
	"message": "Unexpected any. Specify a different type",
	"source": "eslint",
	"startLineNumber": 719,
	"startColumn": 26,
	"endLineNumber": 719,
	"endColumn": 26
},{
	"resource": "/c:/Users/basil/Desktop/material-kai-vision-platform/src/services/layoutAwareChunker.ts",
	"owner": "eslint",
	"code": "@typescript-eslint/no-explicit-any",
	"severity": 4,
	"message": "Unexpected any. Specify a different type",
	"source": "eslint",
	"startLineNumber": 724,
	"startColumn": 34,
	"endLineNumber": 724,
	"endColumn": 34
},{
	"resource": "/c:/Users/basil/Desktop/material-kai-vision-platform/src/services/layoutAwareChunker.ts",
	"owner": "eslint",
	"code": "@typescript-eslint/no-explicit-any",
	"severity": 4,
	"message": "Unexpected any. Specify a different type",
	"source": "eslint",
	"startLineNumber": 728,
	"startColumn": 47,
	"endLineNumber": 728,
	"endColumn": 47
},{
	"resource": "/c:/Users/basil/Desktop/material-kai-vision-platform/src/services/layoutAwareChunker.ts",
	"owner": "eslint",
	"code": "@typescript-eslint/no-explicit-any",
	"severity": 4,
	"message": "Unexpected any. Specify a different type",
	"source": "eslint",
	"startLineNumber": 729,
	"startColumn": 33,
	"endLineNumber": 729,
	"endColumn": 33
},{
	"resource": "/c:/Users/basil/Desktop/material-kai-vision-platform/src/services/layoutAwareChunker.ts",
	"owner": "eslint",
	"code": "@typescript-eslint/no-explicit-any",
	"severity": 4,
	"message": "Unexpected any. Specify a different type",
	"source": "eslint",
	"startLineNumber": 730,
	"startColumn": 38,
	"endLineNumber": 730,
	"endColumn": 38
},{
	"resource": "/c:/Users/basil/Desktop/material-kai-vision-platform/src/services/layoutAwareChunker.ts",
	"owner": "eslint",
	"code": "@typescript-eslint/no-explicit-any",
	"severity": 4,
	"message": "Unexpected any. Specify a different type",
	"source": "eslint",
	"startLineNumber": 731,
	"startColumn": 35,
	"endLineNumber": 731,
	"endColumn": 35
},{
	"resource": "/c:/Users/basil/Desktop/material-kai-vision-platform/src/services/layoutAwareChunker.ts",
	"owner": "eslint",
	"code": "@typescript-eslint/no-explicit-any",
	"severity": 4,
	"message": "Unexpected any. Specify a different type",
	"source": "eslint",
	"startLineNumber": 732,
	"startColumn": 34,
	"endLineNumber": 732,
	"endColumn": 34
},{
	"resource": "/c:/Users/basil/Desktop/material-kai-vision-platform/src/services/materialAgent3DGenerationAPI.ts",
	"owner": "eslint",
	"code": "no-console",
	"severity": 4,
	"message": "Unexpected console statement",
	"source": "eslint",
	"startLineNumber": 71,
	"startColumn": 7,
	"endLineNumber": 71,
	"endColumn": 7
},{
	"resource": "/c:/Users/basil/Desktop/material-kai-vision-platform/src/services/materialAgent3DGenerationAPI.ts",
	"owner": "eslint",
	"code": "no-console",
	"severity": 4,
	"message": "Unexpected console statement",
	"source": "eslint",
	"startLineNumber": 89,
	"startColumn": 7,
	"endLineNumber": 89,
	"endColumn": 7
},{
	"resource": "/c:/Users/basil/Desktop/material-kai-vision-platform/src/services/materialAgent3DGenerationAPI.ts",
	"owner": "eslint",
	"code": "no-console",
	"severity": 4,
	"message": "Unexpected console statement",
	"source": "eslint",
	"startLineNumber": 92,
	"startColumn": 9,
	"endLineNumber": 92,
	"endColumn": 9
},{
	"resource": "/c:/Users/basil/Desktop/material-kai-vision-platform/src/services/materialAgent3DGenerationAPI.ts",
	"owner": "eslint",
	"code": "no-console",
	"severity": 4,
	"message": "Unexpected console statement",
	"source": "eslint",
	"startLineNumber": 103,
	"startColumn": 7,
	"endLineNumber": 103,
	"endColumn": 7
},{
	"resource": "/c:/Users/basil/Desktop/material-kai-vision-platform/src/services/materialAgent3DGenerationAPI.ts",
	"owner": "eslint",
	"code": "no-console",
	"severity": 4,
	"message": "Unexpected console statement",
	"source": "eslint",
	"startLineNumber": 123,
	"startColumn": 7,
	"endLineNumber": 123,
	"endColumn": 7
},{
	"resource": "/c:/Users/basil/Desktop/material-kai-vision-platform/src/services/materialAgent3DGenerationAPI.ts",
	"owner": "eslint",
	"code": "no-console",
	"severity": 4,
	"message": "Unexpected console statement",
	"source": "eslint",
	"startLineNumber": 146,
	"startColumn": 7,
	"endLineNumber": 146,
	"endColumn": 7
},{
	"resource": "/c:/Users/basil/Desktop/material-kai-vision-platform/src/services/materialAgent3DGenerationAPI.ts",
	"owner": "eslint",
	"code": "@typescript-eslint/no-explicit-any",
	"severity": 4,
	"message": "Unexpected any. Specify a different type",
	"source": "eslint",
	"startLineNumber": 185,
	"startColumn": 29,
	"endLineNumber": 185,
	"endColumn": 29
},{
	"resource": "/c:/Users/basil/Desktop/material-kai-vision-platform/src/services/materialAgent3DGenerationAPI.ts",
	"owner": "eslint",
	"code": "no-console",
	"severity": 4,
	"message": "Unexpected console statement",
	"source": "eslint",
	"startLineNumber": 219,
	"startColumn": 7,
	"endLineNumber": 219,
	"endColumn": 7
},{
	"resource": "/c:/Users/basil/Desktop/material-kai-vision-platform/src/services/materialAgent3DGenerationAPI.ts",
	"owner": "eslint",
	"code": "no-console",
	"severity": 4,
	"message": "Unexpected console statement",
	"source": "eslint",
	"startLineNumber": 252,
	"startColumn": 7,
	"endLineNumber": 252,
	"endColumn": 7
},{
	"resource": "/c:/Users/basil/Desktop/material-kai-vision-platform/src/services/materialRecognitionAPI.ts",
	"owner": "eslint",
	"code": "no-console",
	"severity": 4,
	"message": "Unexpected console statement",
	"source": "eslint",
	"startLineNumber": 201,
	"startColumn": 9,
	"endLineNumber": 201,
	"endColumn": 9
},{
	"resource": "/c:/Users/basil/Desktop/material-kai-vision-platform/src/services/materialRecognitionAPI.ts",
	"owner": "eslint",
	"code": "no-console",
	"severity": 4,
	"message": "Unexpected console statement",
	"source": "eslint",
	"startLineNumber": 217,
	"startColumn": 7,
	"endLineNumber": 217,
	"endColumn": 7
},{
	"resource": "/c:/Users/basil/Desktop/material-kai-vision-platform/src/services/materialSearchService.ts",
	"owner": "eslint",
	"code": "comma-dangle",
	"severity": 4,
	"message": "Missing trailing comma",
	"source": "eslint",
	"startLineNumber": 59,
	"startColumn": 82,
	"endLineNumber": 59,
	"endColumn": 82
},{
	"resource": "/c:/Users/basil/Desktop/material-kai-vision-platform/src/services/materialSearchService.ts",
	"owner": "eslint",
	"code": "comma-dangle",
	"severity": 4,
	"message": "Missing trailing comma",
	"source": "eslint",
	"startLineNumber": 65,
	"startColumn": 45,
	"endLineNumber": 65,
	"endColumn": 45
},{
	"resource": "/c:/Users/basil/Desktop/material-kai-vision-platform/src/services/materialSearchService.ts",
	"owner": "eslint",
	"code": "comma-dangle",
	"severity": 4,
	"message": "Missing trailing comma",
	"source": "eslint",
	"startLineNumber": 66,
	"startColumn": 10,
	"endLineNumber": 66,
	"endColumn": 10
},{
	"resource": "/c:/Users/basil/Desktop/material-kai-vision-platform/src/services/materialSearchService.ts",
	"owner": "eslint",
	"code": "no-console",
	"severity": 4,
	"message": "Unexpected console statement",
	"source": "eslint",
	"startLineNumber": 70,
	"startColumn": 9,
	"endLineNumber": 70,
	"endColumn": 9
},{
	"resource": "/c:/Users/basil/Desktop/material-kai-vision-platform/src/services/materialSearchService.ts",
	"owner": "eslint",
	"code": "comma-dangle",
	"severity": 4,
	"message": "Missing trailing comma",
	"source": "eslint",
	"startLineNumber": 75,
	"startColumn": 50,
	"endLineNumber": 75,
	"endColumn": 50
},{
	"resource": "/c:/Users/basil/Desktop/material-kai-vision-platform/src/services/materialSearchService.ts",
	"owner": "eslint",
	"code": "comma-dangle",
	"severity": 4,
	"message": "Missing trailing comma",
	"source": "eslint",
	"startLineNumber": 83,
	"startColumn": 26,
	"endLineNumber": 83,
	"endColumn": 26
},{
	"resource": "/c:/Users/basil/Desktop/material-kai-vision-platform/src/services/materialSearchService.ts",
	"owner": "eslint",
	"code": "no-console",
	"severity": 4,
	"message": "Unexpected console statement",
	"source": "eslint",
	"startLineNumber": 87,
	"startColumn": 7,
	"endLineNumber": 87,
	"endColumn": 7
},{
	"resource": "/c:/Users/basil/Desktop/material-kai-vision-platform/src/services/materialSearchService.ts",
	"owner": "eslint",
	"code": "comma-dangle",
	"severity": 4,
	"message": "Missing trailing comma",
	"source": "eslint",
	"startLineNumber": 92,
	"startColumn": 79,
	"endLineNumber": 92,
	"endColumn": 79
},{
	"resource": "/c:/Users/basil/Desktop/material-kai-vision-platform/src/services/materialSearchService.ts",
	"owner": "eslint",
	"code": "comma-dangle",
	"severity": 4,
	"message": "Missing trailing comma",
	"source": "eslint",
	"startLineNumber": 112,
	"startColumn": 19,
	"endLineNumber": 112,
	"endColumn": 19
},{
	"resource": "/c:/Users/basil/Desktop/material-kai-vision-platform/src/services/materialSearchService.ts",
	"owner": "eslint",
	"code": "comma-dangle",
	"severity": 4,
	"message": "Missing trailing comma",
	"source": "eslint",
	"startLineNumber": 119,
	"startColumn": 62,
	"endLineNumber": 119,
	"endColumn": 62
},{
	"resource": "/c:/Users/basil/Desktop/material-kai-vision-platform/src/services/materialSearchService.ts",
	"owner": "eslint",
	"code": "comma-dangle",
	"severity": 4,
	"message": "Missing trailing comma",
	"source": "eslint",
	"startLineNumber": 126,
	"startColumn": 26,
	"endLineNumber": 126,
	"endColumn": 26
},{
	"resource": "/c:/Users/basil/Desktop/material-kai-vision-platform/src/services/materialSearchService.ts",
	"owner": "eslint",
	"code": "no-console",
	"severity": 4,
	"message": "Unexpected console statement",
	"source": "eslint",
	"startLineNumber": 130,
	"startColumn": 7,
	"endLineNumber": 130,
	"endColumn": 7
},{
	"resource": "/c:/Users/basil/Desktop/material-kai-vision-platform/src/services/materialSearchService.ts",
	"owner": "eslint",
	"code": "comma-dangle",
	"severity": 4,
	"message": "Missing trailing comma",
	"source": "eslint",
	"startLineNumber": 134,
	"startColumn": 72,
	"endLineNumber": 134,
	"endColumn": 72
},{
	"resource": "/c:/Users/basil/Desktop/material-kai-vision-platform/src/services/materialSearchService.ts",
	"owner": "eslint",
	"code": "comma-dangle",
	"severity": 4,
	"message": "Missing trailing comma",
	"source": "eslint",
	"startLineNumber": 150,
	"startColumn": 19,
	"endLineNumber": 150,
	"endColumn": 19
},{
	"resource": "/c:/Users/basil/Desktop/material-kai-vision-platform/src/services/materialSearchService.ts",
	"owner": "eslint",
	"code": "comma-dangle",
	"severity": 4,
	"message": "Missing trailing comma",
	"source": "eslint",
	"startLineNumber": 156,
	"startColumn": 59,
	"endLineNumber": 156,
	"endColumn": 59
},{
	"resource": "/c:/Users/basil/Desktop/material-kai-vision-platform/src/services/materialSearchService.ts",
	"owner": "eslint",
	"code": "comma-dangle",
	"severity": 4,
	"message": "Missing trailing comma",
	"source": "eslint",
	"startLineNumber": 163,
	"startColumn": 26,
	"endLineNumber": 163,
	"endColumn": 26
},{
	"resource": "/c:/Users/basil/Desktop/material-kai-vision-platform/src/services/materialSearchService.ts",
	"owner": "eslint",
	"code": "no-console",
	"severity": 4,
	"message": "Unexpected console statement",
	"source": "eslint",
	"startLineNumber": 167,
	"startColumn": 7,
	"endLineNumber": 167,
	"endColumn": 7
},{
	"resource": "/c:/Users/basil/Desktop/material-kai-vision-platform/src/services/materialSearchService.ts",
	"owner": "eslint",
	"code": "comma-dangle",
	"severity": 4,
	"message": "Missing trailing comma",
	"source": "eslint",
	"startLineNumber": 170,
	"startColumn": 72,
	"endLineNumber": 170,
	"endColumn": 72
},{
	"resource": "/c:/Users/basil/Desktop/material-kai-vision-platform/src/services/materialSearchService.ts",
	"owner": "eslint",
	"code": "comma-dangle",
	"severity": 4,
	"message": "Missing trailing comma",
	"source": "eslint",
	"startLineNumber": 186,
	"startColumn": 11,
	"endLineNumber": 186,
	"endColumn": 11
},{
	"resource": "/c:/Users/basil/Desktop/material-kai-vision-platform/src/services/materialSearchService.ts",
	"owner": "eslint",
	"code": "comma-dangle",
	"severity": 4,
	"message": "Missing trailing comma",
	"source": "eslint",
	"startLineNumber": 211,
	"startColumn": 43,
	"endLineNumber": 211,
	"endColumn": 43
},{
	"resource": "/c:/Users/basil/Desktop/material-kai-vision-platform/src/services/materialSearchService.ts",
	"owner": "eslint",
	"code": "comma-dangle",
	"severity": 4,
	"message": "Missing trailing comma",
	"source": "eslint",
	"startLineNumber": 212,
	"startColumn": 10,
	"endLineNumber": 212,
	"endColumn": 10
},{
	"resource": "/c:/Users/basil/Desktop/material-kai-vision-platform/src/services/materialSearchService.ts",
	"owner": "eslint",
	"code": "comma-dangle",
	"severity": 4,
	"message": "Missing trailing comma",
	"source": "eslint",
	"startLineNumber": 218,
	"startColumn": 59,
	"endLineNumber": 218,
	"endColumn": 59
},{
	"resource": "/c:/Users/basil/Desktop/material-kai-vision-platform/src/services/materialSearchService.ts",
	"owner": "eslint",
	"code": "comma-dangle",
	"severity": 4,
	"message": "Missing trailing comma",
	"source": "eslint",
	"startLineNumber": 225,
	"startColumn": 26,
	"endLineNumber": 225,
	"endColumn": 26
},{
	"resource": "/c:/Users/basil/Desktop/material-kai-vision-platform/src/services/materialSearchService.ts",
	"owner": "eslint",
	"code": "no-console",
	"severity": 4,
	"message": "Unexpected console statement",
	"source": "eslint",
	"startLineNumber": 229,
	"startColumn": 7,
	"endLineNumber": 229,
	"endColumn": 7
},{
	"resource": "/c:/Users/basil/Desktop/material-kai-vision-platform/src/services/materialSearchService.ts",
	"owner": "eslint",
	"code": "comma-dangle",
	"severity": 4,
	"message": "Missing trailing comma",
	"source": "eslint",
	"startLineNumber": 232,
	"startColumn": 72,
	"endLineNumber": 232,
	"endColumn": 72
},{
	"resource": "/c:/Users/basil/Desktop/material-kai-vision-platform/src/services/materialSearchService.ts",
	"owner": "eslint",
	"code": "eol-last",
	"severity": 4,
	"message": "Newline required at end of file but not found",
	"source": "eslint",
	"startLineNumber": 242,
	"startColumn": 38,
	"endLineNumber": 242,
	"endColumn": 38
},{
	"resource": "/c:/Users/basil/Desktop/material-kai-vision-platform/src/services/metafieldService.ts",
	"owner": "eslint",
	"code": "no-trailing-spaces",
	"severity": 4,
	"message": "Trailing spaces not allowed",
	"source": "eslint",
	"startLineNumber": 3,
	"startColumn": 3,
	"endLineNumber": 3,
	"endColumn": 3
},{
	"resource": "/c:/Users/basil/Desktop/material-kai-vision-platform/src/services/metafieldService.ts",
	"owner": "eslint",
	"code": "comma-dangle",
	"severity": 4,
	"message": "Missing trailing comma",
	"source": "eslint",
	"startLineNumber": 26,
	"startColumn": 52,
	"endLineNumber": 26,
	"endColumn": 52
},{
	"resource": "/c:/Users/basil/Desktop/material-kai-vision-platform/src/services/metafieldService.ts",
	"owner": "eslint",
	"code": "no-console",
	"severity": 4,
	"message": "Unexpected console statement",
	"source": "eslint",
	"startLineNumber": 53,
	"startColumn": 7,
	"endLineNumber": 53,
	"endColumn": 7
},{
	"resource": "/c:/Users/basil/Desktop/material-kai-vision-platform/src/services/metafieldService.ts",
	"owner": "eslint",
	"code": "comma-dangle",
	"severity": 4,
	"message": "Missing trailing comma",
	"source": "eslint",
	"startLineNumber": 63,
	"startColumn": 52,
	"endLineNumber": 63,
	"endColumn": 52
},{
	"resource": "/c:/Users/basil/Desktop/material-kai-vision-platform/src/services/metafieldService.ts",
	"owner": "eslint",
	"code": "no-console",
	"severity": 4,
	"message": "Unexpected console statement",
	"source": "eslint",
	"startLineNumber": 88,
	"startColumn": 7,
	"endLineNumber": 88,
	"endColumn": 7
},{
	"resource": "/c:/Users/basil/Desktop/material-kai-vision-platform/src/services/metafieldService.ts",
	"owner": "eslint",
	"code": "comma-dangle",
	"severity": 4,
	"message": "Missing trailing comma",
	"source": "eslint",
	"startLineNumber": 100,
	"startColumn": 47,
	"endLineNumber": 100,
	"endColumn": 47
},{
	"resource": "/c:/Users/basil/Desktop/material-kai-vision-platform/src/services/metafieldService.ts",
	"owner": "eslint",
	"code": "comma-dangle",
	"severity": 4,
	"message": "Missing trailing comma",
	"source": "eslint",
	"startLineNumber": 134,
	"startColumn": 47,
	"endLineNumber": 134,
	"endColumn": 47
},{
	"resource": "/c:/Users/basil/Desktop/material-kai-vision-platform/src/services/metafieldService.ts",
	"owner": "eslint",
	"code": "comma-dangle",
	"severity": 4,
	"message": "Missing trailing comma",
	"source": "eslint",
	"startLineNumber": 168,
	"startColumn": 49,
	"endLineNumber": 168,
	"endColumn": 49
},{
	"resource": "/c:/Users/basil/Desktop/material-kai-vision-platform/src/services/metafieldService.ts",
	"owner": "eslint",
	"code": "comma-dangle",
	"severity": 4,
	"message": "Missing trailing comma",
	"source": "eslint",
	"startLineNumber": 239,
	"startColumn": 21,
	"endLineNumber": 239,
	"endColumn": 21
},{
	"resource": "/c:/Users/basil/Desktop/material-kai-vision-platform/src/services/metafieldService.ts",
	"owner": "eslint",
	"code": "comma-dangle",
	"severity": 4,
	"message": "Missing trailing comma",
	"source": "eslint",
	"startLineNumber": 259,
	"startColumn": 37,
	"endLineNumber": 259,
	"endColumn": 37
},{
	"resource": "/c:/Users/basil/Desktop/material-kai-vision-platform/src/services/metafieldService.ts",
	"owner": "eslint",
	"code": "@typescript-eslint/no-unused-vars",
	"severity": 4,
	"message": "'fieldName' is assigned a value but never used. Allowed unused vars must match /^_/u",
	"source": "eslint",
	"startLineNumber": 269,
	"startColumn": 17,
	"endLineNumber": 269,
	"endColumn": 17
},{
	"resource": "/c:/Users/basil/Desktop/material-kai-vision-platform/src/services/metafieldService.ts",
	"owner": "eslint",
	"code": "comma-dangle",
	"severity": 4,
	"message": "Missing trailing comma",
	"source": "eslint",
	"startLineNumber": 282,
	"startColumn": 37,
	"endLineNumber": 282,
	"endColumn": 37
},{
	"resource": "/c:/Users/basil/Desktop/material-kai-vision-platform/src/services/metafieldService.ts",
	"owner": "eslint",
	"code": "@typescript-eslint/no-unused-vars",
	"severity": 4,
	"message": "'fieldName' is assigned a value but never used. Allowed unused vars must match /^_/u",
	"source": "eslint",
	"startLineNumber": 291,
	"startColumn": 17,
	"endLineNumber": 291,
	"endColumn": 17
},{
	"resource": "/c:/Users/basil/Desktop/material-kai-vision-platform/src/services/metafieldService.ts",
	"owner": "eslint",
	"code": "comma-dangle",
	"severity": 4,
	"message": "Missing trailing comma",
	"source": "eslint",
	"startLineNumber": 304,
	"startColumn": 37,
	"endLineNumber": 304,
	"endColumn": 37
},{
	"resource": "/c:/Users/basil/Desktop/material-kai-vision-platform/src/services/metafieldService.ts",
	"owner": "eslint",
	"code": "@typescript-eslint/no-unused-vars",
	"severity": 4,
	"message": "'fieldName' is assigned a value but never used. Allowed unused vars must match /^_/u",
	"source": "eslint",
	"startLineNumber": 313,
	"startColumn": 17,
	"endLineNumber": 313,
	"endColumn": 17
},{
	"resource": "/c:/Users/basil/Desktop/material-kai-vision-platform/src/services/mivaaIntegrationService.ts",
	"owner": "eslint",
	"code": "no-trailing-spaces",
	"severity": 4,
	"message": "Trailing spaces not allowed",
	"source": "eslint",
	"startLineNumber": 3,
	"startColumn": 3,
	"endLineNumber": 3,
	"endColumn": 3
},{
	"resource": "/c:/Users/basil/Desktop/material-kai-vision-platform/src/services/mivaaIntegrationService.ts",
	"owner": "eslint",
	"code": "@typescript-eslint/no-explicit-any",
	"severity": 4,
	"message": "Unexpected any. Specify a different type",
	"source": "eslint",
	"startLineNumber": 17,
	"startColumn": 36,
	"endLineNumber": 17,
	"endColumn": 36
},{
	"resource": "/c:/Users/basil/Desktop/material-kai-vision-platform/src/services/mivaaIntegrationService.ts",
	"owner": "eslint",
	"code": "@typescript-eslint/no-explicit-any",
	"severity": 4,
	"message": "Unexpected any. Specify a different type",
	"source": "eslint",
	"startLineNumber": 23,
	"startColumn": 15,
	"endLineNumber": 23,
	"endColumn": 15
},{
	"resource": "/c:/Users/basil/Desktop/material-kai-vision-platform/src/services/mivaaIntegrationService.ts",
	"owner": "eslint",
	"code": "no-console",
	"severity": 4,
	"message": "Unexpected console statement",
	"source": "eslint",
	"startLineNumber": 109,
	"startColumn": 11,
	"endLineNumber": 109,
	"endColumn": 11
},{
	"resource": "/c:/Users/basil/Desktop/material-kai-vision-platform/src/services/mivaaIntegrationService.ts",
	"owner": "eslint",
	"code": "comma-dangle",
	"severity": 4,
	"message": "Missing trailing comma",
	"source": "eslint",
	"startLineNumber": 128,
	"startColumn": 57,
	"endLineNumber": 128,
	"endColumn": 57
},{
	"resource": "/c:/Users/basil/Desktop/material-kai-vision-platform/src/services/mivaaIntegrationService.ts",
	"owner": "eslint",
	"code": "comma-dangle",
	"severity": 4,
	"message": "Missing trailing comma",
	"source": "eslint",
	"startLineNumber": 129,
	"startColumn": 18,
	"endLineNumber": 129,
	"endColumn": 18
},{
	"resource": "/c:/Users/basil/Desktop/material-kai-vision-platform/src/services/mivaaIntegrationService.ts",
	"owner": "eslint",
	"code": "no-console",
	"severity": 4,
	"message": "Unexpected console statement",
	"source": "eslint",
	"startLineNumber": 137,
	"startColumn": 15,
	"endLineNumber": 137,
	"endColumn": 15
},{
	"resource": "/c:/Users/basil/Desktop/material-kai-vision-platform/src/services/mivaaIntegrationService.ts",
	"owner": "eslint",
	"code": "@typescript-eslint/no-explicit-any",
	"severity": 4,
	"message": "Unexpected any. Specify a different type",
	"source": "eslint",
	"startLineNumber": 158,
	"startColumn": 12,
	"endLineNumber": 158,
	"endColumn": 12
},{
	"resource": "/c:/Users/basil/Desktop/material-kai-vision-platform/src/services/mivaaIntegrationService.ts",
	"owner": "eslint",
	"code": "comma-dangle",
	"severity": 4,
	"message": "Missing trailing comma",
	"source": "eslint",
	"startLineNumber": 158,
	"startColumn": 15,
	"endLineNumber": 158,
	"endColumn": 15
},{
	"resource": "/c:/Users/basil/Desktop/material-kai-vision-platform/src/services/mivaaIntegrationService.ts",
	"owner": "eslint",
	"code": "no-trailing-spaces",
	"severity": 4,
	"message": "Trailing spaces not allowed",
	"source": "eslint",
	"startLineNumber": 161,
	"startColumn": 1,
	"endLineNumber": 161,
	"endColumn": 1
},{
	"resource": "/c:/Users/basil/Desktop/material-kai-vision-platform/src/services/mivaaIntegrationService.ts",
	"owner": "eslint",
	"code": "@typescript-eslint/no-explicit-any",
	"severity": 4,
	"message": "Unexpected any. Specify a different type",
	"source": "eslint",
	"startLineNumber": 232,
	"startColumn": 14,
	"endLineNumber": 232,
	"endColumn": 14
},{
	"resource": "/c:/Users/basil/Desktop/material-kai-vision-platform/src/services/mivaaIntegrationService.ts",
	"owner": "eslint",
	"code": "comma-dangle",
	"severity": 4,
	"message": "Missing trailing comma",
	"source": "eslint",
	"startLineNumber": 232,
	"startColumn": 17,
	"endLineNumber": 232,
	"endColumn": 17
},{
	"resource": "/c:/Users/basil/Desktop/material-kai-vision-platform/src/services/mivaaIntegrationService.ts",
	"owner": "eslint",
	"code": "quotes",
	"severity": 4,
	"message": "Strings must use singlequote",
	"source": "eslint",
	"startLineNumber": 249,
	"startColumn": 23,
	"endLineNumber": 249,
	"endColumn": 23
},{
	"resource": "/c:/Users/basil/Desktop/material-kai-vision-platform/src/services/mivaaIntegrationService.ts",
	"owner": "eslint",
	"code": "quotes",
	"severity": 4,
	"message": "Strings must use singlequote",
	"source": "eslint",
	"startLineNumber": 268,
	"startColumn": 21,
	"endLineNumber": 268,
	"endColumn": 21
},{
	"resource": "/c:/Users/basil/Desktop/material-kai-vision-platform/src/services/mivaaIntegrationService.ts",
	"owner": "eslint",
	"code": "comma-dangle",
	"severity": 4,
	"message": "Missing trailing comma",
	"source": "eslint",
	"startLineNumber": 291,
	"startColumn": 42,
	"endLineNumber": 291,
	"endColumn": 42
},{
	"resource": "/c:/Users/basil/Desktop/material-kai-vision-platform/src/services/mivaaIntegrationService.ts",
	"owner": "eslint",
	"code": "comma-dangle",
	"severity": 4,
	"message": "Missing trailing comma",
	"source": "eslint",
	"startLineNumber": 307,
	"startColumn": 32,
	"endLineNumber": 307,
	"endColumn": 32
},{
	"resource": "/c:/Users/basil/Desktop/material-kai-vision-platform/src/services/mivaaIntegrationService.ts",
	"owner": "eslint",
	"code": "comma-dangle",
	"severity": 4,
	"message": "Missing trailing comma",
	"source": "eslint",
	"startLineNumber": 323,
	"startColumn": 39,
	"endLineNumber": 323,
	"endColumn": 39
},{
	"resource": "/c:/Users/basil/Desktop/material-kai-vision-platform/src/services/mivaaIntegrationService.ts",
	"owner": "eslint",
	"code": "comma-dangle",
	"severity": 4,
	"message": "Missing trailing comma",
	"source": "eslint",
	"startLineNumber": 349,
	"startColumn": 40,
	"endLineNumber": 349,
	"endColumn": 40
},{
	"resource": "/c:/Users/basil/Desktop/material-kai-vision-platform/src/services/mivaaIntegrationService.ts",
	"owner": "eslint",
	"code": "comma-dangle",
	"severity": 4,
	"message": "Missing trailing comma",
	"source": "eslint",
	"startLineNumber": 362,
	"startColumn": 32,
	"endLineNumber": 362,
	"endColumn": 32
},{
	"resource": "/c:/Users/basil/Desktop/material-kai-vision-platform/src/services/mivaaIntegrationService.ts",
	"owner": "eslint",
	"code": "comma-dangle",
	"severity": 4,
	"message": "Missing trailing comma",
	"source": "eslint",
	"startLineNumber": 379,
	"startColumn": 87,
	"endLineNumber": 379,
	"endColumn": 87
},{
	"resource": "/c:/Users/basil/Desktop/material-kai-vision-platform/src/services/mivaaIntegrationService.ts",
	"owner": "eslint",
	"code": "comma-dangle",
	"severity": 4,
	"message": "Missing trailing comma",
	"source": "eslint",
	"startLineNumber": 402,
	"startColumn": 48,
	"endLineNumber": 402,
	"endColumn": 48
},{
	"resource": "/c:/Users/basil/Desktop/material-kai-vision-platform/src/services/mivaaIntegrationService.ts",
	"owner": "eslint",
	"code": "comma-dangle",
	"severity": 4,
	"message": "Missing trailing comma",
	"source": "eslint",
	"startLineNumber": 423,
	"startColumn": 42,
	"endLineNumber": 423,
	"endColumn": 42
},{
	"resource": "/c:/Users/basil/Desktop/material-kai-vision-platform/src/services/mivaaIntegrationService.ts",
	"owner": "eslint",
	"code": "@typescript-eslint/no-explicit-any",
	"severity": 4,
	"message": "Unexpected any. Specify a different type",
	"source": "eslint",
	"startLineNumber": 438,
	"startColumn": 65,
	"endLineNumber": 438,
	"endColumn": 65
},{
	"resource": "/c:/Users/basil/Desktop/material-kai-vision-platform/src/services/mivaaIntegrationService.ts",
	"owner": "eslint",
	"code": "@typescript-eslint/no-explicit-any",
	"severity": 4,
	"message": "Unexpected any. Specify a different type",
	"source": "eslint",
	"startLineNumber": 438,
	"startColumn": 79,
	"endLineNumber": 438,
	"endColumn": 79
},{
	"resource": "/c:/Users/basil/Desktop/material-kai-vision-platform/src/services/mivaaIntegrationService.ts",
	"owner": "eslint",
	"code": "@typescript-eslint/no-explicit-any",
	"severity": 4,
	"message": "Unexpected any. Specify a different type",
	"source": "eslint",
	"startLineNumber": 439,
	"startColumn": 41,
	"endLineNumber": 439,
	"endColumn": 41
},{
	"resource": "/c:/Users/basil/Desktop/material-kai-vision-platform/src/services/mivaaIntegrationService.ts",
	"owner": "eslint",
	"code": "@typescript-eslint/no-explicit-any",
	"severity": 4,
	"message": "Unexpected any. Specify a different type",
	"source": "eslint",
	"startLineNumber": 440,
	"startColumn": 41,
	"endLineNumber": 440,
	"endColumn": 41
},{
	"resource": "/c:/Users/basil/Desktop/material-kai-vision-platform/src/services/mivaaIntegrationService.ts",
	"owner": "eslint",
	"code": "comma-dangle",
	"severity": 4,
	"message": "Missing trailing comma",
	"source": "eslint",
	"startLineNumber": 457,
	"startColumn": 18,
	"endLineNumber": 457,
	"endColumn": 18
},{
	"resource": "/c:/Users/basil/Desktop/material-kai-vision-platform/src/services/mivaaIntegrationService.ts",
	"owner": "eslint",
	"code": "comma-dangle",
	"severity": 4,
	"message": "Missing trailing comma",
	"source": "eslint",
	"startLineNumber": 458,
	"startColumn": 11,
	"endLineNumber": 458,
	"endColumn": 11
},{
	"resource": "/c:/Users/basil/Desktop/material-kai-vision-platform/src/services/mivaaIntegrationService.ts",
	"owner": "eslint",
	"code": "no-console",
	"severity": 4,
	"message": "Unexpected console statement",
	"source": "eslint",
	"startLineNumber": 474,
	"startColumn": 7,
	"endLineNumber": 474,
	"endColumn": 7
},{
	"resource": "/c:/Users/basil/Desktop/material-kai-vision-platform/src/services/mivaaSearchIntegration.ts",
	"owner": "eslint",
	"code": "@typescript-eslint/no-explicit-any",
	"severity": 4,
	"message": "Unexpected any. Specify a different type",
	"source": "eslint",
	"startLineNumber": 55,
	"startColumn": 64,
	"endLineNumber": 55,
	"endColumn": 64
},{
	"resource": "/c:/Users/basil/Desktop/material-kai-vision-platform/src/services/mivaaSearchIntegration.ts",
	"owner": "eslint",
	"code": "@typescript-eslint/no-explicit-any",
	"severity": 4,
	"message": "Unexpected any. Specify a different type",
	"source": "eslint",
	"startLineNumber": 55,
	"startColumn": 78,
	"endLineNumber": 55,
	"endColumn": 78
},{
	"resource": "/c:/Users/basil/Desktop/material-kai-vision-platform/src/services/mivaaSearchIntegration.ts",
	"owner": "eslint",
	"code": "@typescript-eslint/no-explicit-any",
	"severity": 4,
	"message": "Unexpected any. Specify a different type",
	"source": "eslint",
	"startLineNumber": 56,
	"startColumn": 39,
	"endLineNumber": 56,
	"endColumn": 39
},{
	"resource": "/c:/Users/basil/Desktop/material-kai-vision-platform/src/services/mivaaSearchIntegration.ts",
	"owner": "eslint",
	"code": "@typescript-eslint/no-explicit-any",
	"severity": 4,
	"message": "Unexpected any. Specify a different type",
	"source": "eslint",
	"startLineNumber": 57,
	"startColumn": 39,
	"endLineNumber": 57,
	"endColumn": 39
},{
	"resource": "/c:/Users/basil/Desktop/material-kai-vision-platform/src/services/mivaaSearchIntegration.ts",
	"owner": "eslint",
	"code": "comma-dangle",
	"severity": 4,
	"message": "Missing trailing comma",
	"source": "eslint",
	"startLineNumber": 74,
	"startColumn": 16,
	"endLineNumber": 74,
	"endColumn": 16
},{
	"resource": "/c:/Users/basil/Desktop/material-kai-vision-platform/src/services/mivaaSearchIntegration.ts",
	"owner": "eslint",
	"code": "comma-dangle",
	"severity": 4,
	"message": "Missing trailing comma",
	"source": "eslint",
	"startLineNumber": 75,
	"startColumn": 9,
	"endLineNumber": 75,
	"endColumn": 9
},{
	"resource": "/c:/Users/basil/Desktop/material-kai-vision-platform/src/services/mivaaSearchIntegration.ts",
	"owner": "eslint",
	"code": "no-console",
	"severity": 4,
	"message": "Unexpected console statement",
	"source": "eslint",
	"startLineNumber": 91,
	"startColumn": 5,
	"endLineNumber": 91,
	"endColumn": 5
},{
	"resource": "/c:/Users/basil/Desktop/material-kai-vision-platform/src/services/mivaaSearchIntegration.ts",
	"owner": "eslint",
	"code": "no-console",
	"severity": 4,
	"message": "Unexpected console statement",
	"source": "eslint",
	"startLineNumber": 133,
	"startColumn": 7,
	"endLineNumber": 133,
	"endColumn": 7
},{
	"resource": "/c:/Users/basil/Desktop/material-kai-vision-platform/src/services/mivaaSearchIntegration.ts",
	"owner": "eslint",
	"code": "no-console",
	"severity": 4,
	"message": "Unexpected console statement",
	"source": "eslint",
	"startLineNumber": 153,
	"startColumn": 7,
	"endLineNumber": 153,
	"endColumn": 7
},{
	"resource": "/c:/Users/basil/Desktop/material-kai-vision-platform/src/services/mivaaSearchIntegration.ts",
	"owner": "eslint",
	"code": "no-console",
	"severity": 4,
	"message": "Unexpected console statement",
	"source": "eslint",
	"startLineNumber": 186,
	"startColumn": 7,
	"endLineNumber": 186,
	"endColumn": 7
},{
	"resource": "/c:/Users/basil/Desktop/material-kai-vision-platform/src/services/mivaaSearchIntegration.ts",
	"owner": "eslint",
	"code": "no-console",
	"severity": 4,
	"message": "Unexpected console statement",
	"source": "eslint",
	"startLineNumber": 238,
	"startColumn": 7,
	"endLineNumber": 238,
	"endColumn": 7
},{
	"resource": "/c:/Users/basil/Desktop/material-kai-vision-platform/src/services/mivaaSearchIntegration.ts",
	"owner": "eslint",
	"code": "comma-dangle",
	"severity": 4,
	"message": "Missing trailing comma",
	"source": "eslint",
	"startLineNumber": 256,
	"startColumn": 54,
	"endLineNumber": 256,
	"endColumn": 54
},{
	"resource": "/c:/Users/basil/Desktop/material-kai-vision-platform/src/services/mivaaSearchIntegration.ts",
	"owner": "eslint",
	"code": "no-console",
	"severity": 4,
	"message": "Unexpected console statement",
	"source": "eslint",
	"startLineNumber": 259,
	"startColumn": 7,
	"endLineNumber": 259,
	"endColumn": 7
},{
	"resource": "/c:/Users/basil/Desktop/material-kai-vision-platform/src/services/mivaaSearchIntegration.ts",
	"owner": "eslint",
	"code": "no-console",
	"severity": 4,
	"message": "Unexpected console statement",
	"source": "eslint",
	"startLineNumber": 296,
	"startColumn": 7,
	"endLineNumber": 296,
	"endColumn": 7
},{
	"resource": "/c:/Users/basil/Desktop/material-kai-vision-platform/src/services/mivaaSearchIntegration.ts",
	"owner": "eslint",
	"code": "eol-last",
	"severity": 4,
	"message": "Newline required at end of file but not found",
	"source": "eslint",
	"startLineNumber": 300,
	"startColumn": 2,
	"endLineNumber": 300,
	"endColumn": 2
},{
	"resource": "/c:/Users/basil/Desktop/material-kai-vision-platform/src/services/mivaaToRagTransformer.ts",
	"owner": "eslint",
	"code": "import/order",
	"severity": 4,
	"message": "There should be at least one empty line between import groups",
	"source": "eslint",
	"startLineNumber": 5,
	"startColumn": 1,
	"endLineNumber": 5,
	"endColumn": 1
},{
	"resource": "/c:/Users/basil/Desktop/material-kai-vision-platform/src/services/mivaaToRagTransformer.ts",
	"owner": "eslint",
	"code": "import/order",
	"severity": 4,
	"message": "`../types/rag` import should occur before import of `./documentChunkingService`",
	"source": "eslint",
	"startLineNumber": 6,
	"startColumn": 1,
	"endLineNumber": 6,
	"endColumn": 1
},{
	"resource": "/c:/Users/basil/Desktop/material-kai-vision-platform/src/services/mivaaToRagTransformer.ts",
	"owner": "eslint",
	"code": "no-console",
	"severity": 4,
	"message": "Unexpected console statement",
	"source": "eslint",
	"startLineNumber": 290,
	"startColumn": 7,
	"endLineNumber": 290,
	"endColumn": 7
},{
	"resource": "/c:/Users/basil/Desktop/material-kai-vision-platform/src/services/mivaaToRagTransformer.ts",
	"owner": "eslint",
	"code": "no-console",
	"severity": 4,
	"message": "Unexpected console statement",
	"source": "eslint",
	"startLineNumber": 390,
	"startColumn": 7,
	"endLineNumber": 390,
	"endColumn": 7
},{
	"resource": "/c:/Users/basil/Desktop/material-kai-vision-platform/src/services/mivaaToRagTransformer.ts",
	"owner": "eslint",
	"code": "no-console",
	"severity": 4,
	"message": "Unexpected console statement",
	"source": "eslint",
	"startLineNumber": 391,
	"startColumn": 7,
	"endLineNumber": 391,
	"endColumn": 7
},{
	"resource": "/c:/Users/basil/Desktop/material-kai-vision-platform/src/services/mivaaToRagTransformer.ts",
	"owner": "eslint",
	"code": "no-console",
	"severity": 4,
	"message": "Unexpected console statement",
	"source": "eslint",
	"startLineNumber": 396,
	"startColumn": 7,
	"endLineNumber": 396,
	"endColumn": 7
},{
	"resource": "/c:/Users/basil/Desktop/material-kai-vision-platform/src/services/mivaaToRagTransformer.ts",
	"owner": "eslint",
	"code": "@typescript-eslint/no-explicit-any",
	"severity": 4,
	"message": "Unexpected any. Specify a different type",
	"source": "eslint",
	"startLineNumber": 881,
	"startColumn": 47,
	"endLineNumber": 881,
	"endColumn": 47
},{
	"resource": "/c:/Users/basil/Desktop/material-kai-vision-platform/src/services/ml/advancedMaterialAnalysis/MaterialClassificationService.ts",
	"owner": "eslint",
	"code": "no-console",
	"severity": 4,
	"message": "Unexpected console statement",
	"source": "eslint",
	"startLineNumber": 103,
	"startColumn": 5,
	"endLineNumber": 103,
	"endColumn": 5
},{
	"resource": "/c:/Users/basil/Desktop/material-kai-vision-platform/src/services/ml/advancedMaterialAnalysis/MaterialClassificationService.ts",
	"owner": "eslint",
	"code": "no-console",
	"severity": 4,
	"message": "Unexpected console statement",
	"source": "eslint",
	"startLineNumber": 149,
	"startColumn": 7,
	"endLineNumber": 149,
	"endColumn": 7
},{
	"resource": "/c:/Users/basil/Desktop/material-kai-vision-platform/src/services/ml/advancedMaterialAnalysis/MaterialClassificationService.ts",
	"owner": "eslint",
	"code": "no-console",
	"severity": 4,
	"message": "Unexpected console statement",
	"source": "eslint",
	"startLineNumber": 159,
	"startColumn": 7,
	"endLineNumber": 159,
	"endColumn": 7
},{
	"resource": "/c:/Users/basil/Desktop/material-kai-vision-platform/src/services/ml/advancedMaterialAnalysis/MaterialClassificationService.ts",
	"owner": "eslint",
	"code": "no-console",
	"severity": 4,
	"message": "Unexpected console statement",
	"source": "eslint",
	"startLineNumber": 161,
	"startColumn": 7,
	"endLineNumber": 161,
	"endColumn": 7
},{
	"resource": "/c:/Users/basil/Desktop/material-kai-vision-platform/src/services/ml/advancedMaterialAnalysis/MaterialClassificationService.ts",
	"owner": "eslint",
	"code": "no-console",
	"severity": 4,
	"message": "Unexpected console statement",
	"source": "eslint",
	"startLineNumber": 192,
	"startColumn": 7,
	"endLineNumber": 192,
	"endColumn": 7
},{
	"resource": "/c:/Users/basil/Desktop/material-kai-vision-platform/src/services/ml/advancedMaterialAnalysis/MaterialClassificationService.ts",
	"owner": "eslint",
	"code": "no-console",
	"severity": 4,
	"message": "Unexpected console statement",
	"source": "eslint",
	"startLineNumber": 258,
	"startColumn": 7,
	"endLineNumber": 258,
	"endColumn": 7
},{
	"resource": "/c:/Users/basil/Desktop/material-kai-vision-platform/src/services/ml/advancedMaterialAnalysis/MaterialClassificationService.ts",
	"owner": "eslint",
	"code": "no-console",
	"severity": 4,
	"message": "Unexpected console statement",
	"source": "eslint",
	"startLineNumber": 259,
	"startColumn": 7,
	"endLineNumber": 259,
	"endColumn": 7
},{
	"resource": "/c:/Users/basil/Desktop/material-kai-vision-platform/src/services/ml/advancedMaterialAnalysis/MaterialClassificationService.ts",
	"owner": "eslint",
	"code": "no-console",
	"severity": 4,
	"message": "Unexpected console statement",
	"source": "eslint",
	"startLineNumber": 264,
	"startColumn": 7,
	"endLineNumber": 264,
	"endColumn": 7
},{
	"resource": "/c:/Users/basil/Desktop/material-kai-vision-platform/src/services/ml/advancedMaterialAnalysis/MaterialClassificationService.ts",
	"owner": "eslint",
	"code": "@typescript-eslint/no-explicit-any",
	"severity": 4,
	"message": "Unexpected any. Specify a different type",
	"source": "eslint",
	"startLineNumber": 765,
	"startColumn": 61,
	"endLineNumber": 765,
	"endColumn": 61
},{
	"resource": "/c:/Users/basil/Desktop/material-kai-vision-platform/src/services/ml/advancedMaterialAnalysis/MaterialClassificationService.ts",
	"owner": "eslint",
	"code": "@typescript-eslint/no-explicit-any",
	"severity": 4,
	"message": "Unexpected any. Specify a different type",
	"source": "eslint",
	"startLineNumber": 767,
	"startColumn": 71,
	"endLineNumber": 767,
	"endColumn": 71
},{
	"resource": "/c:/Users/basil/Desktop/material-kai-vision-platform/src/services/ml/advancedMaterialAnalysis/MaterialClassificationService.ts",
	"owner": "eslint",
	"code": "@typescript-eslint/no-explicit-any",
	"severity": 4,
	"message": "Unexpected any. Specify a different type",
	"source": "eslint",
	"startLineNumber": 772,
	"startColumn": 45,
	"endLineNumber": 772,
	"endColumn": 45
},{
	"resource": "/c:/Users/basil/Desktop/material-kai-vision-platform/src/services/ml/advancedMaterialAnalysis/MaterialClassificationService.ts",
	"owner": "eslint",
	"code": "no-console",
	"severity": 4,
	"message": "Unexpected console statement",
	"source": "eslint",
	"startLineNumber": 775,
	"startColumn": 5,
	"endLineNumber": 775,
	"endColumn": 5
},{
	"resource": "/c:/Users/basil/Desktop/material-kai-vision-platform/src/services/ml/colorAnalysisEngine.ts",
	"owner": "eslint",
	"code": "no-console",
	"severity": 4,
	"message": "Unexpected console statement",
	"source": "eslint",
	"startLineNumber": 108,
	"startColumn": 9,
	"endLineNumber": 108,
	"endColumn": 9
},{
	"resource": "/c:/Users/basil/Desktop/material-kai-vision-platform/src/services/ml/costOptimizer.ts",
	"owner": "eslint",
	"code": "@typescript-eslint/no-non-null-assertion",
	"severity": 4,
	"message": "Forbidden non-null assertion",
	"source": "eslint",
	"startLineNumber": 216,
	"startColumn": 5,
	"endLineNumber": 216,
	"endColumn": 5
},{
	"resource": "/c:/Users/basil/Desktop/material-kai-vision-platform/src/services/ml/costOptimizer.ts",
	"owner": "eslint",
	"code": "no-console",
	"severity": 4,
	"message": "Unexpected console statement",
	"source": "eslint",
	"startLineNumber": 232,
	"startColumn": 7,
	"endLineNumber": 232,
	"endColumn": 7
},{
	"resource": "/c:/Users/basil/Desktop/material-kai-vision-platform/src/services/ml/costOptimizer.ts",
	"owner": "eslint",
	"code": "no-console",
	"severity": 4,
	"message": "Unexpected console statement",
	"source": "eslint",
	"startLineNumber": 257,
	"startColumn": 9,
	"endLineNumber": 257,
	"endColumn": 9
},{
	"resource": "/c:/Users/basil/Desktop/material-kai-vision-platform/src/services/ml/costOptimizer.ts",
	"owner": "eslint",
	"code": "@typescript-eslint/no-explicit-any",
	"severity": 4,
	"message": "Unexpected any. Specify a different type",
	"source": "eslint",
	"startLineNumber": 261,
	"startColumn": 42,
	"endLineNumber": 261,
	"endColumn": 42
},{
	"resource": "/c:/Users/basil/Desktop/material-kai-vision-platform/src/services/ml/costOptimizer.ts",
	"owner": "eslint",
	"code": "@typescript-eslint/no-explicit-any",
	"severity": 4,
	"message": "Unexpected any. Specify a different type",
	"source": "eslint",
	"startLineNumber": 261,
	"startColumn": 54,
	"endLineNumber": 261,
	"endColumn": 54
},{
	"resource": "/c:/Users/basil/Desktop/material-kai-vision-platform/src/services/ml/costOptimizer.ts",
	"owner": "eslint",
	"code": "@typescript-eslint/no-explicit-any",
	"severity": 4,
	"message": "Unexpected any. Specify a different type",
	"source": "eslint",
	"startLineNumber": 284,
	"startColumn": 50,
	"endLineNumber": 284,
	"endColumn": 50
},{
	"resource": "/c:/Users/basil/Desktop/material-kai-vision-platform/src/services/ml/costOptimizer.ts",
	"owner": "eslint",
	"code": "@typescript-eslint/no-explicit-any",
	"severity": 4,
	"message": "Unexpected any. Specify a different type",
	"source": "eslint",
	"startLineNumber": 284,
	"startColumn": 62,
	"endLineNumber": 284,
	"endColumn": 62
},{
	"resource": "/c:/Users/basil/Desktop/material-kai-vision-platform/src/services/ml/costOptimizer.ts",
	"owner": "eslint",
	"code": "no-console",
	"severity": 4,
	"message": "Unexpected console statement",
	"source": "eslint",
	"startLineNumber": 298,
	"startColumn": 7,
	"endLineNumber": 298,
	"endColumn": 7
},{
	"resource": "/c:/Users/basil/Desktop/material-kai-vision-platform/src/services/ml/deviceDetector.ts",
	"owner": "eslint",
	"code": "@typescript-eslint/no-explicit-any",
	"severity": 4,
	"message": "Unexpected any. Specify a different type",
	"source": "eslint",
	"startLineNumber": 60,
	"startColumn": 41,
	"endLineNumber": 60,
	"endColumn": 41
},{
	"resource": "/c:/Users/basil/Desktop/material-kai-vision-platform/src/services/ml/deviceDetector.ts",
	"owner": "eslint",
	"code": "no-console",
	"severity": 4,
	"message": "Unexpected console statement",
	"source": "eslint",
	"startLineNumber": 67,
	"startColumn": 9,
	"endLineNumber": 67,
	"endColumn": 9
},{
	"resource": "/c:/Users/basil/Desktop/material-kai-vision-platform/src/services/ml/deviceDetector.ts",
	"owner": "eslint",
	"code": "@typescript-eslint/no-explicit-any",
	"severity": 4,
	"message": "Unexpected any. Specify a different type",
	"source": "eslint",
	"startLineNumber": 127,
	"startColumn": 41,
	"endLineNumber": 127,
	"endColumn": 41
},{
	"resource": "/c:/Users/basil/Desktop/material-kai-vision-platform/src/services/ml/deviceDetector.ts",
	"owner": "eslint",
	"code": "no-console",
	"severity": 4,
	"message": "Unexpected console statement",
	"source": "eslint",
	"startLineNumber": 147,
	"startColumn": 9,
	"endLineNumber": 147,
	"endColumn": 9
},{
	"resource": "/c:/Users/basil/Desktop/material-kai-vision-platform/src/services/ml/huggingFaceService.ts",
	"owner": "eslint",
	"code": "@typescript-eslint/no-explicit-any",
	"severity": 4,
	"message": "Unexpected any. Specify a different type",
	"source": "eslint",
	"startLineNumber": 88,
	"startColumn": 52,
	"endLineNumber": 88,
	"endColumn": 52
},{
	"resource": "/c:/Users/basil/Desktop/material-kai-vision-platform/src/services/ml/huggingFaceService.ts",
	"owner": "eslint",
	"code": "no-console",
	"severity": 4,
	"message": "Unexpected console statement",
	"source": "eslint",
	"startLineNumber": 94,
	"startColumn": 7,
	"endLineNumber": 94,
	"endColumn": 7
},{
	"resource": "/c:/Users/basil/Desktop/material-kai-vision-platform/src/services/ml/huggingFaceService.ts",
	"owner": "eslint",
	"code": "no-console",
	"severity": 4,
	"message": "Unexpected console statement",
	"source": "eslint",
	"startLineNumber": 106,
	"startColumn": 9,
	"endLineNumber": 106,
	"endColumn": 9
},{
	"resource": "/c:/Users/basil/Desktop/material-kai-vision-platform/src/services/ml/huggingFaceService.ts",
	"owner": "eslint",
	"code": "no-console",
	"severity": 4,
	"message": "Unexpected console statement",
	"source": "eslint",
	"startLineNumber": 112,
	"startColumn": 7,
	"endLineNumber": 112,
	"endColumn": 7
},{
	"resource": "/c:/Users/basil/Desktop/material-kai-vision-platform/src/services/ml/huggingFaceService.ts",
	"owner": "eslint",
	"code": "@typescript-eslint/no-explicit-any",
	"severity": 4,
	"message": "Unexpected any. Specify a different type",
	"source": "eslint",
	"startLineNumber": 138,
	"startColumn": 25,
	"endLineNumber": 138,
	"endColumn": 25
},{
	"resource": "/c:/Users/basil/Desktop/material-kai-vision-platform/src/services/ml/huggingFaceService.ts",
	"owner": "eslint",
	"code": "@typescript-eslint/no-explicit-any",
	"severity": 4,
	"message": "Unexpected any. Specify a different type",
	"source": "eslint",
	"startLineNumber": 151,
	"startColumn": 30,
	"endLineNumber": 151,
	"endColumn": 30
},{
	"resource": "/c:/Users/basil/Desktop/material-kai-vision-platform/src/services/ml/huggingFaceService.ts",
	"owner": "eslint",
	"code": "@typescript-eslint/no-explicit-any",
	"severity": 4,
	"message": "Unexpected any. Specify a different type",
	"source": "eslint",
	"startLineNumber": 177,
	"startColumn": 25,
	"endLineNumber": 177,
	"endColumn": 25
},{
	"resource": "/c:/Users/basil/Desktop/material-kai-vision-platform/src/services/ml/huggingFaceService.ts",
	"owner": "eslint",
	"code": "@typescript-eslint/no-explicit-any",
	"severity": 4,
	"message": "Unexpected any. Specify a different type",
	"source": "eslint",
	"startLineNumber": 177,
	"startColumn": 59,
	"endLineNumber": 177,
	"endColumn": 59
},{
	"resource": "/c:/Users/basil/Desktop/material-kai-vision-platform/src/services/ml/huggingFaceService.ts",
	"owner": "eslint",
	"code": "@typescript-eslint/no-explicit-any",
	"severity": 4,
	"message": "Unexpected any. Specify a different type",
	"source": "eslint",
	"startLineNumber": 262,
	"startColumn": 20,
	"endLineNumber": 262,
	"endColumn": 20
},{
	"resource": "/c:/Users/basil/Desktop/material-kai-vision-platform/src/services/ml/huggingFaceService.ts",
	"owner": "eslint",
	"code": "@typescript-eslint/no-explicit-any",
	"severity": 4,
	"message": "Unexpected any. Specify a different type",
	"source": "eslint",
	"startLineNumber": 262,
	"startColumn": 52,
	"endLineNumber": 262,
	"endColumn": 52
},{
	"resource": "/c:/Users/basil/Desktop/material-kai-vision-platform/src/services/ml/huggingFaceService.ts",
	"owner": "eslint",
	"code": "@typescript-eslint/no-explicit-any",
	"severity": 4,
	"message": "Unexpected any. Specify a different type",
	"source": "eslint",
	"startLineNumber": 263,
	"startColumn": 35,
	"endLineNumber": 263,
	"endColumn": 35
},{
	"resource": "/c:/Users/basil/Desktop/material-kai-vision-platform/src/services/ml/huggingFaceService.ts",
	"owner": "eslint",
	"code": "@typescript-eslint/no-explicit-any",
	"severity": 4,
	"message": "Unexpected any. Specify a different type",
	"source": "eslint",
	"startLineNumber": 263,
	"startColumn": 65,
	"endLineNumber": 263,
	"endColumn": 65
},{
	"resource": "/c:/Users/basil/Desktop/material-kai-vision-platform/src/services/ml/hybridMaterialPropertiesService.ts",
	"owner": "eslint",
	"code": "no-console",
	"severity": 4,
	"message": "Unexpected console statement",
	"source": "eslint",
	"startLineNumber": 95,
	"startColumn": 13,
	"endLineNumber": 95,
	"endColumn": 13
},{
	"resource": "/c:/Users/basil/Desktop/material-kai-vision-platform/src/services/ml/hybridMaterialPropertiesService.ts",
	"owner": "eslint",
	"code": "no-console",
	"severity": 4,
	"message": "Unexpected console statement",
	"source": "eslint",
	"startLineNumber": 109,
	"startColumn": 13,
	"endLineNumber": 109,
	"endColumn": 13
},{
	"resource": "/c:/Users/basil/Desktop/material-kai-vision-platform/src/services/ml/hybridMaterialPropertiesService.ts",
	"owner": "eslint",
	"code": "no-console",
	"severity": 4,
	"message": "Unexpected console statement",
	"source": "eslint",
	"startLineNumber": 114,
	"startColumn": 13,
	"endLineNumber": 114,
	"endColumn": 13
},{
	"resource": "/c:/Users/basil/Desktop/material-kai-vision-platform/src/services/ml/hybridMaterialPropertiesService.ts",
	"owner": "eslint",
	"code": "no-console",
	"severity": 4,
	"message": "Unexpected console statement",
	"source": "eslint",
	"startLineNumber": 140,
	"startColumn": 9,
	"endLineNumber": 140,
	"endColumn": 9
},{
	"resource": "/c:/Users/basil/Desktop/material-kai-vision-platform/src/services/ml/hybridMaterialPropertiesService.ts",
	"owner": "eslint",
	"code": "no-console",
	"severity": 4,
	"message": "Unexpected console statement",
	"source": "eslint",
	"startLineNumber": 146,
	"startColumn": 15,
	"endLineNumber": 146,
	"endColumn": 15
},{
	"resource": "/c:/Users/basil/Desktop/material-kai-vision-platform/src/services/ml/hybridMaterialPropertiesService.ts",
	"owner": "eslint",
	"code": "no-console",
	"severity": 4,
	"message": "Unexpected console statement",
	"source": "eslint",
	"startLineNumber": 157,
	"startColumn": 13,
	"endLineNumber": 157,
	"endColumn": 13
},{
	"resource": "/c:/Users/basil/Desktop/material-kai-vision-platform/src/services/ml/hybridMaterialPropertiesService.ts",
	"owner": "eslint",
	"code": "comma-dangle",
	"severity": 4,
	"message": "Missing trailing comma",
	"source": "eslint",
	"startLineNumber": 176,
	"startColumn": 17,
	"endLineNumber": 176,
	"endColumn": 17
},{
	"resource": "/c:/Users/basil/Desktop/material-kai-vision-platform/src/services/ml/hybridMaterialPropertiesService.ts",
	"owner": "eslint",
	"code": "comma-dangle",
	"severity": 4,
	"message": "Missing trailing comma",
	"source": "eslint",
	"startLineNumber": 184,
	"startColumn": 67,
	"endLineNumber": 184,
	"endColumn": 67
},{
	"resource": "/c:/Users/basil/Desktop/material-kai-vision-platform/src/services/ml/hybridMaterialPropertiesService.ts",
	"owner": "eslint",
	"code": "@typescript-eslint/no-explicit-any",
	"severity": 4,
	"message": "Unexpected any. Specify a different type",
	"source": "eslint",
	"startLineNumber": 230,
	"startColumn": 39,
	"endLineNumber": 230,
	"endColumn": 39
},{
	"resource": "/c:/Users/basil/Desktop/material-kai-vision-platform/src/services/ml/hybridOCRService.ts",
	"owner": "eslint",
	"code": "@typescript-eslint/no-explicit-any",
	"severity": 4,
	"message": "Unexpected any. Specify a different type",
	"source": "eslint",
	"startLineNumber": 48,
	"startColumn": 63,
	"endLineNumber": 48,
	"endColumn": 63
},{
	"resource": "/c:/Users/basil/Desktop/material-kai-vision-platform/src/services/ml/hybridOCRService.ts",
	"owner": "eslint",
	"code": "no-console",
	"severity": 4,
	"message": "Unexpected console statement",
	"source": "eslint",
	"startLineNumber": 51,
	"startColumn": 7,
	"endLineNumber": 51,
	"endColumn": 7
},{
	"resource": "/c:/Users/basil/Desktop/material-kai-vision-platform/src/services/ml/hybridOCRService.ts",
	"owner": "eslint",
	"code": "no-console",
	"severity": 4,
	"message": "Unexpected console statement",
	"source": "eslint",
	"startLineNumber": 57,
	"startColumn": 7,
	"endLineNumber": 57,
	"endColumn": 7
},{
	"resource": "/c:/Users/basil/Desktop/material-kai-vision-platform/src/services/ml/hybridOCRService.ts",
	"owner": "eslint",
	"code": "no-console",
	"severity": 4,
	"message": "Unexpected console statement",
	"source": "eslint",
	"startLineNumber": 63,
	"startColumn": 7,
	"endLineNumber": 63,
	"endColumn": 7
},{
	"resource": "/c:/Users/basil/Desktop/material-kai-vision-platform/src/services/ml/hybridOCRService.ts",
	"owner": "eslint",
	"code": "no-console",
	"severity": 4,
	"message": "Unexpected console statement",
	"source": "eslint",
	"startLineNumber": 121,
	"startColumn": 7,
	"endLineNumber": 121,
	"endColumn": 7
},{
	"resource": "/c:/Users/basil/Desktop/material-kai-vision-platform/src/services/ml/hybridOCRService.ts",
	"owner": "eslint",
	"code": "no-console",
	"severity": 4,
	"message": "Unexpected console statement",
	"source": "eslint",
	"startLineNumber": 129,
	"startColumn": 7,
	"endLineNumber": 129,
	"endColumn": 7
},{
	"resource": "/c:/Users/basil/Desktop/material-kai-vision-platform/src/services/ml/hybridOCRService.ts",
	"owner": "eslint",
	"code": "no-console",
	"severity": 4,
	"message": "Unexpected console statement",
	"source": "eslint",
	"startLineNumber": 153,
	"startColumn": 7,
	"endLineNumber": 153,
	"endColumn": 7
},{
	"resource": "/c:/Users/basil/Desktop/material-kai-vision-platform/src/services/ml/hybridOCRService.ts",
	"owner": "eslint",
	"code": "no-console",
	"severity": 4,
	"message": "Unexpected console statement",
	"source": "eslint",
	"startLineNumber": 161,
	"startColumn": 7,
	"endLineNumber": 161,
	"endColumn": 7
},{
	"resource": "/c:/Users/basil/Desktop/material-kai-vision-platform/src/services/ml/hybridOCRService.ts",
	"owner": "eslint",
	"code": "no-console",
	"severity": 4,
	"message": "Unexpected console statement",
	"source": "eslint",
	"startLineNumber": 241,
	"startColumn": 5,
	"endLineNumber": 241,
	"endColumn": 5
},{
	"resource": "/c:/Users/basil/Desktop/material-kai-vision-platform/src/services/ml/hybridOCRService.ts",
	"owner": "eslint",
	"code": "@typescript-eslint/no-explicit-any",
	"severity": 4,
	"message": "Unexpected any. Specify a different type",
	"source": "eslint",
	"startLineNumber": 249,
	"startColumn": 45,
	"endLineNumber": 249,
	"endColumn": 45
},{
	"resource": "/c:/Users/basil/Desktop/material-kai-vision-platform/src/services/ml/hybridOCRService.ts",
	"owner": "eslint",
	"code": "@typescript-eslint/no-explicit-any",
	"severity": 4,
	"message": "Unexpected any. Specify a different type",
	"source": "eslint",
	"startLineNumber": 249,
	"startColumn": 76,
	"endLineNumber": 249,
	"endColumn": 76
},{
	"resource": "/c:/Users/basil/Desktop/material-kai-vision-platform/src/services/ml/hybridOCRService.ts",
	"owner": "eslint",
	"code": "no-console",
	"severity": 4,
	"message": "Unexpected console statement",
	"source": "eslint",
	"startLineNumber": 253,
	"startColumn": 7,
	"endLineNumber": 253,
	"endColumn": 7
},{
	"resource": "/c:/Users/basil/Desktop/material-kai-vision-platform/src/services/ml/hybridOCRService.ts",
	"owner": "eslint",
	"code": "no-console",
	"severity": 4,
	"message": "Unexpected console statement",
	"source": "eslint",
	"startLineNumber": 275,
	"startColumn": 9,
	"endLineNumber": 275,
	"endColumn": 9
},{
	"resource": "/c:/Users/basil/Desktop/material-kai-vision-platform/src/services/ml/hybridOCRService.ts",
	"owner": "eslint",
	"code": "no-console",
	"severity": 4,
	"message": "Unexpected console statement",
	"source": "eslint",
	"startLineNumber": 279,
	"startColumn": 7,
	"endLineNumber": 279,
	"endColumn": 7
},{
	"resource": "/c:/Users/basil/Desktop/material-kai-vision-platform/src/services/ml/hybridOCRService.ts",
	"owner": "eslint",
	"code": "no-console",
	"severity": 4,
	"message": "Unexpected console statement",
	"source": "eslint",
	"startLineNumber": 289,
	"startColumn": 7,
	"endLineNumber": 289,
	"endColumn": 7
},{
	"resource": "/c:/Users/basil/Desktop/material-kai-vision-platform/src/services/ml/hybridOCRService.ts",
	"owner": "eslint",
	"code": "no-console",
	"severity": 4,
	"message": "Unexpected console statement",
	"source": "eslint",
	"startLineNumber": 304,
	"startColumn": 5,
	"endLineNumber": 304,
	"endColumn": 5
},{
	"resource": "/c:/Users/basil/Desktop/material-kai-vision-platform/src/services/ml/hybridOCRService.ts",
	"owner": "eslint",
	"code": "no-console",
	"severity": 4,
	"message": "Unexpected console statement",
	"source": "eslint",
	"startLineNumber": 325,
	"startColumn": 5,
	"endLineNumber": 325,
	"endColumn": 5
},{
	"resource": "/c:/Users/basil/Desktop/material-kai-vision-platform/src/services/ml/hybridOCRService.ts",
	"owner": "eslint",
	"code": "no-console",
	"severity": 4,
	"message": "Unexpected console statement",
	"source": "eslint",
	"startLineNumber": 338,
	"startColumn": 7,
	"endLineNumber": 338,
	"endColumn": 7
},{
	"resource": "/c:/Users/basil/Desktop/material-kai-vision-platform/src/services/ml/hybridOCRService.ts",
	"owner": "eslint",
	"code": "no-console",
	"severity": 4,
	"message": "Unexpected console statement",
	"source": "eslint",
	"startLineNumber": 354,
	"startColumn": 7,
	"endLineNumber": 354,
	"endColumn": 7
},{
	"resource": "/c:/Users/basil/Desktop/material-kai-vision-platform/src/services/ml/hybridOCRService.ts",
	"owner": "eslint",
	"code": "no-console",
	"severity": 4,
	"message": "Unexpected console statement",
	"source": "eslint",
	"startLineNumber": 362,
	"startColumn": 7,
	"endLineNumber": 362,
	"endColumn": 7
},{
	"resource": "/c:/Users/basil/Desktop/material-kai-vision-platform/src/services/ml/hybridOCRService.ts",
	"owner": "eslint",
	"code": "@typescript-eslint/no-explicit-any",
	"severity": 4,
	"message": "Unexpected any. Specify a different type",
	"source": "eslint",
	"startLineNumber": 476,
	"startColumn": 22,
	"endLineNumber": 476,
	"endColumn": 22
},{
	"resource": "/c:/Users/basil/Desktop/material-kai-vision-platform/src/services/ml/hybridStyleAnalysisService.ts",
	"owner": "eslint",
	"code": "no-console",
	"severity": 4,
	"message": "Unexpected console statement",
	"source": "eslint",
	"startLineNumber": 71,
	"startColumn": 7,
	"endLineNumber": 71,
	"endColumn": 7
},{
	"resource": "/c:/Users/basil/Desktop/material-kai-vision-platform/src/services/ml/hybridStyleAnalysisService.ts",
	"owner": "eslint",
	"code": "no-console",
	"severity": 4,
	"message": "Unexpected console statement",
	"source": "eslint",
	"startLineNumber": 75,
	"startColumn": 9,
	"endLineNumber": 75,
	"endColumn": 9
},{
	"resource": "/c:/Users/basil/Desktop/material-kai-vision-platform/src/services/ml/hybridStyleAnalysisService.ts",
	"owner": "eslint",
	"code": "no-console",
	"severity": 4,
	"message": "Unexpected console statement",
	"source": "eslint",
	"startLineNumber": 153,
	"startColumn": 7,
	"endLineNumber": 153,
	"endColumn": 7
},{
	"resource": "/c:/Users/basil/Desktop/material-kai-vision-platform/src/services/ml/hybridStyleAnalysisService.ts",
	"owner": "eslint",
	"code": "@typescript-eslint/no-explicit-any",
	"severity": 4,
	"message": "Unexpected any. Specify a different type",
	"source": "eslint",
	"startLineNumber": 175,
	"startColumn": 36,
	"endLineNumber": 175,
	"endColumn": 36
},{
	"resource": "/c:/Users/basil/Desktop/material-kai-vision-platform/src/services/ml/hybridStyleAnalysisService.ts",
	"owner": "eslint",
	"code": "no-console",
	"severity": 4,
	"message": "Unexpected console statement",
	"source": "eslint",
	"startLineNumber": 181,
	"startColumn": 7,
	"endLineNumber": 181,
	"endColumn": 7
},{
	"resource": "/c:/Users/basil/Desktop/material-kai-vision-platform/src/services/ml/hybridStyleAnalysisService.ts",
	"owner": "eslint",
	"code": "no-console",
	"severity": 4,
	"message": "Unexpected console statement",
	"source": "eslint",
	"startLineNumber": 215,
	"startColumn": 9,
	"endLineNumber": 215,
	"endColumn": 9
},{
	"resource": "/c:/Users/basil/Desktop/material-kai-vision-platform/src/services/ml/hybridStyleAnalysisService.ts",
	"owner": "eslint",
	"code": "@typescript-eslint/no-explicit-any",
	"severity": 4,
	"message": "Unexpected any. Specify a different type",
	"source": "eslint",
	"startLineNumber": 222,
	"startColumn": 34,
	"endLineNumber": 222,
	"endColumn": 34
},{
	"resource": "/c:/Users/basil/Desktop/material-kai-vision-platform/src/services/ml/hybridStyleAnalysisService.ts",
	"owner": "eslint",
	"code": "no-console",
	"severity": 4,
	"message": "Unexpected console statement",
	"source": "eslint",
	"startLineNumber": 229,
	"startColumn": 7,
	"endLineNumber": 229,
	"endColumn": 7
},{
	"resource": "/c:/Users/basil/Desktop/material-kai-vision-platform/src/services/ml/hybridStyleAnalysisService.ts",
	"owner": "eslint",
	"code": "no-console",
	"severity": 4,
	"message": "Unexpected console statement",
	"source": "eslint",
	"startLineNumber": 263,
	"startColumn": 7,
	"endLineNumber": 263,
	"endColumn": 7
},{
	"resource": "/c:/Users/basil/Desktop/material-kai-vision-platform/src/services/ml/hybridStyleAnalysisService.ts",
	"owner": "eslint",
	"code": "no-console",
	"severity": 4,
	"message": "Unexpected console statement",
	"source": "eslint",
	"startLineNumber": 284,
	"startColumn": 7,
	"endLineNumber": 284,
	"endColumn": 7
},{
	"resource": "/c:/Users/basil/Desktop/material-kai-vision-platform/src/services/ml/hybridStyleAnalysisService.ts",
	"owner": "eslint",
	"code": "no-console",
	"severity": 4,
	"message": "Unexpected console statement",
	"source": "eslint",
	"startLineNumber": 288,
	"startColumn": 7,
	"endLineNumber": 288,
	"endColumn": 7
},{
	"resource": "/c:/Users/basil/Desktop/material-kai-vision-platform/src/services/ml/hybridStyleAnalysisService.ts",
	"owner": "eslint",
	"code": "no-console",
	"severity": 4,
	"message": "Unexpected console statement",
	"source": "eslint",
	"startLineNumber": 307,
	"startColumn": 9,
	"endLineNumber": 307,
	"endColumn": 9
},{
	"resource": "/c:/Users/basil/Desktop/material-kai-vision-platform/src/services/ml/imageClassifier.ts",
	"owner": "eslint",
	"code": "no-console",
	"severity": 4,
	"message": "Unexpected console statement",
	"source": "eslint",
	"startLineNumber": 20,
	"startColumn": 7,
	"endLineNumber": 20,
	"endColumn": 7
},{
	"resource": "/c:/Users/basil/Desktop/material-kai-vision-platform/src/services/ml/imageClassifier.ts",
	"owner": "eslint",
	"code": "@typescript-eslint/no-explicit-any",
	"severity": 4,
	"message": "Unexpected any. Specify a different type",
	"source": "eslint",
	"startLineNumber": 29,
	"startColumn": 29,
	"endLineNumber": 29,
	"endColumn": 29
},{
	"resource": "/c:/Users/basil/Desktop/material-kai-vision-platform/src/services/ml/imageClassifier.ts",
	"owner": "eslint",
	"code": "no-console",
	"severity": 4,
	"message": "Unexpected console statement",
	"source": "eslint",
	"startLineNumber": 31,
	"startColumn": 13,
	"endLineNumber": 31,
	"endColumn": 13
},{
	"resource": "/c:/Users/basil/Desktop/material-kai-vision-platform/src/services/ml/imageClassifier.ts",
	"owner": "eslint",
	"code": "no-console",
	"severity": 4,
	"message": "Unexpected console statement",
	"source": "eslint",
	"startLineNumber": 36,
	"startColumn": 7,
	"endLineNumber": 36,
	"endColumn": 7
},{
	"resource": "/c:/Users/basil/Desktop/material-kai-vision-platform/src/services/ml/imageClassifier.ts",
	"owner": "eslint",
	"code": "no-console",
	"severity": 4,
	"message": "Unexpected console statement",
	"source": "eslint",
	"startLineNumber": 39,
	"startColumn": 7,
	"endLineNumber": 39,
	"endColumn": 7
},{
	"resource": "/c:/Users/basil/Desktop/material-kai-vision-platform/src/services/ml/imageClassifier.ts",
	"owner": "eslint",
	"code": "@typescript-eslint/no-explicit-any",
	"severity": 4,
	"message": "Unexpected any. Specify a different type",
	"source": "eslint",
	"startLineNumber": 52,
	"startColumn": 101,
	"endLineNumber": 52,
	"endColumn": 101
},{
	"resource": "/c:/Users/basil/Desktop/material-kai-vision-platform/src/services/ml/imageClassifier.ts",
	"owner": "eslint",
	"code": "no-console",
	"severity": 4,
	"message": "Unexpected console statement",
	"source": "eslint",
	"startLineNumber": 56,
	"startColumn": 7,
	"endLineNumber": 56,
	"endColumn": 7
},{
	"resource": "/c:/Users/basil/Desktop/material-kai-vision-platform/src/services/ml/imageClassifier.ts",
	"owner": "eslint",
	"code": "@typescript-eslint/no-explicit-any",
	"severity": 4,
	"message": "Unexpected any. Specify a different type",
	"source": "eslint",
	"startLineNumber": 69,
	"startColumn": 49,
	"endLineNumber": 69,
	"endColumn": 49
},{
	"resource": "/c:/Users/basil/Desktop/material-kai-vision-platform/src/services/ml/imageClassifier.ts",
	"owner": "eslint",
	"code": "@typescript-eslint/no-explicit-any",
	"severity": 4,
	"message": "Unexpected any. Specify a different type",
	"source": "eslint",
	"startLineNumber": 134,
	"startColumn": 72,
	"endLineNumber": 134,
	"endColumn": 72
},{
	"resource": "/c:/Users/basil/Desktop/material-kai-vision-platform/src/services/ml/materialAnalyzer.ts",
	"owner": "eslint",
	"code": "@typescript-eslint/no-explicit-any",
	"severity": 4,
	"message": "Unexpected any. Specify a different type",
	"source": "eslint",
	"startLineNumber": 224,
	"startColumn": 37,
	"endLineNumber": 224,
	"endColumn": 37
},{
	"resource": "/c:/Users/basil/Desktop/material-kai-vision-platform/src/services/ml/materialAnalyzer.ts",
	"owner": "eslint",
	"code": "@typescript-eslint/no-explicit-any",
	"severity": 4,
	"message": "Unexpected any. Specify a different type",
	"source": "eslint",
	"startLineNumber": 228,
	"startColumn": 44,
	"endLineNumber": 228,
	"endColumn": 44
},{
	"resource": "/c:/Users/basil/Desktop/material-kai-vision-platform/src/services/ml/materialAnalyzer.ts",
	"owner": "eslint",
	"code": "@typescript-eslint/no-explicit-any",
	"severity": 4,
	"message": "Unexpected any. Specify a different type",
	"source": "eslint",
	"startLineNumber": 695,
	"startColumn": 43,
	"endLineNumber": 695,
	"endColumn": 43
},{
	"resource": "/c:/Users/basil/Desktop/material-kai-vision-platform/src/services/ml/materialAnalyzer.ts",
	"owner": "eslint",
	"code": "@typescript-eslint/no-explicit-any",
	"severity": 4,
	"message": "Unexpected any. Specify a different type",
	"source": "eslint",
	"startLineNumber": 701,
	"startColumn": 43,
	"endLineNumber": 701,
	"endColumn": 43
},{
	"resource": "/c:/Users/basil/Desktop/material-kai-vision-platform/src/services/ml/materialAnalyzer.ts",
	"owner": "eslint",
	"code": "@typescript-eslint/no-explicit-any",
	"severity": 4,
	"message": "Unexpected any. Specify a different type",
	"source": "eslint",
	"startLineNumber": 705,
	"startColumn": 45,
	"endLineNumber": 705,
	"endColumn": 45
},{
	"resource": "/c:/Users/basil/Desktop/material-kai-vision-platform/src/services/ml/materialPropertiesService.ts",
	"owner": "eslint",
	"code": "import/order",
	"severity": 4,
	"message": "There should be at least one empty line between import groups",
	"source": "eslint",
	"startLineNumber": 8,
	"startColumn": 1,
	"endLineNumber": 8,
	"endColumn": 1
},{
	"resource": "/c:/Users/basil/Desktop/material-kai-vision-platform/src/services/ml/materialPropertiesService.ts",
	"owner": "eslint",
	"code": "import/order",
	"severity": 4,
	"message": "`@/types/unified-material-api` type import should occur before import of `../base/BaseService`",
	"source": "eslint",
	"startLineNumber": 10,
	"startColumn": 1,
	"endLineNumber": 10,
	"endColumn": 1
},{
	"resource": "/c:/Users/basil/Desktop/material-kai-vision-platform/src/services/ml/materialPropertiesService.ts",
	"owner": "eslint",
	"code": "comma-dangle",
	"severity": 4,
	"message": "Missing trailing comma",
	"source": "eslint",
	"startLineNumber": 11,
	"startColumn": 22,
	"endLineNumber": 11,
	"endColumn": 22
},{
	"resource": "/c:/Users/basil/Desktop/material-kai-vision-platform/src/services/ml/materialPropertiesService.ts",
	"owner": "eslint",
	"code": "no-console",
	"severity": 4,
	"message": "Unexpected console statement",
	"source": "eslint",
	"startLineNumber": 78,
	"startColumn": 7,
	"endLineNumber": 78,
	"endColumn": 7
},{
	"resource": "/c:/Users/basil/Desktop/material-kai-vision-platform/src/services/ml/materialPropertiesService.ts",
	"owner": "eslint",
	"code": "no-console",
	"severity": 4,
	"message": "Unexpected console statement",
	"source": "eslint",
	"startLineNumber": 80,
	"startColumn": 7,
	"endLineNumber": 80,
	"endColumn": 7
},{
	"resource": "/c:/Users/basil/Desktop/material-kai-vision-platform/src/services/ml/materialPropertiesService.ts",
	"owner": "eslint",
	"code": "no-console",
	"severity": 4,
	"message": "Unexpected console statement",
	"source": "eslint",
	"startLineNumber": 102,
	"startColumn": 9,
	"endLineNumber": 102,
	"endColumn": 9
},{
	"resource": "/c:/Users/basil/Desktop/material-kai-vision-platform/src/services/ml/materialPropertiesService.ts",
	"owner": "eslint",
	"code": "no-console",
	"severity": 4,
	"message": "Unexpected console statement",
	"source": "eslint",
	"startLineNumber": 105,
	"startColumn": 7,
	"endLineNumber": 105,
	"endColumn": 7
},{
	"resource": "/c:/Users/basil/Desktop/material-kai-vision-platform/src/services/ml/materialPropertiesService.ts",
	"owner": "eslint",
	"code": "no-console",
	"severity": 4,
	"message": "Unexpected console statement",
	"source": "eslint",
	"startLineNumber": 169,
	"startColumn": 7,
	"endLineNumber": 169,
	"endColumn": 7
},{
	"resource": "/c:/Users/basil/Desktop/material-kai-vision-platform/src/services/ml/materialPropertiesService.ts",
	"owner": "eslint",
	"code": "no-console",
	"severity": 4,
	"message": "Unexpected console statement",
	"source": "eslint",
	"startLineNumber": 179,
	"startColumn": 9,
	"endLineNumber": 179,
	"endColumn": 9
},{
	"resource": "/c:/Users/basil/Desktop/material-kai-vision-platform/src/services/ml/multiModal/CrossModalLearning.ts",
	"owner": "eslint",
	"code": "@typescript-eslint/no-non-null-assertion",
	"severity": 4,
	"message": "Forbidden non-null assertion",
	"source": "eslint",
	"startLineNumber": 145,
	"startColumn": 27,
	"endLineNumber": 145,
	"endColumn": 27
},{
	"resource": "/c:/Users/basil/Desktop/material-kai-vision-platform/src/services/ml/multiModal/CrossModalLearning.ts",
	"owner": "eslint",
	"code": "@typescript-eslint/no-non-null-assertion",
	"severity": 4,
	"message": "Forbidden non-null assertion",
	"source": "eslint",
	"startLineNumber": 164,
	"startColumn": 25,
	"endLineNumber": 164,
	"endColumn": 25
},{
	"resource": "/c:/Users/basil/Desktop/material-kai-vision-platform/src/services/ml/multiModal/CrossModalLearning.ts",
	"owner": "eslint",
	"code": "@typescript-eslint/no-non-null-assertion",
	"severity": 4,
	"message": "Forbidden non-null assertion",
	"source": "eslint",
	"startLineNumber": 169,
	"startColumn": 29,
	"endLineNumber": 169,
	"endColumn": 29
},{
	"resource": "/c:/Users/basil/Desktop/material-kai-vision-platform/src/services/ml/multiModal/CrossModalLearning.ts",
	"owner": "eslint",
	"code": "@typescript-eslint/no-non-null-assertion",
	"severity": 4,
	"message": "Forbidden non-null assertion",
	"source": "eslint",
	"startLineNumber": 183,
	"startColumn": 24,
	"endLineNumber": 183,
	"endColumn": 24
},{
	"resource": "/c:/Users/basil/Desktop/material-kai-vision-platform/src/services/ml/multiModal/CrossModalLearning.ts",
	"owner": "eslint",
	"code": "@typescript-eslint/no-non-null-assertion",
	"severity": 4,
	"message": "Forbidden non-null assertion",
	"source": "eslint",
	"startLineNumber": 201,
	"startColumn": 24,
	"endLineNumber": 201,
	"endColumn": 24
},{
	"resource": "/c:/Users/basil/Desktop/material-kai-vision-platform/src/services/ml/multiModal/MaterialEmbeddingSpace.ts",
	"owner": "eslint",
	"code": "@typescript-eslint/no-non-null-assertion",
	"severity": 4,
	"message": "Forbidden non-null assertion",
	"source": "eslint",
	"startLineNumber": 131,
	"startColumn": 24,
	"endLineNumber": 131,
	"endColumn": 24
},{
	"resource": "/c:/Users/basil/Desktop/material-kai-vision-platform/src/services/ml/multiModal/MaterialEmbeddingSpace.ts",
	"owner": "eslint",
	"code": "@typescript-eslint/no-non-null-assertion",
	"severity": 4,
	"message": "Forbidden non-null assertion",
	"source": "eslint",
	"startLineNumber": 345,
	"startColumn": 9,
	"endLineNumber": 345,
	"endColumn": 9
},{
	"resource": "/c:/Users/basil/Desktop/material-kai-vision-platform/src/services/ml/multiModal/MaterialEmbeddingSpace.ts",
	"owner": "eslint",
	"code": "@typescript-eslint/no-non-null-assertion",
	"severity": 4,
	"message": "Forbidden non-null assertion",
	"source": "eslint",
	"startLineNumber": 369,
	"startColumn": 22,
	"endLineNumber": 369,
	"endColumn": 22
},{
	"resource": "/c:/Users/basil/Desktop/material-kai-vision-platform/src/services/ml/ocrService.ts",
	"owner": "eslint",
	"code": "no-console",
	"severity": 4,
	"message": "Unexpected console statement",
	"source": "eslint",
	"startLineNumber": 49,
	"startColumn": 7,
	"endLineNumber": 49,
	"endColumn": 7
},{
	"resource": "/c:/Users/basil/Desktop/material-kai-vision-platform/src/services/ml/ocrService.ts",
	"owner": "eslint",
	"code": "@typescript-eslint/no-explicit-any",
	"severity": 4,
	"message": "Unexpected any. Specify a different type",
	"source": "eslint",
	"startLineNumber": 99,
	"startColumn": 46,
	"endLineNumber": 99,
	"endColumn": 46
},{
	"resource": "/c:/Users/basil/Desktop/material-kai-vision-platform/src/services/ml/ocrService.ts",
	"owner": "eslint",
	"code": "@typescript-eslint/no-explicit-any",
	"severity": 4,
	"message": "Unexpected any. Specify a different type",
	"source": "eslint",
	"startLineNumber": 100,
	"startColumn": 52,
	"endLineNumber": 100,
	"endColumn": 52
},{
	"resource": "/c:/Users/basil/Desktop/material-kai-vision-platform/src/services/ml/ocrService.ts",
	"owner": "eslint",
	"code": "@typescript-eslint/no-explicit-any",
	"severity": 4,
	"message": "Unexpected any. Specify a different type",
	"source": "eslint",
	"startLineNumber": 102,
	"startColumn": 53,
	"endLineNumber": 102,
	"endColumn": 53
},{
	"resource": "/c:/Users/basil/Desktop/material-kai-vision-platform/src/services/ml/ocrService.ts",
	"owner": "eslint",
	"code": "@typescript-eslint/no-explicit-any",
	"severity": 4,
	"message": "Unexpected any. Specify a different type",
	"source": "eslint",
	"startLineNumber": 102,
	"startColumn": 73,
	"endLineNumber": 102,
	"endColumn": 73
},{
	"resource": "/c:/Users/basil/Desktop/material-kai-vision-platform/src/services/ml/ocrService.ts",
	"owner": "eslint",
	"code": "@typescript-eslint/no-explicit-any",
	"severity": 4,
	"message": "Unexpected any. Specify a different type",
	"source": "eslint",
	"startLineNumber": 106,
	"startColumn": 39,
	"endLineNumber": 106,
	"endColumn": 39
},{
	"resource": "/c:/Users/basil/Desktop/material-kai-vision-platform/src/services/ml/ocrService.ts",
	"owner": "eslint",
	"code": "@typescript-eslint/no-explicit-any",
	"severity": 4,
	"message": "Unexpected any. Specify a different type",
	"source": "eslint",
	"startLineNumber": 107,
	"startColumn": 39,
	"endLineNumber": 107,
	"endColumn": 39
},{
	"resource": "/c:/Users/basil/Desktop/material-kai-vision-platform/src/services/ml/ocrService.ts",
	"owner": "eslint",
	"code": "@typescript-eslint/no-explicit-any",
	"severity": 4,
	"message": "Unexpected any. Specify a different type",
	"source": "eslint",
	"startLineNumber": 108,
	"startColumn": 43,
	"endLineNumber": 108,
	"endColumn": 43
},{
	"resource": "/c:/Users/basil/Desktop/material-kai-vision-platform/src/services/ml/ocrService.ts",
	"owner": "eslint",
	"code": "@typescript-eslint/no-explicit-any",
	"severity": 4,
	"message": "Unexpected any. Specify a different type",
	"source": "eslint",
	"startLineNumber": 109,
	"startColumn": 44,
	"endLineNumber": 109,
	"endColumn": 44
},{
	"resource": "/c:/Users/basil/Desktop/material-kai-vision-platform/src/services/ml/replicateService.ts",
	"owner": "eslint",
	"code": "@typescript-eslint/no-explicit-any",
	"severity": 4,
	"message": "Unexpected any. Specify a different type",
	"source": "eslint",
	"startLineNumber": 109,
	"startColumn": 59,
	"endLineNumber": 109,
	"endColumn": 59
},{
	"resource": "/c:/Users/basil/Desktop/material-kai-vision-platform/src/services/ml/replicateService.ts",
	"owner": "eslint",
	"code": "no-console",
	"severity": 4,
	"message": "Unexpected console statement",
	"source": "eslint",
	"startLineNumber": 115,
	"startColumn": 7,
	"endLineNumber": 115,
	"endColumn": 7
},{
	"resource": "/c:/Users/basil/Desktop/material-kai-vision-platform/src/services/ml/replicateService.ts",
	"owner": "eslint",
	"code": "no-console",
	"severity": 4,
	"message": "Unexpected console statement",
	"source": "eslint",
	"startLineNumber": 282,
	"startColumn": 9,
	"endLineNumber": 282,
	"endColumn": 9
},{
	"resource": "/c:/Users/basil/Desktop/material-kai-vision-platform/src/services/ml/replicateService.ts",
	"owner": "eslint",
	"code": "no-console",
	"severity": 4,
	"message": "Unexpected console statement",
	"source": "eslint",
	"startLineNumber": 387,
	"startColumn": 7,
	"endLineNumber": 387,
	"endColumn": 7
},{
	"resource": "/c:/Users/basil/Desktop/material-kai-vision-platform/src/services/ml/replicateService.ts",
	"owner": "eslint",
	"code": "no-console",
	"severity": 4,
	"message": "Unexpected console statement",
	"source": "eslint",
	"startLineNumber": 391,
	"startColumn": 9,
	"endLineNumber": 391,
	"endColumn": 9
},{
	"resource": "/c:/Users/basil/Desktop/material-kai-vision-platform/src/services/ml/replicateService.ts",
	"owner": "eslint",
	"code": "no-console",
	"severity": 4,
	"message": "Unexpected console statement",
	"source": "eslint",
	"startLineNumber": 400,
	"startColumn": 11,
	"endLineNumber": 400,
	"endColumn": 11
},{
	"resource": "/c:/Users/basil/Desktop/material-kai-vision-platform/src/services/ml/replicateService.ts",
	"owner": "eslint",
	"code": "no-console",
	"severity": 4,
	"message": "Unexpected console statement",
	"source": "eslint",
	"startLineNumber": 407,
	"startColumn": 11,
	"endLineNumber": 407,
	"endColumn": 11
},{
	"resource": "/c:/Users/basil/Desktop/material-kai-vision-platform/src/services/ml/replicateService.ts",
	"owner": "eslint",
	"code": "no-console",
	"severity": 4,
	"message": "Unexpected console statement",
	"source": "eslint",
	"startLineNumber": 423,
	"startColumn": 7,
	"endLineNumber": 423,
	"endColumn": 7
},{
	"resource": "/c:/Users/basil/Desktop/material-kai-vision-platform/src/services/ml/styleAnalysisService.ts",
	"owner": "eslint",
	"code": "no-console",
	"severity": 4,
	"message": "Unexpected console statement",
	"source": "eslint",
	"startLineNumber": 184,
	"startColumn": 7,
	"endLineNumber": 184,
	"endColumn": 7
},{
	"resource": "/c:/Users/basil/Desktop/material-kai-vision-platform/src/services/ml/styleAnalysisService.ts",
	"owner": "eslint",
	"code": "@typescript-eslint/no-non-null-assertion",
	"severity": 4,
	"message": "Forbidden non-null assertion",
	"source": "eslint",
	"startLineNumber": 206,
	"startColumn": 9,
	"endLineNumber": 206,
	"endColumn": 9
},{
	"resource": "/c:/Users/basil/Desktop/material-kai-vision-platform/src/services/ml/styleAnalysisService.ts",
	"owner": "eslint",
	"code": "@typescript-eslint/no-non-null-assertion",
	"severity": 4,
	"message": "Forbidden non-null assertion",
	"source": "eslint",
	"startLineNumber": 207,
	"startColumn": 9,
	"endLineNumber": 207,
	"endColumn": 9
},{
	"resource": "/c:/Users/basil/Desktop/material-kai-vision-platform/src/services/ml/styleAnalysisService.ts",
	"owner": "eslint",
	"code": "@typescript-eslint/no-non-null-assertion",
	"severity": 4,
	"message": "Forbidden non-null assertion",
	"source": "eslint",
	"startLineNumber": 209,
	"startColumn": 9,
	"endLineNumber": 209,
	"endColumn": 9
},{
	"resource": "/c:/Users/basil/Desktop/material-kai-vision-platform/src/services/ml/styleAnalysisService.ts",
	"owner": "eslint",
	"code": "@typescript-eslint/no-non-null-assertion",
	"severity": 4,
	"message": "Forbidden non-null assertion",
	"source": "eslint",
	"startLineNumber": 209,
	"startColumn": 40,
	"endLineNumber": 209,
	"endColumn": 40
},{
	"resource": "/c:/Users/basil/Desktop/material-kai-vision-platform/src/services/ml/styleAnalysisService.ts",
	"owner": "eslint",
	"code": "@typescript-eslint/no-non-null-assertion",
	"severity": 4,
	"message": "Forbidden non-null assertion",
	"source": "eslint",
	"startLineNumber": 209,
	"startColumn": 60,
	"endLineNumber": 209,
	"endColumn": 60
},{
	"resource": "/c:/Users/basil/Desktop/material-kai-vision-platform/src/services/ml/styleAnalysisService.ts",
	"owner": "eslint",
	"code": "@typescript-eslint/no-non-null-assertion",
	"severity": 4,
	"message": "Forbidden non-null assertion",
	"source": "eslint",
	"startLineNumber": 210,
	"startColumn": 27,
	"endLineNumber": 210,
	"endColumn": 27
},{
	"resource": "/c:/Users/basil/Desktop/material-kai-vision-platform/src/services/ml/styleAnalysisService.ts",
	"owner": "eslint",
	"code": "@typescript-eslint/no-non-null-assertion",
	"severity": 4,
	"message": "Forbidden non-null assertion",
	"source": "eslint",
	"startLineNumber": 210,
	"startColumn": 56,
	"endLineNumber": 210,
	"endColumn": 56
},{
	"resource": "/c:/Users/basil/Desktop/material-kai-vision-platform/src/services/ml/styleAnalysisService.ts",
	"owner": "eslint",
	"code": "@typescript-eslint/no-non-null-assertion",
	"severity": 4,
	"message": "Forbidden non-null assertion",
	"source": "eslint",
	"startLineNumber": 210,
	"startColumn": 76,
	"endLineNumber": 210,
	"endColumn": 76
},{
	"resource": "/c:/Users/basil/Desktop/material-kai-vision-platform/src/services/ml/textEmbedder.ts",
	"owner": "eslint",
	"code": "import/order",
	"severity": 4,
	"message": "There should be at least one empty line between import groups",
	"source": "eslint",
	"startLineNumber": 6,
	"startColumn": 1,
	"endLineNumber": 6,
	"endColumn": 1
},{
	"resource": "/c:/Users/basil/Desktop/material-kai-vision-platform/src/services/ml/textEmbedder.ts",
	"owner": "eslint",
	"code": "import/order",
	"severity": 4,
	"message": "`../../config/embeddingConfig` import should occur before import of `./types`",
	"source": "eslint",
	"startLineNumber": 7,
	"startColumn": 1,
	"endLineNumber": 7,
	"endColumn": 1
},{
	"resource": "/c:/Users/basil/Desktop/material-kai-vision-platform/src/services/ml/textEmbedder.ts",
	"owner": "eslint",
	"code": "@typescript-eslint/no-explicit-any",
	"severity": 4,
	"message": "Unexpected any. Specify a different type",
	"source": "eslint",
	"startLineNumber": 25,
	"startColumn": 21,
	"endLineNumber": 25,
	"endColumn": 21
},{
	"resource": "/c:/Users/basil/Desktop/material-kai-vision-platform/src/services/ml/textEmbedder.ts",
	"owner": "eslint",
	"code": "no-console",
	"severity": 4,
	"message": "Unexpected console statement",
	"source": "eslint",
	"startLineNumber": 32,
	"startColumn": 7,
	"endLineNumber": 32,
	"endColumn": 7
},{
	"resource": "/c:/Users/basil/Desktop/material-kai-vision-platform/src/services/ml/textEmbedder.ts",
	"owner": "eslint",
	"code": "@typescript-eslint/no-explicit-any",
	"severity": 4,
	"message": "Unexpected any. Specify a different type",
	"source": "eslint",
	"startLineNumber": 42,
	"startColumn": 29,
	"endLineNumber": 42,
	"endColumn": 29
},{
	"resource": "/c:/Users/basil/Desktop/material-kai-vision-platform/src/services/ml/textEmbedder.ts",
	"owner": "eslint",
	"code": "no-console",
	"severity": 4,
	"message": "Unexpected console statement",
	"source": "eslint",
	"startLineNumber": 44,
	"startColumn": 13,
	"endLineNumber": 44,
	"endColumn": 13
},{
	"resource": "/c:/Users/basil/Desktop/material-kai-vision-platform/src/services/ml/textEmbedder.ts",
	"owner": "eslint",
	"code": "no-console",
	"severity": 4,
	"message": "Unexpected console statement",
	"source": "eslint",
	"startLineNumber": 49,
	"startColumn": 7,
	"endLineNumber": 49,
	"endColumn": 7
},{
	"resource": "/c:/Users/basil/Desktop/material-kai-vision-platform/src/services/ml/textEmbedder.ts",
	"owner": "eslint",
	"code": "no-console",
	"severity": 4,
	"message": "Unexpected console statement",
	"source": "eslint",
	"startLineNumber": 52,
	"startColumn": 7,
	"endLineNumber": 52,
	"endColumn": 7
},{
	"resource": "/c:/Users/basil/Desktop/material-kai-vision-platform/src/services/ml/textureComponents/MaterialTextureNet.ts",
	"owner": "eslint",
	"code": "no-console",
	"severity": 4,
	"message": "Unexpected console statement",
	"source": "eslint",
	"startLineNumber": 89,
	"startColumn": 5,
	"endLineNumber": 89,
	"endColumn": 5
},{
	"resource": "/c:/Users/basil/Desktop/material-kai-vision-platform/src/services/ml/textureComponents/MultiScaleTextureModule.ts",
	"owner": "eslint",
	"code": "no-console",
	"severity": 4,
	"message": "Unexpected console statement",
	"source": "eslint",
	"startLineNumber": 84,
	"startColumn": 9,
	"endLineNumber": 84,
	"endColumn": 9
},{
	"resource": "/c:/Users/basil/Desktop/material-kai-vision-platform/src/services/ml/textureComponents/MultiScaleTextureModule.ts",
	"owner": "eslint",
	"code": "no-console",
	"severity": 4,
	"message": "Unexpected console statement",
	"source": "eslint",
	"startLineNumber": 115,
	"startColumn": 7,
	"endLineNumber": 115,
	"endColumn": 7
},{
	"resource": "/c:/Users/basil/Desktop/material-kai-vision-platform/src/services/ml/textureComponents/TextureAttentionModule.ts",
	"owner": "eslint",
	"code": "no-console",
	"severity": 4,
	"message": "Unexpected console statement",
	"source": "eslint",
	"startLineNumber": 123,
	"startColumn": 7,
	"endLineNumber": 123,
	"endColumn": 7
},{
	"resource": "/c:/Users/basil/Desktop/material-kai-vision-platform/src/services/ml/textureComponents/TextureGaborFilters.ts",
	"owner": "eslint",
	"code": "comma-dangle",
	"severity": 4,
	"message": "Missing trailing comma",
	"source": "eslint",
	"startLineNumber": 45,
	"startColumn": 19,
	"endLineNumber": 45,
	"endColumn": 19
},{
	"resource": "/c:/Users/basil/Desktop/material-kai-vision-platform/src/services/ml/textureComponents/TextureGaborFilters.ts",
	"owner": "eslint",
	"code": "no-console",
	"severity": 4,
	"message": "Unexpected console statement",
	"source": "eslint",
	"startLineNumber": 84,
	"startColumn": 5,
	"endLineNumber": 84,
	"endColumn": 5
},{
	"resource": "/c:/Users/basil/Desktop/material-kai-vision-platform/src/services/ml/textureComponents/TextureGaborFilters.ts",
	"owner": "eslint",
	"code": "no-console",
	"severity": 4,
	"message": "Unexpected console statement",
	"source": "eslint",
	"startLineNumber": 206,
	"startColumn": 7,
	"endLineNumber": 206,
	"endColumn": 7
},{
	"resource": "/c:/Users/basil/Desktop/material-kai-vision-platform/src/services/ml/textureComponents/TextureNetSVD.ts",
	"owner": "eslint",
	"code": "@typescript-eslint/no-non-null-assertion",
	"severity": 4,
	"message": "Forbidden non-null assertion",
	"source": "eslint",
	"startLineNumber": 71,
	"startColumn": 14,
	"endLineNumber": 71,
	"endColumn": 14
},{
	"resource": "/c:/Users/basil/Desktop/material-kai-vision-platform/src/services/ml/unifiedMLService.ts",
	"owner": "eslint",
	"code": "@typescript-eslint/no-explicit-any",
	"severity": 4,
	"message": "Unexpected any. Specify a different type",
	"source": "eslint",
	"startLineNumber": 15,
	"startColumn": 64,
	"endLineNumber": 15,
	"endColumn": 64
},{
	"resource": "/c:/Users/basil/Desktop/material-kai-vision-platform/src/services/ml/unifiedMLService.ts",
	"owner": "eslint",
	"code": "@typescript-eslint/no-explicit-any",
	"severity": 4,
	"message": "Unexpected any. Specify a different type",
	"source": "eslint",
	"startLineNumber": 15,
	"startColumn": 78,
	"endLineNumber": 15,
	"endColumn": 78
},{
	"resource": "/c:/Users/basil/Desktop/material-kai-vision-platform/src/services/ml/unifiedMLService.ts",
	"owner": "eslint",
	"code": "@typescript-eslint/no-explicit-any",
	"severity": 4,
	"message": "Unexpected any. Specify a different type",
	"source": "eslint",
	"startLineNumber": 16,
	"startColumn": 39,
	"endLineNumber": 16,
	"endColumn": 39
},{
	"resource": "/c:/Users/basil/Desktop/material-kai-vision-platform/src/services/ml/unifiedMLService.ts",
	"owner": "eslint",
	"code": "@typescript-eslint/no-explicit-any",
	"severity": 4,
	"message": "Unexpected any. Specify a different type",
	"source": "eslint",
	"startLineNumber": 17,
	"startColumn": 39,
	"endLineNumber": 17,
	"endColumn": 39
},{
	"resource": "/c:/Users/basil/Desktop/material-kai-vision-platform/src/services/ml/unifiedMLService.ts",
	"owner": "eslint",
	"code": "comma-dangle",
	"severity": 4,
	"message": "Missing trailing comma",
	"source": "eslint",
	"startLineNumber": 34,
	"startColumn": 16,
	"endLineNumber": 34,
	"endColumn": 16
},{
	"resource": "/c:/Users/basil/Desktop/material-kai-vision-platform/src/services/ml/unifiedMLService.ts",
	"owner": "eslint",
	"code": "comma-dangle",
	"severity": 4,
	"message": "Missing trailing comma",
	"source": "eslint",
	"startLineNumber": 35,
	"startColumn": 9,
	"endLineNumber": 35,
	"endColumn": 9
},{
	"resource": "/c:/Users/basil/Desktop/material-kai-vision-platform/src/services/ml/unifiedMLService.ts",
	"owner": "eslint",
	"code": "no-console",
	"severity": 4,
	"message": "Unexpected console statement",
	"source": "eslint",
	"startLineNumber": 51,
	"startColumn": 5,
	"endLineNumber": 51,
	"endColumn": 5
},{
	"resource": "/c:/Users/basil/Desktop/material-kai-vision-platform/src/services/ml/unifiedMLService.ts",
	"owner": "eslint",
	"code": "no-trailing-spaces",
	"severity": 4,
	"message": "Trailing spaces not allowed",
	"source": "eslint",
	"startLineNumber": 65,
	"startColumn": 1,
	"endLineNumber": 65,
	"endColumn": 1
},{
	"resource": "/c:/Users/basil/Desktop/material-kai-vision-platform/src/services/ml/unifiedMLService.ts",
	"owner": "eslint",
	"code": "no-trailing-spaces",
	"severity": 4,
	"message": "Trailing spaces not allowed",
	"source": "eslint",
	"startLineNumber": 73,
	"startColumn": 1,
	"endLineNumber": 73,
	"endColumn": 1
},{
	"resource": "/c:/Users/basil/Desktop/material-kai-vision-platform/src/services/ml/unifiedMLService.ts",
	"owner": "eslint",
	"code": "no-trailing-spaces",
	"severity": 4,
	"message": "Trailing spaces not allowed",
	"source": "eslint",
	"startLineNumber": 81,
	"startColumn": 1,
	"endLineNumber": 81,
	"endColumn": 1
},{
	"resource": "/c:/Users/basil/Desktop/material-kai-vision-platform/src/services/ml/unifiedMLService.ts",
	"owner": "eslint",
	"code": "no-trailing-spaces",
	"severity": 4,
	"message": "Trailing spaces not allowed",
	"source": "eslint",
	"startLineNumber": 85,
	"startColumn": 1,
	"endLineNumber": 85,
	"endColumn": 1
},{
	"resource": "/c:/Users/basil/Desktop/material-kai-vision-platform/src/services/ml/unifiedMLService.ts",
	"owner": "eslint",
	"code": "no-trailing-spaces",
	"severity": 4,
	"message": "Trailing spaces not allowed",
	"source": "eslint",
	"startLineNumber": 91,
	"startColumn": 1,
	"endLineNumber": 91,
	"endColumn": 1
},{
	"resource": "/c:/Users/basil/Desktop/material-kai-vision-platform/src/services/ml/unifiedMLService.ts",
	"owner": "eslint",
	"code": "@typescript-eslint/no-explicit-any",
	"severity": 4,
	"message": "Unexpected any. Specify a different type",
	"source": "eslint",
	"startLineNumber": 115,
	"startColumn": 18,
	"endLineNumber": 115,
	"endColumn": 18
},{
	"resource": "/c:/Users/basil/Desktop/material-kai-vision-platform/src/services/ml/unifiedMLService.ts",
	"owner": "eslint",
	"code": "@typescript-eslint/no-explicit-any",
	"severity": 4,
	"message": "Unexpected any. Specify a different type",
	"source": "eslint",
	"startLineNumber": 126,
	"startColumn": 16,
	"endLineNumber": 126,
	"endColumn": 16
},{
	"resource": "/c:/Users/basil/Desktop/material-kai-vision-platform/src/services/ml/unifiedMLService.ts",
	"owner": "eslint",
	"code": "no-trailing-spaces",
	"severity": 4,
	"message": "Trailing spaces not allowed",
	"source": "eslint",
	"startLineNumber": 131,
	"startColumn": 3,
	"endLineNumber": 131,
	"endColumn": 3
},{
	"resource": "/c:/Users/basil/Desktop/material-kai-vision-platform/src/services/ml/unifiedMLService.ts",
	"owner": "eslint",
	"code": "no-trailing-spaces",
	"severity": 4,
	"message": "Trailing spaces not allowed",
	"source": "eslint",
	"startLineNumber": 138,
	"startColumn": 3,
	"endLineNumber": 138,
	"endColumn": 3
},{
	"resource": "/c:/Users/basil/Desktop/material-kai-vision-platform/src/services/ml/unifiedMLService.ts",
	"owner": "eslint",
	"code": "no-trailing-spaces",
	"severity": 4,
	"message": "Trailing spaces not allowed",
	"source": "eslint",
	"startLineNumber": 151,
	"startColumn": 1,
	"endLineNumber": 151,
	"endColumn": 1
},{
	"resource": "/c:/Users/basil/Desktop/material-kai-vision-platform/src/services/ml/unifiedMLService.ts",
	"owner": "eslint",
	"code": "no-trailing-spaces",
	"severity": 4,
	"message": "Trailing spaces not allowed",
	"source": "eslint",
	"startLineNumber": 154,
	"startColumn": 1,
	"endLineNumber": 154,
	"endColumn": 1
},{
	"resource": "/c:/Users/basil/Desktop/material-kai-vision-platform/src/services/ml/unifiedMLService.ts",
	"owner": "eslint",
	"code": "@typescript-eslint/no-explicit-any",
	"severity": 4,
	"message": "Unexpected any. Specify a different type",
	"source": "eslint",
	"startLineNumber": 156,
	"startColumn": 33,
	"endLineNumber": 156,
	"endColumn": 33
},{
	"resource": "/c:/Users/basil/Desktop/material-kai-vision-platform/src/services/ml/unifiedMLService.ts",
	"owner": "eslint",
	"code": "no-trailing-spaces",
	"severity": 4,
	"message": "Trailing spaces not allowed",
	"source": "eslint",
	"startLineNumber": 158,
	"startColumn": 1,
	"endLineNumber": 158,
	"endColumn": 1
},{
	"resource": "/c:/Users/basil/Desktop/material-kai-vision-platform/src/services/ml/unifiedMLService.ts",
	"owner": "eslint",
	"code": "no-console",
	"severity": 4,
	"message": "Unexpected console statement",
	"source": "eslint",
	"startLineNumber": 193,
	"startColumn": 5,
	"endLineNumber": 193,
	"endColumn": 5
},{
	"resource": "/c:/Users/basil/Desktop/material-kai-vision-platform/src/services/ml/unifiedMLService.ts",
	"owner": "eslint",
	"code": "no-console",
	"severity": 4,
	"message": "Unexpected console statement",
	"source": "eslint",
	"startLineNumber": 248,
	"startColumn": 5,
	"endLineNumber": 248,
	"endColumn": 5
},{
	"resource": "/c:/Users/basil/Desktop/material-kai-vision-platform/src/services/ml/unifiedMLService.ts",
	"owner": "eslint",
	"code": "comma-dangle",
	"severity": 4,
	"message": "Missing trailing comma",
	"source": "eslint",
	"startLineNumber": 278,
	"startColumn": 35,
	"endLineNumber": 278,
	"endColumn": 35
},{
	"resource": "/c:/Users/basil/Desktop/material-kai-vision-platform/src/services/ml/unifiedMLService.ts",
	"owner": "eslint",
	"code": "no-console",
	"severity": 4,
	"message": "Unexpected console statement",
	"source": "eslint",
	"startLineNumber": 284,
	"startColumn": 7,
	"endLineNumber": 284,
	"endColumn": 7
},{
	"resource": "/c:/Users/basil/Desktop/material-kai-vision-platform/src/services/ml/unifiedMLService.ts",
	"owner": "eslint",
	"code": "comma-dangle",
	"severity": 4,
	"message": "Missing trailing comma",
	"source": "eslint",
	"startLineNumber": 304,
	"startColumn": 30,
	"endLineNumber": 304,
	"endColumn": 30
},{
	"resource": "/c:/Users/basil/Desktop/material-kai-vision-platform/src/services/ml/unifiedMLService.ts",
	"owner": "eslint",
	"code": "no-trailing-spaces",
	"severity": 4,
	"message": "Trailing spaces not allowed",
	"source": "eslint",
	"startLineNumber": 313,
	"startColumn": 1,
	"endLineNumber": 313,
	"endColumn": 1
},{
	"resource": "/c:/Users/basil/Desktop/material-kai-vision-platform/src/services/ml/unifiedMLService.ts",
	"owner": "eslint",
	"code": "comma-dangle",
	"severity": 4,
	"message": "Missing trailing comma",
	"source": "eslint",
	"startLineNumber": 335,
	"startColumn": 36,
	"endLineNumber": 335,
	"endColumn": 36
},{
	"resource": "/c:/Users/basil/Desktop/material-kai-vision-platform/src/services/ml/unifiedMLService.ts",
	"owner": "eslint",
	"code": "comma-dangle",
	"severity": 4,
	"message": "Missing trailing comma",
	"source": "eslint",
	"startLineNumber": 362,
	"startColumn": 35,
	"endLineNumber": 362,
	"endColumn": 35
},{
	"resource": "/c:/Users/basil/Desktop/material-kai-vision-platform/src/services/ml/unifiedMLService.ts",
	"owner": "eslint",
	"code": "comma-dangle",
	"severity": 4,
	"message": "Missing trailing comma",
	"source": "eslint",
	"startLineNumber": 409,
	"startColumn": 36,
	"endLineNumber": 409,
	"endColumn": 36
},{
	"resource": "/c:/Users/basil/Desktop/material-kai-vision-platform/src/services/ml/unifiedMLService.ts",
	"owner": "eslint",
	"code": "no-trailing-spaces",
	"severity": 4,
	"message": "Trailing spaces not allowed",
	"source": "eslint",
	"startLineNumber": 433,
	"startColumn": 1,
	"endLineNumber": 433,
	"endColumn": 1
},{
	"resource": "/c:/Users/basil/Desktop/material-kai-vision-platform/src/services/ml/unifiedMLService.ts",
	"owner": "eslint",
	"code": "comma-dangle",
	"severity": 4,
	"message": "Missing trailing comma",
	"source": "eslint",
	"startLineNumber": 454,
	"startColumn": 35,
	"endLineNumber": 454,
	"endColumn": 35
},{
	"resource": "/c:/Users/basil/Desktop/material-kai-vision-platform/src/services/ml/unifiedMLService.ts",
	"owner": "eslint",
	"code": "comma-dangle",
	"severity": 4,
	"message": "Missing trailing comma",
	"source": "eslint",
	"startLineNumber": 484,
	"startColumn": 23,
	"endLineNumber": 484,
	"endColumn": 23
},{
	"resource": "/c:/Users/basil/Desktop/material-kai-vision-platform/src/services/ml/unifiedMLService.ts",
	"owner": "eslint",
	"code": "comma-dangle",
	"severity": 4,
	"message": "Missing trailing comma",
	"source": "eslint",
	"startLineNumber": 507,
	"startColumn": 35,
	"endLineNumber": 507,
	"endColumn": 35
},{
	"resource": "/c:/Users/basil/Desktop/material-kai-vision-platform/src/services/ml/unifiedMLService.ts",
	"owner": "eslint",
	"code": "comma-dangle",
	"severity": 4,
	"message": "Missing trailing comma",
	"source": "eslint",
	"startLineNumber": 531,
	"startColumn": 23,
	"endLineNumber": 531,
	"endColumn": 23
},{
	"resource": "/c:/Users/basil/Desktop/material-kai-vision-platform/src/services/ml/unifiedMLService.ts",
	"owner": "eslint",
	"code": "comma-dangle",
	"severity": 4,
	"message": "Missing trailing comma",
	"source": "eslint",
	"startLineNumber": 554,
	"startColumn": 35,
	"endLineNumber": 554,
	"endColumn": 35
},{
	"resource": "/c:/Users/basil/Desktop/material-kai-vision-platform/src/services/ml/unifiedMLService.ts",
	"owner": "eslint",
	"code": "@typescript-eslint/no-explicit-any",
	"severity": 4,
	"message": "Unexpected any. Specify a different type",
	"source": "eslint",
	"startLineNumber": 593,
	"startColumn": 17,
	"endLineNumber": 593,
	"endColumn": 17
},{
	"resource": "/c:/Users/basil/Desktop/material-kai-vision-platform/src/services/ml/unifiedMLService.ts",
	"owner": "eslint",
	"code": "@typescript-eslint/no-explicit-any",
	"severity": 4,
	"message": "Unexpected any. Specify a different type",
	"source": "eslint",
	"startLineNumber": 626,
	"startColumn": 35,
	"endLineNumber": 626,
	"endColumn": 35
},{
	"resource": "/c:/Users/basil/Desktop/material-kai-vision-platform/src/services/monitoring/monitoringService.ts",
	"owner": "eslint",
	"code": "no-trailing-spaces",
	"severity": 4,
	"message": "Trailing spaces not allowed",
	"source": "eslint",
	"startLineNumber": 3,
	"startColumn": 3,
	"endLineNumber": 3,
	"endColumn": 3
},{
	"resource": "/c:/Users/basil/Desktop/material-kai-vision-platform/src/services/monitoring/monitoringService.ts",
	"owner": "eslint",
	"code": "@typescript-eslint/no-explicit-any",
	"severity": 4,
	"message": "Unexpected any. Specify a different type",
	"source": "eslint",
	"startLineNumber": 36,
	"startColumn": 26,
	"endLineNumber": 36,
	"endColumn": 26
},{
	"resource": "/c:/Users/basil/Desktop/material-kai-vision-platform/src/services/monitoring/monitoringService.ts",
	"owner": "eslint",
	"code": "@typescript-eslint/no-explicit-any",
	"severity": 4,
	"message": "Unexpected any. Specify a different type",
	"source": "eslint",
	"startLineNumber": 65,
	"startColumn": 31,
	"endLineNumber": 65,
	"endColumn": 31
},{
	"resource": "/c:/Users/basil/Desktop/material-kai-vision-platform/src/services/monitoring/monitoringService.ts",
	"owner": "eslint",
	"code": "no-console",
	"severity": 4,
	"message": "Unexpected console statement",
	"source": "eslint",
	"startLineNumber": 92,
	"startColumn": 7,
	"endLineNumber": 92,
	"endColumn": 7
},{
	"resource": "/c:/Users/basil/Desktop/material-kai-vision-platform/src/services/monitoring/monitoringService.ts",
	"owner": "eslint",
	"code": "no-console",
	"severity": 4,
	"message": "Unexpected console statement",
	"source": "eslint",
	"startLineNumber": 113,
	"startColumn": 5,
	"endLineNumber": 113,
	"endColumn": 5
},{
	"resource": "/c:/Users/basil/Desktop/material-kai-vision-platform/src/services/monitoring/monitoringService.ts",
	"owner": "eslint",
	"code": "no-console",
	"severity": 4,
	"message": "Unexpected console statement",
	"source": "eslint",
	"startLineNumber": 123,
	"startColumn": 5,
	"endLineNumber": 123,
	"endColumn": 5
},{
	"resource": "/c:/Users/basil/Desktop/material-kai-vision-platform/src/services/monitoring/monitoringService.ts",
	"owner": "eslint",
	"code": "no-console",
	"severity": 4,
	"message": "Unexpected console statement",
	"source": "eslint",
	"startLineNumber": 137,
	"startColumn": 5,
	"endLineNumber": 137,
	"endColumn": 5
},{
	"resource": "/c:/Users/basil/Desktop/material-kai-vision-platform/src/services/monitoring/monitoringService.ts",
	"owner": "eslint",
	"code": "comma-dangle",
	"severity": 4,
	"message": "Missing trailing comma",
	"source": "eslint",
	"startLineNumber": 220,
	"startColumn": 103,
	"endLineNumber": 220,
	"endColumn": 103
},{
	"resource": "/c:/Users/basil/Desktop/material-kai-vision-platform/src/services/monitoring/monitoringService.ts",
	"owner": "eslint",
	"code": "no-trailing-spaces",
	"severity": 4,
	"message": "Trailing spaces not allowed",
	"source": "eslint",
	"startLineNumber": 281,
	"startColumn": 1,
	"endLineNumber": 281,
	"endColumn": 1
},{
	"resource": "/c:/Users/basil/Desktop/material-kai-vision-platform/src/services/monitoring/monitoringService.ts",
	"owner": "eslint",
	"code": "no-console",
	"severity": 4,
	"message": "Unexpected console statement",
	"source": "eslint",
	"startLineNumber": 283,
	"startColumn": 5,
	"endLineNumber": 283,
	"endColumn": 5
},{
	"resource": "/c:/Users/basil/Desktop/material-kai-vision-platform/src/services/monitoring/monitoringService.ts",
	"owner": "eslint",
	"code": "no-console",
	"severity": 4,
	"message": "Unexpected console statement",
	"source": "eslint",
	"startLineNumber": 292,
	"startColumn": 5,
	"endLineNumber": 292,
	"endColumn": 5
},{
	"resource": "/c:/Users/basil/Desktop/material-kai-vision-platform/src/services/monitoring/monitoringService.ts",
	"owner": "eslint",
	"code": "no-trailing-spaces",
	"severity": 4,
	"message": "Trailing spaces not allowed",
	"source": "eslint",
	"startLineNumber": 293,
	"startColumn": 1,
	"endLineNumber": 293,
	"endColumn": 1
},{
	"resource": "/c:/Users/basil/Desktop/material-kai-vision-platform/src/services/monitoring/monitoringService.ts",
	"owner": "eslint",
	"code": "@typescript-eslint/no-explicit-any",
	"severity": 4,
	"message": "Unexpected any. Specify a different type",
	"source": "eslint",
	"startLineNumber": 300,
	"startColumn": 74,
	"endLineNumber": 300,
	"endColumn": 74
},{
	"resource": "/c:/Users/basil/Desktop/material-kai-vision-platform/src/services/monitoring/monitoringService.ts",
	"owner": "eslint",
	"code": "no-console",
	"severity": 4,
	"message": "Unexpected console statement",
	"source": "eslint",
	"startLineNumber": 303,
	"startColumn": 7,
	"endLineNumber": 303,
	"endColumn": 7
},{
	"resource": "/c:/Users/basil/Desktop/material-kai-vision-platform/src/services/monitoring/monitoringService.ts",
	"owner": "eslint",
	"code": "no-console",
	"severity": 4,
	"message": "Unexpected console statement",
	"source": "eslint",
	"startLineNumber": 313,
	"startColumn": 7,
	"endLineNumber": 313,
	"endColumn": 7
},{
	"resource": "/c:/Users/basil/Desktop/material-kai-vision-platform/src/services/monitoring/monitoringService.ts",
	"owner": "eslint",
	"code": "no-console",
	"severity": 4,
	"message": "Unexpected console statement",
	"source": "eslint",
	"startLineNumber": 319,
	"startColumn": 7,
	"endLineNumber": 319,
	"endColumn": 7
},{
	"resource": "/c:/Users/basil/Desktop/material-kai-vision-platform/src/services/monitoring/monitoringService.ts",
	"owner": "eslint",
	"code": "@typescript-eslint/no-explicit-any",
	"severity": 4,
	"message": "Unexpected any. Specify a different type",
	"source": "eslint",
	"startLineNumber": 327,
	"startColumn": 59,
	"endLineNumber": 327,
	"endColumn": 59
},{
	"resource": "/c:/Users/basil/Desktop/material-kai-vision-platform/src/services/monitoring/monitoringService.ts",
	"owner": "eslint",
	"code": "no-console",
	"severity": 4,
	"message": "Unexpected console statement",
	"source": "eslint",
	"startLineNumber": 347,
	"startColumn": 7,
	"endLineNumber": 347,
	"endColumn": 7
},{
	"resource": "/c:/Users/basil/Desktop/material-kai-vision-platform/src/services/monitoring/monitoringService.ts",
	"owner": "eslint",
	"code": "no-trailing-spaces",
	"severity": 4,
	"message": "Trailing spaces not allowed",
	"source": "eslint",
	"startLineNumber": 356,
	"startColumn": 1,
	"endLineNumber": 356,
	"endColumn": 1
},{
	"resource": "/c:/Users/basil/Desktop/material-kai-vision-platform/src/services/moodboard/CommissionService.ts",
	"owner": "eslint",
	"code": "comma-dangle",
	"severity": 4,
	"message": "Missing trailing comma",
	"source": "eslint",
	"startLineNumber": 39,
	"startColumn": 23,
	"endLineNumber": 39,
	"endColumn": 23
},{
	"resource": "/c:/Users/basil/Desktop/material-kai-vision-platform/src/services/moodboard/CommissionService.ts",
	"owner": "eslint",
	"code": "comma-dangle",
	"severity": 4,
	"message": "Missing trailing comma",
	"source": "eslint",
	"startLineNumber": 56,
	"startColumn": 26,
	"endLineNumber": 56,
	"endColumn": 26
},{
	"resource": "/c:/Users/basil/Desktop/material-kai-vision-platform/src/services/moodboard/CommissionService.ts",
	"owner": "eslint",
	"code": "no-console",
	"severity": 4,
	"message": "Unexpected console statement",
	"source": "eslint",
	"startLineNumber": 61,
	"startColumn": 7,
	"endLineNumber": 61,
	"endColumn": 7
},{
	"resource": "/c:/Users/basil/Desktop/material-kai-vision-platform/src/services/moodboard/CommissionService.ts",
	"owner": "eslint",
	"code": "comma-dangle",
	"severity": 4,
	"message": "Missing trailing comma",
	"source": "eslint",
	"startLineNumber": 71,
	"startColumn": 33,
	"endLineNumber": 71,
	"endColumn": 33
},{
	"resource": "/c:/Users/basil/Desktop/material-kai-vision-platform/src/services/moodboard/CommissionService.ts",
	"owner": "eslint",
	"code": "no-console",
	"severity": 4,
	"message": "Unexpected console statement",
	"source": "eslint",
	"startLineNumber": 127,
	"startColumn": 7,
	"endLineNumber": 127,
	"endColumn": 7
},{
	"resource": "/c:/Users/basil/Desktop/material-kai-vision-platform/src/services/moodboard/MoodboardProductsService.ts",
	"owner": "eslint",
	"code": "comma-dangle",
	"severity": 4,
	"message": "Missing trailing comma",
	"source": "eslint",
	"startLineNumber": 32,
	"startColumn": 19,
	"endLineNumber": 32,
	"endColumn": 19
},{
	"resource": "/c:/Users/basil/Desktop/material-kai-vision-platform/src/services/moodboard/MoodboardProductsService.ts",
	"owner": "eslint",
	"code": "comma-dangle",
	"severity": 4,
	"message": "Missing trailing comma",
	"source": "eslint",
	"startLineNumber": 53,
	"startColumn": 27,
	"endLineNumber": 53,
	"endColumn": 27
},{
	"resource": "/c:/Users/basil/Desktop/material-kai-vision-platform/src/services/moodboard/MoodboardProductsService.ts",
	"owner": "eslint",
	"code": "no-console",
	"severity": 4,
	"message": "Unexpected console statement",
	"source": "eslint",
	"startLineNumber": 58,
	"startColumn": 7,
	"endLineNumber": 58,
	"endColumn": 7
},{
	"resource": "/c:/Users/basil/Desktop/material-kai-vision-platform/src/services/moodboard/MoodboardProductsService.ts",
	"owner": "eslint",
	"code": "comma-dangle",
	"severity": 4,
	"message": "Missing trailing comma",
	"source": "eslint",
	"startLineNumber": 69,
	"startColumn": 23,
	"endLineNumber": 69,
	"endColumn": 23
},{
	"resource": "/c:/Users/basil/Desktop/material-kai-vision-platform/src/services/moodboard/MoodboardProductsService.ts",
	"owner": "eslint",
	"code": "comma-dangle",
	"severity": 4,
	"message": "Missing trailing comma",
	"source": "eslint",
	"startLineNumber": 78,
	"startColumn": 26,
	"endLineNumber": 78,
	"endColumn": 26
},{
	"resource": "/c:/Users/basil/Desktop/material-kai-vision-platform/src/services/moodboard/MoodboardProductsService.ts",
	"owner": "eslint",
	"code": "no-console",
	"severity": 4,
	"message": "Unexpected console statement",
	"source": "eslint",
	"startLineNumber": 83,
	"startColumn": 7,
	"endLineNumber": 83,
	"endColumn": 7
},{
	"resource": "/c:/Users/basil/Desktop/material-kai-vision-platform/src/services/moodboard/MoodboardProductsService.ts",
	"owner": "eslint",
	"code": "comma-dangle",
	"severity": 4,
	"message": "Missing trailing comma",
	"source": "eslint",
	"startLineNumber": 99,
	"startColumn": 29,
	"endLineNumber": 99,
	"endColumn": 29
},{
	"resource": "/c:/Users/basil/Desktop/material-kai-vision-platform/src/services/moodboard/MoodboardProductsService.ts",
	"owner": "eslint",
	"code": "no-console",
	"severity": 4,
	"message": "Unexpected console statement",
	"source": "eslint",
	"startLineNumber": 106,
	"startColumn": 7,
	"endLineNumber": 106,
	"endColumn": 7
},{
	"resource": "/c:/Users/basil/Desktop/material-kai-vision-platform/src/services/moodboard/MoodboardProductsService.ts",
	"owner": "eslint",
	"code": "comma-dangle",
	"severity": 4,
	"message": "Missing trailing comma",
	"source": "eslint",
	"startLineNumber": 118,
	"startColumn": 22,
	"endLineNumber": 118,
	"endColumn": 22
},{
	"resource": "/c:/Users/basil/Desktop/material-kai-vision-platform/src/services/moodboard/MoodboardProductsService.ts",
	"owner": "eslint",
	"code": "no-console",
	"severity": 4,
	"message": "Unexpected console statement",
	"source": "eslint",
	"startLineNumber": 126,
	"startColumn": 7,
	"endLineNumber": 126,
	"endColumn": 7
},{
	"resource": "/c:/Users/basil/Desktop/material-kai-vision-platform/src/services/moodboard/MoodboardProductsService.ts",
	"owner": "eslint",
	"code": "no-console",
	"severity": 4,
	"message": "Unexpected console statement",
	"source": "eslint",
	"startLineNumber": 139,
	"startColumn": 7,
	"endLineNumber": 139,
	"endColumn": 7
},{
	"resource": "/c:/Users/basil/Desktop/material-kai-vision-platform/src/services/moodboardAPI.ts",
	"owner": "eslint",
	"code": "@typescript-eslint/no-explicit-any",
	"severity": 4,
	"message": "Unexpected any. Specify a different type",
	"source": "eslint",
	"startLineNumber": 35,
	"startColumn": 29,
	"endLineNumber": 35,
	"endColumn": 29
},{
	"resource": "/c:/Users/basil/Desktop/material-kai-vision-platform/src/services/moodboardAPI.ts",
	"owner": "eslint",
	"code": "@typescript-eslint/no-explicit-any",
	"severity": 4,
	"message": "Unexpected any. Specify a different type",
	"source": "eslint",
	"startLineNumber": 241,
	"startColumn": 29,
	"endLineNumber": 241,
	"endColumn": 29
},{
	"resource": "/c:/Users/basil/Desktop/material-kai-vision-platform/src/services/pdf/documentProcessingPipeline.ts",
	"owner": "eslint",
	"code": "import/order",
	"severity": 4,
	"message": "There should be at least one empty line between import groups",
	"source": "eslint",
	"startLineNumber": 1,
	"startColumn": 1,
	"endLineNumber": 1,
	"endColumn": 1
},{
	"resource": "/c:/Users/basil/Desktop/material-kai-vision-platform/src/services/pdf/documentProcessingPipeline.ts",
	"owner": "eslint",
	"code": "import/order",
	"severity": 4,
	"message": "`../../types/rag` import should occur before import of `./mivaaIntegrationService`",
	"source": "eslint",
	"startLineNumber": 7,
	"startColumn": 1,
	"endLineNumber": 7,
	"endColumn": 1
},{
	"resource": "/c:/Users/basil/Desktop/material-kai-vision-platform/src/services/pdf/documentProcessingPipeline.ts",
	"owner": "eslint",
	"code": "no-console",
	"severity": 4,
	"message": "Unexpected console statement",
	"source": "eslint",
	"startLineNumber": 55,
	"startColumn": 5,
	"endLineNumber": 55,
	"endColumn": 5
},{
	"resource": "/c:/Users/basil/Desktop/material-kai-vision-platform/src/services/pdf/documentProcessingPipeline.ts",
	"owner": "eslint",
	"code": "comma-dangle",
	"severity": 4,
	"message": "Missing trailing comma",
	"source": "eslint",
	"startLineNumber": 167,
	"startColumn": 27,
	"endLineNumber": 167,
	"endColumn": 27
},{
	"resource": "/c:/Users/basil/Desktop/material-kai-vision-platform/src/services/pdf/documentProcessingPipeline.ts",
	"owner": "eslint",
	"code": "comma-dangle",
	"severity": 4,
	"message": "Missing trailing comma",
	"source": "eslint",
	"startLineNumber": 201,
	"startColumn": 25,
	"endLineNumber": 201,
	"endColumn": 25
},{
	"resource": "/c:/Users/basil/Desktop/material-kai-vision-platform/src/services/pdf/documentProcessingPipeline.ts",
	"owner": "eslint",
	"code": "comma-dangle",
	"severity": 4,
	"message": "Missing trailing comma",
	"source": "eslint",
	"startLineNumber": 229,
	"startColumn": 25,
	"endLineNumber": 229,
	"endColumn": 25
},{
	"resource": "/c:/Users/basil/Desktop/material-kai-vision-platform/src/services/pdf/documentProcessingPipeline.ts",
	"owner": "eslint",
	"code": "comma-dangle",
	"severity": 4,
	"message": "Missing trailing comma",
	"source": "eslint",
	"startLineNumber": 437,
	"startColumn": 40,
	"endLineNumber": 437,
	"endColumn": 40
},{
	"resource": "/c:/Users/basil/Desktop/material-kai-vision-platform/src/services/pdf/mivaaIntegrationService.ts",
	"owner": "eslint",
	"code": "import/order",
	"severity": 4,
	"message": "There should be at least one empty line between import groups",
	"source": "eslint",
	"startLineNumber": 3,
	"startColumn": 1,
	"endLineNumber": 3,
	"endColumn": 1
},{
	"resource": "/c:/Users/basil/Desktop/material-kai-vision-platform/src/services/pdf/mivaaIntegrationService.ts",
	"owner": "eslint",
	"code": "import/order",
	"severity": 4,
	"message": "`../../types/rag` import should occur before import of `./documentProcessingPipeline`",
	"source": "eslint",
	"startLineNumber": 4,
	"startColumn": 1,
	"endLineNumber": 4,
	"endColumn": 1
},{
	"resource": "/c:/Users/basil/Desktop/material-kai-vision-platform/src/services/pdf/mivaaIntegrationService.ts",
	"owner": "eslint",
	"code": "comma-dangle",
	"severity": 4,
	"message": "Missing trailing comma",
	"source": "eslint",
	"startLineNumber": 367,
	"startColumn": 32,
	"endLineNumber": 367,
	"endColumn": 32
},{
	"resource": "/c:/Users/basil/Desktop/material-kai-vision-platform/src/services/pdf/mivaaIntegrationService.ts",
	"owner": "eslint",
	"code": "comma-dangle",
	"severity": 4,
	"message": "Missing trailing comma",
	"source": "eslint",
	"startLineNumber": 384,
	"startColumn": 32,
	"endLineNumber": 384,
	"endColumn": 32
},{
	"resource": "/c:/Users/basil/Desktop/material-kai-vision-platform/src/services/pdf/mivaaIntegrationService.ts",
	"owner": "eslint",
	"code": "@typescript-eslint/no-explicit-any",
	"severity": 4,
	"message": "Unexpected any. Specify a different type",
	"source": "eslint",
	"startLineNumber": 583,
	"startColumn": 65,
	"endLineNumber": 583,
	"endColumn": 65
},{
	"resource": "/c:/Users/basil/Desktop/material-kai-vision-platform/src/services/pdf/mivaaIntegrationService.ts",
	"owner": "eslint",
	"code": "@typescript-eslint/no-explicit-any",
	"severity": 4,
	"message": "Unexpected any. Specify a different type",
	"source": "eslint",
	"startLineNumber": 583,
	"startColumn": 79,
	"endLineNumber": 583,
	"endColumn": 79
},{
	"resource": "/c:/Users/basil/Desktop/material-kai-vision-platform/src/services/pdf/mivaaIntegrationService.ts",
	"owner": "eslint",
	"code": "@typescript-eslint/no-explicit-any",
	"severity": 4,
	"message": "Unexpected any. Specify a different type",
	"source": "eslint",
	"startLineNumber": 584,
	"startColumn": 41,
	"endLineNumber": 584,
	"endColumn": 41
},{
	"resource": "/c:/Users/basil/Desktop/material-kai-vision-platform/src/services/pdf/mivaaIntegrationService.ts",
	"owner": "eslint",
	"code": "@typescript-eslint/no-explicit-any",
	"severity": 4,
	"message": "Unexpected any. Specify a different type",
	"source": "eslint",
	"startLineNumber": 585,
	"startColumn": 41,
	"endLineNumber": 585,
	"endColumn": 41
},{
	"resource": "/c:/Users/basil/Desktop/material-kai-vision-platform/src/services/pdf/mivaaIntegrationService.ts",
	"owner": "eslint",
	"code": "comma-dangle",
	"severity": 4,
	"message": "Missing trailing comma",
	"source": "eslint",
	"startLineNumber": 602,
	"startColumn": 18,
	"endLineNumber": 602,
	"endColumn": 18
},{
	"resource": "/c:/Users/basil/Desktop/material-kai-vision-platform/src/services/pdf/mivaaIntegrationService.ts",
	"owner": "eslint",
	"code": "comma-dangle",
	"severity": 4,
	"message": "Missing trailing comma",
	"source": "eslint",
	"startLineNumber": 603,
	"startColumn": 11,
	"endLineNumber": 603,
	"endColumn": 11
},{
	"resource": "/c:/Users/basil/Desktop/material-kai-vision-platform/src/services/pdf/mivaaIntegrationService.ts",
	"owner": "eslint",
	"code": "no-console",
	"severity": 4,
	"message": "Unexpected console statement",
	"source": "eslint",
	"startLineNumber": 619,
	"startColumn": 7,
	"endLineNumber": 619,
	"endColumn": 7
},{
	"resource": "/c:/Users/basil/Desktop/material-kai-vision-platform/src/services/pdfContentService.ts",
	"owner": "eslint",
	"code": "no-console",
	"severity": 4,
	"message": "Unexpected console statement",
	"source": "eslint",
	"startLineNumber": 164,
	"startColumn": 7,
	"endLineNumber": 164,
	"endColumn": 7
},{
	"resource": "/c:/Users/basil/Desktop/material-kai-vision-platform/src/services/pdfContentService.ts",
	"owner": "eslint",
	"code": "@typescript-eslint/no-explicit-any",
	"severity": 4,
	"message": "Unexpected any. Specify a different type",
	"source": "eslint",
	"startLineNumber": 196,
	"startColumn": 38,
	"endLineNumber": 196,
	"endColumn": 38
},{
	"resource": "/c:/Users/basil/Desktop/material-kai-vision-platform/src/services/pdfContentService.ts",
	"owner": "eslint",
	"code": "no-console",
	"severity": 4,
	"message": "Unexpected console statement",
	"source": "eslint",
	"startLineNumber": 207,
	"startColumn": 7,
	"endLineNumber": 207,
	"endColumn": 7
},{
	"resource": "/c:/Users/basil/Desktop/material-kai-vision-platform/src/services/pdfContentService.ts",
	"owner": "eslint",
	"code": "no-console",
	"severity": 4,
	"message": "Unexpected console statement",
	"source": "eslint",
	"startLineNumber": 247,
	"startColumn": 7,
	"endLineNumber": 247,
	"endColumn": 7
},{
	"resource": "/c:/Users/basil/Desktop/material-kai-vision-platform/src/services/pdfContentService.ts",
	"owner": "eslint",
	"code": "@typescript-eslint/no-explicit-any",
	"severity": 4,
	"message": "Unexpected any. Specify a different type",
	"source": "eslint",
	"startLineNumber": 270,
	"startColumn": 43,
	"endLineNumber": 270,
	"endColumn": 43
},{
	"resource": "/c:/Users/basil/Desktop/material-kai-vision-platform/src/services/pdfContentService.ts",
	"owner": "eslint",
	"code": "no-console",
	"severity": 4,
	"message": "Unexpected console statement",
	"source": "eslint",
	"startLineNumber": 273,
	"startColumn": 11,
	"endLineNumber": 273,
	"endColumn": 11
},{
	"resource": "/c:/Users/basil/Desktop/material-kai-vision-platform/src/services/pdfContentService.ts",
	"owner": "eslint",
	"code": "@typescript-eslint/no-explicit-any",
	"severity": 4,
	"message": "Unexpected any. Specify a different type",
	"source": "eslint",
	"startLineNumber": 289,
	"startColumn": 34,
	"endLineNumber": 289,
	"endColumn": 34
},{
	"resource": "/c:/Users/basil/Desktop/material-kai-vision-platform/src/services/pdfContentService.ts",
	"owner": "eslint",
	"code": "@typescript-eslint/no-explicit-any",
	"severity": 4,
	"message": "Unexpected any. Specify a different type",
	"source": "eslint",
	"startLineNumber": 290,
	"startColumn": 49,
	"endLineNumber": 290,
	"endColumn": 49
},{
	"resource": "/c:/Users/basil/Desktop/material-kai-vision-platform/src/services/pdfContentService.ts",
	"owner": "eslint",
	"code": "no-console",
	"severity": 4,
	"message": "Unexpected console statement",
	"source": "eslint",
	"startLineNumber": 301,
	"startColumn": 7,
	"endLineNumber": 301,
	"endColumn": 7
},{
	"resource": "/c:/Users/basil/Desktop/material-kai-vision-platform/src/services/pdfContentService.ts",
	"owner": "eslint",
	"code": "no-console",
	"severity": 4,
	"message": "Unexpected console statement",
	"source": "eslint",
	"startLineNumber": 333,
	"startColumn": 7,
	"endLineNumber": 333,
	"endColumn": 7
},{
	"resource": "/c:/Users/basil/Desktop/material-kai-vision-platform/src/services/pdfContentService.ts",
	"owner": "eslint",
	"code": "@typescript-eslint/no-explicit-any",
	"severity": 4,
	"message": "Unexpected any. Specify a different type",
	"source": "eslint",
	"startLineNumber": 370,
	"startColumn": 52,
	"endLineNumber": 370,
	"endColumn": 52
},{
	"resource": "/c:/Users/basil/Desktop/material-kai-vision-platform/src/services/pdfContentService.ts",
	"owner": "eslint",
	"code": "@typescript-eslint/no-explicit-any",
	"severity": 4,
	"message": "Unexpected any. Specify a different type",
	"source": "eslint",
	"startLineNumber": 371,
	"startColumn": 51,
	"endLineNumber": 371,
	"endColumn": 51
},{
	"resource": "/c:/Users/basil/Desktop/material-kai-vision-platform/src/services/pdfContentService.ts",
	"owner": "eslint",
	"code": "@typescript-eslint/no-explicit-any",
	"severity": 4,
	"message": "Unexpected any. Specify a different type",
	"source": "eslint",
	"startLineNumber": 371,
	"startColumn": 59,
	"endLineNumber": 371,
	"endColumn": 59
},{
	"resource": "/c:/Users/basil/Desktop/material-kai-vision-platform/src/services/pdfContentService.ts",
	"owner": "eslint",
	"code": "@typescript-eslint/no-explicit-any",
	"severity": 4,
	"message": "Unexpected any. Specify a different type",
	"source": "eslint",
	"startLineNumber": 372,
	"startColumn": 48,
	"endLineNumber": 372,
	"endColumn": 48
},{
	"resource": "/c:/Users/basil/Desktop/material-kai-vision-platform/src/services/pdfContentService.ts",
	"owner": "eslint",
	"code": "@typescript-eslint/no-explicit-any",
	"severity": 4,
	"message": "Unexpected any. Specify a different type",
	"source": "eslint",
	"startLineNumber": 372,
	"startColumn": 56,
	"endLineNumber": 372,
	"endColumn": 56
},{
	"resource": "/c:/Users/basil/Desktop/material-kai-vision-platform/src/services/pdfContentService.ts",
	"owner": "eslint",
	"code": "@typescript-eslint/no-explicit-any",
	"severity": 4,
	"message": "Unexpected any. Specify a different type",
	"source": "eslint",
	"startLineNumber": 374,
	"startColumn": 19,
	"endLineNumber": 374,
	"endColumn": 19
},{
	"resource": "/c:/Users/basil/Desktop/material-kai-vision-platform/src/services/pdfContentService.ts",
	"owner": "eslint",
	"code": "@typescript-eslint/no-explicit-any",
	"severity": 4,
	"message": "Unexpected any. Specify a different type",
	"source": "eslint",
	"startLineNumber": 374,
	"startColumn": 27,
	"endLineNumber": 374,
	"endColumn": 27
},{
	"resource": "/c:/Users/basil/Desktop/material-kai-vision-platform/src/services/pdfContentService.ts",
	"owner": "eslint",
	"code": "no-console",
	"severity": 4,
	"message": "Unexpected console statement",
	"source": "eslint",
	"startLineNumber": 386,
	"startColumn": 7,
	"endLineNumber": 386,
	"endColumn": 7
},{
	"resource": "/c:/Users/basil/Desktop/material-kai-vision-platform/src/services/pdfImageService.ts",
	"owner": "eslint",
	"code": "no-trailing-spaces",
	"severity": 4,
	"message": "Trailing spaces not allowed",
	"source": "eslint",
	"startLineNumber": 3,
	"startColumn": 3,
	"endLineNumber": 3,
	"endColumn": 3
},{
	"resource": "/c:/Users/basil/Desktop/material-kai-vision-platform/src/services/pdfImageService.ts",
	"owner": "eslint",
	"code": "@typescript-eslint/no-explicit-any",
	"severity": 4,
	"message": "Unexpected any. Specify a different type",
	"source": "eslint",
	"startLineNumber": 25,
	"startColumn": 16,
	"endLineNumber": 25,
	"endColumn": 16
},{
	"resource": "/c:/Users/basil/Desktop/material-kai-vision-platform/src/services/pdfImageService.ts",
	"owner": "eslint",
	"code": "@typescript-eslint/no-explicit-any",
	"severity": 4,
	"message": "Unexpected any. Specify a different type",
	"source": "eslint",
	"startLineNumber": 26,
	"startColumn": 14,
	"endLineNumber": 26,
	"endColumn": 14
},{
	"resource": "/c:/Users/basil/Desktop/material-kai-vision-platform/src/services/pdfImageService.ts",
	"owner": "eslint",
	"code": "no-console",
	"severity": 4,
	"message": "Unexpected console statement",
	"source": "eslint",
	"startLineNumber": 88,
	"startColumn": 7,
	"endLineNumber": 88,
	"endColumn": 7
},{
	"resource": "/c:/Users/basil/Desktop/material-kai-vision-platform/src/services/pdfImageService.ts",
	"owner": "eslint",
	"code": "@typescript-eslint/no-explicit-any",
	"severity": 4,
	"message": "Unexpected any. Specify a different type",
	"source": "eslint",
	"startLineNumber": 120,
	"startColumn": 28,
	"endLineNumber": 120,
	"endColumn": 28
},{
	"resource": "/c:/Users/basil/Desktop/material-kai-vision-platform/src/services/pdfImageService.ts",
	"owner": "eslint",
	"code": "no-trailing-spaces",
	"severity": 4,
	"message": "Trailing spaces not allowed",
	"source": "eslint",
	"startLineNumber": 126,
	"startColumn": 1,
	"endLineNumber": 126,
	"endColumn": 1
},{
	"resource": "/c:/Users/basil/Desktop/material-kai-vision-platform/src/services/pdfImageService.ts",
	"owner": "eslint",
	"code": "no-console",
	"severity": 4,
	"message": "Unexpected console statement",
	"source": "eslint",
	"startLineNumber": 138,
	"startColumn": 7,
	"endLineNumber": 138,
	"endColumn": 7
},{
	"resource": "/c:/Users/basil/Desktop/material-kai-vision-platform/src/services/pdfImageService.ts",
	"owner": "eslint",
	"code": "no-console",
	"severity": 4,
	"message": "Unexpected console statement",
	"source": "eslint",
	"startLineNumber": 186,
	"startColumn": 7,
	"endLineNumber": 186,
	"endColumn": 7
},{
	"resource": "/c:/Users/basil/Desktop/material-kai-vision-platform/src/services/pdfImageService.ts",
	"owner": "eslint",
	"code": "no-trailing-spaces",
	"severity": 4,
	"message": "Trailing spaces not allowed",
	"source": "eslint",
	"startLineNumber": 203,
	"startColumn": 1,
	"endLineNumber": 203,
	"endColumn": 1
},{
	"resource": "/c:/Users/basil/Desktop/material-kai-vision-platform/src/services/pdfImageService.ts",
	"owner": "eslint",
	"code": "no-trailing-spaces",
	"severity": 4,
	"message": "Trailing spaces not allowed",
	"source": "eslint",
	"startLineNumber": 210,
	"startColumn": 1,
	"endLineNumber": 210,
	"endColumn": 1
},{
	"resource": "/c:/Users/basil/Desktop/material-kai-vision-platform/src/services/pdfImageService.ts",
	"owner": "eslint",
	"code": "no-console",
	"severity": 4,
	"message": "Unexpected console statement",
	"source": "eslint",
	"startLineNumber": 213,
	"startColumn": 7,
	"endLineNumber": 213,
	"endColumn": 7
},{
	"resource": "/c:/Users/basil/Desktop/material-kai-vision-platform/src/services/pdfImageService.ts",
	"owner": "eslint",
	"code": "comma-dangle",
	"severity": 4,
	"message": "Missing trailing comma",
	"source": "eslint",
	"startLineNumber": 227,
	"startColumn": 47,
	"endLineNumber": 227,
	"endColumn": 47
},{
	"resource": "/c:/Users/basil/Desktop/material-kai-vision-platform/src/services/pdfImageService.ts",
	"owner": "eslint",
	"code": "comma-dangle",
	"severity": 4,
	"message": "Missing trailing comma",
	"source": "eslint",
	"startLineNumber": 228,
	"startColumn": 10,
	"endLineNumber": 228,
	"endColumn": 10
},{
	"resource": "/c:/Users/basil/Desktop/material-kai-vision-platform/src/services/pdfImageService.ts",
	"owner": "eslint",
	"code": "no-console",
	"severity": 4,
	"message": "Unexpected console statement",
	"source": "eslint",
	"startLineNumber": 247,
	"startColumn": 7,
	"endLineNumber": 247,
	"endColumn": 7
},{
	"resource": "/c:/Users/basil/Desktop/material-kai-vision-platform/src/services/pdfImageService.ts",
	"owner": "eslint",
	"code": "no-trailing-spaces",
	"severity": 4,
	"message": "Trailing spaces not allowed",
	"source": "eslint",
	"startLineNumber": 256,
	"startColumn": 21,
	"endLineNumber": 256,
	"endColumn": 21
},{
	"resource": "/c:/Users/basil/Desktop/material-kai-vision-platform/src/services/pdfImageService.ts",
	"owner": "eslint",
	"code": "comma-dangle",
	"severity": 4,
	"message": "Missing trailing comma",
	"source": "eslint",
	"startLineNumber": 257,
	"startColumn": 76,
	"endLineNumber": 257,
	"endColumn": 76
},{
	"resource": "/c:/Users/basil/Desktop/material-kai-vision-platform/src/services/pdfImageService.ts",
	"owner": "eslint",
	"code": "no-console",
	"severity": 4,
	"message": "Unexpected console statement",
	"source": "eslint",
	"startLineNumber": 273,
	"startColumn": 7,
	"endLineNumber": 273,
	"endColumn": 7
},{
	"resource": "/c:/Users/basil/Desktop/material-kai-vision-platform/src/services/pdfImageService.ts",
	"owner": "eslint",
	"code": "no-console",
	"severity": 4,
	"message": "Unexpected console statement",
	"source": "eslint",
	"startLineNumber": 292,
	"startColumn": 7,
	"endLineNumber": 292,
	"endColumn": 7
},{
	"resource": "/c:/Users/basil/Desktop/material-kai-vision-platform/src/services/pdfImageService.ts",
	"owner": "eslint",
	"code": "no-console",
	"severity": 4,
	"message": "Unexpected console statement",
	"source": "eslint",
	"startLineNumber": 357,
	"startColumn": 7,
	"endLineNumber": 357,
	"endColumn": 7
},{
	"resource": "/c:/Users/basil/Desktop/material-kai-vision-platform/src/services/pdfImageService.ts",
	"owner": "eslint",
	"code": "@typescript-eslint/no-explicit-any",
	"severity": 4,
	"message": "Unexpected any. Specify a different type",
	"source": "eslint",
	"startLineNumber": 381,
	"startColumn": 46,
	"endLineNumber": 381,
	"endColumn": 46
},{
	"resource": "/c:/Users/basil/Desktop/material-kai-vision-platform/src/services/pdfImageService.ts",
	"owner": "eslint",
	"code": "no-console",
	"severity": 4,
	"message": "Unexpected console statement",
	"source": "eslint",
	"startLineNumber": 384,
	"startColumn": 7,
	"endLineNumber": 384,
	"endColumn": 7
},{
	"resource": "/c:/Users/basil/Desktop/material-kai-vision-platform/src/services/PerformanceOptimizationService.ts",
	"owner": "eslint",
	"code": "no-trailing-spaces",
	"severity": 4,
	"message": "Trailing spaces not allowed",
	"source": "eslint",
	"startLineNumber": 3,
	"startColumn": 3,
	"endLineNumber": 3,
	"endColumn": 3
},{
	"resource": "/c:/Users/basil/Desktop/material-kai-vision-platform/src/services/PerformanceOptimizationService.ts",
	"owner": "eslint",
	"code": "import/order",
	"severity": 4,
	"message": "There should be at least one empty line between import groups",
	"source": "eslint",
	"startLineNumber": 8,
	"startColumn": 1,
	"endLineNumber": 8,
	"endColumn": 1
},{
	"resource": "/c:/Users/basil/Desktop/material-kai-vision-platform/src/services/PerformanceOptimizationService.ts",
	"owner": "eslint",
	"code": "import/order",
	"severity": 4,
	"message": "`@/integrations/supabase/client` import should occur before import of `./base/BaseService`",
	"source": "eslint",
	"startLineNumber": 9,
	"startColumn": 1,
	"endLineNumber": 9,
	"endColumn": 1
},{
	"resource": "/c:/Users/basil/Desktop/material-kai-vision-platform/src/services/PerformanceOptimizationService.ts",
	"owner": "eslint",
	"code": "@typescript-eslint/no-unused-vars",
	"severity": 4,
	"message": "'supabase' is defined but never used. Allowed unused vars must match /^_/u",
	"source": "eslint",
	"startLineNumber": 9,
	"startColumn": 10,
	"endLineNumber": 9,
	"endColumn": 10
},{
	"resource": "/c:/Users/basil/Desktop/material-kai-vision-platform/src/services/PerformanceOptimizationService.ts",
	"owner": "eslint",
	"code": "@typescript-eslint/no-explicit-any",
	"severity": 4,
	"message": "Unexpected any. Specify a different type",
	"source": "eslint",
	"startLineNumber": 78,
	"startColumn": 45,
	"endLineNumber": 78,
	"endColumn": 45
},{
	"resource": "/c:/Users/basil/Desktop/material-kai-vision-platform/src/services/PerformanceOptimizationService.ts",
	"owner": "eslint",
	"code": "@typescript-eslint/no-explicit-any",
	"severity": 4,
	"message": "Unexpected any. Specify a different type",
	"source": "eslint",
	"startLineNumber": 93,
	"startColumn": 19,
	"endLineNumber": 93,
	"endColumn": 19
},{
	"resource": "/c:/Users/basil/Desktop/material-kai-vision-platform/src/services/PerformanceOptimizationService.ts",
	"owner": "eslint",
	"code": "@typescript-eslint/no-unused-vars",
	"severity": 4,
	"message": "'workspaceId' is defined but never used. Allowed unused args must match /^_/u",
	"source": "eslint",
	"startLineNumber": 206,
	"startColumn": 35,
	"endLineNumber": 206,
	"endColumn": 35
},{
	"resource": "/c:/Users/basil/Desktop/material-kai-vision-platform/src/services/PerformanceOptimizationService.ts",
	"owner": "eslint",
	"code": "@typescript-eslint/no-unused-vars",
	"severity": 4,
	"message": "'workspaceId' is defined but never used. Allowed unused args must match /^_/u",
	"source": "eslint",
	"startLineNumber": 211,
	"startColumn": 34,
	"endLineNumber": 211,
	"endColumn": 34
},{
	"resource": "/c:/Users/basil/Desktop/material-kai-vision-platform/src/services/PerformanceOptimizationService.ts",
	"owner": "eslint",
	"code": "@typescript-eslint/no-unused-vars",
	"severity": 4,
	"message": "'workspaceId' is defined but never used. Allowed unused args must match /^_/u",
	"source": "eslint",
	"startLineNumber": 221,
	"startColumn": 42,
	"endLineNumber": 221,
	"endColumn": 42
},{
	"resource": "/c:/Users/basil/Desktop/material-kai-vision-platform/src/services/PerformanceOptimizationService.ts",
	"owner": "eslint",
	"code": "comma-dangle",
	"severity": 4,
	"message": "Missing trailing comma",
	"source": "eslint",
	"startLineNumber": 233,
	"startColumn": 50,
	"endLineNumber": 233,
	"endColumn": 50
},{
	"resource": "/c:/Users/basil/Desktop/material-kai-vision-platform/src/services/ProductEnrichmentService.ts",
	"owner": "eslint",
	"code": "import/order",
	"severity": 4,
	"message": "There should be at least one empty line between import groups",
	"source": "eslint",
	"startLineNumber": 6,
	"startColumn": 1,
	"endLineNumber": 6,
	"endColumn": 1
},{
	"resource": "/c:/Users/basil/Desktop/material-kai-vision-platform/src/services/ProductEnrichmentService.ts",
	"owner": "eslint",
	"code": "import/order",
	"severity": 4,
	"message": "There should be at least one empty line between import groups",
	"source": "eslint",
	"startLineNumber": 7,
	"startColumn": 1,
	"endLineNumber": 7,
	"endColumn": 1
},{
	"resource": "/c:/Users/basil/Desktop/material-kai-vision-platform/src/services/ProductEnrichmentService.ts",
	"owner": "eslint",
	"code": "import/order",
	"severity": 4,
	"message": "`@/types/product-enrichment` import should occur before import of `./base/BaseService`",
	"source": "eslint",
	"startLineNumber": 8,
	"startColumn": 1,
	"endLineNumber": 8,
	"endColumn": 1
},{
	"resource": "/c:/Users/basil/Desktop/material-kai-vision-platform/src/services/ProductEnrichmentService.ts",
	"owner": "eslint",
	"code": "@typescript-eslint/no-unused-vars",
	"severity": 4,
	"message": "'ProductEnrichmentUpdate' is defined but never used. Allowed unused vars must match /^_/u",
	"source": "eslint",
	"startLineNumber": 11,
	"startColumn": 3,
	"endLineNumber": 11,
	"endColumn": 3
},{
	"resource": "/c:/Users/basil/Desktop/material-kai-vision-platform/src/services/ProductEnrichmentService.ts",
	"owner": "eslint",
	"code": "no-console",
	"severity": 4,
	"message": "Unexpected console statement",
	"source": "eslint",
	"startLineNumber": 63,
	"startColumn": 5,
	"endLineNumber": 63,
	"endColumn": 5
},{
	"resource": "/c:/Users/basil/Desktop/material-kai-vision-platform/src/services/ProductEnrichmentService.ts",
	"owner": "eslint",
	"code": "comma-dangle",
	"severity": 4,
	"message": "Missing trailing comma",
	"source": "eslint",
	"startLineNumber": 100,
	"startColumn": 24,
	"endLineNumber": 100,
	"endColumn": 24
},{
	"resource": "/c:/Users/basil/Desktop/material-kai-vision-platform/src/services/ProductEnrichmentService.ts",
	"owner": "eslint",
	"code": "no-console",
	"severity": 4,
	"message": "Unexpected console statement",
	"source": "eslint",
	"startLineNumber": 182,
	"startColumn": 11,
	"endLineNumber": 182,
	"endColumn": 11
},{
	"resource": "/c:/Users/basil/Desktop/material-kai-vision-platform/src/services/ProductEnrichmentService.ts",
	"owner": "eslint",
	"code": "@typescript-eslint/no-explicit-any",
	"severity": 4,
	"message": "Unexpected any. Specify a different type",
	"source": "eslint",
	"startLineNumber": 330,
	"startColumn": 15,
	"endLineNumber": 330,
	"endColumn": 15
},{
	"resource": "/c:/Users/basil/Desktop/material-kai-vision-platform/src/services/ProductEnrichmentService.ts",
	"owner": "eslint",
	"code": "@typescript-eslint/no-explicit-any",
	"severity": 4,
	"message": "Unexpected any. Specify a different type",
	"source": "eslint",
	"startLineNumber": 331,
	"startColumn": 21,
	"endLineNumber": 331,
	"endColumn": 21
},{
	"resource": "/c:/Users/basil/Desktop/material-kai-vision-platform/src/services/ProductEnrichmentService.ts",
	"owner": "eslint",
	"code": "@typescript-eslint/no-explicit-any",
	"severity": 4,
	"message": "Unexpected any. Specify a different type",
	"source": "eslint",
	"startLineNumber": 332,
	"startColumn": 13,
	"endLineNumber": 332,
	"endColumn": 13
},{
	"resource": "/c:/Users/basil/Desktop/material-kai-vision-platform/src/services/ProductEnrichmentService.ts",
	"owner": "eslint",
	"code": "comma-dangle",
	"severity": 4,
	"message": "Missing trailing comma",
	"source": "eslint",
	"startLineNumber": 332,
	"startColumn": 16,
	"endLineNumber": 332,
	"endColumn": 16
},{
	"resource": "/c:/Users/basil/Desktop/material-kai-vision-platform/src/services/productEntityService.ts",
	"owner": "eslint",
	"code": "@typescript-eslint/no-explicit-any",
	"severity": 4,
	"message": "Unexpected any. Specify a different type",
	"source": "eslint",
	"startLineNumber": 30,
	"startColumn": 15,
	"endLineNumber": 30,
	"endColumn": 15
},{
	"resource": "/c:/Users/basil/Desktop/material-kai-vision-platform/src/services/productEntityService.ts",
	"owner": "eslint",
	"code": "comma-dangle",
	"severity": 4,
	"message": "Missing trailing comma",
	"source": "eslint",
	"startLineNumber": 42,
	"startColumn": 45,
	"endLineNumber": 42,
	"endColumn": 45
},{
	"resource": "/c:/Users/basil/Desktop/material-kai-vision-platform/src/services/productEntityService.ts",
	"owner": "eslint",
	"code": "no-console",
	"severity": 4,
	"message": "Unexpected console statement",
	"source": "eslint",
	"startLineNumber": 44,
	"startColumn": 5,
	"endLineNumber": 44,
	"endColumn": 5
},{
	"resource": "/c:/Users/basil/Desktop/material-kai-vision-platform/src/services/productEntityService.ts",
	"owner": "eslint",
	"code": "comma-dangle",
	"severity": 4,
	"message": "Missing trailing comma",
	"source": "eslint",
	"startLineNumber": 63,
	"startColumn": 52,
	"endLineNumber": 63,
	"endColumn": 52
},{
	"resource": "/c:/Users/basil/Desktop/material-kai-vision-platform/src/services/productEntityService.ts",
	"owner": "eslint",
	"code": "no-console",
	"severity": 4,
	"message": "Unexpected console statement",
	"source": "eslint",
	"startLineNumber": 68,
	"startColumn": 13,
	"endLineNumber": 68,
	"endColumn": 13
},{
	"resource": "/c:/Users/basil/Desktop/material-kai-vision-platform/src/services/productEntityService.ts",
	"owner": "eslint",
	"code": "no-console",
	"severity": 4,
	"message": "Unexpected console statement",
	"source": "eslint",
	"startLineNumber": 70,
	"startColumn": 13,
	"endLineNumber": 70,
	"endColumn": 13
},{
	"resource": "/c:/Users/basil/Desktop/material-kai-vision-platform/src/services/productEntityService.ts",
	"owner": "eslint",
	"code": "no-console",
	"severity": 4,
	"message": "Unexpected console statement",
	"source": "eslint",
	"startLineNumber": 73,
	"startColumn": 11,
	"endLineNumber": 73,
	"endColumn": 11
},{
	"resource": "/c:/Users/basil/Desktop/material-kai-vision-platform/src/services/productEntityService.ts",
	"owner": "eslint",
	"code": "quotes",
	"severity": 4,
	"message": "Strings must use singlequote",
	"source": "eslint",
	"startLineNumber": 73,
	"startColumn": 24,
	"endLineNumber": 73,
	"endColumn": 24
},{
	"resource": "/c:/Users/basil/Desktop/material-kai-vision-platform/src/services/productEntityService.ts",
	"owner": "eslint",
	"code": "no-console",
	"severity": 4,
	"message": "Unexpected console statement",
	"source": "eslint",
	"startLineNumber": 77,
	"startColumn": 7,
	"endLineNumber": 77,
	"endColumn": 7
},{
	"resource": "/c:/Users/basil/Desktop/material-kai-vision-platform/src/services/productEntityService.ts",
	"owner": "eslint",
	"code": "no-console",
	"severity": 4,
	"message": "Unexpected console statement",
	"source": "eslint",
	"startLineNumber": 80,
	"startColumn": 7,
	"endLineNumber": 80,
	"endColumn": 7
},{
	"resource": "/c:/Users/basil/Desktop/material-kai-vision-platform/src/services/productEntityService.ts",
	"owner": "eslint",
	"code": "comma-dangle",
	"severity": 4,
	"message": "Missing trailing comma",
	"source": "eslint",
	"startLineNumber": 92,
	"startColumn": 45,
	"endLineNumber": 92,
	"endColumn": 45
},{
	"resource": "/c:/Users/basil/Desktop/material-kai-vision-platform/src/services/productEntityService.ts",
	"owner": "eslint",
	"code": "no-console",
	"severity": 4,
	"message": "Unexpected console statement",
	"source": "eslint",
	"startLineNumber": 94,
	"startColumn": 5,
	"endLineNumber": 94,
	"endColumn": 5
},{
	"resource": "/c:/Users/basil/Desktop/material-kai-vision-platform/src/services/productEntityService.ts",
	"owner": "eslint",
	"code": "@typescript-eslint/no-unused-vars",
	"severity": 4,
	"message": "'relevanceScore' is assigned a value but never used. Allowed unused vars must match /^_/u",
	"source": "eslint",
	"startLineNumber": 104,
	"startColumn": 17,
	"endLineNumber": 104,
	"endColumn": 17
},{
	"resource": "/c:/Users/basil/Desktop/material-kai-vision-platform/src/services/productEntityService.ts",
	"owner": "eslint",
	"code": "comma-dangle",
	"severity": 4,
	"message": "Missing trailing comma",
	"source": "eslint",
	"startLineNumber": 115,
	"startColumn": 52,
	"endLineNumber": 115,
	"endColumn": 52
},{
	"resource": "/c:/Users/basil/Desktop/material-kai-vision-platform/src/services/productEntityService.ts",
	"owner": "eslint",
	"code": "no-console",
	"severity": 4,
	"message": "Unexpected console statement",
	"source": "eslint",
	"startLineNumber": 120,
	"startColumn": 13,
	"endLineNumber": 120,
	"endColumn": 13
},{
	"resource": "/c:/Users/basil/Desktop/material-kai-vision-platform/src/services/productEntityService.ts",
	"owner": "eslint",
	"code": "no-console",
	"severity": 4,
	"message": "Unexpected console statement",
	"source": "eslint",
	"startLineNumber": 122,
	"startColumn": 13,
	"endLineNumber": 122,
	"endColumn": 13
},{
	"resource": "/c:/Users/basil/Desktop/material-kai-vision-platform/src/services/productEntityService.ts",
	"owner": "eslint",
	"code": "no-console",
	"severity": 4,
	"message": "Unexpected console statement",
	"source": "eslint",
	"startLineNumber": 125,
	"startColumn": 11,
	"endLineNumber": 125,
	"endColumn": 11
},{
	"resource": "/c:/Users/basil/Desktop/material-kai-vision-platform/src/services/productEntityService.ts",
	"owner": "eslint",
	"code": "quotes",
	"severity": 4,
	"message": "Strings must use singlequote",
	"source": "eslint",
	"startLineNumber": 125,
	"startColumn": 24,
	"endLineNumber": 125,
	"endColumn": 24
},{
	"resource": "/c:/Users/basil/Desktop/material-kai-vision-platform/src/services/productEntityService.ts",
	"owner": "eslint",
	"code": "no-console",
	"severity": 4,
	"message": "Unexpected console statement",
	"source": "eslint",
	"startLineNumber": 129,
	"startColumn": 7,
	"endLineNumber": 129,
	"endColumn": 7
},{
	"resource": "/c:/Users/basil/Desktop/material-kai-vision-platform/src/services/productEntityService.ts",
	"owner": "eslint",
	"code": "no-console",
	"severity": 4,
	"message": "Unexpected console statement",
	"source": "eslint",
	"startLineNumber": 132,
	"startColumn": 7,
	"endLineNumber": 132,
	"endColumn": 7
},{
	"resource": "/c:/Users/basil/Desktop/material-kai-vision-platform/src/services/productEntityService.ts",
	"owner": "eslint",
	"code": "comma-dangle",
	"severity": 4,
	"message": "Missing trailing comma",
	"source": "eslint",
	"startLineNumber": 142,
	"startColumn": 112,
	"endLineNumber": 142,
	"endColumn": 112
},{
	"resource": "/c:/Users/basil/Desktop/material-kai-vision-platform/src/services/productEntityService.ts",
	"owner": "eslint",
	"code": "no-console",
	"severity": 4,
	"message": "Unexpected console statement",
	"source": "eslint",
	"startLineNumber": 144,
	"startColumn": 5,
	"endLineNumber": 144,
	"endColumn": 5
},{
	"resource": "/c:/Users/basil/Desktop/material-kai-vision-platform/src/services/productEntityService.ts",
	"owner": "eslint",
	"code": "no-console",
	"severity": 4,
	"message": "Unexpected console statement",
	"source": "eslint",
	"startLineNumber": 165,
	"startColumn": 13,
	"endLineNumber": 165,
	"endColumn": 13
},{
	"resource": "/c:/Users/basil/Desktop/material-kai-vision-platform/src/services/productEntityService.ts",
	"owner": "eslint",
	"code": "no-console",
	"severity": 4,
	"message": "Unexpected console statement",
	"source": "eslint",
	"startLineNumber": 167,
	"startColumn": 13,
	"endLineNumber": 167,
	"endColumn": 13
},{
	"resource": "/c:/Users/basil/Desktop/material-kai-vision-platform/src/services/productEntityService.ts",
	"owner": "eslint",
	"code": "no-console",
	"severity": 4,
	"message": "Unexpected console statement",
	"source": "eslint",
	"startLineNumber": 170,
	"startColumn": 11,
	"endLineNumber": 170,
	"endColumn": 11
},{
	"resource": "/c:/Users/basil/Desktop/material-kai-vision-platform/src/services/productEntityService.ts",
	"owner": "eslint",
	"code": "quotes",
	"severity": 4,
	"message": "Strings must use singlequote",
	"source": "eslint",
	"startLineNumber": 170,
	"startColumn": 24,
	"endLineNumber": 170,
	"endColumn": 24
},{
	"resource": "/c:/Users/basil/Desktop/material-kai-vision-platform/src/services/productEntityService.ts",
	"owner": "eslint",
	"code": "no-console",
	"severity": 4,
	"message": "Unexpected console statement",
	"source": "eslint",
	"startLineNumber": 174,
	"startColumn": 7,
	"endLineNumber": 174,
	"endColumn": 7
},{
	"resource": "/c:/Users/basil/Desktop/material-kai-vision-platform/src/services/productEntityService.ts",
	"owner": "eslint",
	"code": "no-console",
	"severity": 4,
	"message": "Unexpected console statement",
	"source": "eslint",
	"startLineNumber": 177,
	"startColumn": 7,
	"endLineNumber": 177,
	"endColumn": 7
},{
	"resource": "/c:/Users/basil/Desktop/material-kai-vision-platform/src/services/productEntityService.ts",
	"owner": "eslint",
	"code": "no-console",
	"severity": 4,
	"message": "Unexpected console statement",
	"source": "eslint",
	"startLineNumber": 186,
	"startColumn": 5,
	"endLineNumber": 186,
	"endColumn": 5
},{
	"resource": "/c:/Users/basil/Desktop/material-kai-vision-platform/src/services/productEntityService.ts",
	"owner": "eslint",
	"code": "no-console",
	"severity": 4,
	"message": "Unexpected console statement",
	"source": "eslint",
	"startLineNumber": 236,
	"startColumn": 7,
	"endLineNumber": 236,
	"endColumn": 7
},{
	"resource": "/c:/Users/basil/Desktop/material-kai-vision-platform/src/services/productEntityService.ts",
	"owner": "eslint",
	"code": "quotes",
	"severity": 4,
	"message": "Strings must use singlequote",
	"source": "eslint",
	"startLineNumber": 236,
	"startColumn": 19,
	"endLineNumber": 236,
	"endColumn": 19
},{
	"resource": "/c:/Users/basil/Desktop/material-kai-vision-platform/src/services/productEntityService.ts",
	"owner": "eslint",
	"code": "no-console",
	"severity": 4,
	"message": "Unexpected console statement",
	"source": "eslint",
	"startLineNumber": 237,
	"startColumn": 7,
	"endLineNumber": 237,
	"endColumn": 7
},{
	"resource": "/c:/Users/basil/Desktop/material-kai-vision-platform/src/services/productEntityService.ts",
	"owner": "eslint",
	"code": "no-console",
	"severity": 4,
	"message": "Unexpected console statement",
	"source": "eslint",
	"startLineNumber": 238,
	"startColumn": 7,
	"endLineNumber": 238,
	"endColumn": 7
},{
	"resource": "/c:/Users/basil/Desktop/material-kai-vision-platform/src/services/productEntityService.ts",
	"owner": "eslint",
	"code": "no-console",
	"severity": 4,
	"message": "Unexpected console statement",
	"source": "eslint",
	"startLineNumber": 239,
	"startColumn": 7,
	"endLineNumber": 239,
	"endColumn": 7
},{
	"resource": "/c:/Users/basil/Desktop/material-kai-vision-platform/src/services/productEntityService.ts",
	"owner": "eslint",
	"code": "no-console",
	"severity": 4,
	"message": "Unexpected console statement",
	"source": "eslint",
	"startLineNumber": 240,
	"startColumn": 7,
	"endLineNumber": 240,
	"endColumn": 7
},{
	"resource": "/c:/Users/basil/Desktop/material-kai-vision-platform/src/services/productEntityService.ts",
	"owner": "eslint",
	"code": "no-console",
	"severity": 4,
	"message": "Unexpected console statement",
	"source": "eslint",
	"startLineNumber": 250,
	"startColumn": 7,
	"endLineNumber": 250,
	"endColumn": 7
},{
	"resource": "/c:/Users/basil/Desktop/material-kai-vision-platform/src/services/productEntityService.ts",
	"owner": "eslint",
	"code": "no-console",
	"severity": 4,
	"message": "Unexpected console statement",
	"source": "eslint",
	"startLineNumber": 259,
	"startColumn": 5,
	"endLineNumber": 259,
	"endColumn": 5
},{
	"resource": "/c:/Users/basil/Desktop/material-kai-vision-platform/src/services/productEntityService.ts",
	"owner": "eslint",
	"code": "quotes",
	"severity": 4,
	"message": "Strings must use singlequote",
	"source": "eslint",
	"startLineNumber": 259,
	"startColumn": 17,
	"endLineNumber": 259,
	"endColumn": 17
},{
	"resource": "/c:/Users/basil/Desktop/material-kai-vision-platform/src/services/productEntityService.ts",
	"owner": "eslint",
	"code": "no-console",
	"severity": 4,
	"message": "Unexpected console statement",
	"source": "eslint",
	"startLineNumber": 271,
	"startColumn": 7,
	"endLineNumber": 271,
	"endColumn": 7
},{
	"resource": "/c:/Users/basil/Desktop/material-kai-vision-platform/src/services/productEntityService.ts",
	"owner": "eslint",
	"code": "no-console",
	"severity": 4,
	"message": "Unexpected console statement",
	"source": "eslint",
	"startLineNumber": 280,
	"startColumn": 11,
	"endLineNumber": 280,
	"endColumn": 11
},{
	"resource": "/c:/Users/basil/Desktop/material-kai-vision-platform/src/services/productEntityService.ts",
	"owner": "eslint",
	"code": "no-console",
	"severity": 4,
	"message": "Unexpected console statement",
	"source": "eslint",
	"startLineNumber": 284,
	"startColumn": 7,
	"endLineNumber": 284,
	"endColumn": 7
},{
	"resource": "/c:/Users/basil/Desktop/material-kai-vision-platform/src/services/productEntityService.ts",
	"owner": "eslint",
	"code": "no-console",
	"severity": 4,
	"message": "Unexpected console statement",
	"source": "eslint",
	"startLineNumber": 287,
	"startColumn": 7,
	"endLineNumber": 287,
	"endColumn": 7
},{
	"resource": "/c:/Users/basil/Desktop/material-kai-vision-platform/src/services/productEntityService.ts",
	"owner": "eslint",
	"code": "no-console",
	"severity": 4,
	"message": "Unexpected console statement",
	"source": "eslint",
	"startLineNumber": 296,
	"startColumn": 5,
	"endLineNumber": 296,
	"endColumn": 5
},{
	"resource": "/c:/Users/basil/Desktop/material-kai-vision-platform/src/services/productEntityService.ts",
	"owner": "eslint",
	"code": "quotes",
	"severity": 4,
	"message": "Strings must use singlequote",
	"source": "eslint",
	"startLineNumber": 296,
	"startColumn": 17,
	"endLineNumber": 296,
	"endColumn": 17
},{
	"resource": "/c:/Users/basil/Desktop/material-kai-vision-platform/src/services/productEntityService.ts",
	"owner": "eslint",
	"code": "no-console",
	"severity": 4,
	"message": "Unexpected console statement",
	"source": "eslint",
	"startLineNumber": 305,
	"startColumn": 7,
	"endLineNumber": 305,
	"endColumn": 7
},{
	"resource": "/c:/Users/basil/Desktop/material-kai-vision-platform/src/services/productEntityService.ts",
	"owner": "eslint",
	"code": "no-console",
	"severity": 4,
	"message": "Unexpected console statement",
	"source": "eslint",
	"startLineNumber": 308,
	"startColumn": 7,
	"endLineNumber": 308,
	"endColumn": 7
},{
	"resource": "/c:/Users/basil/Desktop/material-kai-vision-platform/src/services/productEntityService.ts",
	"owner": "eslint",
	"code": "no-console",
	"severity": 4,
	"message": "Unexpected console statement",
	"source": "eslint",
	"startLineNumber": 317,
	"startColumn": 5,
	"endLineNumber": 317,
	"endColumn": 5
},{
	"resource": "/c:/Users/basil/Desktop/material-kai-vision-platform/src/services/productEntityService.ts",
	"owner": "eslint",
	"code": "quotes",
	"severity": 4,
	"message": "Strings must use singlequote",
	"source": "eslint",
	"startLineNumber": 317,
	"startColumn": 17,
	"endLineNumber": 317,
	"endColumn": 17
},{
	"resource": "/c:/Users/basil/Desktop/material-kai-vision-platform/src/services/productEntityService.ts",
	"owner": "eslint",
	"code": "no-console",
	"severity": 4,
	"message": "Unexpected console statement",
	"source": "eslint",
	"startLineNumber": 326,
	"startColumn": 7,
	"endLineNumber": 326,
	"endColumn": 7
},{
	"resource": "/c:/Users/basil/Desktop/material-kai-vision-platform/src/services/productEntityService.ts",
	"owner": "eslint",
	"code": "no-console",
	"severity": 4,
	"message": "Unexpected console statement",
	"source": "eslint",
	"startLineNumber": 329,
	"startColumn": 7,
	"endLineNumber": 329,
	"endColumn": 7
},{
	"resource": "/c:/Users/basil/Desktop/material-kai-vision-platform/src/services/productEntityService.ts",
	"owner": "eslint",
	"code": "@typescript-eslint/no-explicit-any",
	"severity": 4,
	"message": "Unexpected any. Specify a different type",
	"source": "eslint",
	"startLineNumber": 337,
	"startColumn": 44,
	"endLineNumber": 337,
	"endColumn": 44
},{
	"resource": "/c:/Users/basil/Desktop/material-kai-vision-platform/src/services/productEntityService.ts",
	"owner": "eslint",
	"code": "no-console",
	"severity": 4,
	"message": "Unexpected console statement",
	"source": "eslint",
	"startLineNumber": 338,
	"startColumn": 5,
	"endLineNumber": 338,
	"endColumn": 5
},{
	"resource": "/c:/Users/basil/Desktop/material-kai-vision-platform/src/services/productEntityService.ts",
	"owner": "eslint",
	"code": "quotes",
	"severity": 4,
	"message": "Strings must use singlequote",
	"source": "eslint",
	"startLineNumber": 338,
	"startColumn": 17,
	"endLineNumber": 338,
	"endColumn": 17
},{
	"resource": "/c:/Users/basil/Desktop/material-kai-vision-platform/src/services/productEntityService.ts",
	"owner": "eslint",
	"code": "no-console",
	"severity": 4,
	"message": "Unexpected console statement",
	"source": "eslint",
	"startLineNumber": 347,
	"startColumn": 7,
	"endLineNumber": 347,
	"endColumn": 7
},{
	"resource": "/c:/Users/basil/Desktop/material-kai-vision-platform/src/services/productEntityService.ts",
	"owner": "eslint",
	"code": "no-console",
	"severity": 4,
	"message": "Unexpected console statement",
	"source": "eslint",
	"startLineNumber": 350,
	"startColumn": 7,
	"endLineNumber": 350,
	"endColumn": 7
},{
	"resource": "/c:/Users/basil/Desktop/material-kai-vision-platform/src/services/productEntityService.ts",
	"owner": "eslint",
	"code": "@typescript-eslint/no-explicit-any",
	"severity": 4,
	"message": "Unexpected any. Specify a different type",
	"source": "eslint",
	"startLineNumber": 358,
	"startColumn": 51,
	"endLineNumber": 358,
	"endColumn": 51
},{
	"resource": "/c:/Users/basil/Desktop/material-kai-vision-platform/src/services/productEntityService.ts",
	"owner": "eslint",
	"code": "no-console",
	"severity": 4,
	"message": "Unexpected console statement",
	"source": "eslint",
	"startLineNumber": 359,
	"startColumn": 5,
	"endLineNumber": 359,
	"endColumn": 5
},{
	"resource": "/c:/Users/basil/Desktop/material-kai-vision-platform/src/services/productEntityService.ts",
	"owner": "eslint",
	"code": "quotes",
	"severity": 4,
	"message": "Strings must use singlequote",
	"source": "eslint",
	"startLineNumber": 359,
	"startColumn": 17,
	"endLineNumber": 359,
	"endColumn": 17
},{
	"resource": "/c:/Users/basil/Desktop/material-kai-vision-platform/src/services/productEntityService.ts",
	"owner": "eslint",
	"code": "no-console",
	"severity": 4,
	"message": "Unexpected console statement",
	"source": "eslint",
	"startLineNumber": 368,
	"startColumn": 7,
	"endLineNumber": 368,
	"endColumn": 7
},{
	"resource": "/c:/Users/basil/Desktop/material-kai-vision-platform/src/services/productEntityService.ts",
	"owner": "eslint",
	"code": "no-console",
	"severity": 4,
	"message": "Unexpected console statement",
	"source": "eslint",
	"startLineNumber": 371,
	"startColumn": 7,
	"endLineNumber": 371,
	"endColumn": 7
},{
	"resource": "/c:/Users/basil/Desktop/material-kai-vision-platform/src/services/productEntityService.ts",
	"owner": "eslint",
	"code": "no-console",
	"severity": 4,
	"message": "Unexpected console statement",
	"source": "eslint",
	"startLineNumber": 380,
	"startColumn": 5,
	"endLineNumber": 380,
	"endColumn": 5
},{
	"resource": "/c:/Users/basil/Desktop/material-kai-vision-platform/src/services/productEntityService.ts",
	"owner": "eslint",
	"code": "quotes",
	"severity": 4,
	"message": "Strings must use singlequote",
	"source": "eslint",
	"startLineNumber": 380,
	"startColumn": 17,
	"endLineNumber": 380,
	"endColumn": 17
},{
	"resource": "/c:/Users/basil/Desktop/material-kai-vision-platform/src/services/productEntityService.ts",
	"owner": "eslint",
	"code": "no-console",
	"severity": 4,
	"message": "Unexpected console statement",
	"source": "eslint",
	"startLineNumber": 389,
	"startColumn": 7,
	"endLineNumber": 389,
	"endColumn": 7
},{
	"resource": "/c:/Users/basil/Desktop/material-kai-vision-platform/src/services/productEntityService.ts",
	"owner": "eslint",
	"code": "no-console",
	"severity": 4,
	"message": "Unexpected console statement",
	"source": "eslint",
	"startLineNumber": 392,
	"startColumn": 7,
	"endLineNumber": 392,
	"endColumn": 7
},{
	"resource": "/c:/Users/basil/Desktop/material-kai-vision-platform/src/services/productEntityService.ts",
	"owner": "eslint",
	"code": "no-console",
	"severity": 4,
	"message": "Unexpected console statement",
	"source": "eslint",
	"startLineNumber": 401,
	"startColumn": 5,
	"endLineNumber": 401,
	"endColumn": 5
},{
	"resource": "/c:/Users/basil/Desktop/material-kai-vision-platform/src/services/productEntityService.ts",
	"owner": "eslint",
	"code": "quotes",
	"severity": 4,
	"message": "Strings must use singlequote",
	"source": "eslint",
	"startLineNumber": 401,
	"startColumn": 17,
	"endLineNumber": 401,
	"endColumn": 17
},{
	"resource": "/c:/Users/basil/Desktop/material-kai-vision-platform/src/services/productEntityService.ts",
	"owner": "eslint",
	"code": "no-console",
	"severity": 4,
	"message": "Unexpected console statement",
	"source": "eslint",
	"startLineNumber": 410,
	"startColumn": 7,
	"endLineNumber": 410,
	"endColumn": 7
},{
	"resource": "/c:/Users/basil/Desktop/material-kai-vision-platform/src/services/productEntityService.ts",
	"owner": "eslint",
	"code": "no-console",
	"severity": 4,
	"message": "Unexpected console statement",
	"source": "eslint",
	"startLineNumber": 413,
	"startColumn": 7,
	"endLineNumber": 413,
	"endColumn": 7
},{
	"resource": "/c:/Users/basil/Desktop/material-kai-vision-platform/src/services/productEntityService.ts",
	"owner": "eslint",
	"code": "no-console",
	"severity": 4,
	"message": "Unexpected console statement",
	"source": "eslint",
	"startLineNumber": 422,
	"startColumn": 5,
	"endLineNumber": 422,
	"endColumn": 5
},{
	"resource": "/c:/Users/basil/Desktop/material-kai-vision-platform/src/services/productEntityService.ts",
	"owner": "eslint",
	"code": "quotes",
	"severity": 4,
	"message": "Strings must use singlequote",
	"source": "eslint",
	"startLineNumber": 422,
	"startColumn": 17,
	"endLineNumber": 422,
	"endColumn": 17
},{
	"resource": "/c:/Users/basil/Desktop/material-kai-vision-platform/src/services/productEntityService.ts",
	"owner": "eslint",
	"code": "no-console",
	"severity": 4,
	"message": "Unexpected console statement",
	"source": "eslint",
	"startLineNumber": 431,
	"startColumn": 7,
	"endLineNumber": 431,
	"endColumn": 7
},{
	"resource": "/c:/Users/basil/Desktop/material-kai-vision-platform/src/services/productEntityService.ts",
	"owner": "eslint",
	"code": "no-console",
	"severity": 4,
	"message": "Unexpected console statement",
	"source": "eslint",
	"startLineNumber": 434,
	"startColumn": 7,
	"endLineNumber": 434,
	"endColumn": 7
},{
	"resource": "/c:/Users/basil/Desktop/material-kai-vision-platform/src/services/productEntityService.ts",
	"owner": "eslint",
	"code": "no-console",
	"severity": 4,
	"message": "Unexpected console statement",
	"source": "eslint",
	"startLineNumber": 443,
	"startColumn": 5,
	"endLineNumber": 443,
	"endColumn": 5
},{
	"resource": "/c:/Users/basil/Desktop/material-kai-vision-platform/src/services/productEntityService.ts",
	"owner": "eslint",
	"code": "quotes",
	"severity": 4,
	"message": "Strings must use singlequote",
	"source": "eslint",
	"startLineNumber": 443,
	"startColumn": 17,
	"endLineNumber": 443,
	"endColumn": 17
},{
	"resource": "/c:/Users/basil/Desktop/material-kai-vision-platform/src/services/productEntityService.ts",
	"owner": "eslint",
	"code": "no-console",
	"severity": 4,
	"message": "Unexpected console statement",
	"source": "eslint",
	"startLineNumber": 452,
	"startColumn": 7,
	"endLineNumber": 452,
	"endColumn": 7
},{
	"resource": "/c:/Users/basil/Desktop/material-kai-vision-platform/src/services/productEntityService.ts",
	"owner": "eslint",
	"code": "no-console",
	"severity": 4,
	"message": "Unexpected console statement",
	"source": "eslint",
	"startLineNumber": 455,
	"startColumn": 7,
	"endLineNumber": 455,
	"endColumn": 7
},{
	"resource": "/c:/Users/basil/Desktop/material-kai-vision-platform/src/services/productEntityService.ts",
	"owner": "eslint",
	"code": "@typescript-eslint/no-explicit-any",
	"severity": 4,
	"message": "Unexpected any. Specify a different type",
	"source": "eslint",
	"startLineNumber": 463,
	"startColumn": 43,
	"endLineNumber": 463,
	"endColumn": 43
},{
	"resource": "/c:/Users/basil/Desktop/material-kai-vision-platform/src/services/productEntityService.ts",
	"owner": "eslint",
	"code": "no-console",
	"severity": 4,
	"message": "Unexpected console statement",
	"source": "eslint",
	"startLineNumber": 464,
	"startColumn": 5,
	"endLineNumber": 464,
	"endColumn": 5
},{
	"resource": "/c:/Users/basil/Desktop/material-kai-vision-platform/src/services/productEntityService.ts",
	"owner": "eslint",
	"code": "quotes",
	"severity": 4,
	"message": "Strings must use singlequote",
	"source": "eslint",
	"startLineNumber": 464,
	"startColumn": 17,
	"endLineNumber": 464,
	"endColumn": 17
},{
	"resource": "/c:/Users/basil/Desktop/material-kai-vision-platform/src/services/productEntityService.ts",
	"owner": "eslint",
	"code": "no-console",
	"severity": 4,
	"message": "Unexpected console statement",
	"source": "eslint",
	"startLineNumber": 473,
	"startColumn": 7,
	"endLineNumber": 473,
	"endColumn": 7
},{
	"resource": "/c:/Users/basil/Desktop/material-kai-vision-platform/src/services/productEntityService.ts",
	"owner": "eslint",
	"code": "no-console",
	"severity": 4,
	"message": "Unexpected console statement",
	"source": "eslint",
	"startLineNumber": 476,
	"startColumn": 7,
	"endLineNumber": 476,
	"endColumn": 7
},{
	"resource": "/c:/Users/basil/Desktop/material-kai-vision-platform/src/services/productEntityService.ts",
	"owner": "eslint",
	"code": "@typescript-eslint/no-explicit-any",
	"severity": 4,
	"message": "Unexpected any. Specify a different type",
	"source": "eslint",
	"startLineNumber": 488,
	"startColumn": 17,
	"endLineNumber": 488,
	"endColumn": 17
},{
	"resource": "/c:/Users/basil/Desktop/material-kai-vision-platform/src/services/productEntityService.ts",
	"owner": "eslint",
	"code": "@typescript-eslint/no-explicit-any",
	"severity": 4,
	"message": "Unexpected any. Specify a different type",
	"source": "eslint",
	"startLineNumber": 489,
	"startColumn": 24,
	"endLineNumber": 489,
	"endColumn": 24
},{
	"resource": "/c:/Users/basil/Desktop/material-kai-vision-platform/src/services/productEntityService.ts",
	"owner": "eslint",
	"code": "@typescript-eslint/no-explicit-any",
	"severity": 4,
	"message": "Unexpected any. Specify a different type",
	"source": "eslint",
	"startLineNumber": 490,
	"startColumn": 16,
	"endLineNumber": 490,
	"endColumn": 16
},{
	"resource": "/c:/Users/basil/Desktop/material-kai-vision-platform/src/services/productEntityService.ts",
	"owner": "eslint",
	"code": "no-console",
	"severity": 4,
	"message": "Unexpected console statement",
	"source": "eslint",
	"startLineNumber": 498,
	"startColumn": 5,
	"endLineNumber": 498,
	"endColumn": 5
},{
	"resource": "/c:/Users/basil/Desktop/material-kai-vision-platform/src/services/productEntityService.ts",
	"owner": "eslint",
	"code": "quotes",
	"severity": 4,
	"message": "Strings must use singlequote",
	"source": "eslint",
	"startLineNumber": 498,
	"startColumn": 17,
	"endLineNumber": 498,
	"endColumn": 17
},{
	"resource": "/c:/Users/basil/Desktop/material-kai-vision-platform/src/services/productEntityService.ts",
	"owner": "eslint",
	"code": "no-console",
	"severity": 4,
	"message": "Unexpected console statement",
	"source": "eslint",
	"startLineNumber": 525,
	"startColumn": 7,
	"endLineNumber": 525,
	"endColumn": 7
},{
	"resource": "/c:/Users/basil/Desktop/material-kai-vision-platform/src/services/productEntityService.ts",
	"owner": "eslint",
	"code": "quotes",
	"severity": 4,
	"message": "Strings must use singlequote",
	"source": "eslint",
	"startLineNumber": 525,
	"startColumn": 19,
	"endLineNumber": 525,
	"endColumn": 19
},{
	"resource": "/c:/Users/basil/Desktop/material-kai-vision-platform/src/services/productEntityService.ts",
	"owner": "eslint",
	"code": "no-console",
	"severity": 4,
	"message": "Unexpected console statement",
	"source": "eslint",
	"startLineNumber": 526,
	"startColumn": 7,
	"endLineNumber": 526,
	"endColumn": 7
},{
	"resource": "/c:/Users/basil/Desktop/material-kai-vision-platform/src/services/productEntityService.ts",
	"owner": "eslint",
	"code": "no-console",
	"severity": 4,
	"message": "Unexpected console statement",
	"source": "eslint",
	"startLineNumber": 527,
	"startColumn": 7,
	"endLineNumber": 527,
	"endColumn": 7
},{
	"resource": "/c:/Users/basil/Desktop/material-kai-vision-platform/src/services/productEntityService.ts",
	"owner": "eslint",
	"code": "no-console",
	"severity": 4,
	"message": "Unexpected console statement",
	"source": "eslint",
	"startLineNumber": 528,
	"startColumn": 7,
	"endLineNumber": 528,
	"endColumn": 7
},{
	"resource": "/c:/Users/basil/Desktop/material-kai-vision-platform/src/services/productEntityService.ts",
	"owner": "eslint",
	"code": "no-console",
	"severity": 4,
	"message": "Unexpected console statement",
	"source": "eslint",
	"startLineNumber": 529,
	"startColumn": 7,
	"endLineNumber": 529,
	"endColumn": 7
},{
	"resource": "/c:/Users/basil/Desktop/material-kai-vision-platform/src/services/productEntityService.ts",
	"owner": "eslint",
	"code": "no-console",
	"severity": 4,
	"message": "Unexpected console statement",
	"source": "eslint",
	"startLineNumber": 530,
	"startColumn": 7,
	"endLineNumber": 530,
	"endColumn": 7
},{
	"resource": "/c:/Users/basil/Desktop/material-kai-vision-platform/src/services/productEntityService.ts",
	"owner": "eslint",
	"code": "no-console",
	"severity": 4,
	"message": "Unexpected console statement",
	"source": "eslint",
	"startLineNumber": 531,
	"startColumn": 7,
	"endLineNumber": 531,
	"endColumn": 7
},{
	"resource": "/c:/Users/basil/Desktop/material-kai-vision-platform/src/services/productEntityService.ts",
	"owner": "eslint",
	"code": "no-console",
	"severity": 4,
	"message": "Unexpected console statement",
	"source": "eslint",
	"startLineNumber": 532,
	"startColumn": 7,
	"endLineNumber": 532,
	"endColumn": 7
},{
	"resource": "/c:/Users/basil/Desktop/material-kai-vision-platform/src/services/productEntityService.ts",
	"owner": "eslint",
	"code": "no-console",
	"severity": 4,
	"message": "Unexpected console statement",
	"source": "eslint",
	"startLineNumber": 533,
	"startColumn": 7,
	"endLineNumber": 533,
	"endColumn": 7
},{
	"resource": "/c:/Users/basil/Desktop/material-kai-vision-platform/src/services/productEntityService.ts",
	"owner": "eslint",
	"code": "no-console",
	"severity": 4,
	"message": "Unexpected console statement",
	"source": "eslint",
	"startLineNumber": 534,
	"startColumn": 7,
	"endLineNumber": 534,
	"endColumn": 7
},{
	"resource": "/c:/Users/basil/Desktop/material-kai-vision-platform/src/services/productEntityService.ts",
	"owner": "eslint",
	"code": "no-console",
	"severity": 4,
	"message": "Unexpected console statement",
	"source": "eslint",
	"startLineNumber": 535,
	"startColumn": 7,
	"endLineNumber": 535,
	"endColumn": 7
},{
	"resource": "/c:/Users/basil/Desktop/material-kai-vision-platform/src/services/productEntityService.ts",
	"owner": "eslint",
	"code": "no-console",
	"severity": 4,
	"message": "Unexpected console statement",
	"source": "eslint",
	"startLineNumber": 552,
	"startColumn": 7,
	"endLineNumber": 552,
	"endColumn": 7
},{
	"resource": "/c:/Users/basil/Desktop/material-kai-vision-platform/src/services/productEntityService.ts",
	"owner": "eslint",
	"code": "comma-dangle",
	"severity": 4,
	"message": "Missing trailing comma",
	"source": "eslint",
	"startLineNumber": 562,
	"startColumn": 26,
	"endLineNumber": 562,
	"endColumn": 26
},{
	"resource": "/c:/Users/basil/Desktop/material-kai-vision-platform/src/services/productEntityService.ts",
	"owner": "eslint",
	"code": "no-console",
	"severity": 4,
	"message": "Unexpected console statement",
	"source": "eslint",
	"startLineNumber": 564,
	"startColumn": 5,
	"endLineNumber": 564,
	"endColumn": 5
},{
	"resource": "/c:/Users/basil/Desktop/material-kai-vision-platform/src/services/productEntityService.ts",
	"owner": "eslint",
	"code": "no-console",
	"severity": 4,
	"message": "Unexpected console statement",
	"source": "eslint",
	"startLineNumber": 584,
	"startColumn": 7,
	"endLineNumber": 584,
	"endColumn": 7
},{
	"resource": "/c:/Users/basil/Desktop/material-kai-vision-platform/src/services/productEntityService.ts",
	"owner": "eslint",
	"code": "no-console",
	"severity": 4,
	"message": "Unexpected console statement",
	"source": "eslint",
	"startLineNumber": 596,
	"startColumn": 7,
	"endLineNumber": 596,
	"endColumn": 7
},{
	"resource": "/c:/Users/basil/Desktop/material-kai-vision-platform/src/services/productEntityService.ts",
	"owner": "eslint",
	"code": "comma-dangle",
	"severity": 4,
	"message": "Missing trailing comma",
	"source": "eslint",
	"startLineNumber": 606,
	"startColumn": 26,
	"endLineNumber": 606,
	"endColumn": 26
},{
	"resource": "/c:/Users/basil/Desktop/material-kai-vision-platform/src/services/productEntityService.ts",
	"owner": "eslint",
	"code": "no-console",
	"severity": 4,
	"message": "Unexpected console statement",
	"source": "eslint",
	"startLineNumber": 608,
	"startColumn": 5,
	"endLineNumber": 608,
	"endColumn": 5
},{
	"resource": "/c:/Users/basil/Desktop/material-kai-vision-platform/src/services/productEntityService.ts",
	"owner": "eslint",
	"code": "no-console",
	"severity": 4,
	"message": "Unexpected console statement",
	"source": "eslint",
	"startLineNumber": 623,
	"startColumn": 7,
	"endLineNumber": 623,
	"endColumn": 7
},{
	"resource": "/c:/Users/basil/Desktop/material-kai-vision-platform/src/services/productEntityService.ts",
	"owner": "eslint",
	"code": "no-console",
	"severity": 4,
	"message": "Unexpected console statement",
	"source": "eslint",
	"startLineNumber": 635,
	"startColumn": 7,
	"endLineNumber": 635,
	"endColumn": 7
},{
	"resource": "/c:/Users/basil/Desktop/material-kai-vision-platform/src/services/productEntityService.ts",
	"owner": "eslint",
	"code": "comma-dangle",
	"severity": 4,
	"message": "Missing trailing comma",
	"source": "eslint",
	"startLineNumber": 645,
	"startColumn": 26,
	"endLineNumber": 645,
	"endColumn": 26
},{
	"resource": "/c:/Users/basil/Desktop/material-kai-vision-platform/src/services/productEntityService.ts",
	"owner": "eslint",
	"code": "no-console",
	"severity": 4,
	"message": "Unexpected console statement",
	"source": "eslint",
	"startLineNumber": 647,
	"startColumn": 5,
	"endLineNumber": 647,
	"endColumn": 5
},{
	"resource": "/c:/Users/basil/Desktop/material-kai-vision-platform/src/services/productEntityService.ts",
	"owner": "eslint",
	"code": "no-console",
	"severity": 4,
	"message": "Unexpected console statement",
	"source": "eslint",
	"startLineNumber": 662,
	"startColumn": 7,
	"endLineNumber": 662,
	"endColumn": 7
},{
	"resource": "/c:/Users/basil/Desktop/material-kai-vision-platform/src/services/productEntityService.ts",
	"owner": "eslint",
	"code": "no-console",
	"severity": 4,
	"message": "Unexpected console statement",
	"source": "eslint",
	"startLineNumber": 674,
	"startColumn": 7,
	"endLineNumber": 674,
	"endColumn": 7
},{
	"resource": "/c:/Users/basil/Desktop/material-kai-vision-platform/src/services/productEntityService.ts",
	"owner": "eslint",
	"code": "comma-dangle",
	"severity": 4,
	"message": "Missing trailing comma",
	"source": "eslint",
	"startLineNumber": 684,
	"startColumn": 26,
	"endLineNumber": 684,
	"endColumn": 26
},{
	"resource": "/c:/Users/basil/Desktop/material-kai-vision-platform/src/services/productEntityService.ts",
	"owner": "eslint",
	"code": "@typescript-eslint/no-explicit-any",
	"severity": 4,
	"message": "Unexpected any. Specify a different type",
	"source": "eslint",
	"startLineNumber": 685,
	"startColumn": 30,
	"endLineNumber": 685,
	"endColumn": 30
},{
	"resource": "/c:/Users/basil/Desktop/material-kai-vision-platform/src/services/productEntityService.ts",
	"owner": "eslint",
	"code": "no-console",
	"severity": 4,
	"message": "Unexpected console statement",
	"source": "eslint",
	"startLineNumber": 686,
	"startColumn": 5,
	"endLineNumber": 686,
	"endColumn": 5
},{
	"resource": "/c:/Users/basil/Desktop/material-kai-vision-platform/src/services/productEntityService.ts",
	"owner": "eslint",
	"code": "no-console",
	"severity": 4,
	"message": "Unexpected console statement",
	"source": "eslint",
	"startLineNumber": 701,
	"startColumn": 7,
	"endLineNumber": 701,
	"endColumn": 7
},{
	"resource": "/c:/Users/basil/Desktop/material-kai-vision-platform/src/services/productEntityService.ts",
	"owner": "eslint",
	"code": "no-console",
	"severity": 4,
	"message": "Unexpected console statement",
	"source": "eslint",
	"startLineNumber": 713,
	"startColumn": 7,
	"endLineNumber": 713,
	"endColumn": 7
},{
	"resource": "/c:/Users/basil/Desktop/material-kai-vision-platform/src/services/productEntityService.ts",
	"owner": "eslint",
	"code": "comma-dangle",
	"severity": 4,
	"message": "Missing trailing comma",
	"source": "eslint",
	"startLineNumber": 723,
	"startColumn": 26,
	"endLineNumber": 723,
	"endColumn": 26
},{
	"resource": "/c:/Users/basil/Desktop/material-kai-vision-platform/src/services/productEntityService.ts",
	"owner": "eslint",
	"code": "@typescript-eslint/no-explicit-any",
	"severity": 4,
	"message": "Unexpected any. Specify a different type",
	"source": "eslint",
	"startLineNumber": 724,
	"startColumn": 30,
	"endLineNumber": 724,
	"endColumn": 30
},{
	"resource": "/c:/Users/basil/Desktop/material-kai-vision-platform/src/services/productEntityService.ts",
	"owner": "eslint",
	"code": "no-console",
	"severity": 4,
	"message": "Unexpected console statement",
	"source": "eslint",
	"startLineNumber": 725,
	"startColumn": 5,
	"endLineNumber": 725,
	"endColumn": 5
},{
	"resource": "/c:/Users/basil/Desktop/material-kai-vision-platform/src/services/productEntityService.ts",
	"owner": "eslint",
	"code": "no-console",
	"severity": 4,
	"message": "Unexpected console statement",
	"source": "eslint",
	"startLineNumber": 740,
	"startColumn": 7,
	"endLineNumber": 740,
	"endColumn": 7
},{
	"resource": "/c:/Users/basil/Desktop/material-kai-vision-platform/src/services/productEntityService.ts",
	"owner": "eslint",
	"code": "no-console",
	"severity": 4,
	"message": "Unexpected console statement",
	"source": "eslint",
	"startLineNumber": 752,
	"startColumn": 7,
	"endLineNumber": 752,
	"endColumn": 7
},{
	"resource": "/c:/Users/basil/Desktop/material-kai-vision-platform/src/services/productEntityService.ts",
	"owner": "eslint",
	"code": "comma-dangle",
	"severity": 4,
	"message": "Missing trailing comma",
	"source": "eslint",
	"startLineNumber": 762,
	"startColumn": 26,
	"endLineNumber": 762,
	"endColumn": 26
},{
	"resource": "/c:/Users/basil/Desktop/material-kai-vision-platform/src/services/productEntityService.ts",
	"owner": "eslint",
	"code": "no-console",
	"severity": 4,
	"message": "Unexpected console statement",
	"source": "eslint",
	"startLineNumber": 764,
	"startColumn": 5,
	"endLineNumber": 764,
	"endColumn": 5
},{
	"resource": "/c:/Users/basil/Desktop/material-kai-vision-platform/src/services/productEntityService.ts",
	"owner": "eslint",
	"code": "no-console",
	"severity": 4,
	"message": "Unexpected console statement",
	"source": "eslint",
	"startLineNumber": 779,
	"startColumn": 7,
	"endLineNumber": 779,
	"endColumn": 7
},{
	"resource": "/c:/Users/basil/Desktop/material-kai-vision-platform/src/services/productEntityService.ts",
	"owner": "eslint",
	"code": "no-console",
	"severity": 4,
	"message": "Unexpected console statement",
	"source": "eslint",
	"startLineNumber": 791,
	"startColumn": 7,
	"endLineNumber": 791,
	"endColumn": 7
},{
	"resource": "/c:/Users/basil/Desktop/material-kai-vision-platform/src/services/ProductRecommendationService.ts",
	"owner": "eslint",
	"code": "no-trailing-spaces",
	"severity": 4,
	"message": "Trailing spaces not allowed",
	"source": "eslint",
	"startLineNumber": 3,
	"startColumn": 3,
	"endLineNumber": 3,
	"endColumn": 3
},{
	"resource": "/c:/Users/basil/Desktop/material-kai-vision-platform/src/services/ProductRecommendationService.ts",
	"owner": "eslint",
	"code": "import/order",
	"severity": 4,
	"message": "There should be at least one empty line between import groups",
	"source": "eslint",
	"startLineNumber": 9,
	"startColumn": 1,
	"endLineNumber": 9,
	"endColumn": 1
},{
	"resource": "/c:/Users/basil/Desktop/material-kai-vision-platform/src/services/ProductRecommendationService.ts",
	"owner": "eslint",
	"code": "import/order",
	"severity": 4,
	"message": "`@/integrations/supabase/client` import should occur before import of `./base/BaseService`",
	"source": "eslint",
	"startLineNumber": 10,
	"startColumn": 1,
	"endLineNumber": 10,
	"endColumn": 1
},{
	"resource": "/c:/Users/basil/Desktop/material-kai-vision-platform/src/services/ProductRecommendationService.ts",
	"owner": "eslint",
	"code": "comma-dangle",
	"severity": 4,
	"message": "Missing trailing comma",
	"source": "eslint",
	"startLineNumber": 132,
	"startColumn": 23,
	"endLineNumber": 132,
	"endColumn": 23
},{
	"resource": "/c:/Users/basil/Desktop/material-kai-vision-platform/src/services/ProductRecommendationService.ts",
	"owner": "eslint",
	"code": "@typescript-eslint/no-explicit-any",
	"severity": 4,
	"message": "Unexpected any. Specify a different type",
	"source": "eslint",
	"startLineNumber": 208,
	"startColumn": 45,
	"endLineNumber": 208,
	"endColumn": 45
},{
	"resource": "/c:/Users/basil/Desktop/material-kai-vision-platform/src/services/ProductRecommendationService.ts",
	"owner": "eslint",
	"code": "@typescript-eslint/no-explicit-any",
	"severity": 4,
	"message": "Unexpected any. Specify a different type",
	"source": "eslint",
	"startLineNumber": 208,
	"startColumn": 59,
	"endLineNumber": 208,
	"endColumn": 59
},{
	"resource": "/c:/Users/basil/Desktop/material-kai-vision-platform/src/services/ProductRecommendationService.ts",
	"owner": "eslint",
	"code": "@typescript-eslint/no-explicit-any",
	"severity": 4,
	"message": "Unexpected any. Specify a different type",
	"source": "eslint",
	"startLineNumber": 225,
	"startColumn": 49,
	"endLineNumber": 225,
	"endColumn": 49
},{
	"resource": "/c:/Users/basil/Desktop/material-kai-vision-platform/src/services/ProductRecommendationService.ts",
	"owner": "eslint",
	"code": "@typescript-eslint/no-explicit-any",
	"severity": 4,
	"message": "Unexpected any. Specify a different type",
	"source": "eslint",
	"startLineNumber": 225,
	"startColumn": 63,
	"endLineNumber": 225,
	"endColumn": 63
},{
	"resource": "/c:/Users/basil/Desktop/material-kai-vision-platform/src/services/qualityBasedRankingService.ts",
	"owner": "eslint",
	"code": "no-trailing-spaces",
	"severity": 4,
	"message": "Trailing spaces not allowed",
	"source": "eslint",
	"startLineNumber": 3,
	"startColumn": 3,
	"endLineNumber": 3,
	"endColumn": 3
},{
	"resource": "/c:/Users/basil/Desktop/material-kai-vision-platform/src/services/qualityBasedRankingService.ts",
	"owner": "eslint",
	"code": "comma-dangle",
	"severity": 4,
	"message": "Missing trailing comma",
	"source": "eslint",
	"startLineNumber": 62,
	"startColumn": 44,
	"endLineNumber": 62,
	"endColumn": 44
},{
	"resource": "/c:/Users/basil/Desktop/material-kai-vision-platform/src/services/qualityBasedRankingService.ts",
	"owner": "eslint",
	"code": "comma-dangle",
	"severity": 4,
	"message": "Missing trailing comma",
	"source": "eslint",
	"startLineNumber": 93,
	"startColumn": 27,
	"endLineNumber": 93,
	"endColumn": 27
},{
	"resource": "/c:/Users/basil/Desktop/material-kai-vision-platform/src/services/qualityBasedRankingService.ts",
	"owner": "eslint",
	"code": "comma-dangle",
	"severity": 4,
	"message": "Missing trailing comma",
	"source": "eslint",
	"startLineNumber": 114,
	"startColumn": 27,
	"endLineNumber": 114,
	"endColumn": 27
},{
	"resource": "/c:/Users/basil/Desktop/material-kai-vision-platform/src/services/qualityBasedRankingService.ts",
	"owner": "eslint",
	"code": "comma-dangle",
	"severity": 4,
	"message": "Missing trailing comma",
	"source": "eslint",
	"startLineNumber": 138,
	"startColumn": 44,
	"endLineNumber": 138,
	"endColumn": 44
},{
	"resource": "/c:/Users/basil/Desktop/material-kai-vision-platform/src/services/QualityDashboardService.ts",
	"owner": "eslint",
	"code": "no-trailing-spaces",
	"severity": 4,
	"message": "Trailing spaces not allowed",
	"source": "eslint",
	"startLineNumber": 3,
	"startColumn": 3,
	"endLineNumber": 3,
	"endColumn": 3
},{
	"resource": "/c:/Users/basil/Desktop/material-kai-vision-platform/src/services/QualityDashboardService.ts",
	"owner": "eslint",
	"code": "import/order",
	"severity": 4,
	"message": "There should be at least one empty line between import groups",
	"source": "eslint",
	"startLineNumber": 11,
	"startColumn": 1,
	"endLineNumber": 11,
	"endColumn": 1
},{
	"resource": "/c:/Users/basil/Desktop/material-kai-vision-platform/src/services/QualityDashboardService.ts",
	"owner": "eslint",
	"code": "import/order",
	"severity": 4,
	"message": "`@/integrations/supabase/client` import should occur before import of `./base/BaseService`",
	"source": "eslint",
	"startLineNumber": 12,
	"startColumn": 1,
	"endLineNumber": 12,
	"endColumn": 1
},{
	"resource": "/c:/Users/basil/Desktop/material-kai-vision-platform/src/services/QualityDashboardService.ts",
	"owner": "eslint",
	"code": "no-trailing-spaces",
	"severity": 4,
	"message": "Trailing spaces not allowed",
	"source": "eslint",
	"startLineNumber": 17,
	"startColumn": 1,
	"endLineNumber": 17,
	"endColumn": 1
},{
	"resource": "/c:/Users/basil/Desktop/material-kai-vision-platform/src/services/QualityDashboardService.ts",
	"owner": "eslint",
	"code": "no-trailing-spaces",
	"severity": 4,
	"message": "Trailing spaces not allowed",
	"source": "eslint",
	"startLineNumber": 24,
	"startColumn": 1,
	"endLineNumber": 24,
	"endColumn": 1
},{
	"resource": "/c:/Users/basil/Desktop/material-kai-vision-platform/src/services/QualityDashboardService.ts",
	"owner": "eslint",
	"code": "no-trailing-spaces",
	"severity": 4,
	"message": "Trailing spaces not allowed",
	"source": "eslint",
	"startLineNumber": 30,
	"startColumn": 1,
	"endLineNumber": 30,
	"endColumn": 1
},{
	"resource": "/c:/Users/basil/Desktop/material-kai-vision-platform/src/services/QualityDashboardService.ts",
	"owner": "eslint",
	"code": "no-trailing-spaces",
	"severity": 4,
	"message": "Trailing spaces not allowed",
	"source": "eslint",
	"startLineNumber": 36,
	"startColumn": 1,
	"endLineNumber": 36,
	"endColumn": 1
},{
	"resource": "/c:/Users/basil/Desktop/material-kai-vision-platform/src/services/QualityDashboardService.ts",
	"owner": "eslint",
	"code": "no-trailing-spaces",
	"severity": 4,
	"message": "Trailing spaces not allowed",
	"source": "eslint",
	"startLineNumber": 104,
	"startColumn": 1,
	"endLineNumber": 104,
	"endColumn": 1
},{
	"resource": "/c:/Users/basil/Desktop/material-kai-vision-platform/src/services/QualityDashboardService.ts",
	"owner": "eslint",
	"code": "no-trailing-spaces",
	"severity": 4,
	"message": "Trailing spaces not allowed",
	"source": "eslint",
	"startLineNumber": 107,
	"startColumn": 1,
	"endLineNumber": 107,
	"endColumn": 1
},{
	"resource": "/c:/Users/basil/Desktop/material-kai-vision-platform/src/services/QualityDashboardService.ts",
	"owner": "eslint",
	"code": "no-trailing-spaces",
	"severity": 4,
	"message": "Trailing spaces not allowed",
	"source": "eslint",
	"startLineNumber": 116,
	"startColumn": 60,
	"endLineNumber": 116,
	"endColumn": 60
},{
	"resource": "/c:/Users/basil/Desktop/material-kai-vision-platform/src/services/QualityDashboardService.ts",
	"owner": "eslint",
	"code": "no-trailing-spaces",
	"severity": 4,
	"message": "Trailing spaces not allowed",
	"source": "eslint",
	"startLineNumber": 117,
	"startColumn": 60,
	"endLineNumber": 117,
	"endColumn": 60
},{
	"resource": "/c:/Users/basil/Desktop/material-kai-vision-platform/src/services/QualityDashboardService.ts",
	"owner": "eslint",
	"code": "no-trailing-spaces",
	"severity": 4,
	"message": "Trailing spaces not allowed",
	"source": "eslint",
	"startLineNumber": 119,
	"startColumn": 1,
	"endLineNumber": 119,
	"endColumn": 1
},{
	"resource": "/c:/Users/basil/Desktop/material-kai-vision-platform/src/services/QualityDashboardService.ts",
	"owner": "eslint",
	"code": "no-trailing-spaces",
	"severity": 4,
	"message": "Trailing spaces not allowed",
	"source": "eslint",
	"startLineNumber": 124,
	"startColumn": 34,
	"endLineNumber": 124,
	"endColumn": 34
},{
	"resource": "/c:/Users/basil/Desktop/material-kai-vision-platform/src/services/quote/ProposalsService.ts",
	"owner": "eslint",
	"code": "comma-dangle",
	"severity": 4,
	"message": "Missing trailing comma",
	"source": "eslint",
	"startLineNumber": 49,
	"startColumn": 19,
	"endLineNumber": 49,
	"endColumn": 19
},{
	"resource": "/c:/Users/basil/Desktop/material-kai-vision-platform/src/services/quote/ProposalsService.ts",
	"owner": "eslint",
	"code": "comma-dangle",
	"severity": 4,
	"message": "Missing trailing comma",
	"source": "eslint",
	"startLineNumber": 72,
	"startColumn": 27,
	"endLineNumber": 72,
	"endColumn": 27
},{
	"resource": "/c:/Users/basil/Desktop/material-kai-vision-platform/src/services/quote/ProposalsService.ts",
	"owner": "eslint",
	"code": "no-console",
	"severity": 4,
	"message": "Unexpected console statement",
	"source": "eslint",
	"startLineNumber": 77,
	"startColumn": 7,
	"endLineNumber": 77,
	"endColumn": 7
},{
	"resource": "/c:/Users/basil/Desktop/material-kai-vision-platform/src/services/quote/ProposalsService.ts",
	"owner": "eslint",
	"code": "comma-dangle",
	"severity": 4,
	"message": "Missing trailing comma",
	"source": "eslint",
	"startLineNumber": 87,
	"startColumn": 23,
	"endLineNumber": 87,
	"endColumn": 23
},{
	"resource": "/c:/Users/basil/Desktop/material-kai-vision-platform/src/services/quote/ProposalsService.ts",
	"owner": "eslint",
	"code": "comma-dangle",
	"severity": 4,
	"message": "Missing trailing comma",
	"source": "eslint",
	"startLineNumber": 96,
	"startColumn": 26,
	"endLineNumber": 96,
	"endColumn": 26
},{
	"resource": "/c:/Users/basil/Desktop/material-kai-vision-platform/src/services/quote/ProposalsService.ts",
	"owner": "eslint",
	"code": "no-console",
	"severity": 4,
	"message": "Unexpected console statement",
	"source": "eslint",
	"startLineNumber": 101,
	"startColumn": 7,
	"endLineNumber": 101,
	"endColumn": 7
},{
	"resource": "/c:/Users/basil/Desktop/material-kai-vision-platform/src/services/quote/ProposalsService.ts",
	"owner": "eslint",
	"code": "comma-dangle",
	"severity": 4,
	"message": "Missing trailing comma",
	"source": "eslint",
	"startLineNumber": 117,
	"startColumn": 26,
	"endLineNumber": 117,
	"endColumn": 26
},{
	"resource": "/c:/Users/basil/Desktop/material-kai-vision-platform/src/services/quote/ProposalsService.ts",
	"owner": "eslint",
	"code": "no-console",
	"severity": 4,
	"message": "Unexpected console statement",
	"source": "eslint",
	"startLineNumber": 122,
	"startColumn": 7,
	"endLineNumber": 122,
	"endColumn": 7
},{
	"resource": "/c:/Users/basil/Desktop/material-kai-vision-platform/src/services/quote/ProposalsService.ts",
	"owner": "eslint",
	"code": "comma-dangle",
	"severity": 4,
	"message": "Missing trailing comma",
	"source": "eslint",
	"startLineNumber": 135,
	"startColumn": 19,
	"endLineNumber": 135,
	"endColumn": 19
},{
	"resource": "/c:/Users/basil/Desktop/material-kai-vision-platform/src/services/quote/ProposalsService.ts",
	"owner": "eslint",
	"code": "comma-dangle",
	"severity": 4,
	"message": "Missing trailing comma",
	"source": "eslint",
	"startLineNumber": 156,
	"startColumn": 26,
	"endLineNumber": 156,
	"endColumn": 26
},{
	"resource": "/c:/Users/basil/Desktop/material-kai-vision-platform/src/services/quote/ProposalsService.ts",
	"owner": "eslint",
	"code": "no-console",
	"severity": 4,
	"message": "Unexpected console statement",
	"source": "eslint",
	"startLineNumber": 161,
	"startColumn": 7,
	"endLineNumber": 161,
	"endColumn": 7
},{
	"resource": "/c:/Users/basil/Desktop/material-kai-vision-platform/src/services/quote/ProposalsService.ts",
	"owner": "eslint",
	"code": "comma-dangle",
	"severity": 4,
	"message": "Missing trailing comma",
	"source": "eslint",
	"startLineNumber": 177,
	"startColumn": 26,
	"endLineNumber": 177,
	"endColumn": 26
},{
	"resource": "/c:/Users/basil/Desktop/material-kai-vision-platform/src/services/quote/ProposalsService.ts",
	"owner": "eslint",
	"code": "no-console",
	"severity": 4,
	"message": "Unexpected console statement",
	"source": "eslint",
	"startLineNumber": 182,
	"startColumn": 7,
	"endLineNumber": 182,
	"endColumn": 7
},{
	"resource": "/c:/Users/basil/Desktop/material-kai-vision-platform/src/services/quote/ProposalsService.ts",
	"owner": "eslint",
	"code": "comma-dangle",
	"severity": 4,
	"message": "Missing trailing comma",
	"source": "eslint",
	"startLineNumber": 198,
	"startColumn": 26,
	"endLineNumber": 198,
	"endColumn": 26
},{
	"resource": "/c:/Users/basil/Desktop/material-kai-vision-platform/src/services/quote/ProposalsService.ts",
	"owner": "eslint",
	"code": "no-console",
	"severity": 4,
	"message": "Unexpected console statement",
	"source": "eslint",
	"startLineNumber": 203,
	"startColumn": 7,
	"endLineNumber": 203,
	"endColumn": 7
},{
	"resource": "/c:/Users/basil/Desktop/material-kai-vision-platform/src/services/quote/QuoteRequestService.ts",
	"owner": "eslint",
	"code": "@typescript-eslint/no-explicit-any",
	"severity": 4,
	"message": "Unexpected any. Specify a different type",
	"source": "eslint",
	"startLineNumber": 17,
	"startColumn": 11,
	"endLineNumber": 17,
	"endColumn": 11
},{
	"resource": "/c:/Users/basil/Desktop/material-kai-vision-platform/src/services/quote/QuoteRequestService.ts",
	"owner": "eslint",
	"code": "comma-dangle",
	"severity": 4,
	"message": "Missing trailing comma",
	"source": "eslint",
	"startLineNumber": 37,
	"startColumn": 19,
	"endLineNumber": 37,
	"endColumn": 19
},{
	"resource": "/c:/Users/basil/Desktop/material-kai-vision-platform/src/services/quote/QuoteRequestService.ts",
	"owner": "eslint",
	"code": "comma-dangle",
	"severity": 4,
	"message": "Missing trailing comma",
	"source": "eslint",
	"startLineNumber": 46,
	"startColumn": 27,
	"endLineNumber": 46,
	"endColumn": 27
},{
	"resource": "/c:/Users/basil/Desktop/material-kai-vision-platform/src/services/quote/QuoteRequestService.ts",
	"owner": "eslint",
	"code": "no-console",
	"severity": 4,
	"message": "Unexpected console statement",
	"source": "eslint",
	"startLineNumber": 51,
	"startColumn": 7,
	"endLineNumber": 51,
	"endColumn": 7
},{
	"resource": "/c:/Users/basil/Desktop/material-kai-vision-platform/src/services/quote/QuoteRequestService.ts",
	"owner": "eslint",
	"code": "comma-dangle",
	"severity": 4,
	"message": "Missing trailing comma",
	"source": "eslint",
	"startLineNumber": 62,
	"startColumn": 29,
	"endLineNumber": 62,
	"endColumn": 29
},{
	"resource": "/c:/Users/basil/Desktop/material-kai-vision-platform/src/services/quote/QuoteRequestService.ts",
	"owner": "eslint",
	"code": "comma-dangle",
	"severity": 4,
	"message": "Missing trailing comma",
	"source": "eslint",
	"startLineNumber": 71,
	"startColumn": 26,
	"endLineNumber": 71,
	"endColumn": 26
},{
	"resource": "/c:/Users/basil/Desktop/material-kai-vision-platform/src/services/quote/QuoteRequestService.ts",
	"owner": "eslint",
	"code": "no-console",
	"severity": 4,
	"message": "Unexpected console statement",
	"source": "eslint",
	"startLineNumber": 76,
	"startColumn": 7,
	"endLineNumber": 76,
	"endColumn": 7
},{
	"resource": "/c:/Users/basil/Desktop/material-kai-vision-platform/src/services/quote/QuoteRequestService.ts",
	"owner": "eslint",
	"code": "comma-dangle",
	"severity": 4,
	"message": "Missing trailing comma",
	"source": "eslint",
	"startLineNumber": 92,
	"startColumn": 26,
	"endLineNumber": 92,
	"endColumn": 26
},{
	"resource": "/c:/Users/basil/Desktop/material-kai-vision-platform/src/services/quote/QuoteRequestService.ts",
	"owner": "eslint",
	"code": "no-console",
	"severity": 4,
	"message": "Unexpected console statement",
	"source": "eslint",
	"startLineNumber": 97,
	"startColumn": 7,
	"endLineNumber": 97,
	"endColumn": 7
},{
	"resource": "/c:/Users/basil/Desktop/material-kai-vision-platform/src/services/quote/QuoteRequestService.ts",
	"owner": "eslint",
	"code": "comma-dangle",
	"severity": 4,
	"message": "Missing trailing comma",
	"source": "eslint",
	"startLineNumber": 113,
	"startColumn": 26,
	"endLineNumber": 113,
	"endColumn": 26
},{
	"resource": "/c:/Users/basil/Desktop/material-kai-vision-platform/src/services/quote/QuoteRequestService.ts",
	"owner": "eslint",
	"code": "no-console",
	"severity": 4,
	"message": "Unexpected console statement",
	"source": "eslint",
	"startLineNumber": 118,
	"startColumn": 7,
	"endLineNumber": 118,
	"endColumn": 7
},{
	"resource": "/c:/Users/basil/Desktop/material-kai-vision-platform/src/services/ragKnowledgeService.ts",
	"owner": "eslint",
	"code": "import/order",
	"severity": 4,
	"message": "There should be at least one empty line between import groups",
	"source": "eslint",
	"startLineNumber": 6,
	"startColumn": 1,
	"endLineNumber": 6,
	"endColumn": 1
},{
	"resource": "/c:/Users/basil/Desktop/material-kai-vision-platform/src/services/ragKnowledgeService.ts",
	"owner": "eslint",
	"code": "no-console",
	"severity": 4,
	"message": "Unexpected console statement",
	"source": "eslint",
	"startLineNumber": 50,
	"startColumn": 7,
	"endLineNumber": 50,
	"endColumn": 7
},{
	"resource": "/c:/Users/basil/Desktop/material-kai-vision-platform/src/services/ragKnowledgeService.ts",
	"owner": "eslint",
	"code": "no-console",
	"severity": 4,
	"message": "Unexpected console statement",
	"source": "eslint",
	"startLineNumber": 57,
	"startColumn": 9,
	"endLineNumber": 57,
	"endColumn": 9
},{
	"resource": "/c:/Users/basil/Desktop/material-kai-vision-platform/src/services/ragKnowledgeService.ts",
	"owner": "eslint",
	"code": "no-console",
	"severity": 4,
	"message": "Unexpected console statement",
	"source": "eslint",
	"startLineNumber": 64,
	"startColumn": 7,
	"endLineNumber": 64,
	"endColumn": 7
},{
	"resource": "/c:/Users/basil/Desktop/material-kai-vision-platform/src/services/ragKnowledgeService.ts",
	"owner": "eslint",
	"code": "no-console",
	"severity": 4,
	"message": "Unexpected console statement",
	"source": "eslint",
	"startLineNumber": 146,
	"startColumn": 9,
	"endLineNumber": 146,
	"endColumn": 9
},{
	"resource": "/c:/Users/basil/Desktop/material-kai-vision-platform/src/services/ragKnowledgeService.ts",
	"owner": "eslint",
	"code": "@typescript-eslint/no-explicit-any",
	"severity": 4,
	"message": "Unexpected any. Specify a different type",
	"source": "eslint",
	"startLineNumber": 150,
	"startColumn": 33,
	"endLineNumber": 150,
	"endColumn": 33
},{
	"resource": "/c:/Users/basil/Desktop/material-kai-vision-platform/src/services/ragKnowledgeService.ts",
	"owner": "eslint",
	"code": "no-console",
	"severity": 4,
	"message": "Unexpected console statement",
	"source": "eslint",
	"startLineNumber": 153,
	"startColumn": 7,
	"endLineNumber": 153,
	"endColumn": 7
},{
	"resource": "/c:/Users/basil/Desktop/material-kai-vision-platform/src/services/ragKnowledgeService.ts",
	"owner": "eslint",
	"code": "no-console",
	"severity": 4,
	"message": "Unexpected console statement",
	"source": "eslint",
	"startLineNumber": 183,
	"startColumn": 9,
	"endLineNumber": 183,
	"endColumn": 9
},{
	"resource": "/c:/Users/basil/Desktop/material-kai-vision-platform/src/services/ragKnowledgeService.ts",
	"owner": "eslint",
	"code": "no-console",
	"severity": 4,
	"message": "Unexpected console statement",
	"source": "eslint",
	"startLineNumber": 187,
	"startColumn": 7,
	"endLineNumber": 187,
	"endColumn": 7
},{
	"resource": "/c:/Users/basil/Desktop/material-kai-vision-platform/src/services/ragKnowledgeService.ts",
	"owner": "eslint",
	"code": "no-console",
	"severity": 4,
	"message": "Unexpected console statement",
	"source": "eslint",
	"startLineNumber": 212,
	"startColumn": 9,
	"endLineNumber": 212,
	"endColumn": 9
},{
	"resource": "/c:/Users/basil/Desktop/material-kai-vision-platform/src/services/ragKnowledgeService.ts",
	"owner": "eslint",
	"code": "no-console",
	"severity": 4,
	"message": "Unexpected console statement",
	"source": "eslint",
	"startLineNumber": 216,
	"startColumn": 7,
	"endLineNumber": 216,
	"endColumn": 7
},{
	"resource": "/c:/Users/basil/Desktop/material-kai-vision-platform/src/services/ragKnowledgeService.ts",
	"owner": "eslint",
	"code": "@typescript-eslint/no-explicit-any",
	"severity": 4,
	"message": "Unexpected any. Specify a different type",
	"source": "eslint",
	"startLineNumber": 380,
	"startColumn": 39,
	"endLineNumber": 380,
	"endColumn": 39
},{
	"resource": "/c:/Users/basil/Desktop/material-kai-vision-platform/src/services/realtime/materialRealtimeService.ts",
	"owner": "eslint",
	"code": "",
	"severity": 4,
	"message": "Unexpected any. Specify a different type",
	"source": "eslint",
	"startLineNumber": 31,
	"startColumn": 33,
	"endLineNumber": 31,
	"endColumn": 33
},{
	"resource": "/c:/Users/basil/Desktop/material-kai-vision-platform/src/services/realtime/PDFProcessingWebSocketService.ts",
	"owner": "eslint",
	"code": "no-trailing-spaces",
	"severity": 4,
	"message": "Trailing spaces not allowed",
	"source": "eslint",
	"startLineNumber": 3,
	"startColumn": 3,
	"endLineNumber": 3,
	"endColumn": 3
},{
	"resource": "/c:/Users/basil/Desktop/material-kai-vision-platform/src/services/realtime/PDFProcessingWebSocketService.ts",
	"owner": "eslint",
	"code": "no-console",
	"severity": 4,
	"message": "Unexpected console statement",
	"source": "eslint",
	"startLineNumber": 80,
	"startColumn": 9,
	"endLineNumber": 80,
	"endColumn": 9
},{
	"resource": "/c:/Users/basil/Desktop/material-kai-vision-platform/src/services/realtime/PDFProcessingWebSocketService.ts",
	"owner": "eslint",
	"code": "no-console",
	"severity": 4,
	"message": "Unexpected console statement",
	"source": "eslint",
	"startLineNumber": 94,
	"startColumn": 11,
	"endLineNumber": 94,
	"endColumn": 11
},{
	"resource": "/c:/Users/basil/Desktop/material-kai-vision-platform/src/services/realtime/PDFProcessingWebSocketService.ts",
	"owner": "eslint",
	"code": "no-console",
	"severity": 4,
	"message": "Unexpected console statement",
	"source": "eslint",
	"startLineNumber": 97,
	"startColumn": 11,
	"endLineNumber": 97,
	"endColumn": 11
},{
	"resource": "/c:/Users/basil/Desktop/material-kai-vision-platform/src/services/realtime/PDFProcessingWebSocketService.ts",
	"owner": "eslint",
	"code": "no-console",
	"severity": 4,
	"message": "Unexpected console statement",
	"source": "eslint",
	"startLineNumber": 100,
	"startColumn": 11,
	"endLineNumber": 100,
	"endColumn": 11
},{
	"resource": "/c:/Users/basil/Desktop/material-kai-vision-platform/src/services/realtime/PDFProcessingWebSocketService.ts",
	"owner": "eslint",
	"code": "no-console",
	"severity": 4,
	"message": "Unexpected console statement",
	"source": "eslint",
	"startLineNumber": 106,
	"startColumn": 7,
	"endLineNumber": 106,
	"endColumn": 7
},{
	"resource": "/c:/Users/basil/Desktop/material-kai-vision-platform/src/services/realtime/PDFProcessingWebSocketService.ts",
	"owner": "eslint",
	"code": "@typescript-eslint/no-explicit-any",
	"severity": 4,
	"message": "Unexpected any. Specify a different type",
	"source": "eslint",
	"startLineNumber": 110,
	"startColumn": 43,
	"endLineNumber": 110,
	"endColumn": 43
},{
	"resource": "/c:/Users/basil/Desktop/material-kai-vision-platform/src/services/realtime/PDFProcessingWebSocketService.ts",
	"owner": "eslint",
	"code": "no-trailing-spaces",
	"severity": 4,
	"message": "Trailing spaces not allowed",
	"source": "eslint",
	"startLineNumber": 113,
	"startColumn": 1,
	"endLineNumber": 113,
	"endColumn": 1
},{
	"resource": "/c:/Users/basil/Desktop/material-kai-vision-platform/src/services/realtime/PDFProcessingWebSocketService.ts",
	"owner": "eslint",
	"code": "no-console",
	"severity": 4,
	"message": "Unexpected console statement",
	"source": "eslint",
	"startLineNumber": 118,
	"startColumn": 7,
	"endLineNumber": 118,
	"endColumn": 7
},{
	"resource": "/c:/Users/basil/Desktop/material-kai-vision-platform/src/services/realtime/PDFProcessingWebSocketService.ts",
	"owner": "eslint",
	"code": "no-trailing-spaces",
	"severity": 4,
	"message": "Trailing spaces not allowed",
	"source": "eslint",
	"startLineNumber": 129,
	"startColumn": 1,
	"endLineNumber": 129,
	"endColumn": 1
},{
	"resource": "/c:/Users/basil/Desktop/material-kai-vision-platform/src/services/realtime/PDFProcessingWebSocketService.ts",
	"owner": "eslint",
	"code": "@typescript-eslint/no-non-null-assertion",
	"severity": 4,
	"message": "Forbidden non-null assertion",
	"source": "eslint",
	"startLineNumber": 130,
	"startColumn": 5,
	"endLineNumber": 130,
	"endColumn": 5
},{
	"resource": "/c:/Users/basil/Desktop/material-kai-vision-platform/src/services/realtime/PDFProcessingWebSocketService.ts",
	"owner": "eslint",
	"code": "@typescript-eslint/no-non-null-assertion",
	"severity": 4,
	"message": "Forbidden non-null assertion",
	"source": "eslint",
	"startLineNumber": 188,
	"startColumn": 22,
	"endLineNumber": 188,
	"endColumn": 22
},{
	"resource": "/c:/Users/basil/Desktop/material-kai-vision-platform/src/services/realtime/PDFProcessingWebSocketService.ts",
	"owner": "eslint",
	"code": "no-trailing-spaces",
	"severity": 4,
	"message": "Trailing spaces not allowed",
	"source": "eslint",
	"startLineNumber": 217,
	"startColumn": 19,
	"endLineNumber": 217,
	"endColumn": 19
},{
	"resource": "/c:/Users/basil/Desktop/material-kai-vision-platform/src/services/realtime/PDFProcessingWebSocketService.ts",
	"owner": "eslint",
	"code": "comma-dangle",
	"severity": 4,
	"message": "Missing trailing comma",
	"source": "eslint",
	"startLineNumber": 218,
	"startColumn": 61,
	"endLineNumber": 218,
	"endColumn": 61
},{
	"resource": "/c:/Users/basil/Desktop/material-kai-vision-platform/src/services/realtime/PDFProcessingWebSocketService.ts",
	"owner": "eslint",
	"code": "no-trailing-spaces",
	"severity": 4,
	"message": "Trailing spaces not allowed",
	"source": "eslint",
	"startLineNumber": 252,
	"startColumn": 1,
	"endLineNumber": 252,
	"endColumn": 1
},{
	"resource": "/c:/Users/basil/Desktop/material-kai-vision-platform/src/services/realtime/PDFProcessingWebSocketService.ts",
	"owner": "eslint",
	"code": "no-trailing-spaces",
	"severity": 4,
	"message": "Trailing spaces not allowed",
	"source": "eslint",
	"startLineNumber": 258,
	"startColumn": 1,
	"endLineNumber": 258,
	"endColumn": 1
},{
	"resource": "/c:/Users/basil/Desktop/material-kai-vision-platform/src/services/realtime/PDFProcessingWebSocketService.ts",
	"owner": "eslint",
	"code": "no-trailing-spaces",
	"severity": 4,
	"message": "Trailing spaces not allowed",
	"source": "eslint",
	"startLineNumber": 348,
	"startColumn": 67,
	"endLineNumber": 348,
	"endColumn": 67
},{
	"resource": "/c:/Users/basil/Desktop/material-kai-vision-platform/src/services/realtime/PDFProcessingWebSocketService.ts",
	"owner": "eslint",
	"code": "comma-dangle",
	"severity": 4,
	"message": "Missing trailing comma",
	"source": "eslint",
	"startLineNumber": 349,
	"startColumn": 46,
	"endLineNumber": 349,
	"endColumn": 46
},{
	"resource": "/c:/Users/basil/Desktop/material-kai-vision-platform/src/services/realtime/PDFProcessingWebSocketService.ts",
	"owner": "eslint",
	"code": "no-trailing-spaces",
	"severity": 4,
	"message": "Trailing spaces not allowed",
	"source": "eslint",
	"startLineNumber": 360,
	"startColumn": 1,
	"endLineNumber": 360,
	"endColumn": 1
},{
	"resource": "/c:/Users/basil/Desktop/material-kai-vision-platform/src/services/realtime/PDFProcessingWebSocketService.ts",
	"owner": "eslint",
	"code": "no-console",
	"severity": 4,
	"message": "Unexpected console statement",
	"source": "eslint",
	"startLineNumber": 394,
	"startColumn": 11,
	"endLineNumber": 394,
	"endColumn": 11
},{
	"resource": "/c:/Users/basil/Desktop/material-kai-vision-platform/src/services/responseQualityService.ts",
	"owner": "eslint",
	"code": "no-trailing-spaces",
	"severity": 4,
	"message": "Trailing spaces not allowed",
	"source": "eslint",
	"startLineNumber": 3,
	"startColumn": 3,
	"endLineNumber": 3,
	"endColumn": 3
},{
	"resource": "/c:/Users/basil/Desktop/material-kai-vision-platform/src/services/responseQualityService.ts",
	"owner": "eslint",
	"code": "comma-dangle",
	"severity": 4,
	"message": "Missing trailing comma",
	"source": "eslint",
	"startLineNumber": 35,
	"startColumn": 27,
	"endLineNumber": 35,
	"endColumn": 27
},{
	"resource": "/c:/Users/basil/Desktop/material-kai-vision-platform/src/services/responseQualityService.ts",
	"owner": "eslint",
	"code": "no-console",
	"severity": 4,
	"message": "Unexpected console statement",
	"source": "eslint",
	"startLineNumber": 38,
	"startColumn": 7,
	"endLineNumber": 38,
	"endColumn": 7
},{
	"resource": "/c:/Users/basil/Desktop/material-kai-vision-platform/src/services/responseQualityService.ts",
	"owner": "eslint",
	"code": "no-console",
	"severity": 4,
	"message": "Unexpected console statement",
	"source": "eslint",
	"startLineNumber": 85,
	"startColumn": 7,
	"endLineNumber": 85,
	"endColumn": 7
},{
	"resource": "/c:/Users/basil/Desktop/material-kai-vision-platform/src/services/responseQualityService.ts",
	"owner": "eslint",
	"code": "no-console",
	"severity": 4,
	"message": "Unexpected console statement",
	"source": "eslint",
	"startLineNumber": 89,
	"startColumn": 7,
	"endLineNumber": 89,
	"endColumn": 7
},{
	"resource": "/c:/Users/basil/Desktop/material-kai-vision-platform/src/services/responseQualityService.ts",
	"owner": "eslint",
	"code": "no-console",
	"severity": 4,
	"message": "Unexpected console statement",
	"source": "eslint",
	"startLineNumber": 243,
	"startColumn": 7,
	"endLineNumber": 243,
	"endColumn": 7
},{
	"resource": "/c:/Users/basil/Desktop/material-kai-vision-platform/src/services/responseQualityService.ts",
	"owner": "eslint",
	"code": "@typescript-eslint/no-explicit-any",
	"severity": 4,
	"message": "Unexpected any. Specify a different type",
	"source": "eslint",
	"startLineNumber": 280,
	"startColumn": 53,
	"endLineNumber": 280,
	"endColumn": 53
},{
	"resource": "/c:/Users/basil/Desktop/material-kai-vision-platform/src/services/responseQualityService.ts",
	"owner": "eslint",
	"code": "@typescript-eslint/no-explicit-any",
	"severity": 4,
	"message": "Unexpected any. Specify a different type",
	"source": "eslint",
	"startLineNumber": 281,
	"startColumn": 57,
	"endLineNumber": 281,
	"endColumn": 57
},{
	"resource": "/c:/Users/basil/Desktop/material-kai-vision-platform/src/services/responseQualityService.ts",
	"owner": "eslint",
	"code": "@typescript-eslint/no-explicit-any",
	"severity": 4,
	"message": "Unexpected any. Specify a different type",
	"source": "eslint",
	"startLineNumber": 282,
	"startColumn": 55,
	"endLineNumber": 282,
	"endColumn": 55
},{
	"resource": "/c:/Users/basil/Desktop/material-kai-vision-platform/src/services/responseQualityService.ts",
	"owner": "eslint",
	"code": "@typescript-eslint/no-explicit-any",
	"severity": 4,
	"message": "Unexpected any. Specify a different type",
	"source": "eslint",
	"startLineNumber": 283,
	"startColumn": 55,
	"endLineNumber": 283,
	"endColumn": 55
},{
	"resource": "/c:/Users/basil/Desktop/material-kai-vision-platform/src/services/responseQualityService.ts",
	"owner": "eslint",
	"code": "@typescript-eslint/no-explicit-any",
	"severity": 4,
	"message": "Unexpected any. Specify a different type",
	"source": "eslint",
	"startLineNumber": 284,
	"startColumn": 51,
	"endLineNumber": 284,
	"endColumn": 51
},{
	"resource": "/c:/Users/basil/Desktop/material-kai-vision-platform/src/services/responseQualityService.ts",
	"owner": "eslint",
	"code": "no-console",
	"severity": 4,
	"message": "Unexpected console statement",
	"source": "eslint",
	"startLineNumber": 288,
	"startColumn": 7,
	"endLineNumber": 288,
	"endColumn": 7
},{
	"resource": "/c:/Users/basil/Desktop/material-kai-vision-platform/src/services/retrievalQualityService.ts",
	"owner": "eslint",
	"code": "no-trailing-spaces",
	"severity": 4,
	"message": "Trailing spaces not allowed",
	"source": "eslint",
	"startLineNumber": 3,
	"startColumn": 3,
	"endLineNumber": 3,
	"endColumn": 3
},{
	"resource": "/c:/Users/basil/Desktop/material-kai-vision-platform/src/services/retrievalQualityService.ts",
	"owner": "eslint",
	"code": "comma-dangle",
	"severity": 4,
	"message": "Missing trailing comma",
	"source": "eslint",
	"startLineNumber": 38,
	"startColumn": 31,
	"endLineNumber": 38,
	"endColumn": 31
},{
	"resource": "/c:/Users/basil/Desktop/material-kai-vision-platform/src/services/retrievalQualityService.ts",
	"owner": "eslint",
	"code": "no-console",
	"severity": 4,
	"message": "Unexpected console statement",
	"source": "eslint",
	"startLineNumber": 75,
	"startColumn": 7,
	"endLineNumber": 75,
	"endColumn": 7
},{
	"resource": "/c:/Users/basil/Desktop/material-kai-vision-platform/src/services/retrievalQualityService.ts",
	"owner": "eslint",
	"code": "no-console",
	"severity": 4,
	"message": "Unexpected console statement",
	"source": "eslint",
	"startLineNumber": 79,
	"startColumn": 7,
	"endLineNumber": 79,
	"endColumn": 7
},{
	"resource": "/c:/Users/basil/Desktop/material-kai-vision-platform/src/services/retrievalQualityService.ts",
	"owner": "eslint",
	"code": "no-console",
	"severity": 4,
	"message": "Unexpected console statement",
	"source": "eslint",
	"startLineNumber": 104,
	"startColumn": 7,
	"endLineNumber": 104,
	"endColumn": 7
},{
	"resource": "/c:/Users/basil/Desktop/material-kai-vision-platform/src/services/retrievalQualityService.ts",
	"owner": "eslint",
	"code": "@typescript-eslint/no-explicit-any",
	"severity": 4,
	"message": "Unexpected any. Specify a different type",
	"source": "eslint",
	"startLineNumber": 138,
	"startColumn": 57,
	"endLineNumber": 138,
	"endColumn": 57
},{
	"resource": "/c:/Users/basil/Desktop/material-kai-vision-platform/src/services/retrievalQualityService.ts",
	"owner": "eslint",
	"code": "@typescript-eslint/no-explicit-any",
	"severity": 4,
	"message": "Unexpected any. Specify a different type",
	"source": "eslint",
	"startLineNumber": 139,
	"startColumn": 54,
	"endLineNumber": 139,
	"endColumn": 54
},{
	"resource": "/c:/Users/basil/Desktop/material-kai-vision-platform/src/services/retrievalQualityService.ts",
	"owner": "eslint",
	"code": "@typescript-eslint/no-explicit-any",
	"severity": 4,
	"message": "Unexpected any. Specify a different type",
	"source": "eslint",
	"startLineNumber": 140,
	"startColumn": 51,
	"endLineNumber": 140,
	"endColumn": 51
},{
	"resource": "/c:/Users/basil/Desktop/material-kai-vision-platform/src/services/retrievalQualityService.ts",
	"owner": "eslint",
	"code": "@typescript-eslint/no-explicit-any",
	"severity": 4,
	"message": "Unexpected any. Specify a different type",
	"source": "eslint",
	"startLineNumber": 141,
	"startColumn": 55,
	"endLineNumber": 141,
	"endColumn": 55
},{
	"resource": "/c:/Users/basil/Desktop/material-kai-vision-platform/src/services/retrievalQualityService.ts",
	"owner": "eslint",
	"code": "no-console",
	"severity": 4,
	"message": "Unexpected console statement",
	"source": "eslint",
	"startLineNumber": 151,
	"startColumn": 7,
	"endLineNumber": 151,
	"endColumn": 7
},{
	"resource": "/c:/Users/basil/Desktop/material-kai-vision-platform/src/services/retrievalQualityService.ts",
	"owner": "eslint",
	"code": "no-console",
	"severity": 4,
	"message": "Unexpected console statement",
	"source": "eslint",
	"startLineNumber": 172,
	"startColumn": 7,
	"endLineNumber": 172,
	"endColumn": 7
},{
	"resource": "/c:/Users/basil/Desktop/material-kai-vision-platform/src/services/retrievalQualityService.ts",
	"owner": "eslint",
	"code": "@typescript-eslint/no-explicit-any",
	"severity": 4,
	"message": "Unexpected any. Specify a different type",
	"source": "eslint",
	"startLineNumber": 200,
	"startColumn": 37,
	"endLineNumber": 200,
	"endColumn": 37
},{
	"resource": "/c:/Users/basil/Desktop/material-kai-vision-platform/src/services/retrievalQualityService.ts",
	"owner": "eslint",
	"code": "no-console",
	"severity": 4,
	"message": "Unexpected console statement",
	"source": "eslint",
	"startLineNumber": 218,
	"startColumn": 7,
	"endLineNumber": 218,
	"endColumn": 7
},{
	"resource": "/c:/Users/basil/Desktop/material-kai-vision-platform/src/services/SearchOptimizationService.ts",
	"owner": "eslint",
	"code": "no-trailing-spaces",
	"severity": 4,
	"message": "Trailing spaces not allowed",
	"source": "eslint",
	"startLineNumber": 3,
	"startColumn": 3,
	"endLineNumber": 3,
	"endColumn": 3
},{
	"resource": "/c:/Users/basil/Desktop/material-kai-vision-platform/src/services/SearchOptimizationService.ts",
	"owner": "eslint",
	"code": "import/order",
	"severity": 4,
	"message": "There should be at least one empty line between import groups",
	"source": "eslint",
	"startLineNumber": 8,
	"startColumn": 1,
	"endLineNumber": 8,
	"endColumn": 1
},{
	"resource": "/c:/Users/basil/Desktop/material-kai-vision-platform/src/services/SearchOptimizationService.ts",
	"owner": "eslint",
	"code": "import/order",
	"severity": 4,
	"message": "`@/integrations/supabase/client` import should occur before import of `./base/BaseService`",
	"source": "eslint",
	"startLineNumber": 9,
	"startColumn": 1,
	"endLineNumber": 9,
	"endColumn": 1
},{
	"resource": "/c:/Users/basil/Desktop/material-kai-vision-platform/src/services/SearchOptimizationService.ts",
	"owner": "eslint",
	"code": "comma-dangle",
	"severity": 4,
	"message": "Missing trailing comma",
	"source": "eslint",
	"startLineNumber": 193,
	"startColumn": 70,
	"endLineNumber": 193,
	"endColumn": 70
},{
	"resource": "/c:/Users/basil/Desktop/material-kai-vision-platform/src/services/SearchOptimizationService.ts",
	"owner": "eslint",
	"code": "@typescript-eslint/no-explicit-any",
	"severity": 4,
	"message": "Unexpected any. Specify a different type",
	"source": "eslint",
	"startLineNumber": 202,
	"startColumn": 36,
	"endLineNumber": 202,
	"endColumn": 36
},{
	"resource": "/c:/Users/basil/Desktop/material-kai-vision-platform/src/services/SearchOptimizationService.ts",
	"owner": "eslint",
	"code": "@typescript-eslint/no-explicit-any",
	"severity": 4,
	"message": "Unexpected any. Specify a different type",
	"source": "eslint",
	"startLineNumber": 202,
	"startColumn": 65,
	"endLineNumber": 202,
	"endColumn": 65
},{
	"resource": "/c:/Users/basil/Desktop/material-kai-vision-platform/src/services/SearchOptimizationService.ts",
	"owner": "eslint",
	"code": "@typescript-eslint/no-explicit-any",
	"severity": 4,
	"message": "Unexpected any. Specify a different type",
	"source": "eslint",
	"startLineNumber": 237,
	"startColumn": 42,
	"endLineNumber": 237,
	"endColumn": 42
},{
	"resource": "/c:/Users/basil/Desktop/material-kai-vision-platform/src/services/shopping/ShoppingCartService.ts",
	"owner": "eslint",
	"code": "no-console",
	"severity": 4,
	"message": "Unexpected console statement",
	"source": "eslint",
	"startLineNumber": 50,
	"startColumn": 7,
	"endLineNumber": 50,
	"endColumn": 7
},{
	"resource": "/c:/Users/basil/Desktop/material-kai-vision-platform/src/services/shopping/ShoppingCartService.ts",
	"owner": "eslint",
	"code": "no-console",
	"severity": 4,
	"message": "Unexpected console statement",
	"source": "eslint",
	"startLineNumber": 67,
	"startColumn": 7,
	"endLineNumber": 67,
	"endColumn": 7
},{
	"resource": "/c:/Users/basil/Desktop/material-kai-vision-platform/src/services/shopping/ShoppingCartService.ts",
	"owner": "eslint",
	"code": "comma-dangle",
	"severity": 4,
	"message": "Missing trailing comma",
	"source": "eslint",
	"startLineNumber": 80,
	"startColumn": 19,
	"endLineNumber": 80,
	"endColumn": 19
},{
	"resource": "/c:/Users/basil/Desktop/material-kai-vision-platform/src/services/shopping/ShoppingCartService.ts",
	"owner": "eslint",
	"code": "comma-dangle",
	"severity": 4,
	"message": "Missing trailing comma",
	"source": "eslint",
	"startLineNumber": 101,
	"startColumn": 27,
	"endLineNumber": 101,
	"endColumn": 27
},{
	"resource": "/c:/Users/basil/Desktop/material-kai-vision-platform/src/services/shopping/ShoppingCartService.ts",
	"owner": "eslint",
	"code": "no-console",
	"severity": 4,
	"message": "Unexpected console statement",
	"source": "eslint",
	"startLineNumber": 106,
	"startColumn": 7,
	"endLineNumber": 106,
	"endColumn": 7
},{
	"resource": "/c:/Users/basil/Desktop/material-kai-vision-platform/src/services/shopping/ShoppingCartService.ts",
	"owner": "eslint",
	"code": "comma-dangle",
	"severity": 4,
	"message": "Missing trailing comma",
	"source": "eslint",
	"startLineNumber": 122,
	"startColumn": 29,
	"endLineNumber": 122,
	"endColumn": 29
},{
	"resource": "/c:/Users/basil/Desktop/material-kai-vision-platform/src/services/shopping/ShoppingCartService.ts",
	"owner": "eslint",
	"code": "no-console",
	"severity": 4,
	"message": "Unexpected console statement",
	"source": "eslint",
	"startLineNumber": 125,
	"startColumn": 7,
	"endLineNumber": 125,
	"endColumn": 7
},{
	"resource": "/c:/Users/basil/Desktop/material-kai-vision-platform/src/services/shopping/ShoppingCartService.ts",
	"owner": "eslint",
	"code": "comma-dangle",
	"severity": 4,
	"message": "Missing trailing comma",
	"source": "eslint",
	"startLineNumber": 141,
	"startColumn": 26,
	"endLineNumber": 141,
	"endColumn": 26
},{
	"resource": "/c:/Users/basil/Desktop/material-kai-vision-platform/src/services/shopping/ShoppingCartService.ts",
	"owner": "eslint",
	"code": "no-console",
	"severity": 4,
	"message": "Unexpected console statement",
	"source": "eslint",
	"startLineNumber": 146,
	"startColumn": 7,
	"endLineNumber": 146,
	"endColumn": 7
},{
	"resource": "/c:/Users/basil/Desktop/material-kai-vision-platform/src/services/shopping/ShoppingCartService.ts",
	"owner": "eslint",
	"code": "no-console",
	"severity": 4,
	"message": "Unexpected console statement",
	"source": "eslint",
	"startLineNumber": 179,
	"startColumn": 7,
	"endLineNumber": 179,
	"endColumn": 7
},{
	"resource": "/c:/Users/basil/Desktop/material-kai-vision-platform/src/services/spaceformerAnalysisService.ts",
	"owner": "eslint",
	"code": "no-console",
	"severity": 4,
	"message": "Unexpected console statement",
	"source": "eslint",
	"startLineNumber": 100,
	"startColumn": 7,
	"endLineNumber": 100,
	"endColumn": 7
},{
	"resource": "/c:/Users/basil/Desktop/material-kai-vision-platform/src/services/spaceformerAnalysisService.ts",
	"owner": "eslint",
	"code": "no-console",
	"severity": 4,
	"message": "Unexpected console statement",
	"source": "eslint",
	"startLineNumber": 110,
	"startColumn": 9,
	"endLineNumber": 110,
	"endColumn": 9
},{
	"resource": "/c:/Users/basil/Desktop/material-kai-vision-platform/src/services/spaceformerAnalysisService.ts",
	"owner": "eslint",
	"code": "no-console",
	"severity": 4,
	"message": "Unexpected console statement",
	"source": "eslint",
	"startLineNumber": 117,
	"startColumn": 7,
	"endLineNumber": 117,
	"endColumn": 7
},{
	"resource": "/c:/Users/basil/Desktop/material-kai-vision-platform/src/services/spaceformerAnalysisService.ts",
	"owner": "eslint",
	"code": "no-console",
	"severity": 4,
	"message": "Unexpected console statement",
	"source": "eslint",
	"startLineNumber": 129,
	"startColumn": 7,
	"endLineNumber": 129,
	"endColumn": 7
},{
	"resource": "/c:/Users/basil/Desktop/material-kai-vision-platform/src/services/spaceformerAnalysisService.ts",
	"owner": "eslint",
	"code": "no-console",
	"severity": 4,
	"message": "Unexpected console statement",
	"source": "eslint",
	"startLineNumber": 133,
	"startColumn": 7,
	"endLineNumber": 133,
	"endColumn": 7
},{
	"resource": "/c:/Users/basil/Desktop/material-kai-vision-platform/src/services/spaceformerAnalysisService.ts",
	"owner": "eslint",
	"code": "no-console",
	"severity": 4,
	"message": "Unexpected console statement",
	"source": "eslint",
	"startLineNumber": 145,
	"startColumn": 7,
	"endLineNumber": 145,
	"endColumn": 7
},{
	"resource": "/c:/Users/basil/Desktop/material-kai-vision-platform/src/services/spaceformerAnalysisService.ts",
	"owner": "eslint",
	"code": "no-console",
	"severity": 4,
	"message": "Unexpected console statement",
	"source": "eslint",
	"startLineNumber": 149,
	"startColumn": 7,
	"endLineNumber": 149,
	"endColumn": 7
},{
	"resource": "/c:/Users/basil/Desktop/material-kai-vision-platform/src/services/spaceformerAnalysisService.ts",
	"owner": "eslint",
	"code": "comma-dangle",
	"severity": 4,
	"message": "Missing trailing comma",
	"source": "eslint",
	"startLineNumber": 170,
	"startColumn": 65,
	"endLineNumber": 170,
	"endColumn": 65
},{
	"resource": "/c:/Users/basil/Desktop/material-kai-vision-platform/src/services/svbrdfExtractionAPI.ts",
	"owner": "eslint",
	"code": "no-console",
	"severity": 4,
	"message": "Unexpected console statement",
	"source": "eslint",
	"startLineNumber": 68,
	"startColumn": 7,
	"endLineNumber": 68,
	"endColumn": 7
},{
	"resource": "/c:/Users/basil/Desktop/material-kai-vision-platform/src/services/svbrdfExtractionAPI.ts",
	"owner": "eslint",
	"code": "no-console",
	"severity": 4,
	"message": "Unexpected console statement",
	"source": "eslint",
	"startLineNumber": 96,
	"startColumn": 7,
	"endLineNumber": 96,
	"endColumn": 7
},{
	"resource": "/c:/Users/basil/Desktop/material-kai-vision-platform/src/services/svbrdfExtractionAPI.ts",
	"owner": "eslint",
	"code": "no-console",
	"severity": 4,
	"message": "Unexpected console statement",
	"source": "eslint",
	"startLineNumber": 118,
	"startColumn": 7,
	"endLineNumber": 118,
	"endColumn": 7
},{
	"resource": "/c:/Users/basil/Desktop/material-kai-vision-platform/src/services/svbrdfExtractionAPI.ts",
	"owner": "eslint",
	"code": "no-console",
	"severity": 4,
	"message": "Unexpected console statement",
	"source": "eslint",
	"startLineNumber": 157,
	"startColumn": 7,
	"endLineNumber": 157,
	"endColumn": 7
},{
	"resource": "/c:/Users/basil/Desktop/material-kai-vision-platform/src/services/svbrdfExtractionAPI.ts",
	"owner": "eslint",
	"code": "@typescript-eslint/no-explicit-any",
	"severity": 4,
	"message": "Unexpected any. Specify a different type",
	"source": "eslint",
	"startLineNumber": 184,
	"startColumn": 49,
	"endLineNumber": 184,
	"endColumn": 49
},{
	"resource": "/c:/Users/basil/Desktop/material-kai-vision-platform/src/services/svbrdfExtractionAPI.ts",
	"owner": "eslint",
	"code": "@typescript-eslint/no-explicit-any",
	"severity": 4,
	"message": "Unexpected any. Specify a different type",
	"source": "eslint",
	"startLineNumber": 185,
	"startColumn": 45,
	"endLineNumber": 185,
	"endColumn": 45
},{
	"resource": "/c:/Users/basil/Desktop/material-kai-vision-platform/src/services/svbrdfExtractionAPI.ts",
	"owner": "eslint",
	"code": "@typescript-eslint/no-explicit-any",
	"severity": 4,
	"message": "Unexpected any. Specify a different type",
	"source": "eslint",
	"startLineNumber": 187,
	"startColumn": 23,
	"endLineNumber": 187,
	"endColumn": 23
},{
	"resource": "/c:/Users/basil/Desktop/material-kai-vision-platform/src/services/svbrdfExtractionAPI.ts",
	"owner": "eslint",
	"code": "@typescript-eslint/no-explicit-any",
	"severity": 4,
	"message": "Unexpected any. Specify a different type",
	"source": "eslint",
	"startLineNumber": 188,
	"startColumn": 25,
	"endLineNumber": 188,
	"endColumn": 25
},{
	"resource": "/c:/Users/basil/Desktop/material-kai-vision-platform/src/services/svbrdfExtractionAPI.ts",
	"owner": "eslint",
	"code": "@typescript-eslint/no-explicit-any",
	"severity": 4,
	"message": "Unexpected any. Specify a different type",
	"source": "eslint",
	"startLineNumber": 188,
	"startColumn": 33,
	"endLineNumber": 188,
	"endColumn": 33
},{
	"resource": "/c:/Users/basil/Desktop/material-kai-vision-platform/src/services/svbrdfExtractionAPI.ts",
	"owner": "eslint",
	"code": "@typescript-eslint/no-explicit-any",
	"severity": 4,
	"message": "Unexpected any. Specify a different type",
	"source": "eslint",
	"startLineNumber": 188,
	"startColumn": 97,
	"endLineNumber": 188,
	"endColumn": 97
},{
	"resource": "/c:/Users/basil/Desktop/material-kai-vision-platform/src/services/svbrdfExtractionAPI.ts",
	"owner": "eslint",
	"code": "@typescript-eslint/no-explicit-any",
	"severity": 4,
	"message": "Unexpected any. Specify a different type",
	"source": "eslint",
	"startLineNumber": 190,
	"startColumn": 23,
	"endLineNumber": 190,
	"endColumn": 23
},{
	"resource": "/c:/Users/basil/Desktop/material-kai-vision-platform/src/services/svbrdfExtractionAPI.ts",
	"owner": "eslint",
	"code": "@typescript-eslint/no-explicit-any",
	"severity": 4,
	"message": "Unexpected any. Specify a different type",
	"source": "eslint",
	"startLineNumber": 191,
	"startColumn": 25,
	"endLineNumber": 191,
	"endColumn": 25
},{
	"resource": "/c:/Users/basil/Desktop/material-kai-vision-platform/src/services/svbrdfExtractionAPI.ts",
	"owner": "eslint",
	"code": "@typescript-eslint/no-explicit-any",
	"severity": 4,
	"message": "Unexpected any. Specify a different type",
	"source": "eslint",
	"startLineNumber": 191,
	"startColumn": 33,
	"endLineNumber": 191,
	"endColumn": 33
},{
	"resource": "/c:/Users/basil/Desktop/material-kai-vision-platform/src/services/svbrdfExtractionAPI.ts",
	"owner": "eslint",
	"code": "@typescript-eslint/no-explicit-any",
	"severity": 4,
	"message": "Unexpected any. Specify a different type",
	"source": "eslint",
	"startLineNumber": 191,
	"startColumn": 95,
	"endLineNumber": 191,
	"endColumn": 95
},{
	"resource": "/c:/Users/basil/Desktop/material-kai-vision-platform/src/services/svbrdfExtractionAPI.ts",
	"owner": "eslint",
	"code": "no-console",
	"severity": 4,
	"message": "Unexpected console statement",
	"source": "eslint",
	"startLineNumber": 198,
	"startColumn": 7,
	"endLineNumber": 198,
	"endColumn": 7
},{
	"resource": "/c:/Users/basil/Desktop/material-kai-vision-platform/src/services/svbrdfExtractionAPI.ts",
	"owner": "eslint",
	"code": "no-console",
	"severity": 4,
	"message": "Unexpected console statement",
	"source": "eslint",
	"startLineNumber": 223,
	"startColumn": 7,
	"endLineNumber": 223,
	"endColumn": 7
},{
	"resource": "/c:/Users/basil/Desktop/material-kai-vision-platform/src/services/svbrdfExtractionAPI.ts",
	"owner": "eslint",
	"code": "no-console",
	"severity": 4,
	"message": "Unexpected console statement",
	"source": "eslint",
	"startLineNumber": 260,
	"startColumn": 7,
	"endLineNumber": 260,
	"endColumn": 7
},{
	"resource": "/c:/Users/basil/Desktop/material-kai-vision-platform/src/services/textPreprocessor.ts",
	"owner": "eslint",
	"code": "no-trailing-spaces",
	"severity": 4,
	"message": "Trailing spaces not allowed",
	"source": "eslint",
	"startLineNumber": 3,
	"startColumn": 3,
	"endLineNumber": 3,
	"endColumn": 3
},{
	"resource": "/c:/Users/basil/Desktop/material-kai-vision-platform/src/services/textPreprocessor.ts",
	"owner": "eslint",
	"code": "comma-dangle",
	"severity": 4,
	"message": "Missing trailing comma",
	"source": "eslint",
	"startLineNumber": 64,
	"startColumn": 39,
	"endLineNumber": 64,
	"endColumn": 39
},{
	"resource": "/c:/Users/basil/Desktop/material-kai-vision-platform/src/services/textPreprocessor.ts",
	"owner": "eslint",
	"code": "no-trailing-spaces",
	"severity": 4,
	"message": "Trailing spaces not allowed",
	"source": "eslint",
	"startLineNumber": 102,
	"startColumn": 1,
	"endLineNumber": 102,
	"endColumn": 1
},{
	"resource": "/c:/Users/basil/Desktop/material-kai-vision-platform/src/services/textPreprocessor.ts",
	"owner": "eslint",
	"code": "comma-dangle",
	"severity": 4,
	"message": "Missing trailing comma",
	"source": "eslint",
	"startLineNumber": 128,
	"startColumn": 20,
	"endLineNumber": 128,
	"endColumn": 20
},{
	"resource": "/c:/Users/basil/Desktop/material-kai-vision-platform/src/services/textPreprocessor.ts",
	"owner": "eslint",
	"code": "comma-dangle",
	"severity": 4,
	"message": "Missing trailing comma",
	"source": "eslint",
	"startLineNumber": 167,
	"startColumn": 29,
	"endLineNumber": 167,
	"endColumn": 29
},{
	"resource": "/c:/Users/basil/Desktop/material-kai-vision-platform/src/services/textPreprocessor.ts",
	"owner": "eslint",
	"code": "no-trailing-spaces",
	"severity": 4,
	"message": "Trailing spaces not allowed",
	"source": "eslint",
	"startLineNumber": 235,
	"startColumn": 1,
	"endLineNumber": 235,
	"endColumn": 1
},{
	"resource": "/c:/Users/basil/Desktop/material-kai-vision-platform/src/services/textPreprocessor.ts",
	"owner": "eslint",
	"code": "comma-dangle",
	"severity": 4,
	"message": "Missing trailing comma",
	"source": "eslint",
	"startLineNumber": 256,
	"startColumn": 39,
	"endLineNumber": 256,
	"endColumn": 39
},{
	"resource": "/c:/Users/basil/Desktop/material-kai-vision-platform/src/services/textPreprocessor.ts",
	"owner": "eslint",
	"code": "no-trailing-spaces",
	"severity": 4,
	"message": "Trailing spaces not allowed",
	"source": "eslint",
	"startLineNumber": 259,
	"startColumn": 1,
	"endLineNumber": 259,
	"endColumn": 1
},{
	"resource": "/c:/Users/basil/Desktop/material-kai-vision-platform/src/services/textPreprocessor.ts",
	"owner": "eslint",
	"code": "no-console",
	"severity": 4,
	"message": "Unexpected console statement",
	"source": "eslint",
	"startLineNumber": 265,
	"startColumn": 9,
	"endLineNumber": 265,
	"endColumn": 9
},{
	"resource": "/c:/Users/basil/Desktop/material-kai-vision-platform/src/services/textPreprocessor.ts",
	"owner": "eslint",
	"code": "no-trailing-spaces",
	"severity": 4,
	"message": "Trailing spaces not allowed",
	"source": "eslint",
	"startLineNumber": 294,
	"startColumn": 54,
	"endLineNumber": 294,
	"endColumn": 54
},{
	"resource": "/c:/Users/basil/Desktop/material-kai-vision-platform/src/services/textPreprocessor.ts",
	"owner": "eslint",
	"code": "no-trailing-spaces",
	"severity": 4,
	"message": "Trailing spaces not allowed",
	"source": "eslint",
	"startLineNumber": 297,
	"startColumn": 1,
	"endLineNumber": 297,
	"endColumn": 1
},{
	"resource": "/c:/Users/basil/Desktop/material-kai-vision-platform/src/services/validationIntegrationService.ts",
	"owner": "eslint",
	"code": "@typescript-eslint/no-non-null-assertion",
	"severity": 4,
	"message": "Forbidden non-null assertion",
	"source": "eslint",
	"startLineNumber": 255,
	"startColumn": 14,
	"endLineNumber": 255,
	"endColumn": 14
},{
	"resource": "/c:/Users/basil/Desktop/material-kai-vision-platform/src/services/validationIntegrationService.ts",
	"owner": "eslint",
	"code": "@typescript-eslint/no-non-null-assertion",
	"severity": 4,
	"message": "Forbidden non-null assertion",
	"source": "eslint",
	"startLineNumber": 319,
	"startColumn": 21,
	"endLineNumber": 319,
	"endColumn": 21
},{
	"resource": "/c:/Users/basil/Desktop/material-kai-vision-platform/src/services/ValidationRulesService.ts",
	"owner": "eslint",
	"code": "import/order",
	"severity": 4,
	"message": "There should be at least one empty line between import groups",
	"source": "eslint",
	"startLineNumber": 6,
	"startColumn": 1,
	"endLineNumber": 6,
	"endColumn": 1
},{
	"resource": "/c:/Users/basil/Desktop/material-kai-vision-platform/src/services/ValidationRulesService.ts",
	"owner": "eslint",
	"code": "import/order",
	"severity": 4,
	"message": "There should be at least one empty line between import groups",
	"source": "eslint",
	"startLineNumber": 7,
	"startColumn": 1,
	"endLineNumber": 7,
	"endColumn": 1
},{
	"resource": "/c:/Users/basil/Desktop/material-kai-vision-platform/src/services/ValidationRulesService.ts",
	"owner": "eslint",
	"code": "import/order",
	"severity": 4,
	"message": "`@/types/validation-rules` import should occur before import of `./base/BaseService`",
	"source": "eslint",
	"startLineNumber": 8,
	"startColumn": 1,
	"endLineNumber": 8,
	"endColumn": 1
},{
	"resource": "/c:/Users/basil/Desktop/material-kai-vision-platform/src/services/ValidationRulesService.ts",
	"owner": "eslint",
	"code": "@typescript-eslint/no-unused-vars",
	"severity": 4,
	"message": "'ValidationRuleUpdate' is defined but never used. Allowed unused vars must match /^_/u",
	"source": "eslint",
	"startLineNumber": 11,
	"startColumn": 3,
	"endLineNumber": 11,
	"endColumn": 3
},{
	"resource": "/c:/Users/basil/Desktop/material-kai-vision-platform/src/services/ValidationRulesService.ts",
	"owner": "eslint",
	"code": "@typescript-eslint/no-unused-vars",
	"severity": 4,
	"message": "'ValidationRuleType' is defined but never used. Allowed unused vars must match /^_/u",
	"source": "eslint",
	"startLineNumber": 20,
	"startColumn": 3,
	"endLineNumber": 20,
	"endColumn": 3
},{
	"resource": "/c:/Users/basil/Desktop/material-kai-vision-platform/src/services/ValidationRulesService.ts",
	"owner": "eslint",
	"code": "@typescript-eslint/no-unused-vars",
	"severity": 4,
	"message": "'ValidationOperator' is defined but never used. Allowed unused vars must match /^_/u",
	"source": "eslint",
	"startLineNumber": 21,
	"startColumn": 3,
	"endLineNumber": 21,
	"endColumn": 3
},{
	"resource": "/c:/Users/basil/Desktop/material-kai-vision-platform/src/services/ValidationRulesService.ts",
	"owner": "eslint",
	"code": "no-console",
	"severity": 4,
	"message": "Unexpected console statement",
	"source": "eslint",
	"startLineNumber": 64,
	"startColumn": 5,
	"endLineNumber": 64,
	"endColumn": 5
},{
	"resource": "/c:/Users/basil/Desktop/material-kai-vision-platform/src/services/ValidationRulesService.ts",
	"owner": "eslint",
	"code": "@typescript-eslint/no-non-null-assertion",
	"severity": 4,
	"message": "Forbidden non-null assertion",
	"source": "eslint",
	"startLineNumber": 98,
	"startColumn": 16,
	"endLineNumber": 98,
	"endColumn": 16
},{
	"resource": "/c:/Users/basil/Desktop/material-kai-vision-platform/src/services/ValidationRulesService.ts",
	"owner": "eslint",
	"code": "comma-dangle",
	"severity": 4,
	"message": "Missing trailing comma",
	"source": "eslint",
	"startLineNumber": 166,
	"startColumn": 42,
	"endLineNumber": 166,
	"endColumn": 42
},{
	"resource": "/c:/Users/basil/Desktop/material-kai-vision-platform/src/services/ValidationRulesService.ts",
	"owner": "eslint",
	"code": "no-console",
	"severity": 4,
	"message": "Unexpected console statement",
	"source": "eslint",
	"startLineNumber": 215,
	"startColumn": 11,
	"endLineNumber": 215,
	"endColumn": 11
},{
	"resource": "/c:/Users/basil/Desktop/material-kai-vision-platform/src/services/ValidationRulesService.ts",
	"owner": "eslint",
	"code": "@typescript-eslint/no-explicit-any",
	"severity": 4,
	"message": "Unexpected any. Specify a different type",
	"source": "eslint",
	"startLineNumber": 283,
	"startColumn": 16,
	"endLineNumber": 283,
	"endColumn": 16
},{
	"resource": "/c:/Users/basil/Desktop/material-kai-vision-platform/src/services/ValidationRulesService.ts",
	"owner": "eslint",
	"code": "comma-dangle",
	"severity": 4,
	"message": "Missing trailing comma",
	"source": "eslint",
	"startLineNumber": 283,
	"startColumn": 19,
	"endLineNumber": 283,
	"endColumn": 19
},{
	"resource": "/c:/Users/basil/Desktop/material-kai-vision-platform/src/services/ValidationRulesService.ts",
	"owner": "eslint",
	"code": "@typescript-eslint/no-explicit-any",
	"severity": 4,
	"message": "Unexpected any. Specify a different type",
	"source": "eslint",
	"startLineNumber": 310,
	"startColumn": 52,
	"endLineNumber": 310,
	"endColumn": 52
},{
	"resource": "/c:/Users/basil/Desktop/material-kai-vision-platform/src/services/ValidationRulesService.ts",
	"owner": "eslint",
	"code": "@typescript-eslint/no-explicit-any",
	"severity": 4,
	"message": "Unexpected any. Specify a different type",
	"source": "eslint",
	"startLineNumber": 336,
	"startColumn": 31,
	"endLineNumber": 336,
	"endColumn": 31
},{
	"resource": "/c:/Users/basil/Desktop/material-kai-vision-platform/src/services/ValidationRulesService.ts",
	"owner": "eslint",
	"code": "@typescript-eslint/no-explicit-any",
	"severity": 4,
	"message": "Unexpected any. Specify a different type",
	"source": "eslint",
	"startLineNumber": 336,
	"startColumn": 52,
	"endLineNumber": 336,
	"endColumn": 52
},{
	"resource": "/c:/Users/basil/Desktop/material-kai-vision-platform/src/services/ValidationRulesService.ts",
	"owner": "eslint",
	"code": "comma-dangle",
	"severity": 4,
	"message": "Missing trailing comma",
	"source": "eslint",
	"startLineNumber": 364,
	"startColumn": 32,
	"endLineNumber": 364,
	"endColumn": 32
},{
	"resource": "/c:/Users/basil/Desktop/material-kai-vision-platform/src/services/visualFeatureExtractionService.ts",
	"owner": "eslint",
	"code": "no-trailing-spaces",
	"severity": 4,
	"message": "Trailing spaces not allowed",
	"source": "eslint",
	"startLineNumber": 3,
	"startColumn": 3,
	"endLineNumber": 3,
	"endColumn": 3
},{
	"resource": "/c:/Users/basil/Desktop/material-kai-vision-platform/src/services/visualFeatureExtractionService.ts",
	"owner": "eslint",
	"code": "no-trailing-spaces",
	"severity": 4,
	"message": "Trailing spaces not allowed",
	"source": "eslint",
	"startLineNumber": 5,
	"startColumn": 73,
	"endLineNumber": 5,
	"endColumn": 73
},{
	"resource": "/c:/Users/basil/Desktop/material-kai-vision-platform/src/services/visualFeatureExtractionService.ts",
	"owner": "eslint",
	"code": "import/order",
	"severity": 4,
	"message": "`./imagePreprocessing` import should occur after import of `../core/errors/utils`",
	"source": "eslint",
	"startLineNumber": 9,
	"startColumn": 1,
	"endLineNumber": 9,
	"endColumn": 1
},{
	"resource": "/c:/Users/basil/Desktop/material-kai-vision-platform/src/services/visualFeatureExtractionService.ts",
	"owner": "eslint",
	"code": "comma-dangle",
	"severity": 4,
	"message": "Missing trailing comma",
	"source": "eslint",
	"startLineNumber": 12,
	"startColumn": 16,
	"endLineNumber": 12,
	"endColumn": 16
},{
	"resource": "/c:/Users/basil/Desktop/material-kai-vision-platform/src/services/visualFeatureExtractionService.ts",
	"owner": "eslint",
	"code": "comma-dangle",
	"severity": 4,
	"message": "Missing trailing comma",
	"source": "eslint",
	"startLineNumber": 16,
	"startColumn": 18,
	"endLineNumber": 16,
	"endColumn": 18
},{
	"resource": "/c:/Users/basil/Desktop/material-kai-vision-platform/src/services/visualFeatureExtractionService.ts",
	"owner": "eslint",
	"code": "no-trailing-spaces",
	"severity": 4,
	"message": "Trailing spaces not allowed",
	"source": "eslint",
	"startLineNumber": 167,
	"startColumn": 3,
	"endLineNumber": 167,
	"endColumn": 3
},{
	"resource": "/c:/Users/basil/Desktop/material-kai-vision-platform/src/services/visualFeatureExtractionService.ts",
	"owner": "eslint",
	"code": "no-trailing-spaces",
	"severity": 4,
	"message": "Trailing spaces not allowed",
	"source": "eslint",
	"startLineNumber": 182,
	"startColumn": 1,
	"endLineNumber": 182,
	"endColumn": 1
},{
	"resource": "/c:/Users/basil/Desktop/material-kai-vision-platform/src/services/visualFeatureExtractionService.ts",
	"owner": "eslint",
	"code": "no-trailing-spaces",
	"severity": 4,
	"message": "Trailing spaces not allowed",
	"source": "eslint",
	"startLineNumber": 188,
	"startColumn": 1,
	"endLineNumber": 188,
	"endColumn": 1
},{
	"resource": "/c:/Users/basil/Desktop/material-kai-vision-platform/src/services/visualFeatureExtractionService.ts",
	"owner": "eslint",
	"code": "no-trailing-spaces",
	"severity": 4,
	"message": "Trailing spaces not allowed",
	"source": "eslint",
	"startLineNumber": 193,
	"startColumn": 1,
	"endLineNumber": 193,
	"endColumn": 1
},{
	"resource": "/c:/Users/basil/Desktop/material-kai-vision-platform/src/services/visualFeatureExtractionService.ts",
	"owner": "eslint",
	"code": "comma-dangle",
	"severity": 4,
	"message": "Missing trailing comma",
	"source": "eslint",
	"startLineNumber": 203,
	"startColumn": 46,
	"endLineNumber": 203,
	"endColumn": 46
},{
	"resource": "/c:/Users/basil/Desktop/material-kai-vision-platform/src/services/visualFeatureExtractionService.ts",
	"owner": "eslint",
	"code": "no-trailing-spaces",
	"severity": 4,
	"message": "Trailing spaces not allowed",
	"source": "eslint",
	"startLineNumber": 205,
	"startColumn": 1,
	"endLineNumber": 205,
	"endColumn": 1
},{
	"resource": "/c:/Users/basil/Desktop/material-kai-vision-platform/src/services/visualFeatureExtractionService.ts",
	"owner": "eslint",
	"code": "no-trailing-spaces",
	"severity": 4,
	"message": "Trailing spaces not allowed",
	"source": "eslint",
	"startLineNumber": 207,
	"startColumn": 1,
	"endLineNumber": 207,
	"endColumn": 1
},{
	"resource": "/c:/Users/basil/Desktop/material-kai-vision-platform/src/services/visualFeatureExtractionService.ts",
	"owner": "eslint",
	"code": "no-trailing-spaces",
	"severity": 4,
	"message": "Trailing spaces not allowed",
	"source": "eslint",
	"startLineNumber": 212,
	"startColumn": 1,
	"endLineNumber": 212,
	"endColumn": 1
},{
	"resource": "/c:/Users/basil/Desktop/material-kai-vision-platform/src/services/visualFeatureExtractionService.ts",
	"owner": "eslint",
	"code": "no-trailing-spaces",
	"severity": 4,
	"message": "Trailing spaces not allowed",
	"source": "eslint",
	"startLineNumber": 214,
	"startColumn": 1,
	"endLineNumber": 214,
	"endColumn": 1
},{
	"resource": "/c:/Users/basil/Desktop/material-kai-vision-platform/src/services/visualFeatureExtractionService.ts",
	"owner": "eslint",
	"code": "comma-dangle",
	"severity": 4,
	"message": "Missing trailing comma",
	"source": "eslint",
	"startLineNumber": 229,
	"startColumn": 39,
	"endLineNumber": 229,
	"endColumn": 39
},{
	"resource": "/c:/Users/basil/Desktop/material-kai-vision-platform/src/services/visualFeatureExtractionService.ts",
	"owner": "eslint",
	"code": "no-trailing-spaces",
	"severity": 4,
	"message": "Trailing spaces not allowed",
	"source": "eslint",
	"startLineNumber": 231,
	"startColumn": 1,
	"endLineNumber": 231,
	"endColumn": 1
},{
	"resource": "/c:/Users/basil/Desktop/material-kai-vision-platform/src/services/visualFeatureExtractionService.ts",
	"owner": "eslint",
	"code": "comma-dangle",
	"severity": 4,
	"message": "Missing trailing comma",
	"source": "eslint",
	"startLineNumber": 237,
	"startColumn": 33,
	"endLineNumber": 237,
	"endColumn": 33
},{
	"resource": "/c:/Users/basil/Desktop/material-kai-vision-platform/src/services/visualFeatureExtractionService.ts",
	"owner": "eslint",
	"code": "comma-dangle",
	"severity": 4,
	"message": "Missing trailing comma",
	"source": "eslint",
	"startLineNumber": 242,
	"startColumn": 27,
	"endLineNumber": 242,
	"endColumn": 27
},{
	"resource": "/c:/Users/basil/Desktop/material-kai-vision-platform/src/services/visualFeatureExtractionService.ts",
	"owner": "eslint",
	"code": "comma-dangle",
	"severity": 4,
	"message": "Missing trailing comma",
	"source": "eslint",
	"startLineNumber": 243,
	"startColumn": 10,
	"endLineNumber": 243,
	"endColumn": 10
},{
	"resource": "/c:/Users/basil/Desktop/material-kai-vision-platform/src/services/visualFeatureExtractionService.ts",
	"owner": "eslint",
	"code": "comma-dangle",
	"severity": 4,
	"message": "Missing trailing comma",
	"source": "eslint",
	"startLineNumber": 262,
	"startColumn": 79,
	"endLineNumber": 262,
	"endColumn": 79
},{
	"resource": "/c:/Users/basil/Desktop/material-kai-vision-platform/src/services/visualFeatureExtractionService.ts",
	"owner": "eslint",
	"code": "@typescript-eslint/no-explicit-any",
	"severity": 4,
	"message": "Unexpected any. Specify a different type",
	"source": "eslint",
	"startLineNumber": 274,
	"startColumn": 34,
	"endLineNumber": 274,
	"endColumn": 34
},{
	"resource": "/c:/Users/basil/Desktop/material-kai-vision-platform/src/services/visualFeatureExtractionService.ts",
	"owner": "eslint",
	"code": "@typescript-eslint/no-explicit-any",
	"severity": 4,
	"message": "Unexpected any. Specify a different type",
	"source": "eslint",
	"startLineNumber": 275,
	"startColumn": 41,
	"endLineNumber": 275,
	"endColumn": 41
},{
	"resource": "/c:/Users/basil/Desktop/material-kai-vision-platform/src/services/visualFeatureExtractionService.ts",
	"owner": "eslint",
	"code": "comma-dangle",
	"severity": 4,
	"message": "Missing trailing comma",
	"source": "eslint",
	"startLineNumber": 275,
	"startColumn": 58,
	"endLineNumber": 275,
	"endColumn": 58
},{
	"resource": "/c:/Users/basil/Desktop/material-kai-vision-platform/src/services/visualFeatureExtractionService.ts",
	"owner": "eslint",
	"code": "@typescript-eslint/no-explicit-any",
	"severity": 4,
	"message": "Unexpected any. Specify a different type",
	"source": "eslint",
	"startLineNumber": 277,
	"startColumn": 55,
	"endLineNumber": 277,
	"endColumn": 55
},{
	"resource": "/c:/Users/basil/Desktop/material-kai-vision-platform/src/services/visualFeatureExtractionService.ts",
	"owner": "eslint",
	"code": "comma-dangle",
	"severity": 4,
	"message": "Missing trailing comma",
	"source": "eslint",
	"startLineNumber": 285,
	"startColumn": 64,
	"endLineNumber": 285,
	"endColumn": 64
},{
	"resource": "/c:/Users/basil/Desktop/material-kai-vision-platform/src/services/visualFeatureExtractionService.ts",
	"owner": "eslint",
	"code": "comma-dangle",
	"severity": 4,
	"message": "Missing trailing comma",
	"source": "eslint",
	"startLineNumber": 286,
	"startColumn": 10,
	"endLineNumber": 286,
	"endColumn": 10
},{
	"resource": "/c:/Users/basil/Desktop/material-kai-vision-platform/src/services/visualFeatureExtractionService.ts",
	"owner": "eslint",
	"code": "@typescript-eslint/no-explicit-any",
	"severity": 4,
	"message": "Unexpected any. Specify a different type",
	"source": "eslint",
	"startLineNumber": 289,
	"startColumn": 80,
	"endLineNumber": 289,
	"endColumn": 80
},{
	"resource": "/c:/Users/basil/Desktop/material-kai-vision-platform/src/services/visualFeatureExtractionService.ts",
	"owner": "eslint",
	"code": "@typescript-eslint/no-explicit-any",
	"severity": 4,
	"message": "Unexpected any. Specify a different type",
	"source": "eslint",
	"startLineNumber": 290,
	"startColumn": 90,
	"endLineNumber": 290,
	"endColumn": 90
},{
	"resource": "/c:/Users/basil/Desktop/material-kai-vision-platform/src/services/visualFeatureExtractionService.ts",
	"owner": "eslint",
	"code": "@typescript-eslint/no-explicit-any",
	"severity": 4,
	"message": "Unexpected any. Specify a different type",
	"source": "eslint",
	"startLineNumber": 291,
	"startColumn": 115,
	"endLineNumber": 291,
	"endColumn": 115
},{
	"resource": "/c:/Users/basil/Desktop/material-kai-vision-platform/src/services/visualFeatureExtractionService.ts",
	"owner": "eslint",
	"code": "comma-dangle",
	"severity": 4,
	"message": "Missing trailing comma",
	"source": "eslint",
	"startLineNumber": 292,
	"startColumn": 68,
	"endLineNumber": 292,
	"endColumn": 68
},{
	"resource": "/c:/Users/basil/Desktop/material-kai-vision-platform/src/services/visualFeatureExtractionService.ts",
	"owner": "eslint",
	"code": "comma-dangle",
	"severity": 4,
	"message": "Missing trailing comma",
	"source": "eslint",
	"startLineNumber": 293,
	"startColumn": 8,
	"endLineNumber": 293,
	"endColumn": 8
},{
	"resource": "/c:/Users/basil/Desktop/material-kai-vision-platform/src/services/visualFeatureExtractionService.ts",
	"owner": "eslint",
	"code": "comma-dangle",
	"severity": 4,
	"message": "Missing trailing comma",
	"source": "eslint",
	"startLineNumber": 321,
	"startColumn": 67,
	"endLineNumber": 321,
	"endColumn": 67
},{
	"resource": "/c:/Users/basil/Desktop/material-kai-vision-platform/src/services/visualFeatureExtractionService.ts",
	"owner": "eslint",
	"code": "comma-dangle",
	"severity": 4,
	"message": "Missing trailing comma",
	"source": "eslint",
	"startLineNumber": 322,
	"startColumn": 12,
	"endLineNumber": 322,
	"endColumn": 12
},{
	"resource": "/c:/Users/basil/Desktop/material-kai-vision-platform/src/services/visualFeatureExtractionService.ts",
	"owner": "eslint",
	"code": "comma-dangle",
	"severity": 4,
	"message": "Missing trailing comma",
	"source": "eslint",
	"startLineNumber": 323,
	"startColumn": 10,
	"endLineNumber": 323,
	"endColumn": 10
},{
	"resource": "/c:/Users/basil/Desktop/material-kai-vision-platform/src/services/visualFeatureExtractionService.ts",
	"owner": "eslint",
	"code": "comma-dangle",
	"severity": 4,
	"message": "Missing trailing comma",
	"source": "eslint",
	"startLineNumber": 335,
	"startColumn": 28,
	"endLineNumber": 335,
	"endColumn": 28
},{
	"resource": "/c:/Users/basil/Desktop/material-kai-vision-platform/src/services/visualFeatureExtractionService.ts",
	"owner": "eslint",
	"code": "comma-dangle",
	"severity": 4,
	"message": "Missing trailing comma",
	"source": "eslint",
	"startLineNumber": 336,
	"startColumn": 12,
	"endLineNumber": 336,
	"endColumn": 12
},{
	"resource": "/c:/Users/basil/Desktop/material-kai-vision-platform/src/services/visualFeatureExtractionService.ts",
	"owner": "eslint",
	"code": "comma-dangle",
	"severity": 4,
	"message": "Missing trailing comma",
	"source": "eslint",
	"startLineNumber": 337,
	"startColumn": 10,
	"endLineNumber": 337,
	"endColumn": 10
},{
	"resource": "/c:/Users/basil/Desktop/material-kai-vision-platform/src/services/visualFeatureExtractionService.ts",
	"owner": "eslint",
	"code": "comma-dangle",
	"severity": 4,
	"message": "Missing trailing comma",
	"source": "eslint",
	"startLineNumber": 343,
	"startColumn": 99,
	"endLineNumber": 343,
	"endColumn": 99
},{
	"resource": "/c:/Users/basil/Desktop/material-kai-vision-platform/src/services/visualFeatureExtractionService.ts",
	"owner": "eslint",
	"code": "comma-dangle",
	"severity": 4,
	"message": "Missing trailing comma",
	"source": "eslint",
	"startLineNumber": 358,
	"startColumn": 50,
	"endLineNumber": 358,
	"endColumn": 50
},{
	"resource": "/c:/Users/basil/Desktop/material-kai-vision-platform/src/services/visualFeatureExtractionService.ts",
	"owner": "eslint",
	"code": "comma-dangle",
	"severity": 4,
	"message": "Missing trailing comma",
	"source": "eslint",
	"startLineNumber": 371,
	"startColumn": 91,
	"endLineNumber": 371,
	"endColumn": 91
},{
	"resource": "/c:/Users/basil/Desktop/material-kai-vision-platform/src/services/visualFeatureExtractionService.ts",
	"owner": "eslint",
	"code": "comma-dangle",
	"severity": 4,
	"message": "Missing trailing comma",
	"source": "eslint",
	"startLineNumber": 392,
	"startColumn": 47,
	"endLineNumber": 392,
	"endColumn": 47
},{
	"resource": "/c:/Users/basil/Desktop/material-kai-vision-platform/src/services/visualFeatureExtractionService.ts",
	"owner": "eslint",
	"code": "comma-dangle",
	"severity": 4,
	"message": "Missing trailing comma",
	"source": "eslint",
	"startLineNumber": 401,
	"startColumn": 51,
	"endLineNumber": 401,
	"endColumn": 51
},{
	"resource": "/c:/Users/basil/Desktop/material-kai-vision-platform/src/services/visualFeatureExtractionService.ts",
	"owner": "eslint",
	"code": "comma-dangle",
	"severity": 4,
	"message": "Missing trailing comma",
	"source": "eslint",
	"startLineNumber": 409,
	"startColumn": 49,
	"endLineNumber": 409,
	"endColumn": 49
},{
	"resource": "/c:/Users/basil/Desktop/material-kai-vision-platform/src/services/visualFeatureExtractionService.ts",
	"owner": "eslint",
	"code": "comma-dangle",
	"severity": 4,
	"message": "Missing trailing comma",
	"source": "eslint",
	"startLineNumber": 419,
	"startColumn": 56,
	"endLineNumber": 419,
	"endColumn": 56
},{
	"resource": "/c:/Users/basil/Desktop/material-kai-vision-platform/src/services/visualFeatureExtractionService.ts",
	"owner": "eslint",
	"code": "no-console",
	"severity": 4,
	"message": "Unexpected console statement",
	"source": "eslint",
	"startLineNumber": 461,
	"startColumn": 9,
	"endLineNumber": 461,
	"endColumn": 9
},{
	"resource": "/c:/Users/basil/Desktop/material-kai-vision-platform/src/services/visualFeatureExtractionService.ts",
	"owner": "eslint",
	"code": "no-console",
	"severity": 4,
	"message": "Unexpected console statement",
	"source": "eslint",
	"startLineNumber": 467,
	"startColumn": 9,
	"endLineNumber": 467,
	"endColumn": 9
},{
	"resource": "/c:/Users/basil/Desktop/material-kai-vision-platform/src/services/visualFeatureExtractionService.ts",
	"owner": "eslint",
	"code": "no-console",
	"severity": 4,
	"message": "Unexpected console statement",
	"source": "eslint",
	"startLineNumber": 473,
	"startColumn": 7,
	"endLineNumber": 473,
	"endColumn": 7
},{
	"resource": "/c:/Users/basil/Desktop/material-kai-vision-platform/src/services/visualFeatureExtractionService.ts",
	"owner": "eslint",
	"code": "comma-dangle",
	"severity": 4,
	"message": "Missing trailing comma",
	"source": "eslint",
	"startLineNumber": 482,
	"startColumn": 44,
	"endLineNumber": 482,
	"endColumn": 44
},{
	"resource": "/c:/Users/basil/Desktop/material-kai-vision-platform/src/services/visualFeatureExtractionService.ts",
	"owner": "eslint",
	"code": "comma-dangle",
	"severity": 4,
	"message": "Missing trailing comma",
	"source": "eslint",
	"startLineNumber": 495,
	"startColumn": 20,
	"endLineNumber": 495,
	"endColumn": 20
},{
	"resource": "/c:/Users/basil/Desktop/material-kai-vision-platform/src/services/visualFeatureExtractionService.ts",
	"owner": "eslint",
	"code": "comma-dangle",
	"severity": 4,
	"message": "Missing trailing comma",
	"source": "eslint",
	"startLineNumber": 502,
	"startColumn": 67,
	"endLineNumber": 502,
	"endColumn": 67
},{
	"resource": "/c:/Users/basil/Desktop/material-kai-vision-platform/src/services/visualFeatureExtractionService.ts",
	"owner": "eslint",
	"code": "comma-dangle",
	"severity": 4,
	"message": "Missing trailing comma",
	"source": "eslint",
	"startLineNumber": 518,
	"startColumn": 89,
	"endLineNumber": 518,
	"endColumn": 89
},{
	"resource": "/c:/Users/basil/Desktop/material-kai-vision-platform/src/services/visualFeatureExtractionService.ts",
	"owner": "eslint",
	"code": "no-trailing-spaces",
	"severity": 4,
	"message": "Trailing spaces not allowed",
	"source": "eslint",
	"startLineNumber": 520,
	"startColumn": 1,
	"endLineNumber": 520,
	"endColumn": 1
},{
	"resource": "/c:/Users/basil/Desktop/material-kai-vision-platform/src/services/visualFeatureExtractionService.ts",
	"owner": "eslint",
	"code": "comma-dangle",
	"severity": 4,
	"message": "Missing trailing comma",
	"source": "eslint",
	"startLineNumber": 526,
	"startColumn": 20,
	"endLineNumber": 526,
	"endColumn": 20
},{
	"resource": "/c:/Users/basil/Desktop/material-kai-vision-platform/src/services/visualFeatureExtractionService.ts",
	"owner": "eslint",
	"code": "comma-dangle",
	"severity": 4,
	"message": "Missing trailing comma",
	"source": "eslint",
	"startLineNumber": 541,
	"startColumn": 33,
	"endLineNumber": 541,
	"endColumn": 33
},{
	"resource": "/c:/Users/basil/Desktop/material-kai-vision-platform/src/services/visualFeatureExtractionService.ts",
	"owner": "eslint",
	"code": "comma-dangle",
	"severity": 4,
	"message": "Missing trailing comma",
	"source": "eslint",
	"startLineNumber": 567,
	"startColumn": 36,
	"endLineNumber": 567,
	"endColumn": 36
},{
	"resource": "/c:/Users/basil/Desktop/material-kai-vision-platform/src/services/visualFeatureExtractionService.ts",
	"owner": "eslint",
	"code": "comma-dangle",
	"severity": 4,
	"message": "Missing trailing comma",
	"source": "eslint",
	"startLineNumber": 572,
	"startColumn": 84,
	"endLineNumber": 572,
	"endColumn": 84
},{
	"resource": "/c:/Users/basil/Desktop/material-kai-vision-platform/src/services/visualFeatureExtractionService.ts",
	"owner": "eslint",
	"code": "comma-dangle",
	"severity": 4,
	"message": "Missing trailing comma",
	"source": "eslint",
	"startLineNumber": 573,
	"startColumn": 10,
	"endLineNumber": 573,
	"endColumn": 10
},{
	"resource": "/c:/Users/basil/Desktop/material-kai-vision-platform/src/services/visualFeatureExtractionService.ts",
	"owner": "eslint",
	"code": "comma-dangle",
	"severity": 4,
	"message": "Missing trailing comma",
	"source": "eslint",
	"startLineNumber": 580,
	"startColumn": 37,
	"endLineNumber": 580,
	"endColumn": 37
},{
	"resource": "/c:/Users/basil/Desktop/material-kai-vision-platform/src/services/visualFeatureExtractionService.ts",
	"owner": "eslint",
	"code": "comma-dangle",
	"severity": 4,
	"message": "Missing trailing comma",
	"source": "eslint",
	"startLineNumber": 587,
	"startColumn": 18,
	"endLineNumber": 587,
	"endColumn": 18
},{
	"resource": "/c:/Users/basil/Desktop/material-kai-vision-platform/src/services/visualFeatureExtractionService.ts",
	"owner": "eslint",
	"code": "comma-dangle",
	"severity": 4,
	"message": "Missing trailing comma",
	"source": "eslint",
	"startLineNumber": 597,
	"startColumn": 25,
	"endLineNumber": 597,
	"endColumn": 25
},{
	"resource": "/c:/Users/basil/Desktop/material-kai-vision-platform/src/services/visualFeatureExtractionService.ts",
	"owner": "eslint",
	"code": "comma-dangle",
	"severity": 4,
	"message": "Missing trailing comma",
	"source": "eslint",
	"startLineNumber": 605,
	"startColumn": 106,
	"endLineNumber": 605,
	"endColumn": 106
},{
	"resource": "/c:/Users/basil/Desktop/material-kai-vision-platform/src/services/visualFeatureExtractionService.ts",
	"owner": "eslint",
	"code": "comma-dangle",
	"severity": 4,
	"message": "Missing trailing comma",
	"source": "eslint",
	"startLineNumber": 622,
	"startColumn": 37,
	"endLineNumber": 622,
	"endColumn": 37
},{
	"resource": "/c:/Users/basil/Desktop/material-kai-vision-platform/src/services/visualFeatureExtractionService.ts",
	"owner": "eslint",
	"code": "comma-dangle",
	"severity": 4,
	"message": "Missing trailing comma",
	"source": "eslint",
	"startLineNumber": 624,
	"startColumn": 28,
	"endLineNumber": 624,
	"endColumn": 28
},{
	"resource": "/c:/Users/basil/Desktop/material-kai-vision-platform/src/services/visualFeatureExtractionService.ts",
	"owner": "eslint",
	"code": "comma-dangle",
	"severity": 4,
	"message": "Missing trailing comma",
	"source": "eslint",
	"startLineNumber": 632,
	"startColumn": 108,
	"endLineNumber": 632,
	"endColumn": 108
},{
	"resource": "/c:/Users/basil/Desktop/material-kai-vision-platform/src/services/visualFeatureExtractionService.ts",
	"owner": "eslint",
	"code": "comma-dangle",
	"severity": 4,
	"message": "Missing trailing comma",
	"source": "eslint",
	"startLineNumber": 638,
	"startColumn": 73,
	"endLineNumber": 638,
	"endColumn": 73
},{
	"resource": "/c:/Users/basil/Desktop/material-kai-vision-platform/src/services/visualFeatureExtractionService.ts",
	"owner": "eslint",
	"code": "comma-dangle",
	"severity": 4,
	"message": "Missing trailing comma",
	"source": "eslint",
	"startLineNumber": 644,
	"startColumn": 40,
	"endLineNumber": 644,
	"endColumn": 40
},{
	"resource": "/c:/Users/basil/Desktop/material-kai-vision-platform/src/services/visualFeatureExtractionService.ts",
	"owner": "eslint",
	"code": "comma-dangle",
	"severity": 4,
	"message": "Missing trailing comma",
	"source": "eslint",
	"startLineNumber": 654,
	"startColumn": 23,
	"endLineNumber": 654,
	"endColumn": 23
},{
	"resource": "/c:/Users/basil/Desktop/material-kai-vision-platform/src/services/visualFeatureExtractionService.ts",
	"owner": "eslint",
	"code": "comma-dangle",
	"severity": 4,
	"message": "Missing trailing comma",
	"source": "eslint",
	"startLineNumber": 665,
	"startColumn": 108,
	"endLineNumber": 665,
	"endColumn": 108
},{
	"resource": "/c:/Users/basil/Desktop/material-kai-vision-platform/src/services/visualFeatureExtractionService.ts",
	"owner": "eslint",
	"code": "comma-dangle",
	"severity": 4,
	"message": "Missing trailing comma",
	"source": "eslint",
	"startLineNumber": 682,
	"startColumn": 81,
	"endLineNumber": 682,
	"endColumn": 81
},{
	"resource": "/c:/Users/basil/Desktop/material-kai-vision-platform/src/services/visualFeatureExtractionService.ts",
	"owner": "eslint",
	"code": "comma-dangle",
	"severity": 4,
	"message": "Missing trailing comma",
	"source": "eslint",
	"startLineNumber": 683,
	"startColumn": 12,
	"endLineNumber": 683,
	"endColumn": 12
},{
	"resource": "/c:/Users/basil/Desktop/material-kai-vision-platform/src/services/visualFeatureExtractionService.ts",
	"owner": "eslint",
	"code": "comma-dangle",
	"severity": 4,
	"message": "Missing trailing comma",
	"source": "eslint",
	"startLineNumber": 692,
	"startColumn": 41,
	"endLineNumber": 692,
	"endColumn": 41
},{
	"resource": "/c:/Users/basil/Desktop/material-kai-vision-platform/src/services/visualFeatureExtractionService.ts",
	"owner": "eslint",
	"code": "comma-dangle",
	"severity": 4,
	"message": "Missing trailing comma",
	"source": "eslint",
	"startLineNumber": 701,
	"startColumn": 44,
	"endLineNumber": 701,
	"endColumn": 44
},{
	"resource": "/c:/Users/basil/Desktop/material-kai-vision-platform/src/services/visualFeatureExtractionService.ts",
	"owner": "eslint",
	"code": "no-trailing-spaces",
	"severity": 4,
	"message": "Trailing spaces not allowed",
	"source": "eslint",
	"startLineNumber": 708,
	"startColumn": 1,
	"endLineNumber": 708,
	"endColumn": 1
},{
	"resource": "/c:/Users/basil/Desktop/material-kai-vision-platform/src/services/visualFeatureExtractionService.ts",
	"owner": "eslint",
	"code": "comma-dangle",
	"severity": 4,
	"message": "Missing trailing comma",
	"source": "eslint",
	"startLineNumber": 713,
	"startColumn": 23,
	"endLineNumber": 713,
	"endColumn": 23
},{
	"resource": "/c:/Users/basil/Desktop/material-kai-vision-platform/src/services/visualFeatureExtractionService.ts",
	"owner": "eslint",
	"code": "no-trailing-spaces",
	"severity": 4,
	"message": "Trailing spaces not allowed",
	"source": "eslint",
	"startLineNumber": 719,
	"startColumn": 1,
	"endLineNumber": 719,
	"endColumn": 1
},{
	"resource": "/c:/Users/basil/Desktop/material-kai-vision-platform/src/services/visualFeatureExtractionService.ts",
	"owner": "eslint",
	"code": "comma-dangle",
	"severity": 4,
	"message": "Missing trailing comma",
	"source": "eslint",
	"startLineNumber": 724,
	"startColumn": 23,
	"endLineNumber": 724,
	"endColumn": 23
},{
	"resource": "/c:/Users/basil/Desktop/material-kai-vision-platform/src/services/visualFeatureExtractionService.ts",
	"owner": "eslint",
	"code": "comma-dangle",
	"severity": 4,
	"message": "Missing trailing comma",
	"source": "eslint",
	"startLineNumber": 733,
	"startColumn": 65,
	"endLineNumber": 733,
	"endColumn": 65
},{
	"resource": "/c:/Users/basil/Desktop/material-kai-vision-platform/src/services/visualFeatureExtractionService.ts",
	"owner": "eslint",
	"code": "comma-dangle",
	"severity": 4,
	"message": "Missing trailing comma",
	"source": "eslint",
	"startLineNumber": 740,
	"startColumn": 26,
	"endLineNumber": 740,
	"endColumn": 26
},{
	"resource": "/c:/Users/basil/Desktop/material-kai-vision-platform/src/services/visualFeatureExtractionService.ts",
	"owner": "eslint",
	"code": "comma-dangle",
	"severity": 4,
	"message": "Missing trailing comma",
	"source": "eslint",
	"startLineNumber": 762,
	"startColumn": 22,
	"endLineNumber": 762,
	"endColumn": 22
},{
	"resource": "/c:/Users/basil/Desktop/material-kai-vision-platform/src/services/visualFeatureExtractionService.ts",
	"owner": "eslint",
	"code": "comma-dangle",
	"severity": 4,
	"message": "Missing trailing comma",
	"source": "eslint",
	"startLineNumber": 781,
	"startColumn": 34,
	"endLineNumber": 781,
	"endColumn": 34
},{
	"resource": "/c:/Users/basil/Desktop/material-kai-vision-platform/src/services/visualFeatureExtractionService.ts",
	"owner": "eslint",
	"code": "comma-dangle",
	"severity": 4,
	"message": "Missing trailing comma",
	"source": "eslint",
	"startLineNumber": 785,
	"startColumn": 22,
	"endLineNumber": 785,
	"endColumn": 22
},{
	"resource": "/c:/Users/basil/Desktop/material-kai-vision-platform/src/services/visualFeatureExtractionService.ts",
	"owner": "eslint",
	"code": "comma-dangle",
	"severity": 4,
	"message": "Missing trailing comma",
	"source": "eslint",
	"startLineNumber": 786,
	"startColumn": 8,
	"endLineNumber": 786,
	"endColumn": 8
},{
	"resource": "/c:/Users/basil/Desktop/material-kai-vision-platform/src/services/visualFeatureExtractionService.ts",
	"owner": "eslint",
	"code": "comma-dangle",
	"severity": 4,
	"message": "Missing trailing comma",
	"source": "eslint",
	"startLineNumber": 823,
	"startColumn": 37,
	"endLineNumber": 823,
	"endColumn": 37
},{
	"resource": "/c:/Users/basil/Desktop/material-kai-vision-platform/src/services/visualFeatureExtractionService.ts",
	"owner": "eslint",
	"code": "comma-dangle",
	"severity": 4,
	"message": "Missing trailing comma",
	"source": "eslint",
	"startLineNumber": 835,
	"startColumn": 107,
	"endLineNumber": 835,
	"endColumn": 107
},{
	"resource": "/c:/Users/basil/Desktop/material-kai-vision-platform/src/services/visualFeatureExtractionService.ts",
	"owner": "eslint",
	"code": "comma-dangle",
	"severity": 4,
	"message": "Missing trailing comma",
	"source": "eslint",
	"startLineNumber": 845,
	"startColumn": 41,
	"endLineNumber": 845,
	"endColumn": 41
},{
	"resource": "/c:/Users/basil/Desktop/material-kai-vision-platform/src/services/visualFeatureExtractionService.ts",
	"owner": "eslint",
	"code": "comma-dangle",
	"severity": 4,
	"message": "Missing trailing comma",
	"source": "eslint",
	"startLineNumber": 852,
	"startColumn": 77,
	"endLineNumber": 852,
	"endColumn": 77
},{
	"resource": "/c:/Users/basil/Desktop/material-kai-vision-platform/src/services/visualFeatureExtractionService.ts",
	"owner": "eslint",
	"code": "comma-dangle",
	"severity": 4,
	"message": "Missing trailing comma",
	"source": "eslint",
	"startLineNumber": 868,
	"startColumn": 44,
	"endLineNumber": 868,
	"endColumn": 44
},{
	"resource": "/c:/Users/basil/Desktop/material-kai-vision-platform/src/services/visualFeatureExtractionService.ts",
	"owner": "eslint",
	"code": "comma-dangle",
	"severity": 4,
	"message": "Missing trailing comma",
	"source": "eslint",
	"startLineNumber": 878,
	"startColumn": 22,
	"endLineNumber": 878,
	"endColumn": 22
},{
	"resource": "/c:/Users/basil/Desktop/material-kai-vision-platform/src/services/visualFeatureExtractionService.ts",
	"owner": "eslint",
	"code": "comma-dangle",
	"severity": 4,
	"message": "Missing trailing comma",
	"source": "eslint",
	"startLineNumber": 897,
	"startColumn": 34,
	"endLineNumber": 897,
	"endColumn": 34
},{
	"resource": "/c:/Users/basil/Desktop/material-kai-vision-platform/src/services/visualFeatureExtractionService.ts",
	"owner": "eslint",
	"code": "comma-dangle",
	"severity": 4,
	"message": "Missing trailing comma",
	"source": "eslint",
	"startLineNumber": 901,
	"startColumn": 22,
	"endLineNumber": 901,
	"endColumn": 22
},{
	"resource": "/c:/Users/basil/Desktop/material-kai-vision-platform/src/services/visualFeatureExtractionService.ts",
	"owner": "eslint",
	"code": "comma-dangle",
	"severity": 4,
	"message": "Missing trailing comma",
	"source": "eslint",
	"startLineNumber": 903,
	"startColumn": 26,
	"endLineNumber": 903,
	"endColumn": 26
},{
	"resource": "/c:/Users/basil/Desktop/material-kai-vision-platform/src/services/visualFeatureExtractionService.ts",
	"owner": "eslint",
	"code": "eol-last",
	"severity": 4,
	"message": "Newline required at end of file but not found",
	"source": "eslint",
	"startLineNumber": 947,
	"startColumn": 2,
	"endLineNumber": 947,
	"endColumn": 2
},{
	"resource": "/c:/Users/basil/Desktop/material-kai-vision-platform/src/services/voiceToMaterialService.ts",
	"owner": "eslint",
	"code": "no-console",
	"severity": 4,
	"message": "Unexpected console statement",
	"source": "eslint",
	"startLineNumber": 54,
	"startColumn": 7,
	"endLineNumber": 54,
	"endColumn": 7
},{
	"resource": "/c:/Users/basil/Desktop/material-kai-vision-platform/src/services/voiceToMaterialService.ts",
	"owner": "eslint",
	"code": "no-console",
	"severity": 4,
	"message": "Unexpected console statement",
	"source": "eslint",
	"startLineNumber": 64,
	"startColumn": 9,
	"endLineNumber": 64,
	"endColumn": 9
},{
	"resource": "/c:/Users/basil/Desktop/material-kai-vision-platform/src/services/voiceToMaterialService.ts",
	"owner": "eslint",
	"code": "no-console",
	"severity": 4,
	"message": "Unexpected console statement",
	"source": "eslint",
	"startLineNumber": 71,
	"startColumn": 7,
	"endLineNumber": 71,
	"endColumn": 7
},{
	"resource": "/c:/Users/basil/Desktop/material-kai-vision-platform/src/services/voiceToMaterialService.ts",
	"owner": "eslint",
	"code": "no-console",
	"severity": 4,
	"message": "Unexpected console statement",
	"source": "eslint",
	"startLineNumber": 142,
	"startColumn": 9,
	"endLineNumber": 142,
	"endColumn": 9
},{
	"resource": "/c:/Users/basil/Desktop/material-kai-vision-platform/src/services/voiceToMaterialService.ts",
	"owner": "eslint",
	"code": "no-console",
	"severity": 4,
	"message": "Unexpected console statement",
	"source": "eslint",
	"startLineNumber": 165,
	"startColumn": 7,
	"endLineNumber": 165,
	"endColumn": 7
},{
	"resource": "/c:/Users/basil/Desktop/material-kai-vision-platform/src/services/voiceToMaterialService.ts",
	"owner": "eslint",
	"code": "no-console",
	"severity": 4,
	"message": "Unexpected console statement",
	"source": "eslint",
	"startLineNumber": 177,
	"startColumn": 7,
	"endLineNumber": 177,
	"endColumn": 7
},{
	"resource": "/c:/Users/basil/Desktop/material-kai-vision-platform/src/services/voiceToMaterialService.ts",
	"owner": "eslint",
	"code": "no-console",
	"severity": 4,
	"message": "Unexpected console statement",
	"source": "eslint",
	"startLineNumber": 181,
	"startColumn": 7,
	"endLineNumber": 181,
	"endColumn": 7
},{
	"resource": "/c:/Users/basil/Desktop/material-kai-vision-platform/src/services/voiceToMaterialService.ts",
	"owner": "eslint",
	"code": "no-console",
	"severity": 4,
	"message": "Unexpected console statement",
	"source": "eslint",
	"startLineNumber": 244,
	"startColumn": 7,
	"endLineNumber": 244,
	"endColumn": 7
},{
	"resource": "/c:/Users/basil/Desktop/material-kai-vision-platform/src/services/websocket/WebSocketManager.ts",
	"owner": "eslint",
	"code": "no-console",
	"severity": 4,
	"message": "Unexpected console statement",
	"source": "eslint",
	"startLineNumber": 107,
	"startColumn": 13,
	"endLineNumber": 107,
	"endColumn": 13
},{
	"resource": "/c:/Users/basil/Desktop/material-kai-vision-platform/src/services/websocket/WebSocketManager.ts",
	"owner": "eslint",
	"code": "no-console",
	"severity": 4,
	"message": "Unexpected console statement",
	"source": "eslint",
	"startLineNumber": 127,
	"startColumn": 11,
	"endLineNumber": 127,
	"endColumn": 11
},{
	"resource": "/c:/Users/basil/Desktop/material-kai-vision-platform/src/services/websocket/WebSocketManager.ts",
	"owner": "eslint",
	"code": "@typescript-eslint/no-non-null-assertion",
	"severity": 4,
	"message": "Forbidden non-null assertion",
	"source": "eslint",
	"startLineNumber": 174,
	"startColumn": 9,
	"endLineNumber": 174,
	"endColumn": 9
},{
	"resource": "/c:/Users/basil/Desktop/material-kai-vision-platform/src/services/websocket/WebSocketManager.ts",
	"owner": "eslint",
	"code": "no-console",
	"severity": 4,
	"message": "Unexpected console statement",
	"source": "eslint",
	"startLineNumber": 177,
	"startColumn": 9,
	"endLineNumber": 177,
	"endColumn": 9
},{
	"resource": "/c:/Users/basil/Desktop/material-kai-vision-platform/src/services/websocket/WebSocketManager.ts",
	"owner": "eslint",
	"code": "no-console",
	"severity": 4,
	"message": "Unexpected console statement",
	"source": "eslint",
	"startLineNumber": 223,
	"startColumn": 7,
	"endLineNumber": 223,
	"endColumn": 7
},{
	"resource": "/c:/Users/basil/Desktop/material-kai-vision-platform/src/services/websocket/WebSocketManager.ts",
	"owner": "eslint",
	"code": "@typescript-eslint/no-non-null-assertion",
	"severity": 4,
	"message": "Forbidden non-null assertion",
	"source": "eslint",
	"startLineNumber": 296,
	"startColumn": 11,
	"endLineNumber": 296,
	"endColumn": 11
},{
	"resource": "/c:/Users/basil/Desktop/material-kai-vision-platform/src/services/websocket/WebSocketManager.ts",
	"owner": "eslint",
	"code": "no-console",
	"severity": 4,
	"message": "Unexpected console statement",
	"source": "eslint",
	"startLineNumber": 298,
	"startColumn": 11,
	"endLineNumber": 298,
	"endColumn": 11
},{
	"resource": "/c:/Users/basil/Desktop/material-kai-vision-platform/src/types/chunk-analysis.ts",
	"owner": "eslint",
	"code": "quotes",
	"severity": 4,
	"message": "Strings must use singlequote",
	"source": "eslint",
	"startLineNumber": 15,
	"startColumn": 5,
	"endLineNumber": 15,
	"endColumn": 5
},{
	"resource": "/c:/Users/basil/Desktop/material-kai-vision-platform/src/types/chunk-analysis.ts",
	"owner": "eslint",
	"code": "quotes",
	"severity": 4,
	"message": "Strings must use singlequote",
	"source": "eslint",
	"startLineNumber": 16,
	"startColumn": 5,
	"endLineNumber": 16,
	"endColumn": 5
},{
	"resource": "/c:/Users/basil/Desktop/material-kai-vision-platform/src/types/chunk-analysis.ts",
	"owner": "eslint",
	"code": "quotes",
	"severity": 4,
	"message": "Strings must use singlequote",
	"source": "eslint",
	"startLineNumber": 17,
	"startColumn": 5,
	"endLineNumber": 17,
	"endColumn": 5
},{
	"resource": "/c:/Users/basil/Desktop/material-kai-vision-platform/src/types/chunk-analysis.ts",
	"owner": "eslint",
	"code": "quotes",
	"severity": 4,
	"message": "Strings must use singlequote",
	"source": "eslint",
	"startLineNumber": 18,
	"startColumn": 5,
	"endLineNumber": 18,
	"endColumn": 5
},{
	"resource": "/c:/Users/basil/Desktop/material-kai-vision-platform/src/types/chunk-analysis.ts",
	"owner": "eslint",
	"code": "quotes",
	"severity": 4,
	"message": "Strings must use singlequote",
	"source": "eslint",
	"startLineNumber": 19,
	"startColumn": 5,
	"endLineNumber": 19,
	"endColumn": 5
},{
	"resource": "/c:/Users/basil/Desktop/material-kai-vision-platform/src/types/chunk-analysis.ts",
	"owner": "eslint",
	"code": "quotes",
	"severity": 4,
	"message": "Strings must use singlequote",
	"source": "eslint",
	"startLineNumber": 20,
	"startColumn": 5,
	"endLineNumber": 20,
	"endColumn": 5
},{
	"resource": "/c:/Users/basil/Desktop/material-kai-vision-platform/src/types/chunk-analysis.ts",
	"owner": "eslint",
	"code": "quotes",
	"severity": 4,
	"message": "Strings must use singlequote",
	"source": "eslint",
	"startLineNumber": 21,
	"startColumn": 5,
	"endLineNumber": 21,
	"endColumn": 5
},{
	"resource": "/c:/Users/basil/Desktop/material-kai-vision-platform/src/types/chunk-analysis.ts",
	"owner": "eslint",
	"code": "quotes",
	"severity": 4,
	"message": "Strings must use singlequote",
	"source": "eslint",
	"startLineNumber": 66,
	"startColumn": 28,
	"endLineNumber": 66,
	"endColumn": 28
},{
	"resource": "/c:/Users/basil/Desktop/material-kai-vision-platform/src/types/chunk-analysis.ts",
	"owner": "eslint",
	"code": "quotes",
	"severity": 4,
	"message": "Strings must use singlequote",
	"source": "eslint",
	"startLineNumber": 66,
	"startColumn": 41,
	"endLineNumber": 66,
	"endColumn": 41
},{
	"resource": "/c:/Users/basil/Desktop/material-kai-vision-platform/src/types/chunk-analysis.ts",
	"owner": "eslint",
	"code": "quotes",
	"severity": 4,
	"message": "Strings must use singlequote",
	"source": "eslint",
	"startLineNumber": 66,
	"startColumn": 55,
	"endLineNumber": 66,
	"endColumn": 55
},{
	"resource": "/c:/Users/basil/Desktop/material-kai-vision-platform/src/types/chunk-analysis.ts",
	"owner": "eslint",
	"code": "quotes",
	"severity": 4,
	"message": "Strings must use singlequote",
	"source": "eslint",
	"startLineNumber": 66,
	"startColumn": 67,
	"endLineNumber": 66,
	"endColumn": 67
},{
	"resource": "/c:/Users/basil/Desktop/material-kai-vision-platform/src/types/chunk-analysis.ts",
	"owner": "eslint",
	"code": "quotes",
	"severity": 4,
	"message": "Strings must use singlequote",
	"source": "eslint",
	"startLineNumber": 66,
	"startColumn": 80,
	"endLineNumber": 66,
	"endColumn": 80
},{
	"resource": "/c:/Users/basil/Desktop/material-kai-vision-platform/src/types/chunk-analysis.ts",
	"owner": "eslint",
	"code": "quotes",
	"severity": 4,
	"message": "Strings must use singlequote",
	"source": "eslint",
	"startLineNumber": 119,
	"startColumn": 32,
	"endLineNumber": 119,
	"endColumn": 32
},{
	"resource": "/c:/Users/basil/Desktop/material-kai-vision-platform/src/types/chunk-analysis.ts",
	"owner": "eslint",
	"code": "quotes",
	"severity": 4,
	"message": "Strings must use singlequote",
	"source": "eslint",
	"startLineNumber": 119,
	"startColumn": 44,
	"endLineNumber": 119,
	"endColumn": 44
},{
	"resource": "/c:/Users/basil/Desktop/material-kai-vision-platform/src/types/chunk-analysis.ts",
	"owner": "eslint",
	"code": "quotes",
	"severity": 4,
	"message": "Strings must use singlequote",
	"source": "eslint",
	"startLineNumber": 119,
	"startColumn": 58,
	"endLineNumber": 119,
	"endColumn": 58
},{
	"resource": "/c:/Users/basil/Desktop/material-kai-vision-platform/src/types/chunk-analysis.ts",
	"owner": "eslint",
	"code": "quotes",
	"severity": 4,
	"message": "Strings must use singlequote",
	"source": "eslint",
	"startLineNumber": 119,
	"startColumn": 75,
	"endLineNumber": 119,
	"endColumn": 75
},{
	"resource": "/c:/Users/basil/Desktop/material-kai-vision-platform/src/types/chunk-analysis.ts",
	"owner": "eslint",
	"code": "quotes",
	"severity": 4,
	"message": "Strings must use singlequote",
	"source": "eslint",
	"startLineNumber": 123,
	"startColumn": 13,
	"endLineNumber": 123,
	"endColumn": 13
},{
	"resource": "/c:/Users/basil/Desktop/material-kai-vision-platform/src/types/chunk-analysis.ts",
	"owner": "eslint",
	"code": "quotes",
	"severity": 4,
	"message": "Strings must use singlequote",
	"source": "eslint",
	"startLineNumber": 123,
	"startColumn": 21,
	"endLineNumber": 123,
	"endColumn": 21
},{
	"resource": "/c:/Users/basil/Desktop/material-kai-vision-platform/src/types/chunk-analysis.ts",
	"owner": "eslint",
	"code": "quotes",
	"severity": 4,
	"message": "Strings must use singlequote",
	"source": "eslint",
	"startLineNumber": 123,
	"startColumn": 32,
	"endLineNumber": 123,
	"endColumn": 32
},{
	"resource": "/c:/Users/basil/Desktop/material-kai-vision-platform/src/types/chunk-analysis.ts",
	"owner": "eslint",
	"code": "quotes",
	"severity": 4,
	"message": "Strings must use singlequote",
	"source": "eslint",
	"startLineNumber": 130,
	"startColumn": 13,
	"endLineNumber": 130,
	"endColumn": 13
},{
	"resource": "/c:/Users/basil/Desktop/material-kai-vision-platform/src/types/chunk-analysis.ts",
	"owner": "eslint",
	"code": "quotes",
	"severity": 4,
	"message": "Strings must use singlequote",
	"source": "eslint",
	"startLineNumber": 130,
	"startColumn": 21,
	"endLineNumber": 130,
	"endColumn": 21
},{
	"resource": "/c:/Users/basil/Desktop/material-kai-vision-platform/src/types/chunk-analysis.ts",
	"owner": "eslint",
	"code": "quotes",
	"severity": 4,
	"message": "Strings must use singlequote",
	"source": "eslint",
	"startLineNumber": 130,
	"startColumn": 32,
	"endLineNumber": 130,
	"endColumn": 32
},{
	"resource": "/c:/Users/basil/Desktop/material-kai-vision-platform/src/types/errors.ts",
	"owner": "eslint",
	"code": "no-trailing-spaces",
	"severity": 4,
	"message": "Trailing spaces not allowed",
	"source": "eslint",
	"startLineNumber": 3,
	"startColumn": 3,
	"endLineNumber": 3,
	"endColumn": 3
},{
	"resource": "/c:/Users/basil/Desktop/material-kai-vision-platform/src/types/errors.ts",
	"owner": "eslint",
	"code": "no-trailing-spaces",
	"severity": 4,
	"message": "Trailing spaces not allowed",
	"source": "eslint",
	"startLineNumber": 15,
	"startColumn": 3,
	"endLineNumber": 15,
	"endColumn": 3
},{
	"resource": "/c:/Users/basil/Desktop/material-kai-vision-platform/src/types/errors.ts",
	"owner": "eslint",
	"code": "no-trailing-spaces",
	"severity": 4,
	"message": "Trailing spaces not allowed",
	"source": "eslint",
	"startLineNumber": 37,
	"startColumn": 23,
	"endLineNumber": 37,
	"endColumn": 23
},{
	"resource": "/c:/Users/basil/Desktop/material-kai-vision-platform/src/types/errors.ts",
	"owner": "eslint",
	"code": "no-trailing-spaces",
	"severity": 4,
	"message": "Trailing spaces not allowed",
	"source": "eslint",
	"startLineNumber": 92,
	"startColumn": 3,
	"endLineNumber": 92,
	"endColumn": 3
},{
	"resource": "/c:/Users/basil/Desktop/material-kai-vision-platform/src/types/errors.ts",
	"owner": "eslint",
	"code": "no-trailing-spaces",
	"severity": 4,
	"message": "Trailing spaces not allowed",
	"source": "eslint",
	"startLineNumber": 96,
	"startColumn": 3,
	"endLineNumber": 96,
	"endColumn": 3
},{
	"resource": "/c:/Users/basil/Desktop/material-kai-vision-platform/src/types/errors.ts",
	"owner": "eslint",
	"code": "no-trailing-spaces",
	"severity": 4,
	"message": "Trailing spaces not allowed",
	"source": "eslint",
	"startLineNumber": 121,
	"startColumn": 3,
	"endLineNumber": 121,
	"endColumn": 3
},{
	"resource": "/c:/Users/basil/Desktop/material-kai-vision-platform/src/types/errors.ts",
	"owner": "eslint",
	"code": "no-trailing-spaces",
	"severity": 4,
	"message": "Trailing spaces not allowed",
	"source": "eslint",
	"startLineNumber": 124,
	"startColumn": 3,
	"endLineNumber": 124,
	"endColumn": 3
},{
	"resource": "/c:/Users/basil/Desktop/material-kai-vision-platform/src/types/errors.ts",
	"owner": "eslint",
	"code": "no-trailing-spaces",
	"severity": 4,
	"message": "Trailing spaces not allowed",
	"source": "eslint",
	"startLineNumber": 133,
	"startColumn": 24,
	"endLineNumber": 133,
	"endColumn": 24
},{
	"resource": "/c:/Users/basil/Desktop/material-kai-vision-platform/src/types/errors.ts",
	"owner": "eslint",
	"code": "no-trailing-spaces",
	"severity": 4,
	"message": "Trailing spaces not allowed",
	"source": "eslint",
	"startLineNumber": 143,
	"startColumn": 3,
	"endLineNumber": 143,
	"endColumn": 3
},{
	"resource": "/c:/Users/basil/Desktop/material-kai-vision-platform/src/types/errors.ts",
	"owner": "eslint",
	"code": "no-trailing-spaces",
	"severity": 4,
	"message": "Trailing spaces not allowed",
	"source": "eslint",
	"startLineNumber": 153,
	"startColumn": 3,
	"endLineNumber": 153,
	"endColumn": 3
},{
	"resource": "/c:/Users/basil/Desktop/material-kai-vision-platform/src/types/errors.ts",
	"owner": "eslint",
	"code": "no-trailing-spaces",
	"severity": 4,
	"message": "Trailing spaces not allowed",
	"source": "eslint",
	"startLineNumber": 163,
	"startColumn": 3,
	"endLineNumber": 163,
	"endColumn": 3
},{
	"resource": "/c:/Users/basil/Desktop/material-kai-vision-platform/src/types/errors.ts",
	"owner": "eslint",
	"code": "comma-dangle",
	"severity": 4,
	"message": "Missing trailing comma",
	"source": "eslint",
	"startLineNumber": 168,
	"startColumn": 23,
	"endLineNumber": 168,
	"endColumn": 23
},{
	"resource": "/c:/Users/basil/Desktop/material-kai-vision-platform/src/types/errors.ts",
	"owner": "eslint",
	"code": "no-trailing-spaces",
	"severity": 4,
	"message": "Trailing spaces not allowed",
	"source": "eslint",
	"startLineNumber": 175,
	"startColumn": 3,
	"endLineNumber": 175,
	"endColumn": 3
},{
	"resource": "/c:/Users/basil/Desktop/material-kai-vision-platform/src/types/errors.ts",
	"owner": "eslint",
	"code": "comma-dangle",
	"severity": 4,
	"message": "Missing trailing comma",
	"source": "eslint",
	"startLineNumber": 180,
	"startColumn": 23,
	"endLineNumber": 180,
	"endColumn": 23
},{
	"resource": "/c:/Users/basil/Desktop/material-kai-vision-platform/src/types/errors.ts",
	"owner": "eslint",
	"code": "no-trailing-spaces",
	"severity": 4,
	"message": "Trailing spaces not allowed",
	"source": "eslint",
	"startLineNumber": 191,
	"startColumn": 3,
	"endLineNumber": 191,
	"endColumn": 3
},{
	"resource": "/c:/Users/basil/Desktop/material-kai-vision-platform/src/types/errors.ts",
	"owner": "eslint",
	"code": "no-trailing-spaces",
	"severity": 4,
	"message": "Trailing spaces not allowed",
	"source": "eslint",
	"startLineNumber": 201,
	"startColumn": 3,
	"endLineNumber": 201,
	"endColumn": 3
},{
	"resource": "/c:/Users/basil/Desktop/material-kai-vision-platform/src/types/errors.ts",
	"owner": "eslint",
	"code": "no-trailing-spaces",
	"severity": 4,
	"message": "Trailing spaces not allowed",
	"source": "eslint",
	"startLineNumber": 210,
	"startColumn": 3,
	"endLineNumber": 210,
	"endColumn": 3
},{
	"resource": "/c:/Users/basil/Desktop/material-kai-vision-platform/src/types/errors.ts",
	"owner": "eslint",
	"code": "no-trailing-spaces",
	"severity": 4,
	"message": "Trailing spaces not allowed",
	"source": "eslint",
	"startLineNumber": 220,
	"startColumn": 3,
	"endLineNumber": 220,
	"endColumn": 3
},{
	"resource": "/c:/Users/basil/Desktop/material-kai-vision-platform/src/types/errors.ts",
	"owner": "eslint",
	"code": "no-trailing-spaces",
	"severity": 4,
	"message": "Trailing spaces not allowed",
	"source": "eslint",
	"startLineNumber": 234,
	"startColumn": 3,
	"endLineNumber": 234,
	"endColumn": 3
},{
	"resource": "/c:/Users/basil/Desktop/material-kai-vision-platform/src/types/errors.ts",
	"owner": "eslint",
	"code": "comma-dangle",
	"severity": 4,
	"message": "Missing trailing comma",
	"source": "eslint",
	"startLineNumber": 245,
	"startColumn": 24,
	"endLineNumber": 245,
	"endColumn": 24
},{
	"resource": "/c:/Users/basil/Desktop/material-kai-vision-platform/src/types/errors.ts",
	"owner": "eslint",
	"code": "comma-dangle",
	"severity": 4,
	"message": "Missing trailing comma",
	"source": "eslint",
	"startLineNumber": 255,
	"startColumn": 22,
	"endLineNumber": 255,
	"endColumn": 22
},{
	"resource": "/c:/Users/basil/Desktop/material-kai-vision-platform/src/types/errors.ts",
	"owner": "eslint",
	"code": "no-trailing-spaces",
	"severity": 4,
	"message": "Trailing spaces not allowed",
	"source": "eslint",
	"startLineNumber": 261,
	"startColumn": 3,
	"endLineNumber": 261,
	"endColumn": 3
},{
	"resource": "/c:/Users/basil/Desktop/material-kai-vision-platform/src/types/errors.ts",
	"owner": "eslint",
	"code": "comma-dangle",
	"severity": 4,
	"message": "Missing trailing comma",
	"source": "eslint",
	"startLineNumber": 270,
	"startColumn": 20,
	"endLineNumber": 270,
	"endColumn": 20
},{
	"resource": "/c:/Users/basil/Desktop/material-kai-vision-platform/src/types/errors.ts",
	"owner": "eslint",
	"code": "comma-dangle",
	"severity": 4,
	"message": "Missing trailing comma",
	"source": "eslint",
	"startLineNumber": 280,
	"startColumn": 22,
	"endLineNumber": 280,
	"endColumn": 22
},{
	"resource": "/c:/Users/basil/Desktop/material-kai-vision-platform/src/types/errors.ts",
	"owner": "eslint",
	"code": "no-trailing-spaces",
	"severity": 4,
	"message": "Trailing spaces not allowed",
	"source": "eslint",
	"startLineNumber": 286,
	"startColumn": 3,
	"endLineNumber": 286,
	"endColumn": 3
},{
	"resource": "/c:/Users/basil/Desktop/material-kai-vision-platform/src/types/errors.ts",
	"owner": "eslint",
	"code": "comma-dangle",
	"severity": 4,
	"message": "Missing trailing comma",
	"source": "eslint",
	"startLineNumber": 295,
	"startColumn": 27,
	"endLineNumber": 295,
	"endColumn": 27
},{
	"resource": "/c:/Users/basil/Desktop/material-kai-vision-platform/src/types/errors.ts",
	"owner": "eslint",
	"code": "comma-dangle",
	"severity": 4,
	"message": "Missing trailing comma",
	"source": "eslint",
	"startLineNumber": 304,
	"startColumn": 22,
	"endLineNumber": 304,
	"endColumn": 22
},{
	"resource": "/c:/Users/basil/Desktop/material-kai-vision-platform/src/types/errors.ts",
	"owner": "eslint",
	"code": "no-trailing-spaces",
	"severity": 4,
	"message": "Trailing spaces not allowed",
	"source": "eslint",
	"startLineNumber": 314,
	"startColumn": 3,
	"endLineNumber": 314,
	"endColumn": 3
},{
	"resource": "/c:/Users/basil/Desktop/material-kai-vision-platform/src/types/errors.ts",
	"owner": "eslint",
	"code": "comma-dangle",
	"severity": 4,
	"message": "Missing trailing comma",
	"source": "eslint",
	"startLineNumber": 321,
	"startColumn": 22,
	"endLineNumber": 321,
	"endColumn": 22
},{
	"resource": "/c:/Users/basil/Desktop/material-kai-vision-platform/src/types/errors.ts",
	"owner": "eslint",
	"code": "no-trailing-spaces",
	"severity": 4,
	"message": "Trailing spaces not allowed",
	"source": "eslint",
	"startLineNumber": 328,
	"startColumn": 3,
	"endLineNumber": 328,
	"endColumn": 3
},{
	"resource": "/c:/Users/basil/Desktop/material-kai-vision-platform/src/types/errors.ts",
	"owner": "eslint",
	"code": "comma-dangle",
	"severity": 4,
	"message": "Missing trailing comma",
	"source": "eslint",
	"startLineNumber": 335,
	"startColumn": 33,
	"endLineNumber": 335,
	"endColumn": 33
},{
	"resource": "/c:/Users/basil/Desktop/material-kai-vision-platform/src/types/errors.ts",
	"owner": "eslint",
	"code": "no-trailing-spaces",
	"severity": 4,
	"message": "Trailing spaces not allowed",
	"source": "eslint",
	"startLineNumber": 342,
	"startColumn": 3,
	"endLineNumber": 342,
	"endColumn": 3
},{
	"resource": "/c:/Users/basil/Desktop/material-kai-vision-platform/src/types/errors.ts",
	"owner": "eslint",
	"code": "no-trailing-spaces",
	"severity": 4,
	"message": "Trailing spaces not allowed",
	"source": "eslint",
	"startLineNumber": 356,
	"startColumn": 3,
	"endLineNumber": 356,
	"endColumn": 3
},{
	"resource": "/c:/Users/basil/Desktop/material-kai-vision-platform/src/types/errors.ts",
	"owner": "eslint",
	"code": "comma-dangle",
	"severity": 4,
	"message": "Missing trailing comma",
	"source": "eslint",
	"startLineNumber": 363,
	"startColumn": 18,
	"endLineNumber": 363,
	"endColumn": 18
},{
	"resource": "/c:/Users/basil/Desktop/material-kai-vision-platform/src/types/errors.ts",
	"owner": "eslint",
	"code": "eol-last",
	"severity": 4,
	"message": "Newline required at end of file but not found",
	"source": "eslint",
	"startLineNumber": 366,
	"startColumn": 2,
	"endLineNumber": 366,
	"endColumn": 2
},{
	"resource": "/c:/Users/basil/Desktop/material-kai-vision-platform/src/types/global.d.ts",
	"owner": "eslint",
	"code": "@typescript-eslint/no-explicit-any",
	"severity": 4,
	"message": "Unexpected any. Specify a different type",
	"source": "eslint",
	"startLineNumber": 10,
	"startColumn": 30,
	"endLineNumber": 10,
	"endColumn": 30
},{
	"resource": "/c:/Users/basil/Desktop/material-kai-vision-platform/src/types/global.d.ts",
	"owner": "eslint",
	"code": "@typescript-eslint/no-explicit-any",
	"severity": 4,
	"message": "Unexpected any. Specify a different type",
	"source": "eslint",
	"startLineNumber": 11,
	"startColumn": 32,
	"endLineNumber": 11,
	"endColumn": 32
},{
	"resource": "/c:/Users/basil/Desktop/material-kai-vision-platform/src/types/global.d.ts",
	"owner": "eslint",
	"code": "@typescript-eslint/no-explicit-any",
	"severity": 4,
	"message": "Unexpected any. Specify a different type",
	"source": "eslint",
	"startLineNumber": 12,
	"startColumn": 27,
	"endLineNumber": 12,
	"endColumn": 27
},{
	"resource": "/c:/Users/basil/Desktop/material-kai-vision-platform/src/types/global.d.ts",
	"owner": "eslint",
	"code": "@typescript-eslint/no-explicit-any",
	"severity": 4,
	"message": "Unexpected any. Specify a different type",
	"source": "eslint",
	"startLineNumber": 13,
	"startColumn": 32,
	"endLineNumber": 13,
	"endColumn": 32
},{
	"resource": "/c:/Users/basil/Desktop/material-kai-vision-platform/src/types/global.d.ts",
	"owner": "eslint",
	"code": "@typescript-eslint/no-explicit-any",
	"severity": 4,
	"message": "Unexpected any. Specify a different type",
	"source": "eslint",
	"startLineNumber": 14,
	"startColumn": 30,
	"endLineNumber": 14,
	"endColumn": 30
},{
	"resource": "/c:/Users/basil/Desktop/material-kai-vision-platform/src/types/global.d.ts",
	"owner": "eslint",
	"code": "@typescript-eslint/no-explicit-any",
	"severity": 4,
	"message": "Unexpected any. Specify a different type",
	"source": "eslint",
	"startLineNumber": 15,
	"startColumn": 32,
	"endLineNumber": 15,
	"endColumn": 32
},{
	"resource": "/c:/Users/basil/Desktop/material-kai-vision-platform/src/types/global.d.ts",
	"owner": "eslint",
	"code": "@typescript-eslint/no-explicit-any",
	"severity": 4,
	"message": "Unexpected any. Specify a different type",
	"source": "eslint",
	"startLineNumber": 16,
	"startColumn": 33,
	"endLineNumber": 16,
	"endColumn": 33
},{
	"resource": "/c:/Users/basil/Desktop/material-kai-vision-platform/src/types/global.d.ts",
	"owner": "eslint",
	"code": "@typescript-eslint/no-explicit-any",
	"severity": 4,
	"message": "Unexpected any. Specify a different type",
	"source": "eslint",
	"startLineNumber": 17,
	"startColumn": 32,
	"endLineNumber": 17,
	"endColumn": 32
},{
	"resource": "/c:/Users/basil/Desktop/material-kai-vision-platform/src/types/global.d.ts",
	"owner": "eslint",
	"code": "@typescript-eslint/no-explicit-any",
	"severity": 4,
	"message": "Unexpected any. Specify a different type",
	"source": "eslint",
	"startLineNumber": 18,
	"startColumn": 30,
	"endLineNumber": 18,
	"endColumn": 30
},{
	"resource": "/c:/Users/basil/Desktop/material-kai-vision-platform/src/types/global.d.ts",
	"owner": "eslint",
	"code": "@typescript-eslint/no-explicit-any",
	"severity": 4,
	"message": "Unexpected any. Specify a different type",
	"source": "eslint",
	"startLineNumber": 19,
	"startColumn": 36,
	"endLineNumber": 19,
	"endColumn": 36
},{
	"resource": "/c:/Users/basil/Desktop/material-kai-vision-platform/src/types/global.d.ts",
	"owner": "eslint",
	"code": "@typescript-eslint/no-explicit-any",
	"severity": 4,
	"message": "Unexpected any. Specify a different type",
	"source": "eslint",
	"startLineNumber": 20,
	"startColumn": 38,
	"endLineNumber": 20,
	"endColumn": 38
},{
	"resource": "/c:/Users/basil/Desktop/material-kai-vision-platform/src/types/global.d.ts",
	"owner": "eslint",
	"code": "@typescript-eslint/no-explicit-any",
	"severity": 4,
	"message": "Unexpected any. Specify a different type",
	"source": "eslint",
	"startLineNumber": 21,
	"startColumn": 39,
	"endLineNumber": 21,
	"endColumn": 39
},{
	"resource": "/c:/Users/basil/Desktop/material-kai-vision-platform/src/types/global.d.ts",
	"owner": "eslint",
	"code": "@typescript-eslint/no-explicit-any",
	"severity": 4,
	"message": "Unexpected any. Specify a different type",
	"source": "eslint",
	"startLineNumber": 22,
	"startColumn": 41,
	"endLineNumber": 22,
	"endColumn": 41
},{
	"resource": "/c:/Users/basil/Desktop/material-kai-vision-platform/src/types/global.d.ts",
	"owner": "eslint",
	"code": "@typescript-eslint/no-explicit-any",
	"severity": 4,
	"message": "Unexpected any. Specify a different type",
	"source": "eslint",
	"startLineNumber": 23,
	"startColumn": 40,
	"endLineNumber": 23,
	"endColumn": 40
},{
	"resource": "/c:/Users/basil/Desktop/material-kai-vision-platform/src/types/global.d.ts",
	"owner": "eslint",
	"code": "@typescript-eslint/no-explicit-any",
	"severity": 4,
	"message": "Unexpected any. Specify a different type",
	"source": "eslint",
	"startLineNumber": 27,
	"startColumn": 31,
	"endLineNumber": 27,
	"endColumn": 31
},{
	"resource": "/c:/Users/basil/Desktop/material-kai-vision-platform/src/types/global.d.ts",
	"owner": "eslint",
	"code": "@typescript-eslint/no-explicit-any",
	"severity": 4,
	"message": "Unexpected any. Specify a different type",
	"source": "eslint",
	"startLineNumber": 28,
	"startColumn": 29,
	"endLineNumber": 28,
	"endColumn": 29
},{
	"resource": "/c:/Users/basil/Desktop/material-kai-vision-platform/src/types/global.d.ts",
	"owner": "eslint",
	"code": "@typescript-eslint/no-explicit-any",
	"severity": 4,
	"message": "Unexpected any. Specify a different type",
	"source": "eslint",
	"startLineNumber": 29,
	"startColumn": 31,
	"endLineNumber": 29,
	"endColumn": 31
},{
	"resource": "/c:/Users/basil/Desktop/material-kai-vision-platform/src/types/global.d.ts",
	"owner": "eslint",
	"code": "@typescript-eslint/no-explicit-any",
	"severity": 4,
	"message": "Unexpected any. Specify a different type",
	"source": "eslint",
	"startLineNumber": 30,
	"startColumn": 32,
	"endLineNumber": 30,
	"endColumn": 32
},{
	"resource": "/c:/Users/basil/Desktop/material-kai-vision-platform/src/types/global.d.ts",
	"owner": "eslint",
	"code": "@typescript-eslint/no-explicit-any",
	"severity": 4,
	"message": "Unexpected any. Specify a different type",
	"source": "eslint",
	"startLineNumber": 31,
	"startColumn": 38,
	"endLineNumber": 31,
	"endColumn": 38
},{
	"resource": "/c:/Users/basil/Desktop/material-kai-vision-platform/src/types/global.d.ts",
	"owner": "eslint",
	"code": "@typescript-eslint/no-explicit-any",
	"severity": 4,
	"message": "Unexpected any. Specify a different type",
	"source": "eslint",
	"startLineNumber": 32,
	"startColumn": 35,
	"endLineNumber": 32,
	"endColumn": 35
},{
	"resource": "/c:/Users/basil/Desktop/material-kai-vision-platform/src/types/global.d.ts",
	"owner": "eslint",
	"code": "@typescript-eslint/no-explicit-any",
	"severity": 4,
	"message": "Unexpected any. Specify a different type",
	"source": "eslint",
	"startLineNumber": 33,
	"startColumn": 22,
	"endLineNumber": 33,
	"endColumn": 22
},{
	"resource": "/c:/Users/basil/Desktop/material-kai-vision-platform/src/types/global.d.ts",
	"owner": "eslint",
	"code": "@typescript-eslint/no-explicit-any",
	"severity": 4,
	"message": "Unexpected any. Specify a different type",
	"source": "eslint",
	"startLineNumber": 34,
	"startColumn": 23,
	"endLineNumber": 34,
	"endColumn": 23
},{
	"resource": "/c:/Users/basil/Desktop/material-kai-vision-platform/src/types/global.d.ts",
	"owner": "eslint",
	"code": "@typescript-eslint/no-explicit-any",
	"severity": 4,
	"message": "Unexpected any. Specify a different type",
	"source": "eslint",
	"startLineNumber": 35,
	"startColumn": 23,
	"endLineNumber": 35,
	"endColumn": 23
},{
	"resource": "/c:/Users/basil/Desktop/material-kai-vision-platform/src/types/global.d.ts",
	"owner": "eslint",
	"code": "@typescript-eslint/no-explicit-any",
	"severity": 4,
	"message": "Unexpected any. Specify a different type",
	"source": "eslint",
	"startLineNumber": 36,
	"startColumn": 35,
	"endLineNumber": 36,
	"endColumn": 35
},{
	"resource": "/c:/Users/basil/Desktop/material-kai-vision-platform/src/types/global.d.ts",
	"owner": "eslint",
	"code": "@typescript-eslint/no-explicit-any",
	"severity": 4,
	"message": "Unexpected any. Specify a different type",
	"source": "eslint",
	"startLineNumber": 37,
	"startColumn": 36,
	"endLineNumber": 37,
	"endColumn": 36
},{
	"resource": "/c:/Users/basil/Desktop/material-kai-vision-platform/src/types/global.d.ts",
	"owner": "eslint",
	"code": "@typescript-eslint/no-explicit-any",
	"severity": 4,
	"message": "Unexpected any. Specify a different type",
	"source": "eslint",
	"startLineNumber": 38,
	"startColumn": 31,
	"endLineNumber": 38,
	"endColumn": 31
},{
	"resource": "/c:/Users/basil/Desktop/material-kai-vision-platform/src/types/global.d.ts",
	"owner": "eslint",
	"code": "@typescript-eslint/no-explicit-any",
	"severity": 4,
	"message": "Unexpected any. Specify a different type",
	"source": "eslint",
	"startLineNumber": 39,
	"startColumn": 30,
	"endLineNumber": 39,
	"endColumn": 30
},{
	"resource": "/c:/Users/basil/Desktop/material-kai-vision-platform/src/types/global.d.ts",
	"owner": "eslint",
	"code": "@typescript-eslint/no-explicit-any",
	"severity": 4,
	"message": "Unexpected any. Specify a different type",
	"source": "eslint",
	"startLineNumber": 40,
	"startColumn": 34,
	"endLineNumber": 40,
	"endColumn": 34
},{
	"resource": "/c:/Users/basil/Desktop/material-kai-vision-platform/src/types/global.d.ts",
	"owner": "eslint",
	"code": "@typescript-eslint/no-explicit-any",
	"severity": 4,
	"message": "Unexpected any. Specify a different type",
	"source": "eslint",
	"startLineNumber": 41,
	"startColumn": 28,
	"endLineNumber": 41,
	"endColumn": 28
},{
	"resource": "/c:/Users/basil/Desktop/material-kai-vision-platform/src/types/global.d.ts",
	"owner": "eslint",
	"code": "@typescript-eslint/no-explicit-any",
	"severity": 4,
	"message": "Unexpected any. Specify a different type",
	"source": "eslint",
	"startLineNumber": 42,
	"startColumn": 27,
	"endLineNumber": 42,
	"endColumn": 27
},{
	"resource": "/c:/Users/basil/Desktop/material-kai-vision-platform/src/types/global.d.ts",
	"owner": "eslint",
	"code": "@typescript-eslint/no-explicit-any",
	"severity": 4,
	"message": "Unexpected any. Specify a different type",
	"source": "eslint",
	"startLineNumber": 43,
	"startColumn": 33,
	"endLineNumber": 43,
	"endColumn": 33
},{
	"resource": "/c:/Users/basil/Desktop/material-kai-vision-platform/src/types/global.d.ts",
	"owner": "eslint",
	"code": "@typescript-eslint/no-explicit-any",
	"severity": 4,
	"message": "Unexpected any. Specify a different type",
	"source": "eslint",
	"startLineNumber": 44,
	"startColumn": 25,
	"endLineNumber": 44,
	"endColumn": 25
},{
	"resource": "/c:/Users/basil/Desktop/material-kai-vision-platform/src/types/global.d.ts",
	"owner": "eslint",
	"code": "@typescript-eslint/no-explicit-any",
	"severity": 4,
	"message": "Unexpected any. Specify a different type",
	"source": "eslint",
	"startLineNumber": 45,
	"startColumn": 25,
	"endLineNumber": 45,
	"endColumn": 25
},{
	"resource": "/c:/Users/basil/Desktop/material-kai-vision-platform/src/types/global.d.ts",
	"owner": "eslint",
	"code": "@typescript-eslint/no-explicit-any",
	"severity": 4,
	"message": "Unexpected any. Specify a different type",
	"source": "eslint",
	"startLineNumber": 46,
	"startColumn": 23,
	"endLineNumber": 46,
	"endColumn": 23
},{
	"resource": "/c:/Users/basil/Desktop/material-kai-vision-platform/src/types/global.d.ts",
	"owner": "eslint",
	"code": "@typescript-eslint/no-explicit-any",
	"severity": 4,
	"message": "Unexpected any. Specify a different type",
	"source": "eslint",
	"startLineNumber": 47,
	"startColumn": 28,
	"endLineNumber": 47,
	"endColumn": 28
},{
	"resource": "/c:/Users/basil/Desktop/material-kai-vision-platform/src/types/global.d.ts",
	"owner": "eslint",
	"code": "@typescript-eslint/no-explicit-any",
	"severity": 4,
	"message": "Unexpected any. Specify a different type",
	"source": "eslint",
	"startLineNumber": 48,
	"startColumn": 25,
	"endLineNumber": 48,
	"endColumn": 25
},{
	"resource": "/c:/Users/basil/Desktop/material-kai-vision-platform/src/types/global.d.ts",
	"owner": "eslint",
	"code": "@typescript-eslint/no-explicit-any",
	"severity": 4,
	"message": "Unexpected any. Specify a different type",
	"source": "eslint",
	"startLineNumber": 49,
	"startColumn": 23,
	"endLineNumber": 49,
	"endColumn": 23
},{
	"resource": "/c:/Users/basil/Desktop/material-kai-vision-platform/src/types/global.d.ts",
	"owner": "eslint",
	"code": "@typescript-eslint/no-explicit-any",
	"severity": 4,
	"message": "Unexpected any. Specify a different type",
	"source": "eslint",
	"startLineNumber": 50,
	"startColumn": 21,
	"endLineNumber": 50,
	"endColumn": 21
},{
	"resource": "/c:/Users/basil/Desktop/material-kai-vision-platform/src/types/global.d.ts",
	"owner": "eslint",
	"code": "@typescript-eslint/no-explicit-any",
	"severity": 4,
	"message": "Unexpected any. Specify a different type",
	"source": "eslint",
	"startLineNumber": 51,
	"startColumn": 25,
	"endLineNumber": 51,
	"endColumn": 25
},{
	"resource": "/c:/Users/basil/Desktop/material-kai-vision-platform/src/types/global.d.ts",
	"owner": "eslint",
	"code": "@typescript-eslint/no-explicit-any",
	"severity": 4,
	"message": "Unexpected any. Specify a different type",
	"source": "eslint",
	"startLineNumber": 52,
	"startColumn": 25,
	"endLineNumber": 52,
	"endColumn": 25
},{
	"resource": "/c:/Users/basil/Desktop/material-kai-vision-platform/src/types/global.d.ts",
	"owner": "eslint",
	"code": "@typescript-eslint/no-explicit-any",
	"severity": 4,
	"message": "Unexpected any. Specify a different type",
	"source": "eslint",
	"startLineNumber": 53,
	"startColumn": 30,
	"endLineNumber": 53,
	"endColumn": 30
},{
	"resource": "/c:/Users/basil/Desktop/material-kai-vision-platform/src/types/global.d.ts",
	"owner": "eslint",
	"code": "@typescript-eslint/no-explicit-any",
	"severity": 4,
	"message": "Unexpected any. Specify a different type",
	"source": "eslint",
	"startLineNumber": 54,
	"startColumn": 29,
	"endLineNumber": 54,
	"endColumn": 29
},{
	"resource": "/c:/Users/basil/Desktop/material-kai-vision-platform/src/types/global.d.ts",
	"owner": "eslint",
	"code": "@typescript-eslint/no-explicit-any",
	"severity": 4,
	"message": "Unexpected any. Specify a different type",
	"source": "eslint",
	"startLineNumber": 55,
	"startColumn": 29,
	"endLineNumber": 55,
	"endColumn": 29
},{
	"resource": "/c:/Users/basil/Desktop/material-kai-vision-platform/src/types/global.d.ts",
	"owner": "eslint",
	"code": "@typescript-eslint/no-explicit-any",
	"severity": 4,
	"message": "Unexpected any. Specify a different type",
	"source": "eslint",
	"startLineNumber": 56,
	"startColumn": 31,
	"endLineNumber": 56,
	"endColumn": 31
},{
	"resource": "/c:/Users/basil/Desktop/material-kai-vision-platform/src/types/global.d.ts",
	"owner": "eslint",
	"code": "@typescript-eslint/no-explicit-any",
	"severity": 4,
	"message": "Unexpected any. Specify a different type",
	"source": "eslint",
	"startLineNumber": 57,
	"startColumn": 23,
	"endLineNumber": 57,
	"endColumn": 23
},{
	"resource": "/c:/Users/basil/Desktop/material-kai-vision-platform/src/types/global.d.ts",
	"owner": "eslint",
	"code": "@typescript-eslint/no-explicit-any",
	"severity": 4,
	"message": "Unexpected any. Specify a different type",
	"source": "eslint",
	"startLineNumber": 58,
	"startColumn": 32,
	"endLineNumber": 58,
	"endColumn": 32
},{
	"resource": "/c:/Users/basil/Desktop/material-kai-vision-platform/src/types/global.d.ts",
	"owner": "eslint",
	"code": "@typescript-eslint/no-explicit-any",
	"severity": 4,
	"message": "Unexpected any. Specify a different type",
	"source": "eslint",
	"startLineNumber": 59,
	"startColumn": 31,
	"endLineNumber": 59,
	"endColumn": 31
},{
	"resource": "/c:/Users/basil/Desktop/material-kai-vision-platform/src/types/global.d.ts",
	"owner": "eslint",
	"code": "@typescript-eslint/no-explicit-any",
	"severity": 4,
	"message": "Unexpected any. Specify a different type",
	"source": "eslint",
	"startLineNumber": 60,
	"startColumn": 31,
	"endLineNumber": 60,
	"endColumn": 31
},{
	"resource": "/c:/Users/basil/Desktop/material-kai-vision-platform/src/types/global.d.ts",
	"owner": "eslint",
	"code": "@typescript-eslint/no-explicit-any",
	"severity": 4,
	"message": "Unexpected any. Specify a different type",
	"source": "eslint",
	"startLineNumber": 61,
	"startColumn": 32,
	"endLineNumber": 61,
	"endColumn": 32
},{
	"resource": "/c:/Users/basil/Desktop/material-kai-vision-platform/src/types/global.d.ts",
	"owner": "eslint",
	"code": "@typescript-eslint/no-explicit-any",
	"severity": 4,
	"message": "Unexpected any. Specify a different type",
	"source": "eslint",
	"startLineNumber": 62,
	"startColumn": 33,
	"endLineNumber": 62,
	"endColumn": 33
},{
	"resource": "/c:/Users/basil/Desktop/material-kai-vision-platform/src/types/global.d.ts",
	"owner": "eslint",
	"code": "@typescript-eslint/no-explicit-any",
	"severity": 4,
	"message": "Unexpected any. Specify a different type",
	"source": "eslint",
	"startLineNumber": 63,
	"startColumn": 40,
	"endLineNumber": 63,
	"endColumn": 40
},{
	"resource": "/c:/Users/basil/Desktop/material-kai-vision-platform/src/types/global.d.ts",
	"owner": "eslint",
	"code": "@typescript-eslint/no-explicit-any",
	"severity": 4,
	"message": "Unexpected any. Specify a different type",
	"source": "eslint",
	"startLineNumber": 64,
	"startColumn": 39,
	"endLineNumber": 64,
	"endColumn": 39
},{
	"resource": "/c:/Users/basil/Desktop/material-kai-vision-platform/src/types/global.d.ts",
	"owner": "eslint",
	"code": "@typescript-eslint/no-explicit-any",
	"severity": 4,
	"message": "Unexpected any. Specify a different type",
	"source": "eslint",
	"startLineNumber": 65,
	"startColumn": 39,
	"endLineNumber": 65,
	"endColumn": 39
},{
	"resource": "/c:/Users/basil/Desktop/material-kai-vision-platform/src/types/global.d.ts",
	"owner": "eslint",
	"code": "@typescript-eslint/no-explicit-any",
	"severity": 4,
	"message": "Unexpected any. Specify a different type",
	"source": "eslint",
	"startLineNumber": 72,
	"startColumn": 45,
	"endLineNumber": 72,
	"endColumn": 45
},{
	"resource": "/c:/Users/basil/Desktop/material-kai-vision-platform/src/types/global.d.ts",
	"owner": "eslint",
	"code": "@typescript-eslint/no-explicit-any",
	"severity": 4,
	"message": "Unexpected any. Specify a different type",
	"source": "eslint",
	"startLineNumber": 73,
	"startColumn": 49,
	"endLineNumber": 73,
	"endColumn": 49
},{
	"resource": "/c:/Users/basil/Desktop/material-kai-vision-platform/src/types/global.d.ts",
	"owner": "eslint",
	"code": "@typescript-eslint/no-explicit-any",
	"severity": 4,
	"message": "Unexpected any. Specify a different type",
	"source": "eslint",
	"startLineNumber": 74,
	"startColumn": 43,
	"endLineNumber": 74,
	"endColumn": 43
},{
	"resource": "/c:/Users/basil/Desktop/material-kai-vision-platform/src/types/global.d.ts",
	"owner": "eslint",
	"code": "@typescript-eslint/no-explicit-any",
	"severity": 4,
	"message": "Unexpected any. Specify a different type",
	"source": "eslint",
	"startLineNumber": 78,
	"startColumn": 30,
	"endLineNumber": 78,
	"endColumn": 30
},{
	"resource": "/c:/Users/basil/Desktop/material-kai-vision-platform/src/types/global.d.ts",
	"owner": "eslint",
	"code": "@typescript-eslint/no-explicit-any",
	"severity": 4,
	"message": "Unexpected any. Specify a different type",
	"source": "eslint",
	"startLineNumber": 109,
	"startColumn": 31,
	"endLineNumber": 109,
	"endColumn": 31
},{
	"resource": "/c:/Users/basil/Desktop/material-kai-vision-platform/src/types/global.d.ts",
	"owner": "eslint",
	"code": "@typescript-eslint/no-unused-vars",
	"severity": 4,
	"message": "'ReactNode' is defined but never used. Allowed unused vars must match /^_/u",
	"source": "eslint",
	"startLineNumber": 118,
	"startColumn": 27,
	"endLineNumber": 118,
	"endColumn": 27
},{
	"resource": "/c:/Users/basil/Desktop/material-kai-vision-platform/src/types/global.d.ts",
	"owner": "eslint",
	"code": "@typescript-eslint/no-explicit-any",
	"severity": 4,
	"message": "Unexpected any. Specify a different type",
	"source": "eslint",
	"startLineNumber": 119,
	"startColumn": 38,
	"endLineNumber": 119,
	"endColumn": 38
},{
	"resource": "/c:/Users/basil/Desktop/material-kai-vision-platform/src/types/global.d.ts",
	"owner": "eslint",
	"code": "@typescript-eslint/no-explicit-any",
	"severity": 4,
	"message": "Unexpected any. Specify a different type",
	"source": "eslint",
	"startLineNumber": 120,
	"startColumn": 27,
	"endLineNumber": 120,
	"endColumn": 27
},{
	"resource": "/c:/Users/basil/Desktop/material-kai-vision-platform/src/types/global.d.ts",
	"owner": "eslint",
	"code": "@typescript-eslint/no-explicit-any",
	"severity": 4,
	"message": "Unexpected any. Specify a different type",
	"source": "eslint",
	"startLineNumber": 121,
	"startColumn": 26,
	"endLineNumber": 121,
	"endColumn": 26
},{
	"resource": "/c:/Users/basil/Desktop/material-kai-vision-platform/src/types/global.d.ts",
	"owner": "eslint",
	"code": "@typescript-eslint/no-explicit-any",
	"severity": 4,
	"message": "Unexpected any. Specify a different type",
	"source": "eslint",
	"startLineNumber": 122,
	"startColumn": 26,
	"endLineNumber": 122,
	"endColumn": 26
},{
	"resource": "/c:/Users/basil/Desktop/material-kai-vision-platform/src/types/global.d.ts",
	"owner": "eslint",
	"code": "@typescript-eslint/no-explicit-any",
	"severity": 4,
	"message": "Unexpected any. Specify a different type",
	"source": "eslint",
	"startLineNumber": 123,
	"startColumn": 24,
	"endLineNumber": 123,
	"endColumn": 24
},{
	"resource": "/c:/Users/basil/Desktop/material-kai-vision-platform/src/types/global.d.ts",
	"owner": "eslint",
	"code": "@typescript-eslint/no-explicit-any",
	"severity": 4,
	"message": "Unexpected any. Specify a different type",
	"source": "eslint",
	"startLineNumber": 124,
	"startColumn": 28,
	"endLineNumber": 124,
	"endColumn": 28
},{
	"resource": "/c:/Users/basil/Desktop/material-kai-vision-platform/src/types/global.d.ts",
	"owner": "eslint",
	"code": "@typescript-eslint/no-explicit-any",
	"severity": 4,
	"message": "Unexpected any. Specify a different type",
	"source": "eslint",
	"startLineNumber": 125,
	"startColumn": 24,
	"endLineNumber": 125,
	"endColumn": 24
},{
	"resource": "/c:/Users/basil/Desktop/material-kai-vision-platform/src/types/global.d.ts",
	"owner": "eslint",
	"code": "@typescript-eslint/no-explicit-any",
	"severity": 4,
	"message": "Unexpected any. Specify a different type",
	"source": "eslint",
	"startLineNumber": 126,
	"startColumn": 28,
	"endLineNumber": 126,
	"endColumn": 28
},{
	"resource": "/c:/Users/basil/Desktop/material-kai-vision-platform/src/types/global.d.ts",
	"owner": "eslint",
	"code": "@typescript-eslint/no-explicit-any",
	"severity": 4,
	"message": "Unexpected any. Specify a different type",
	"source": "eslint",
	"startLineNumber": 127,
	"startColumn": 25,
	"endLineNumber": 127,
	"endColumn": 25
},{
	"resource": "/c:/Users/basil/Desktop/material-kai-vision-platform/src/types/global.d.ts",
	"owner": "eslint",
	"code": "@typescript-eslint/no-explicit-any",
	"severity": 4,
	"message": "Unexpected any. Specify a different type",
	"source": "eslint",
	"startLineNumber": 128,
	"startColumn": 24,
	"endLineNumber": 128,
	"endColumn": 24
},{
	"resource": "/c:/Users/basil/Desktop/material-kai-vision-platform/src/types/global.d.ts",
	"owner": "eslint",
	"code": "@typescript-eslint/no-explicit-any",
	"severity": 4,
	"message": "Unexpected any. Specify a different type",
	"source": "eslint",
	"startLineNumber": 129,
	"startColumn": 40,
	"endLineNumber": 129,
	"endColumn": 40
},{
	"resource": "/c:/Users/basil/Desktop/material-kai-vision-platform/src/types/global.d.ts",
	"owner": "eslint",
	"code": "@typescript-eslint/no-explicit-any",
	"severity": 4,
	"message": "Unexpected any. Specify a different type",
	"source": "eslint",
	"startLineNumber": 130,
	"startColumn": 21,
	"endLineNumber": 130,
	"endColumn": 21
},{
	"resource": "/c:/Users/basil/Desktop/material-kai-vision-platform/src/types/global.d.ts",
	"owner": "eslint",
	"code": "@typescript-eslint/no-explicit-any",
	"severity": 4,
	"message": "Unexpected any. Specify a different type",
	"source": "eslint",
	"startLineNumber": 138,
	"startColumn": 13,
	"endLineNumber": 138,
	"endColumn": 13
},{
	"resource": "/c:/Users/basil/Desktop/material-kai-vision-platform/src/types/global.d.ts",
	"owner": "eslint",
	"code": "@typescript-eslint/no-explicit-any",
	"severity": 4,
	"message": "Unexpected any. Specify a different type",
	"source": "eslint",
	"startLineNumber": 139,
	"startColumn": 14,
	"endLineNumber": 139,
	"endColumn": 14
},{
	"resource": "/c:/Users/basil/Desktop/material-kai-vision-platform/src/types/global.d.ts",
	"owner": "eslint",
	"code": "@typescript-eslint/no-explicit-any",
	"severity": 4,
	"message": "Unexpected any. Specify a different type",
	"source": "eslint",
	"startLineNumber": 140,
	"startColumn": 18,
	"endLineNumber": 140,
	"endColumn": 18
},{
	"resource": "/c:/Users/basil/Desktop/material-kai-vision-platform/src/types/global.d.ts",
	"owner": "eslint",
	"code": "@typescript-eslint/no-explicit-any",
	"severity": 4,
	"message": "Unexpected any. Specify a different type",
	"source": "eslint",
	"startLineNumber": 143,
	"startColumn": 20,
	"endLineNumber": 143,
	"endColumn": 20
},{
	"resource": "/c:/Users/basil/Desktop/material-kai-vision-platform/src/types/global.d.ts",
	"owner": "eslint",
	"code": "@typescript-eslint/no-explicit-any",
	"severity": 4,
	"message": "Unexpected any. Specify a different type",
	"source": "eslint",
	"startLineNumber": 144,
	"startColumn": 22,
	"endLineNumber": 144,
	"endColumn": 22
},{
	"resource": "/c:/Users/basil/Desktop/material-kai-vision-platform/src/types/global.d.ts",
	"owner": "eslint",
	"code": "@typescript-eslint/no-explicit-any",
	"severity": 4,
	"message": "Unexpected any. Specify a different type",
	"source": "eslint",
	"startLineNumber": 145,
	"startColumn": 23,
	"endLineNumber": 145,
	"endColumn": 23
},{
	"resource": "/c:/Users/basil/Desktop/material-kai-vision-platform/src/types/global.d.ts",
	"owner": "eslint",
	"code": "@typescript-eslint/no-explicit-any",
	"severity": 4,
	"message": "Unexpected any. Specify a different type",
	"source": "eslint",
	"startLineNumber": 146,
	"startColumn": 25,
	"endLineNumber": 146,
	"endColumn": 25
},{
	"resource": "/c:/Users/basil/Desktop/material-kai-vision-platform/src/types/global.d.ts",
	"owner": "eslint",
	"code": "@typescript-eslint/no-explicit-any",
	"severity": 4,
	"message": "Unexpected any. Specify a different type",
	"source": "eslint",
	"startLineNumber": 147,
	"startColumn": 21,
	"endLineNumber": 147,
	"endColumn": 21
},{
	"resource": "/c:/Users/basil/Desktop/material-kai-vision-platform/src/types/global.d.ts",
	"owner": "eslint",
	"code": "@typescript-eslint/no-explicit-any",
	"severity": 4,
	"message": "Unexpected any. Specify a different type",
	"source": "eslint",
	"startLineNumber": 148,
	"startColumn": 22,
	"endLineNumber": 148,
	"endColumn": 22
},{
	"resource": "/c:/Users/basil/Desktop/material-kai-vision-platform/src/types/global.d.ts",
	"owner": "eslint",
	"code": "@typescript-eslint/no-explicit-any",
	"severity": 4,
	"message": "Unexpected any. Specify a different type",
	"source": "eslint",
	"startLineNumber": 149,
	"startColumn": 23,
	"endLineNumber": 149,
	"endColumn": 23
},{
	"resource": "/c:/Users/basil/Desktop/material-kai-vision-platform/src/types/global.d.ts",
	"owner": "eslint",
	"code": "@typescript-eslint/no-explicit-any",
	"severity": 4,
	"message": "Unexpected any. Specify a different type",
	"source": "eslint",
	"startLineNumber": 152,
	"startColumn": 29,
	"endLineNumber": 152,
	"endColumn": 29
},{
	"resource": "/c:/Users/basil/Desktop/material-kai-vision-platform/src/types/global.d.ts",
	"owner": "eslint",
	"code": "@typescript-eslint/no-explicit-any",
	"severity": 4,
	"message": "Unexpected any. Specify a different type",
	"source": "eslint",
	"startLineNumber": 153,
	"startColumn": 26,
	"endLineNumber": 153,
	"endColumn": 26
},{
	"resource": "/c:/Users/basil/Desktop/material-kai-vision-platform/src/types/global.d.ts",
	"owner": "eslint",
	"code": "@typescript-eslint/no-explicit-any",
	"severity": 4,
	"message": "Unexpected any. Specify a different type",
	"source": "eslint",
	"startLineNumber": 154,
	"startColumn": 28,
	"endLineNumber": 154,
	"endColumn": 28
},{
	"resource": "/c:/Users/basil/Desktop/material-kai-vision-platform/src/types/global.d.ts",
	"owner": "eslint",
	"code": "@typescript-eslint/no-explicit-any",
	"severity": 4,
	"message": "Unexpected any. Specify a different type",
	"source": "eslint",
	"startLineNumber": 155,
	"startColumn": 26,
	"endLineNumber": 155,
	"endColumn": 26
},{
	"resource": "/c:/Users/basil/Desktop/material-kai-vision-platform/src/types/global.d.ts",
	"owner": "eslint",
	"code": "@typescript-eslint/no-explicit-any",
	"severity": 4,
	"message": "Unexpected any. Specify a different type",
	"source": "eslint",
	"startLineNumber": 156,
	"startColumn": 25,
	"endLineNumber": 156,
	"endColumn": 25
},{
	"resource": "/c:/Users/basil/Desktop/material-kai-vision-platform/src/types/global.d.ts",
	"owner": "eslint",
	"code": "@typescript-eslint/no-explicit-any",
	"severity": 4,
	"message": "Unexpected any. Specify a different type",
	"source": "eslint",
	"startLineNumber": 157,
	"startColumn": 27,
	"endLineNumber": 157,
	"endColumn": 27
},{
	"resource": "/c:/Users/basil/Desktop/material-kai-vision-platform/src/types/global.d.ts",
	"owner": "eslint",
	"code": "@typescript-eslint/no-explicit-any",
	"severity": 4,
	"message": "Unexpected any. Specify a different type",
	"source": "eslint",
	"startLineNumber": 158,
	"startColumn": 27,
	"endLineNumber": 158,
	"endColumn": 27
},{
	"resource": "/c:/Users/basil/Desktop/material-kai-vision-platform/src/types/global.d.ts",
	"owner": "eslint",
	"code": "@typescript-eslint/no-explicit-any",
	"severity": 4,
	"message": "Unexpected any. Specify a different type",
	"source": "eslint",
	"startLineNumber": 159,
	"startColumn": 26,
	"endLineNumber": 159,
	"endColumn": 26
},{
	"resource": "/c:/Users/basil/Desktop/material-kai-vision-platform/src/types/global.d.ts",
	"owner": "eslint",
	"code": "@typescript-eslint/no-explicit-any",
	"severity": 4,
	"message": "Unexpected any. Specify a different type",
	"source": "eslint",
	"startLineNumber": 160,
	"startColumn": 29,
	"endLineNumber": 160,
	"endColumn": 29
},{
	"resource": "/c:/Users/basil/Desktop/material-kai-vision-platform/src/types/global.d.ts",
	"owner": "eslint",
	"code": "@typescript-eslint/no-explicit-any",
	"severity": 4,
	"message": "Unexpected any. Specify a different type",
	"source": "eslint",
	"startLineNumber": 161,
	"startColumn": 29,
	"endLineNumber": 161,
	"endColumn": 29
},{
	"resource": "/c:/Users/basil/Desktop/material-kai-vision-platform/src/types/global.d.ts",
	"owner": "eslint",
	"code": "@typescript-eslint/no-explicit-any",
	"severity": 4,
	"message": "Unexpected any. Specify a different type",
	"source": "eslint",
	"startLineNumber": 162,
	"startColumn": 26,
	"endLineNumber": 162,
	"endColumn": 26
},{
	"resource": "/c:/Users/basil/Desktop/material-kai-vision-platform/src/types/global.d.ts",
	"owner": "eslint",
	"code": "@typescript-eslint/no-explicit-any",
	"severity": 4,
	"message": "Unexpected any. Specify a different type",
	"source": "eslint",
	"startLineNumber": 163,
	"startColumn": 27,
	"endLineNumber": 163,
	"endColumn": 27
},{
	"resource": "/c:/Users/basil/Desktop/material-kai-vision-platform/src/types/global.d.ts",
	"owner": "eslint",
	"code": "@typescript-eslint/no-explicit-any",
	"severity": 4,
	"message": "Unexpected any. Specify a different type",
	"source": "eslint",
	"startLineNumber": 164,
	"startColumn": 23,
	"endLineNumber": 164,
	"endColumn": 23
},{
	"resource": "/c:/Users/basil/Desktop/material-kai-vision-platform/src/types/global.d.ts",
	"owner": "eslint",
	"code": "@typescript-eslint/no-explicit-any",
	"severity": 4,
	"message": "Unexpected any. Specify a different type",
	"source": "eslint",
	"startLineNumber": 165,
	"startColumn": 26,
	"endLineNumber": 165,
	"endColumn": 26
},{
	"resource": "/c:/Users/basil/Desktop/material-kai-vision-platform/src/types/global.d.ts",
	"owner": "eslint",
	"code": "@typescript-eslint/no-explicit-any",
	"severity": 4,
	"message": "Unexpected any. Specify a different type",
	"source": "eslint",
	"startLineNumber": 166,
	"startColumn": 23,
	"endLineNumber": 166,
	"endColumn": 23
},{
	"resource": "/c:/Users/basil/Desktop/material-kai-vision-platform/src/types/global.d.ts",
	"owner": "eslint",
	"code": "@typescript-eslint/no-explicit-any",
	"severity": 4,
	"message": "Unexpected any. Specify a different type",
	"source": "eslint",
	"startLineNumber": 167,
	"startColumn": 23,
	"endLineNumber": 167,
	"endColumn": 23
},{
	"resource": "/c:/Users/basil/Desktop/material-kai-vision-platform/src/types/global.d.ts",
	"owner": "eslint",
	"code": "@typescript-eslint/no-explicit-any",
	"severity": 4,
	"message": "Unexpected any. Specify a different type",
	"source": "eslint",
	"startLineNumber": 170,
	"startColumn": 21,
	"endLineNumber": 170,
	"endColumn": 21
},{
	"resource": "/c:/Users/basil/Desktop/material-kai-vision-platform/src/types/global.d.ts",
	"owner": "eslint",
	"code": "@typescript-eslint/no-explicit-any",
	"severity": 4,
	"message": "Unexpected any. Specify a different type",
	"source": "eslint",
	"startLineNumber": 171,
	"startColumn": 25,
	"endLineNumber": 171,
	"endColumn": 25
},{
	"resource": "/c:/Users/basil/Desktop/material-kai-vision-platform/src/types/global.d.ts",
	"owner": "eslint",
	"code": "@typescript-eslint/no-explicit-any",
	"severity": 4,
	"message": "Unexpected any. Specify a different type",
	"source": "eslint",
	"startLineNumber": 172,
	"startColumn": 24,
	"endLineNumber": 172,
	"endColumn": 24
},{
	"resource": "/c:/Users/basil/Desktop/material-kai-vision-platform/src/types/global.d.ts",
	"owner": "eslint",
	"code": "@typescript-eslint/no-explicit-any",
	"severity": 4,
	"message": "Unexpected any. Specify a different type",
	"source": "eslint",
	"startLineNumber": 173,
	"startColumn": 19,
	"endLineNumber": 173,
	"endColumn": 19
},{
	"resource": "/c:/Users/basil/Desktop/material-kai-vision-platform/src/types/global.d.ts",
	"owner": "eslint",
	"code": "@typescript-eslint/no-explicit-any",
	"severity": 4,
	"message": "Unexpected any. Specify a different type",
	"source": "eslint",
	"startLineNumber": 174,
	"startColumn": 22,
	"endLineNumber": 174,
	"endColumn": 22
},{
	"resource": "/c:/Users/basil/Desktop/material-kai-vision-platform/src/types/global.d.ts",
	"owner": "eslint",
	"code": "@typescript-eslint/no-explicit-any",
	"severity": 4,
	"message": "Unexpected any. Specify a different type",
	"source": "eslint",
	"startLineNumber": 175,
	"startColumn": 18,
	"endLineNumber": 175,
	"endColumn": 18
},{
	"resource": "/c:/Users/basil/Desktop/material-kai-vision-platform/src/types/global.d.ts",
	"owner": "eslint",
	"code": "@typescript-eslint/no-explicit-any",
	"severity": 4,
	"message": "Unexpected any. Specify a different type",
	"source": "eslint",
	"startLineNumber": 178,
	"startColumn": 26,
	"endLineNumber": 178,
	"endColumn": 26
},{
	"resource": "/c:/Users/basil/Desktop/material-kai-vision-platform/src/types/global.d.ts",
	"owner": "eslint",
	"code": "@typescript-eslint/no-explicit-any",
	"severity": 4,
	"message": "Unexpected any. Specify a different type",
	"source": "eslint",
	"startLineNumber": 179,
	"startColumn": 27,
	"endLineNumber": 179,
	"endColumn": 27
},{
	"resource": "/c:/Users/basil/Desktop/material-kai-vision-platform/src/types/global.d.ts",
	"owner": "eslint",
	"code": "@typescript-eslint/no-explicit-any",
	"severity": 4,
	"message": "Unexpected any. Specify a different type",
	"source": "eslint",
	"startLineNumber": 182,
	"startColumn": 14,
	"endLineNumber": 182,
	"endColumn": 14
},{
	"resource": "/c:/Users/basil/Desktop/material-kai-vision-platform/src/types/global.d.ts",
	"owner": "eslint",
	"code": "@typescript-eslint/no-explicit-any",
	"severity": 4,
	"message": "Unexpected any. Specify a different type",
	"source": "eslint",
	"startLineNumber": 183,
	"startColumn": 12,
	"endLineNumber": 183,
	"endColumn": 12
},{
	"resource": "/c:/Users/basil/Desktop/material-kai-vision-platform/src/types/global.d.ts",
	"owner": "eslint",
	"code": "@typescript-eslint/no-explicit-any",
	"severity": 4,
	"message": "Unexpected any. Specify a different type",
	"source": "eslint",
	"startLineNumber": 184,
	"startColumn": 16,
	"endLineNumber": 184,
	"endColumn": 16
},{
	"resource": "/c:/Users/basil/Desktop/material-kai-vision-platform/src/types/global.d.ts",
	"owner": "eslint",
	"code": "@typescript-eslint/no-explicit-any",
	"severity": 4,
	"message": "Unexpected any. Specify a different type",
	"source": "eslint",
	"startLineNumber": 185,
	"startColumn": 16,
	"endLineNumber": 185,
	"endColumn": 16
},{
	"resource": "/c:/Users/basil/Desktop/material-kai-vision-platform/src/types/global.d.ts",
	"owner": "eslint",
	"code": "@typescript-eslint/no-explicit-any",
	"severity": 4,
	"message": "Unexpected any. Specify a different type",
	"source": "eslint",
	"startLineNumber": 186,
	"startColumn": 21,
	"endLineNumber": 186,
	"endColumn": 21
},{
	"resource": "/c:/Users/basil/Desktop/material-kai-vision-platform/src/types/global.d.ts",
	"owner": "eslint",
	"code": "@typescript-eslint/no-explicit-any",
	"severity": 4,
	"message": "Unexpected any. Specify a different type",
	"source": "eslint",
	"startLineNumber": 187,
	"startColumn": 20,
	"endLineNumber": 187,
	"endColumn": 20
},{
	"resource": "/c:/Users/basil/Desktop/material-kai-vision-platform/src/types/global.d.ts",
	"owner": "eslint",
	"code": "@typescript-eslint/no-explicit-any",
	"severity": 4,
	"message": "Unexpected any. Specify a different type",
	"source": "eslint",
	"startLineNumber": 188,
	"startColumn": 22,
	"endLineNumber": 188,
	"endColumn": 22
},{
	"resource": "/c:/Users/basil/Desktop/material-kai-vision-platform/src/types/global.d.ts",
	"owner": "eslint",
	"code": "@typescript-eslint/no-explicit-any",
	"severity": 4,
	"message": "Unexpected any. Specify a different type",
	"source": "eslint",
	"startLineNumber": 189,
	"startColumn": 26,
	"endLineNumber": 189,
	"endColumn": 26
},{
	"resource": "/c:/Users/basil/Desktop/material-kai-vision-platform/src/types/global.d.ts",
	"owner": "eslint",
	"code": "@typescript-eslint/no-explicit-any",
	"severity": 4,
	"message": "Unexpected any. Specify a different type",
	"source": "eslint",
	"startLineNumber": 190,
	"startColumn": 20,
	"endLineNumber": 190,
	"endColumn": 20
},{
	"resource": "/c:/Users/basil/Desktop/material-kai-vision-platform/src/types/global.d.ts",
	"owner": "eslint",
	"code": "@typescript-eslint/no-explicit-any",
	"severity": 4,
	"message": "Unexpected any. Specify a different type",
	"source": "eslint",
	"startLineNumber": 191,
	"startColumn": 22,
	"endLineNumber": 191,
	"endColumn": 22
},{
	"resource": "/c:/Users/basil/Desktop/material-kai-vision-platform/src/types/global.d.ts",
	"owner": "eslint",
	"code": "@typescript-eslint/no-explicit-any",
	"severity": 4,
	"message": "Unexpected any. Specify a different type",
	"source": "eslint",
	"startLineNumber": 192,
	"startColumn": 15,
	"endLineNumber": 192,
	"endColumn": 15
},{
	"resource": "/c:/Users/basil/Desktop/material-kai-vision-platform/src/types/global.d.ts",
	"owner": "eslint",
	"code": "@typescript-eslint/no-explicit-any",
	"severity": 4,
	"message": "Unexpected any. Specify a different type",
	"source": "eslint",
	"startLineNumber": 193,
	"startColumn": 13,
	"endLineNumber": 193,
	"endColumn": 13
},{
	"resource": "/c:/Users/basil/Desktop/material-kai-vision-platform/src/types/global.d.ts",
	"owner": "eslint",
	"code": "@typescript-eslint/no-explicit-any",
	"severity": 4,
	"message": "Unexpected any. Specify a different type",
	"source": "eslint",
	"startLineNumber": 194,
	"startColumn": 15,
	"endLineNumber": 194,
	"endColumn": 15
},{
	"resource": "/c:/Users/basil/Desktop/material-kai-vision-platform/src/types/global.d.ts",
	"owner": "eslint",
	"code": "@typescript-eslint/no-explicit-any",
	"severity": 4,
	"message": "Unexpected any. Specify a different type",
	"source": "eslint",
	"startLineNumber": 195,
	"startColumn": 22,
	"endLineNumber": 195,
	"endColumn": 22
},{
	"resource": "/c:/Users/basil/Desktop/material-kai-vision-platform/src/types/global.d.ts",
	"owner": "eslint",
	"code": "@typescript-eslint/no-explicit-any",
	"severity": 4,
	"message": "Unexpected any. Specify a different type",
	"source": "eslint",
	"startLineNumber": 196,
	"startColumn": 20,
	"endLineNumber": 196,
	"endColumn": 20
},{
	"resource": "/c:/Users/basil/Desktop/material-kai-vision-platform/src/types/global.d.ts",
	"owner": "eslint",
	"code": "@typescript-eslint/no-explicit-any",
	"severity": 4,
	"message": "Unexpected any. Specify a different type",
	"source": "eslint",
	"startLineNumber": 197,
	"startColumn": 17,
	"endLineNumber": 197,
	"endColumn": 17
},{
	"resource": "/c:/Users/basil/Desktop/material-kai-vision-platform/src/types/global.d.ts",
	"owner": "eslint",
	"code": "@typescript-eslint/no-explicit-any",
	"severity": 4,
	"message": "Unexpected any. Specify a different type",
	"source": "eslint",
	"startLineNumber": 198,
	"startColumn": 13,
	"endLineNumber": 198,
	"endColumn": 13
},{
	"resource": "/c:/Users/basil/Desktop/material-kai-vision-platform/src/types/global.d.ts",
	"owner": "eslint",
	"code": "@typescript-eslint/no-explicit-any",
	"severity": 4,
	"message": "Unexpected any. Specify a different type",
	"source": "eslint",
	"startLineNumber": 199,
	"startColumn": 23,
	"endLineNumber": 199,
	"endColumn": 23
},{
	"resource": "/c:/Users/basil/Desktop/material-kai-vision-platform/src/types/global.d.ts",
	"owner": "eslint",
	"code": "@typescript-eslint/no-explicit-any",
	"severity": 4,
	"message": "Unexpected any. Specify a different type",
	"source": "eslint",
	"startLineNumber": 200,
	"startColumn": 22,
	"endLineNumber": 200,
	"endColumn": 22
},{
	"resource": "/c:/Users/basil/Desktop/material-kai-vision-platform/src/types/global.d.ts",
	"owner": "eslint",
	"code": "@typescript-eslint/no-explicit-any",
	"severity": 4,
	"message": "Unexpected any. Specify a different type",
	"source": "eslint",
	"startLineNumber": 201,
	"startColumn": 22,
	"endLineNumber": 201,
	"endColumn": 22
},{
	"resource": "/c:/Users/basil/Desktop/material-kai-vision-platform/src/types/global.d.ts",
	"owner": "eslint",
	"code": "@typescript-eslint/no-explicit-any",
	"severity": 4,
	"message": "Unexpected any. Specify a different type",
	"source": "eslint",
	"startLineNumber": 202,
	"startColumn": 24,
	"endLineNumber": 202,
	"endColumn": 24
},{
	"resource": "/c:/Users/basil/Desktop/material-kai-vision-platform/src/types/global.d.ts",
	"owner": "eslint",
	"code": "@typescript-eslint/no-explicit-any",
	"severity": 4,
	"message": "Unexpected any. Specify a different type",
	"source": "eslint",
	"startLineNumber": 203,
	"startColumn": 32,
	"endLineNumber": 203,
	"endColumn": 32
},{
	"resource": "/c:/Users/basil/Desktop/material-kai-vision-platform/src/types/global.d.ts",
	"owner": "eslint",
	"code": "@typescript-eslint/no-explicit-any",
	"severity": 4,
	"message": "Unexpected any. Specify a different type",
	"source": "eslint",
	"startLineNumber": 204,
	"startColumn": 28,
	"endLineNumber": 204,
	"endColumn": 28
},{
	"resource": "/c:/Users/basil/Desktop/material-kai-vision-platform/src/types/global.d.ts",
	"owner": "eslint",
	"code": "@typescript-eslint/no-explicit-any",
	"severity": 4,
	"message": "Unexpected any. Specify a different type",
	"source": "eslint",
	"startLineNumber": 205,
	"startColumn": 27,
	"endLineNumber": 205,
	"endColumn": 27
},{
	"resource": "/c:/Users/basil/Desktop/material-kai-vision-platform/src/types/global.d.ts",
	"owner": "eslint",
	"code": "@typescript-eslint/no-explicit-any",
	"severity": 4,
	"message": "Unexpected any. Specify a different type",
	"source": "eslint",
	"startLineNumber": 206,
	"startColumn": 28,
	"endLineNumber": 206,
	"endColumn": 28
},{
	"resource": "/c:/Users/basil/Desktop/material-kai-vision-platform/src/types/global.d.ts",
	"owner": "eslint",
	"code": "@typescript-eslint/no-explicit-any",
	"severity": 4,
	"message": "Unexpected any. Specify a different type",
	"source": "eslint",
	"startLineNumber": 207,
	"startColumn": 29,
	"endLineNumber": 207,
	"endColumn": 29
},{
	"resource": "/c:/Users/basil/Desktop/material-kai-vision-platform/src/types/global.d.ts",
	"owner": "eslint",
	"code": "@typescript-eslint/no-explicit-any",
	"severity": 4,
	"message": "Unexpected any. Specify a different type",
	"source": "eslint",
	"startLineNumber": 208,
	"startColumn": 28,
	"endLineNumber": 208,
	"endColumn": 28
},{
	"resource": "/c:/Users/basil/Desktop/material-kai-vision-platform/src/types/global.d.ts",
	"owner": "eslint",
	"code": "@typescript-eslint/no-explicit-any",
	"severity": 4,
	"message": "Unexpected any. Specify a different type",
	"source": "eslint",
	"startLineNumber": 209,
	"startColumn": 24,
	"endLineNumber": 209,
	"endColumn": 24
},{
	"resource": "/c:/Users/basil/Desktop/material-kai-vision-platform/src/types/guards.ts",
	"owner": "eslint",
	"code": "comma-dangle",
	"severity": 4,
	"message": "Missing trailing comma",
	"source": "eslint",
	"startLineNumber": 13,
	"startColumn": 22,
	"endLineNumber": 13,
	"endColumn": 22
},{
	"resource": "/c:/Users/basil/Desktop/material-kai-vision-platform/src/types/guards.ts",
	"owner": "eslint",
	"code": "no-trailing-spaces",
	"severity": 4,
	"message": "Trailing spaces not allowed",
	"source": "eslint",
	"startLineNumber": 23,
	"startColumn": 1,
	"endLineNumber": 23,
	"endColumn": 1
},{
	"resource": "/c:/Users/basil/Desktop/material-kai-vision-platform/src/types/guards.ts",
	"owner": "eslint",
	"code": "no-trailing-spaces",
	"severity": 4,
	"message": "Trailing spaces not allowed",
	"source": "eslint",
	"startLineNumber": 25,
	"startColumn": 1,
	"endLineNumber": 25,
	"endColumn": 1
},{
	"resource": "/c:/Users/basil/Desktop/material-kai-vision-platform/src/types/guards.ts",
	"owner": "eslint",
	"code": "no-trailing-spaces",
	"severity": 4,
	"message": "Trailing spaces not allowed",
	"source": "eslint",
	"startLineNumber": 55,
	"startColumn": 1,
	"endLineNumber": 55,
	"endColumn": 1
},{
	"resource": "/c:/Users/basil/Desktop/material-kai-vision-platform/src/types/guards.ts",
	"owner": "eslint",
	"code": "no-trailing-spaces",
	"severity": 4,
	"message": "Trailing spaces not allowed",
	"source": "eslint",
	"startLineNumber": 57,
	"startColumn": 1,
	"endLineNumber": 57,
	"endColumn": 1
},{
	"resource": "/c:/Users/basil/Desktop/material-kai-vision-platform/src/types/guards.ts",
	"owner": "eslint",
	"code": "no-trailing-spaces",
	"severity": 4,
	"message": "Trailing spaces not allowed",
	"source": "eslint",
	"startLineNumber": 74,
	"startColumn": 1,
	"endLineNumber": 74,
	"endColumn": 1
},{
	"resource": "/c:/Users/basil/Desktop/material-kai-vision-platform/src/types/guards.ts",
	"owner": "eslint",
	"code": "no-trailing-spaces",
	"severity": 4,
	"message": "Trailing spaces not allowed",
	"source": "eslint",
	"startLineNumber": 76,
	"startColumn": 1,
	"endLineNumber": 76,
	"endColumn": 1
},{
	"resource": "/c:/Users/basil/Desktop/material-kai-vision-platform/src/types/guards.ts",
	"owner": "eslint",
	"code": "no-trailing-spaces",
	"severity": 4,
	"message": "Trailing spaces not allowed",
	"source": "eslint",
	"startLineNumber": 91,
	"startColumn": 1,
	"endLineNumber": 91,
	"endColumn": 1
},{
	"resource": "/c:/Users/basil/Desktop/material-kai-vision-platform/src/types/guards.ts",
	"owner": "eslint",
	"code": "no-trailing-spaces",
	"severity": 4,
	"message": "Trailing spaces not allowed",
	"source": "eslint",
	"startLineNumber": 93,
	"startColumn": 1,
	"endLineNumber": 93,
	"endColumn": 1
},{
	"resource": "/c:/Users/basil/Desktop/material-kai-vision-platform/src/types/guards.ts",
	"owner": "eslint",
	"code": "no-trailing-spaces",
	"severity": 4,
	"message": "Trailing spaces not allowed",
	"source": "eslint",
	"startLineNumber": 109,
	"startColumn": 1,
	"endLineNumber": 109,
	"endColumn": 1
},{
	"resource": "/c:/Users/basil/Desktop/material-kai-vision-platform/src/types/guards.ts",
	"owner": "eslint",
	"code": "no-trailing-spaces",
	"severity": 4,
	"message": "Trailing spaces not allowed",
	"source": "eslint",
	"startLineNumber": 111,
	"startColumn": 1,
	"endLineNumber": 111,
	"endColumn": 1
},{
	"resource": "/c:/Users/basil/Desktop/material-kai-vision-platform/src/types/guards.ts",
	"owner": "eslint",
	"code": "no-trailing-spaces",
	"severity": 4,
	"message": "Trailing spaces not allowed",
	"source": "eslint",
	"startLineNumber": 128,
	"startColumn": 1,
	"endLineNumber": 128,
	"endColumn": 1
},{
	"resource": "/c:/Users/basil/Desktop/material-kai-vision-platform/src/types/guards.ts",
	"owner": "eslint",
	"code": "no-trailing-spaces",
	"severity": 4,
	"message": "Trailing spaces not allowed",
	"source": "eslint",
	"startLineNumber": 130,
	"startColumn": 1,
	"endLineNumber": 130,
	"endColumn": 1
},{
	"resource": "/c:/Users/basil/Desktop/material-kai-vision-platform/src/types/guards.ts",
	"owner": "eslint",
	"code": "comma-dangle",
	"severity": 4,
	"message": "Missing trailing comma",
	"source": "eslint",
	"startLineNumber": 148,
	"startColumn": 23,
	"endLineNumber": 148,
	"endColumn": 23
},{
	"resource": "/c:/Users/basil/Desktop/material-kai-vision-platform/src/types/guards.ts",
	"owner": "eslint",
	"code": "comma-dangle",
	"severity": 4,
	"message": "Missing trailing comma",
	"source": "eslint",
	"startLineNumber": 166,
	"startColumn": 18,
	"endLineNumber": 166,
	"endColumn": 18
},{
	"resource": "/c:/Users/basil/Desktop/material-kai-vision-platform/src/types/guards.ts",
	"owner": "eslint",
	"code": "@typescript-eslint/no-explicit-any",
	"severity": 4,
	"message": "Unexpected any. Specify a different type",
	"source": "eslint",
	"startLineNumber": 174,
	"startColumn": 39,
	"endLineNumber": 174,
	"endColumn": 39
},{
	"resource": "/c:/Users/basil/Desktop/material-kai-vision-platform/src/types/guards.ts",
	"owner": "eslint",
	"code": "comma-dangle",
	"severity": 4,
	"message": "Missing trailing comma",
	"source": "eslint",
	"startLineNumber": 190,
	"startColumn": 20,
	"endLineNumber": 190,
	"endColumn": 20
},{
	"resource": "/c:/Users/basil/Desktop/material-kai-vision-platform/src/types/guards.ts",
	"owner": "eslint",
	"code": "comma-dangle",
	"severity": 4,
	"message": "Missing trailing comma",
	"source": "eslint",
	"startLineNumber": 209,
	"startColumn": 23,
	"endLineNumber": 209,
	"endColumn": 23
},{
	"resource": "/c:/Users/basil/Desktop/material-kai-vision-platform/src/types/guards.ts",
	"owner": "eslint",
	"code": "eol-last",
	"severity": 4,
	"message": "Newline required at end of file but not found",
	"source": "eslint",
	"startLineNumber": 215,
	"startColumn": 2,
	"endLineNumber": 215,
	"endColumn": 2
},{
	"resource": "/c:/Users/basil/Desktop/material-kai-vision-platform/src/types/image-validation.ts",
	"owner": "eslint",
	"code": "quotes",
	"severity": 4,
	"message": "Strings must use singlequote",
	"source": "eslint",
	"startLineNumber": 12,
	"startColumn": 37,
	"endLineNumber": 12,
	"endColumn": 37
},{
	"resource": "/c:/Users/basil/Desktop/material-kai-vision-platform/src/types/image-validation.ts",
	"owner": "eslint",
	"code": "quotes",
	"severity": 4,
	"message": "Strings must use singlequote",
	"source": "eslint",
	"startLineNumber": 12,
	"startColumn": 49,
	"endLineNumber": 12,
	"endColumn": 49
},{
	"resource": "/c:/Users/basil/Desktop/material-kai-vision-platform/src/types/image-validation.ts",
	"owner": "eslint",
	"code": "quotes",
	"severity": 4,
	"message": "Strings must use singlequote",
	"source": "eslint",
	"startLineNumber": 12,
	"startColumn": 59,
	"endLineNumber": 12,
	"endColumn": 59
},{
	"resource": "/c:/Users/basil/Desktop/material-kai-vision-platform/src/types/image-validation.ts",
	"owner": "eslint",
	"code": "quotes",
	"severity": 4,
	"message": "Strings must use singlequote",
	"source": "eslint",
	"startLineNumber": 12,
	"startColumn": 71,
	"endLineNumber": 12,
	"endColumn": 71
},{
	"resource": "/c:/Users/basil/Desktop/material-kai-vision-platform/src/types/image-validation.ts",
	"owner": "eslint",
	"code": "quotes",
	"severity": 4,
	"message": "Strings must use singlequote",
	"source": "eslint",
	"startLineNumber": 30,
	"startColumn": 13,
	"endLineNumber": 30,
	"endColumn": 13
},{
	"resource": "/c:/Users/basil/Desktop/material-kai-vision-platform/src/types/image-validation.ts",
	"owner": "eslint",
	"code": "quotes",
	"severity": 4,
	"message": "Strings must use singlequote",
	"source": "eslint",
	"startLineNumber": 30,
	"startColumn": 21,
	"endLineNumber": 30,
	"endColumn": 21
},{
	"resource": "/c:/Users/basil/Desktop/material-kai-vision-platform/src/types/image-validation.ts",
	"owner": "eslint",
	"code": "quotes",
	"severity": 4,
	"message": "Strings must use singlequote",
	"source": "eslint",
	"startLineNumber": 30,
	"startColumn": 32,
	"endLineNumber": 30,
	"endColumn": 32
},{
	"resource": "/c:/Users/basil/Desktop/material-kai-vision-platform/src/types/image-validation.ts",
	"owner": "eslint",
	"code": "quotes",
	"severity": 4,
	"message": "Strings must use singlequote",
	"source": "eslint",
	"startLineNumber": 41,
	"startColumn": 13,
	"endLineNumber": 41,
	"endColumn": 13
},{
	"resource": "/c:/Users/basil/Desktop/material-kai-vision-platform/src/types/image-validation.ts",
	"owner": "eslint",
	"code": "quotes",
	"severity": 4,
	"message": "Strings must use singlequote",
	"source": "eslint",
	"startLineNumber": 41,
	"startColumn": 21,
	"endLineNumber": 41,
	"endColumn": 21
},{
	"resource": "/c:/Users/basil/Desktop/material-kai-vision-platform/src/types/image-validation.ts",
	"owner": "eslint",
	"code": "quotes",
	"severity": 4,
	"message": "Strings must use singlequote",
	"source": "eslint",
	"startLineNumber": 41,
	"startColumn": 32,
	"endLineNumber": 41,
	"endColumn": 32
},{
	"resource": "/c:/Users/basil/Desktop/material-kai-vision-platform/src/types/materials.ts",
	"owner": "eslint",
	"code": "comma-dangle",
	"severity": 4,
	"message": "Missing trailing comma",
	"source": "eslint",
	"startLineNumber": 119,
	"startColumn": 95,
	"endLineNumber": 119,
	"endColumn": 95
},{
	"resource": "/c:/Users/basil/Desktop/material-kai-vision-platform/src/types/materials.ts",
	"owner": "eslint",
	"code": "comma-dangle",
	"severity": 4,
	"message": "Missing trailing comma",
	"source": "eslint",
	"startLineNumber": 126,
	"startColumn": 105,
	"endLineNumber": 126,
	"endColumn": 105
},{
	"resource": "/c:/Users/basil/Desktop/material-kai-vision-platform/src/types/materials.ts",
	"owner": "eslint",
	"code": "comma-dangle",
	"severity": 4,
	"message": "Missing trailing comma",
	"source": "eslint",
	"startLineNumber": 133,
	"startColumn": 92,
	"endLineNumber": 133,
	"endColumn": 92
},{
	"resource": "/c:/Users/basil/Desktop/material-kai-vision-platform/src/types/materials.ts",
	"owner": "eslint",
	"code": "comma-dangle",
	"severity": 4,
	"message": "Missing trailing comma",
	"source": "eslint",
	"startLineNumber": 140,
	"startColumn": 90,
	"endLineNumber": 140,
	"endColumn": 90
},{
	"resource": "/c:/Users/basil/Desktop/material-kai-vision-platform/src/types/materials.ts",
	"owner": "eslint",
	"code": "comma-dangle",
	"severity": 4,
	"message": "Missing trailing comma",
	"source": "eslint",
	"startLineNumber": 147,
	"startColumn": 96,
	"endLineNumber": 147,
	"endColumn": 96
},{
	"resource": "/c:/Users/basil/Desktop/material-kai-vision-platform/src/types/materials.ts",
	"owner": "eslint",
	"code": "comma-dangle",
	"severity": 4,
	"message": "Missing trailing comma",
	"source": "eslint",
	"startLineNumber": 154,
	"startColumn": 97,
	"endLineNumber": 154,
	"endColumn": 97
},{
	"resource": "/c:/Users/basil/Desktop/material-kai-vision-platform/src/types/materials.ts",
	"owner": "eslint",
	"code": "comma-dangle",
	"severity": 4,
	"message": "Missing trailing comma",
	"source": "eslint",
	"startLineNumber": 161,
	"startColumn": 99,
	"endLineNumber": 161,
	"endColumn": 99
},{
	"resource": "/c:/Users/basil/Desktop/material-kai-vision-platform/src/types/materials.ts",
	"owner": "eslint",
	"code": "comma-dangle",
	"severity": 4,
	"message": "Missing trailing comma",
	"source": "eslint",
	"startLineNumber": 168,
	"startColumn": 94,
	"endLineNumber": 168,
	"endColumn": 94
},{
	"resource": "/c:/Users/basil/Desktop/material-kai-vision-platform/src/types/materials.ts",
	"owner": "eslint",
	"code": "comma-dangle",
	"severity": 4,
	"message": "Missing trailing comma",
	"source": "eslint",
	"startLineNumber": 169,
	"startColumn": 4,
	"endLineNumber": 169,
	"endColumn": 4
},{
	"resource": "/c:/Users/basil/Desktop/material-kai-vision-platform/src/types/materials.ts",
	"owner": "eslint",
	"code": "comma-dangle",
	"severity": 4,
	"message": "Missing trailing comma",
	"source": "eslint",
	"startLineNumber": 179,
	"startColumn": 35,
	"endLineNumber": 179,
	"endColumn": 35
},{
	"resource": "/c:/Users/basil/Desktop/material-kai-vision-platform/src/types/materials.ts",
	"owner": "eslint",
	"code": "@typescript-eslint/no-explicit-any",
	"severity": 4,
	"message": "Unexpected any. Specify a different type",
	"source": "eslint",
	"startLineNumber": 211,
	"startColumn": 46,
	"endLineNumber": 211,
	"endColumn": 46
},{
	"resource": "/c:/Users/basil/Desktop/material-kai-vision-platform/src/types/materials.ts",
	"owner": "eslint",
	"code": "@typescript-eslint/no-explicit-any",
	"severity": 4,
	"message": "Unexpected any. Specify a different type",
	"source": "eslint",
	"startLineNumber": 217,
	"startColumn": 44,
	"endLineNumber": 217,
	"endColumn": 44
},{
	"resource": "/c:/Users/basil/Desktop/material-kai-vision-platform/src/types/materials.ts",
	"owner": "eslint",
	"code": "@typescript-eslint/no-explicit-any",
	"severity": 4,
	"message": "Unexpected any. Specify a different type",
	"source": "eslint",
	"startLineNumber": 223,
	"startColumn": 47,
	"endLineNumber": 223,
	"endColumn": 47
},{
	"resource": "/c:/Users/basil/Desktop/material-kai-vision-platform/src/types/materials.ts",
	"owner": "eslint",
	"code": "@typescript-eslint/no-explicit-any",
	"severity": 4,
	"message": "Unexpected any. Specify a different type",
	"source": "eslint",
	"startLineNumber": 229,
	"startColumn": 43,
	"endLineNumber": 229,
	"endColumn": 43
},{
	"resource": "/c:/Users/basil/Desktop/material-kai-vision-platform/src/types/materials.ts",
	"owner": "eslint",
	"code": "no-trailing-spaces",
	"severity": 4,
	"message": "Trailing spaces not allowed",
	"source": "eslint",
	"startLineNumber": 433,
	"startColumn": 59,
	"endLineNumber": 433,
	"endColumn": 59
},{
	"resource": "/c:/Users/basil/Desktop/material-kai-vision-platform/src/types/modules.d.ts",
	"owner": "eslint",
	"code": "@typescript-eslint/no-explicit-any",
	"severity": 4,
	"message": "Unexpected any. Specify a different type",
	"source": "eslint",
	"startLineNumber": 13,
	"startColumn": 30,
	"endLineNumber": 13,
	"endColumn": 30
},{
	"resource": "/c:/Users/basil/Desktop/material-kai-vision-platform/src/types/modules.d.ts",
	"owner": "eslint",
	"code": "@typescript-eslint/no-explicit-any",
	"severity": 4,
	"message": "Unexpected any. Specify a different type",
	"source": "eslint",
	"startLineNumber": 14,
	"startColumn": 32,
	"endLineNumber": 14,
	"endColumn": 32
},{
	"resource": "/c:/Users/basil/Desktop/material-kai-vision-platform/src/types/modules.d.ts",
	"owner": "eslint",
	"code": "@typescript-eslint/no-explicit-any",
	"severity": 4,
	"message": "Unexpected any. Specify a different type",
	"source": "eslint",
	"startLineNumber": 15,
	"startColumn": 27,
	"endLineNumber": 15,
	"endColumn": 27
},{
	"resource": "/c:/Users/basil/Desktop/material-kai-vision-platform/src/types/modules.d.ts",
	"owner": "eslint",
	"code": "@typescript-eslint/no-explicit-any",
	"severity": 4,
	"message": "Unexpected any. Specify a different type",
	"source": "eslint",
	"startLineNumber": 16,
	"startColumn": 32,
	"endLineNumber": 16,
	"endColumn": 32
},{
	"resource": "/c:/Users/basil/Desktop/material-kai-vision-platform/src/types/modules.d.ts",
	"owner": "eslint",
	"code": "@typescript-eslint/no-explicit-any",
	"severity": 4,
	"message": "Unexpected any. Specify a different type",
	"source": "eslint",
	"startLineNumber": 17,
	"startColumn": 30,
	"endLineNumber": 17,
	"endColumn": 30
},{
	"resource": "/c:/Users/basil/Desktop/material-kai-vision-platform/src/types/modules.d.ts",
	"owner": "eslint",
	"code": "@typescript-eslint/no-explicit-any",
	"severity": 4,
	"message": "Unexpected any. Specify a different type",
	"source": "eslint",
	"startLineNumber": 18,
	"startColumn": 32,
	"endLineNumber": 18,
	"endColumn": 32
},{
	"resource": "/c:/Users/basil/Desktop/material-kai-vision-platform/src/types/modules.d.ts",
	"owner": "eslint",
	"code": "@typescript-eslint/no-explicit-any",
	"severity": 4,
	"message": "Unexpected any. Specify a different type",
	"source": "eslint",
	"startLineNumber": 19,
	"startColumn": 33,
	"endLineNumber": 19,
	"endColumn": 33
},{
	"resource": "/c:/Users/basil/Desktop/material-kai-vision-platform/src/types/modules.d.ts",
	"owner": "eslint",
	"code": "@typescript-eslint/no-explicit-any",
	"severity": 4,
	"message": "Unexpected any. Specify a different type",
	"source": "eslint",
	"startLineNumber": 20,
	"startColumn": 32,
	"endLineNumber": 20,
	"endColumn": 32
},{
	"resource": "/c:/Users/basil/Desktop/material-kai-vision-platform/src/types/modules.d.ts",
	"owner": "eslint",
	"code": "@typescript-eslint/no-explicit-any",
	"severity": 4,
	"message": "Unexpected any. Specify a different type",
	"source": "eslint",
	"startLineNumber": 21,
	"startColumn": 30,
	"endLineNumber": 21,
	"endColumn": 30
},{
	"resource": "/c:/Users/basil/Desktop/material-kai-vision-platform/src/types/modules.d.ts",
	"owner": "eslint",
	"code": "@typescript-eslint/no-explicit-any",
	"severity": 4,
	"message": "Unexpected any. Specify a different type",
	"source": "eslint",
	"startLineNumber": 22,
	"startColumn": 36,
	"endLineNumber": 22,
	"endColumn": 36
},{
	"resource": "/c:/Users/basil/Desktop/material-kai-vision-platform/src/types/modules.d.ts",
	"owner": "eslint",
	"code": "@typescript-eslint/no-explicit-any",
	"severity": 4,
	"message": "Unexpected any. Specify a different type",
	"source": "eslint",
	"startLineNumber": 23,
	"startColumn": 38,
	"endLineNumber": 23,
	"endColumn": 38
},{
	"resource": "/c:/Users/basil/Desktop/material-kai-vision-platform/src/types/modules.d.ts",
	"owner": "eslint",
	"code": "@typescript-eslint/no-explicit-any",
	"severity": 4,
	"message": "Unexpected any. Specify a different type",
	"source": "eslint",
	"startLineNumber": 24,
	"startColumn": 39,
	"endLineNumber": 24,
	"endColumn": 39
},{
	"resource": "/c:/Users/basil/Desktop/material-kai-vision-platform/src/types/modules.d.ts",
	"owner": "eslint",
	"code": "@typescript-eslint/no-explicit-any",
	"severity": 4,
	"message": "Unexpected any. Specify a different type",
	"source": "eslint",
	"startLineNumber": 25,
	"startColumn": 41,
	"endLineNumber": 25,
	"endColumn": 41
},{
	"resource": "/c:/Users/basil/Desktop/material-kai-vision-platform/src/types/modules.d.ts",
	"owner": "eslint",
	"code": "@typescript-eslint/no-explicit-any",
	"severity": 4,
	"message": "Unexpected any. Specify a different type",
	"source": "eslint",
	"startLineNumber": 26,
	"startColumn": 40,
	"endLineNumber": 26,
	"endColumn": 40
},{
	"resource": "/c:/Users/basil/Desktop/material-kai-vision-platform/src/types/modules.d.ts",
	"owner": "eslint",
	"code": "@typescript-eslint/no-explicit-any",
	"severity": 4,
	"message": "Unexpected any. Specify a different type",
	"source": "eslint",
	"startLineNumber": 30,
	"startColumn": 31,
	"endLineNumber": 30,
	"endColumn": 31
},{
	"resource": "/c:/Users/basil/Desktop/material-kai-vision-platform/src/types/modules.d.ts",
	"owner": "eslint",
	"code": "@typescript-eslint/no-explicit-any",
	"severity": 4,
	"message": "Unexpected any. Specify a different type",
	"source": "eslint",
	"startLineNumber": 31,
	"startColumn": 29,
	"endLineNumber": 31,
	"endColumn": 29
},{
	"resource": "/c:/Users/basil/Desktop/material-kai-vision-platform/src/types/modules.d.ts",
	"owner": "eslint",
	"code": "@typescript-eslint/no-explicit-any",
	"severity": 4,
	"message": "Unexpected any. Specify a different type",
	"source": "eslint",
	"startLineNumber": 32,
	"startColumn": 31,
	"endLineNumber": 32,
	"endColumn": 31
},{
	"resource": "/c:/Users/basil/Desktop/material-kai-vision-platform/src/types/modules.d.ts",
	"owner": "eslint",
	"code": "@typescript-eslint/no-explicit-any",
	"severity": 4,
	"message": "Unexpected any. Specify a different type",
	"source": "eslint",
	"startLineNumber": 33,
	"startColumn": 32,
	"endLineNumber": 33,
	"endColumn": 32
},{
	"resource": "/c:/Users/basil/Desktop/material-kai-vision-platform/src/types/modules.d.ts",
	"owner": "eslint",
	"code": "@typescript-eslint/no-explicit-any",
	"severity": 4,
	"message": "Unexpected any. Specify a different type",
	"source": "eslint",
	"startLineNumber": 34,
	"startColumn": 38,
	"endLineNumber": 34,
	"endColumn": 38
},{
	"resource": "/c:/Users/basil/Desktop/material-kai-vision-platform/src/types/modules.d.ts",
	"owner": "eslint",
	"code": "@typescript-eslint/no-explicit-any",
	"severity": 4,
	"message": "Unexpected any. Specify a different type",
	"source": "eslint",
	"startLineNumber": 35,
	"startColumn": 35,
	"endLineNumber": 35,
	"endColumn": 35
},{
	"resource": "/c:/Users/basil/Desktop/material-kai-vision-platform/src/types/modules.d.ts",
	"owner": "eslint",
	"code": "@typescript-eslint/no-explicit-any",
	"severity": 4,
	"message": "Unexpected any. Specify a different type",
	"source": "eslint",
	"startLineNumber": 36,
	"startColumn": 22,
	"endLineNumber": 36,
	"endColumn": 22
},{
	"resource": "/c:/Users/basil/Desktop/material-kai-vision-platform/src/types/modules.d.ts",
	"owner": "eslint",
	"code": "@typescript-eslint/no-explicit-any",
	"severity": 4,
	"message": "Unexpected any. Specify a different type",
	"source": "eslint",
	"startLineNumber": 37,
	"startColumn": 23,
	"endLineNumber": 37,
	"endColumn": 23
},{
	"resource": "/c:/Users/basil/Desktop/material-kai-vision-platform/src/types/modules.d.ts",
	"owner": "eslint",
	"code": "@typescript-eslint/no-explicit-any",
	"severity": 4,
	"message": "Unexpected any. Specify a different type",
	"source": "eslint",
	"startLineNumber": 38,
	"startColumn": 23,
	"endLineNumber": 38,
	"endColumn": 23
},{
	"resource": "/c:/Users/basil/Desktop/material-kai-vision-platform/src/types/modules.d.ts",
	"owner": "eslint",
	"code": "@typescript-eslint/no-explicit-any",
	"severity": 4,
	"message": "Unexpected any. Specify a different type",
	"source": "eslint",
	"startLineNumber": 39,
	"startColumn": 35,
	"endLineNumber": 39,
	"endColumn": 35
},{
	"resource": "/c:/Users/basil/Desktop/material-kai-vision-platform/src/types/modules.d.ts",
	"owner": "eslint",
	"code": "@typescript-eslint/no-explicit-any",
	"severity": 4,
	"message": "Unexpected any. Specify a different type",
	"source": "eslint",
	"startLineNumber": 40,
	"startColumn": 36,
	"endLineNumber": 40,
	"endColumn": 36
},{
	"resource": "/c:/Users/basil/Desktop/material-kai-vision-platform/src/types/modules.d.ts",
	"owner": "eslint",
	"code": "@typescript-eslint/no-explicit-any",
	"severity": 4,
	"message": "Unexpected any. Specify a different type",
	"source": "eslint",
	"startLineNumber": 41,
	"startColumn": 31,
	"endLineNumber": 41,
	"endColumn": 31
},{
	"resource": "/c:/Users/basil/Desktop/material-kai-vision-platform/src/types/modules.d.ts",
	"owner": "eslint",
	"code": "@typescript-eslint/no-explicit-any",
	"severity": 4,
	"message": "Unexpected any. Specify a different type",
	"source": "eslint",
	"startLineNumber": 42,
	"startColumn": 30,
	"endLineNumber": 42,
	"endColumn": 30
},{
	"resource": "/c:/Users/basil/Desktop/material-kai-vision-platform/src/types/modules.d.ts",
	"owner": "eslint",
	"code": "@typescript-eslint/no-explicit-any",
	"severity": 4,
	"message": "Unexpected any. Specify a different type",
	"source": "eslint",
	"startLineNumber": 43,
	"startColumn": 34,
	"endLineNumber": 43,
	"endColumn": 34
},{
	"resource": "/c:/Users/basil/Desktop/material-kai-vision-platform/src/types/modules.d.ts",
	"owner": "eslint",
	"code": "@typescript-eslint/no-explicit-any",
	"severity": 4,
	"message": "Unexpected any. Specify a different type",
	"source": "eslint",
	"startLineNumber": 44,
	"startColumn": 28,
	"endLineNumber": 44,
	"endColumn": 28
},{
	"resource": "/c:/Users/basil/Desktop/material-kai-vision-platform/src/types/modules.d.ts",
	"owner": "eslint",
	"code": "@typescript-eslint/no-explicit-any",
	"severity": 4,
	"message": "Unexpected any. Specify a different type",
	"source": "eslint",
	"startLineNumber": 45,
	"startColumn": 27,
	"endLineNumber": 45,
	"endColumn": 27
},{
	"resource": "/c:/Users/basil/Desktop/material-kai-vision-platform/src/types/modules.d.ts",
	"owner": "eslint",
	"code": "@typescript-eslint/no-explicit-any",
	"severity": 4,
	"message": "Unexpected any. Specify a different type",
	"source": "eslint",
	"startLineNumber": 46,
	"startColumn": 33,
	"endLineNumber": 46,
	"endColumn": 33
},{
	"resource": "/c:/Users/basil/Desktop/material-kai-vision-platform/src/types/modules.d.ts",
	"owner": "eslint",
	"code": "@typescript-eslint/no-explicit-any",
	"severity": 4,
	"message": "Unexpected any. Specify a different type",
	"source": "eslint",
	"startLineNumber": 47,
	"startColumn": 25,
	"endLineNumber": 47,
	"endColumn": 25
},{
	"resource": "/c:/Users/basil/Desktop/material-kai-vision-platform/src/types/modules.d.ts",
	"owner": "eslint",
	"code": "@typescript-eslint/no-explicit-any",
	"severity": 4,
	"message": "Unexpected any. Specify a different type",
	"source": "eslint",
	"startLineNumber": 48,
	"startColumn": 25,
	"endLineNumber": 48,
	"endColumn": 25
},{
	"resource": "/c:/Users/basil/Desktop/material-kai-vision-platform/src/types/modules.d.ts",
	"owner": "eslint",
	"code": "@typescript-eslint/no-explicit-any",
	"severity": 4,
	"message": "Unexpected any. Specify a different type",
	"source": "eslint",
	"startLineNumber": 49,
	"startColumn": 23,
	"endLineNumber": 49,
	"endColumn": 23
},{
	"resource": "/c:/Users/basil/Desktop/material-kai-vision-platform/src/types/modules.d.ts",
	"owner": "eslint",
	"code": "@typescript-eslint/no-explicit-any",
	"severity": 4,
	"message": "Unexpected any. Specify a different type",
	"source": "eslint",
	"startLineNumber": 50,
	"startColumn": 28,
	"endLineNumber": 50,
	"endColumn": 28
},{
	"resource": "/c:/Users/basil/Desktop/material-kai-vision-platform/src/types/modules.d.ts",
	"owner": "eslint",
	"code": "@typescript-eslint/no-explicit-any",
	"severity": 4,
	"message": "Unexpected any. Specify a different type",
	"source": "eslint",
	"startLineNumber": 51,
	"startColumn": 25,
	"endLineNumber": 51,
	"endColumn": 25
},{
	"resource": "/c:/Users/basil/Desktop/material-kai-vision-platform/src/types/modules.d.ts",
	"owner": "eslint",
	"code": "@typescript-eslint/no-explicit-any",
	"severity": 4,
	"message": "Unexpected any. Specify a different type",
	"source": "eslint",
	"startLineNumber": 52,
	"startColumn": 23,
	"endLineNumber": 52,
	"endColumn": 23
},{
	"resource": "/c:/Users/basil/Desktop/material-kai-vision-platform/src/types/modules.d.ts",
	"owner": "eslint",
	"code": "@typescript-eslint/no-explicit-any",
	"severity": 4,
	"message": "Unexpected any. Specify a different type",
	"source": "eslint",
	"startLineNumber": 53,
	"startColumn": 21,
	"endLineNumber": 53,
	"endColumn": 21
},{
	"resource": "/c:/Users/basil/Desktop/material-kai-vision-platform/src/types/modules.d.ts",
	"owner": "eslint",
	"code": "@typescript-eslint/no-explicit-any",
	"severity": 4,
	"message": "Unexpected any. Specify a different type",
	"source": "eslint",
	"startLineNumber": 54,
	"startColumn": 25,
	"endLineNumber": 54,
	"endColumn": 25
},{
	"resource": "/c:/Users/basil/Desktop/material-kai-vision-platform/src/types/modules.d.ts",
	"owner": "eslint",
	"code": "@typescript-eslint/no-explicit-any",
	"severity": 4,
	"message": "Unexpected any. Specify a different type",
	"source": "eslint",
	"startLineNumber": 55,
	"startColumn": 25,
	"endLineNumber": 55,
	"endColumn": 25
},{
	"resource": "/c:/Users/basil/Desktop/material-kai-vision-platform/src/types/modules.d.ts",
	"owner": "eslint",
	"code": "@typescript-eslint/no-explicit-any",
	"severity": 4,
	"message": "Unexpected any. Specify a different type",
	"source": "eslint",
	"startLineNumber": 56,
	"startColumn": 30,
	"endLineNumber": 56,
	"endColumn": 30
},{
	"resource": "/c:/Users/basil/Desktop/material-kai-vision-platform/src/types/modules.d.ts",
	"owner": "eslint",
	"code": "@typescript-eslint/no-explicit-any",
	"severity": 4,
	"message": "Unexpected any. Specify a different type",
	"source": "eslint",
	"startLineNumber": 57,
	"startColumn": 29,
	"endLineNumber": 57,
	"endColumn": 29
},{
	"resource": "/c:/Users/basil/Desktop/material-kai-vision-platform/src/types/modules.d.ts",
	"owner": "eslint",
	"code": "@typescript-eslint/no-explicit-any",
	"severity": 4,
	"message": "Unexpected any. Specify a different type",
	"source": "eslint",
	"startLineNumber": 58,
	"startColumn": 29,
	"endLineNumber": 58,
	"endColumn": 29
},{
	"resource": "/c:/Users/basil/Desktop/material-kai-vision-platform/src/types/modules.d.ts",
	"owner": "eslint",
	"code": "@typescript-eslint/no-explicit-any",
	"severity": 4,
	"message": "Unexpected any. Specify a different type",
	"source": "eslint",
	"startLineNumber": 59,
	"startColumn": 31,
	"endLineNumber": 59,
	"endColumn": 31
},{
	"resource": "/c:/Users/basil/Desktop/material-kai-vision-platform/src/types/modules.d.ts",
	"owner": "eslint",
	"code": "@typescript-eslint/no-explicit-any",
	"severity": 4,
	"message": "Unexpected any. Specify a different type",
	"source": "eslint",
	"startLineNumber": 60,
	"startColumn": 23,
	"endLineNumber": 60,
	"endColumn": 23
},{
	"resource": "/c:/Users/basil/Desktop/material-kai-vision-platform/src/types/modules.d.ts",
	"owner": "eslint",
	"code": "@typescript-eslint/no-explicit-any",
	"severity": 4,
	"message": "Unexpected any. Specify a different type",
	"source": "eslint",
	"startLineNumber": 61,
	"startColumn": 32,
	"endLineNumber": 61,
	"endColumn": 32
},{
	"resource": "/c:/Users/basil/Desktop/material-kai-vision-platform/src/types/modules.d.ts",
	"owner": "eslint",
	"code": "@typescript-eslint/no-explicit-any",
	"severity": 4,
	"message": "Unexpected any. Specify a different type",
	"source": "eslint",
	"startLineNumber": 62,
	"startColumn": 31,
	"endLineNumber": 62,
	"endColumn": 31
},{
	"resource": "/c:/Users/basil/Desktop/material-kai-vision-platform/src/types/modules.d.ts",
	"owner": "eslint",
	"code": "@typescript-eslint/no-explicit-any",
	"severity": 4,
	"message": "Unexpected any. Specify a different type",
	"source": "eslint",
	"startLineNumber": 63,
	"startColumn": 31,
	"endLineNumber": 63,
	"endColumn": 31
},{
	"resource": "/c:/Users/basil/Desktop/material-kai-vision-platform/src/types/modules.d.ts",
	"owner": "eslint",
	"code": "@typescript-eslint/no-explicit-any",
	"severity": 4,
	"message": "Unexpected any. Specify a different type",
	"source": "eslint",
	"startLineNumber": 64,
	"startColumn": 32,
	"endLineNumber": 64,
	"endColumn": 32
},{
	"resource": "/c:/Users/basil/Desktop/material-kai-vision-platform/src/types/modules.d.ts",
	"owner": "eslint",
	"code": "@typescript-eslint/no-explicit-any",
	"severity": 4,
	"message": "Unexpected any. Specify a different type",
	"source": "eslint",
	"startLineNumber": 65,
	"startColumn": 33,
	"endLineNumber": 65,
	"endColumn": 33
},{
	"resource": "/c:/Users/basil/Desktop/material-kai-vision-platform/src/types/modules.d.ts",
	"owner": "eslint",
	"code": "@typescript-eslint/no-explicit-any",
	"severity": 4,
	"message": "Unexpected any. Specify a different type",
	"source": "eslint",
	"startLineNumber": 66,
	"startColumn": 40,
	"endLineNumber": 66,
	"endColumn": 40
},{
	"resource": "/c:/Users/basil/Desktop/material-kai-vision-platform/src/types/modules.d.ts",
	"owner": "eslint",
	"code": "@typescript-eslint/no-explicit-any",
	"severity": 4,
	"message": "Unexpected any. Specify a different type",
	"source": "eslint",
	"startLineNumber": 67,
	"startColumn": 39,
	"endLineNumber": 67,
	"endColumn": 39
},{
	"resource": "/c:/Users/basil/Desktop/material-kai-vision-platform/src/types/modules.d.ts",
	"owner": "eslint",
	"code": "@typescript-eslint/no-explicit-any",
	"severity": 4,
	"message": "Unexpected any. Specify a different type",
	"source": "eslint",
	"startLineNumber": 68,
	"startColumn": 39,
	"endLineNumber": 68,
	"endColumn": 39
},{
	"resource": "/c:/Users/basil/Desktop/material-kai-vision-platform/src/types/modules.d.ts",
	"owner": "eslint",
	"code": "@typescript-eslint/no-unused-vars",
	"severity": 4,
	"message": "'ReactNode' is defined but never used. Allowed unused vars must match /^_/u",
	"source": "eslint",
	"startLineNumber": 72,
	"startColumn": 27,
	"endLineNumber": 72,
	"endColumn": 27
},{
	"resource": "/c:/Users/basil/Desktop/material-kai-vision-platform/src/types/modules.d.ts",
	"owner": "eslint",
	"code": "@typescript-eslint/no-explicit-any",
	"severity": 4,
	"message": "Unexpected any. Specify a different type",
	"source": "eslint",
	"startLineNumber": 73,
	"startColumn": 38,
	"endLineNumber": 73,
	"endColumn": 38
},{
	"resource": "/c:/Users/basil/Desktop/material-kai-vision-platform/src/types/modules.d.ts",
	"owner": "eslint",
	"code": "@typescript-eslint/no-explicit-any",
	"severity": 4,
	"message": "Unexpected any. Specify a different type",
	"source": "eslint",
	"startLineNumber": 74,
	"startColumn": 27,
	"endLineNumber": 74,
	"endColumn": 27
},{
	"resource": "/c:/Users/basil/Desktop/material-kai-vision-platform/src/types/modules.d.ts",
	"owner": "eslint",
	"code": "@typescript-eslint/no-explicit-any",
	"severity": 4,
	"message": "Unexpected any. Specify a different type",
	"source": "eslint",
	"startLineNumber": 75,
	"startColumn": 26,
	"endLineNumber": 75,
	"endColumn": 26
},{
	"resource": "/c:/Users/basil/Desktop/material-kai-vision-platform/src/types/modules.d.ts",
	"owner": "eslint",
	"code": "@typescript-eslint/no-explicit-any",
	"severity": 4,
	"message": "Unexpected any. Specify a different type",
	"source": "eslint",
	"startLineNumber": 76,
	"startColumn": 26,
	"endLineNumber": 76,
	"endColumn": 26
},{
	"resource": "/c:/Users/basil/Desktop/material-kai-vision-platform/src/types/modules.d.ts",
	"owner": "eslint",
	"code": "@typescript-eslint/no-explicit-any",
	"severity": 4,
	"message": "Unexpected any. Specify a different type",
	"source": "eslint",
	"startLineNumber": 77,
	"startColumn": 24,
	"endLineNumber": 77,
	"endColumn": 24
},{
	"resource": "/c:/Users/basil/Desktop/material-kai-vision-platform/src/types/modules.d.ts",
	"owner": "eslint",
	"code": "@typescript-eslint/no-explicit-any",
	"severity": 4,
	"message": "Unexpected any. Specify a different type",
	"source": "eslint",
	"startLineNumber": 78,
	"startColumn": 28,
	"endLineNumber": 78,
	"endColumn": 28
},{
	"resource": "/c:/Users/basil/Desktop/material-kai-vision-platform/src/types/modules.d.ts",
	"owner": "eslint",
	"code": "@typescript-eslint/no-explicit-any",
	"severity": 4,
	"message": "Unexpected any. Specify a different type",
	"source": "eslint",
	"startLineNumber": 79,
	"startColumn": 24,
	"endLineNumber": 79,
	"endColumn": 24
},{
	"resource": "/c:/Users/basil/Desktop/material-kai-vision-platform/src/types/modules.d.ts",
	"owner": "eslint",
	"code": "@typescript-eslint/no-explicit-any",
	"severity": 4,
	"message": "Unexpected any. Specify a different type",
	"source": "eslint",
	"startLineNumber": 80,
	"startColumn": 28,
	"endLineNumber": 80,
	"endColumn": 28
},{
	"resource": "/c:/Users/basil/Desktop/material-kai-vision-platform/src/types/modules.d.ts",
	"owner": "eslint",
	"code": "@typescript-eslint/no-explicit-any",
	"severity": 4,
	"message": "Unexpected any. Specify a different type",
	"source": "eslint",
	"startLineNumber": 81,
	"startColumn": 25,
	"endLineNumber": 81,
	"endColumn": 25
},{
	"resource": "/c:/Users/basil/Desktop/material-kai-vision-platform/src/types/modules.d.ts",
	"owner": "eslint",
	"code": "@typescript-eslint/no-explicit-any",
	"severity": 4,
	"message": "Unexpected any. Specify a different type",
	"source": "eslint",
	"startLineNumber": 82,
	"startColumn": 24,
	"endLineNumber": 82,
	"endColumn": 24
},{
	"resource": "/c:/Users/basil/Desktop/material-kai-vision-platform/src/types/modules.d.ts",
	"owner": "eslint",
	"code": "@typescript-eslint/no-explicit-any",
	"severity": 4,
	"message": "Unexpected any. Specify a different type",
	"source": "eslint",
	"startLineNumber": 83,
	"startColumn": 40,
	"endLineNumber": 83,
	"endColumn": 40
},{
	"resource": "/c:/Users/basil/Desktop/material-kai-vision-platform/src/types/modules.d.ts",
	"owner": "eslint",
	"code": "@typescript-eslint/no-explicit-any",
	"severity": 4,
	"message": "Unexpected any. Specify a different type",
	"source": "eslint",
	"startLineNumber": 84,
	"startColumn": 21,
	"endLineNumber": 84,
	"endColumn": 21
},{
	"resource": "/c:/Users/basil/Desktop/material-kai-vision-platform/src/types/modules.d.ts",
	"owner": "eslint",
	"code": "@typescript-eslint/no-explicit-any",
	"severity": 4,
	"message": "Unexpected any. Specify a different type",
	"source": "eslint",
	"startLineNumber": 89,
	"startColumn": 45,
	"endLineNumber": 89,
	"endColumn": 45
},{
	"resource": "/c:/Users/basil/Desktop/material-kai-vision-platform/src/types/modules.d.ts",
	"owner": "eslint",
	"code": "@typescript-eslint/no-explicit-any",
	"severity": 4,
	"message": "Unexpected any. Specify a different type",
	"source": "eslint",
	"startLineNumber": 90,
	"startColumn": 49,
	"endLineNumber": 90,
	"endColumn": 49
},{
	"resource": "/c:/Users/basil/Desktop/material-kai-vision-platform/src/types/modules.d.ts",
	"owner": "eslint",
	"code": "@typescript-eslint/no-explicit-any",
	"severity": 4,
	"message": "Unexpected any. Specify a different type",
	"source": "eslint",
	"startLineNumber": 91,
	"startColumn": 43,
	"endLineNumber": 91,
	"endColumn": 43
},{
	"resource": "/c:/Users/basil/Desktop/material-kai-vision-platform/src/types/modules.d.ts",
	"owner": "eslint",
	"code": "@typescript-eslint/no-explicit-any",
	"severity": 4,
	"message": "Unexpected any. Specify a different type",
	"source": "eslint",
	"startLineNumber": 92,
	"startColumn": 36,
	"endLineNumber": 92,
	"endColumn": 36
},{
	"resource": "/c:/Users/basil/Desktop/material-kai-vision-platform/src/types/modules.d.ts",
	"owner": "eslint",
	"code": "@typescript-eslint/no-explicit-any",
	"severity": 4,
	"message": "Unexpected any. Specify a different type",
	"source": "eslint",
	"startLineNumber": 93,
	"startColumn": 35,
	"endLineNumber": 93,
	"endColumn": 35
},{
	"resource": "/c:/Users/basil/Desktop/material-kai-vision-platform/src/types/modules.d.ts",
	"owner": "eslint",
	"code": "@typescript-eslint/no-explicit-any",
	"severity": 4,
	"message": "Unexpected any. Specify a different type",
	"source": "eslint",
	"startLineNumber": 94,
	"startColumn": 38,
	"endLineNumber": 94,
	"endColumn": 38
},{
	"resource": "/c:/Users/basil/Desktop/material-kai-vision-platform/src/types/modules.d.ts",
	"owner": "eslint",
	"code": "@typescript-eslint/no-explicit-any",
	"severity": 4,
	"message": "Unexpected any. Specify a different type",
	"source": "eslint",
	"startLineNumber": 95,
	"startColumn": 37,
	"endLineNumber": 95,
	"endColumn": 37
},{
	"resource": "/c:/Users/basil/Desktop/material-kai-vision-platform/src/types/modules.d.ts",
	"owner": "eslint",
	"code": "@typescript-eslint/no-explicit-any",
	"severity": 4,
	"message": "Unexpected any. Specify a different type",
	"source": "eslint",
	"startLineNumber": 96,
	"startColumn": 40,
	"endLineNumber": 96,
	"endColumn": 40
},{
	"resource": "/c:/Users/basil/Desktop/material-kai-vision-platform/src/types/modules.d.ts",
	"owner": "eslint",
	"code": "@typescript-eslint/no-explicit-any",
	"severity": 4,
	"message": "Unexpected any. Specify a different type",
	"source": "eslint",
	"startLineNumber": 97,
	"startColumn": 36,
	"endLineNumber": 97,
	"endColumn": 36
},{
	"resource": "/c:/Users/basil/Desktop/material-kai-vision-platform/src/types/modules.d.ts",
	"owner": "eslint",
	"code": "@typescript-eslint/no-explicit-any",
	"severity": 4,
	"message": "Unexpected any. Specify a different type",
	"source": "eslint",
	"startLineNumber": 98,
	"startColumn": 37,
	"endLineNumber": 98,
	"endColumn": 37
},{
	"resource": "/c:/Users/basil/Desktop/material-kai-vision-platform/src/types/modules.d.ts",
	"owner": "eslint",
	"code": "@typescript-eslint/no-explicit-any",
	"severity": 4,
	"message": "Unexpected any. Specify a different type",
	"source": "eslint",
	"startLineNumber": 99,
	"startColumn": 25,
	"endLineNumber": 99,
	"endColumn": 25
},{
	"resource": "/c:/Users/basil/Desktop/material-kai-vision-platform/src/types/modules.d.ts",
	"owner": "eslint",
	"code": "@typescript-eslint/no-explicit-any",
	"severity": 4,
	"message": "Unexpected any. Specify a different type",
	"source": "eslint",
	"startLineNumber": 100,
	"startColumn": 28,
	"endLineNumber": 100,
	"endColumn": 28
},{
	"resource": "/c:/Users/basil/Desktop/material-kai-vision-platform/src/types/modules.d.ts",
	"owner": "eslint",
	"code": "@typescript-eslint/no-explicit-any",
	"severity": 4,
	"message": "Unexpected any. Specify a different type",
	"source": "eslint",
	"startLineNumber": 101,
	"startColumn": 38,
	"endLineNumber": 101,
	"endColumn": 38
},{
	"resource": "/c:/Users/basil/Desktop/material-kai-vision-platform/src/types/modules.d.ts",
	"owner": "eslint",
	"code": "@typescript-eslint/no-explicit-any",
	"severity": 4,
	"message": "Unexpected any. Specify a different type",
	"source": "eslint",
	"startLineNumber": 102,
	"startColumn": 38,
	"endLineNumber": 102,
	"endColumn": 38
},{
	"resource": "/c:/Users/basil/Desktop/material-kai-vision-platform/src/types/modules.d.ts",
	"owner": "eslint",
	"code": "@typescript-eslint/no-explicit-any",
	"severity": 4,
	"message": "Unexpected any. Specify a different type",
	"source": "eslint",
	"startLineNumber": 103,
	"startColumn": 46,
	"endLineNumber": 103,
	"endColumn": 46
},{
	"resource": "/c:/Users/basil/Desktop/material-kai-vision-platform/src/types/modules.d.ts",
	"owner": "eslint",
	"code": "@typescript-eslint/no-explicit-any",
	"severity": 4,
	"message": "Unexpected any. Specify a different type",
	"source": "eslint",
	"startLineNumber": 104,
	"startColumn": 37,
	"endLineNumber": 104,
	"endColumn": 37
},{
	"resource": "/c:/Users/basil/Desktop/material-kai-vision-platform/src/types/modules.d.ts",
	"owner": "eslint",
	"code": "@typescript-eslint/no-explicit-any",
	"severity": 4,
	"message": "Unexpected any. Specify a different type",
	"source": "eslint",
	"startLineNumber": 105,
	"startColumn": 36,
	"endLineNumber": 105,
	"endColumn": 36
},{
	"resource": "/c:/Users/basil/Desktop/material-kai-vision-platform/src/types/modules.d.ts",
	"owner": "eslint",
	"code": "@typescript-eslint/no-explicit-any",
	"severity": 4,
	"message": "Unexpected any. Specify a different type",
	"source": "eslint",
	"startLineNumber": 106,
	"startColumn": 37,
	"endLineNumber": 106,
	"endColumn": 37
},{
	"resource": "/c:/Users/basil/Desktop/material-kai-vision-platform/src/types/modules.d.ts",
	"owner": "eslint",
	"code": "@typescript-eslint/no-explicit-any",
	"severity": 4,
	"message": "Unexpected any. Specify a different type",
	"source": "eslint",
	"startLineNumber": 107,
	"startColumn": 41,
	"endLineNumber": 107,
	"endColumn": 41
},{
	"resource": "/c:/Users/basil/Desktop/material-kai-vision-platform/src/types/modules.d.ts",
	"owner": "eslint",
	"code": "@typescript-eslint/no-explicit-any",
	"severity": 4,
	"message": "Unexpected any. Specify a different type",
	"source": "eslint",
	"startLineNumber": 108,
	"startColumn": 40,
	"endLineNumber": 108,
	"endColumn": 40
},{
	"resource": "/c:/Users/basil/Desktop/material-kai-vision-platform/src/types/modules.d.ts",
	"owner": "eslint",
	"code": "@typescript-eslint/no-explicit-any",
	"severity": 4,
	"message": "Unexpected any. Specify a different type",
	"source": "eslint",
	"startLineNumber": 109,
	"startColumn": 43,
	"endLineNumber": 109,
	"endColumn": 43
},{
	"resource": "/c:/Users/basil/Desktop/material-kai-vision-platform/src/types/modules.d.ts",
	"owner": "eslint",
	"code": "@typescript-eslint/no-explicit-any",
	"severity": 4,
	"message": "Unexpected any. Specify a different type",
	"source": "eslint",
	"startLineNumber": 110,
	"startColumn": 51,
	"endLineNumber": 110,
	"endColumn": 51
},{
	"resource": "/c:/Users/basil/Desktop/material-kai-vision-platform/src/types/modules.d.ts",
	"owner": "eslint",
	"code": "@typescript-eslint/no-explicit-any",
	"severity": 4,
	"message": "Unexpected any. Specify a different type",
	"source": "eslint",
	"startLineNumber": 111,
	"startColumn": 50,
	"endLineNumber": 111,
	"endColumn": 50
},{
	"resource": "/c:/Users/basil/Desktop/material-kai-vision-platform/src/types/modules.d.ts",
	"owner": "eslint",
	"code": "@typescript-eslint/no-explicit-any",
	"severity": 4,
	"message": "Unexpected any. Specify a different type",
	"source": "eslint",
	"startLineNumber": 112,
	"startColumn": 38,
	"endLineNumber": 112,
	"endColumn": 38
},{
	"resource": "/c:/Users/basil/Desktop/material-kai-vision-platform/src/types/modules.d.ts",
	"owner": "eslint",
	"code": "@typescript-eslint/no-explicit-any",
	"severity": 4,
	"message": "Unexpected any. Specify a different type",
	"source": "eslint",
	"startLineNumber": 113,
	"startColumn": 45,
	"endLineNumber": 113,
	"endColumn": 45
},{
	"resource": "/c:/Users/basil/Desktop/material-kai-vision-platform/src/types/modules.d.ts",
	"owner": "eslint",
	"code": "@typescript-eslint/no-explicit-any",
	"severity": 4,
	"message": "Unexpected any. Specify a different type",
	"source": "eslint",
	"startLineNumber": 114,
	"startColumn": 39,
	"endLineNumber": 114,
	"endColumn": 39
},{
	"resource": "/c:/Users/basil/Desktop/material-kai-vision-platform/src/types/modules.d.ts",
	"owner": "eslint",
	"code": "@typescript-eslint/no-explicit-any",
	"severity": 4,
	"message": "Unexpected any. Specify a different type",
	"source": "eslint",
	"startLineNumber": 115,
	"startColumn": 47,
	"endLineNumber": 115,
	"endColumn": 47
},{
	"resource": "/c:/Users/basil/Desktop/material-kai-vision-platform/src/types/modules.d.ts",
	"owner": "eslint",
	"code": "@typescript-eslint/no-explicit-any",
	"severity": 4,
	"message": "Unexpected any. Specify a different type",
	"source": "eslint",
	"startLineNumber": 116,
	"startColumn": 41,
	"endLineNumber": 116,
	"endColumn": 41
},{
	"resource": "/c:/Users/basil/Desktop/material-kai-vision-platform/src/types/modules.d.ts",
	"owner": "eslint",
	"code": "@typescript-eslint/no-explicit-any",
	"severity": 4,
	"message": "Unexpected any. Specify a different type",
	"source": "eslint",
	"startLineNumber": 117,
	"startColumn": 45,
	"endLineNumber": 117,
	"endColumn": 45
},{
	"resource": "/c:/Users/basil/Desktop/material-kai-vision-platform/src/types/modules.d.ts",
	"owner": "eslint",
	"code": "@typescript-eslint/no-explicit-any",
	"severity": 4,
	"message": "Unexpected any. Specify a different type",
	"source": "eslint",
	"startLineNumber": 118,
	"startColumn": 35,
	"endLineNumber": 118,
	"endColumn": 35
},{
	"resource": "/c:/Users/basil/Desktop/material-kai-vision-platform/src/types/modules.d.ts",
	"owner": "eslint",
	"code": "@typescript-eslint/no-explicit-any",
	"severity": 4,
	"message": "Unexpected any. Specify a different type",
	"source": "eslint",
	"startLineNumber": 119,
	"startColumn": 40,
	"endLineNumber": 119,
	"endColumn": 40
},{
	"resource": "/c:/Users/basil/Desktop/material-kai-vision-platform/src/types/modules.d.ts",
	"owner": "eslint",
	"code": "@typescript-eslint/no-explicit-any",
	"severity": 4,
	"message": "Unexpected any. Specify a different type",
	"source": "eslint",
	"startLineNumber": 120,
	"startColumn": 37,
	"endLineNumber": 120,
	"endColumn": 37
},{
	"resource": "/c:/Users/basil/Desktop/material-kai-vision-platform/src/types/modules.d.ts",
	"owner": "eslint",
	"code": "@typescript-eslint/no-explicit-any",
	"severity": 4,
	"message": "Unexpected any. Specify a different type",
	"source": "eslint",
	"startLineNumber": 121,
	"startColumn": 37,
	"endLineNumber": 121,
	"endColumn": 37
},{
	"resource": "/c:/Users/basil/Desktop/material-kai-vision-platform/src/types/modules.d.ts",
	"owner": "eslint",
	"code": "@typescript-eslint/no-explicit-any",
	"severity": 4,
	"message": "Unexpected any. Specify a different type",
	"source": "eslint",
	"startLineNumber": 122,
	"startColumn": 37,
	"endLineNumber": 122,
	"endColumn": 37
},{
	"resource": "/c:/Users/basil/Desktop/material-kai-vision-platform/src/types/modules.d.ts",
	"owner": "eslint",
	"code": "@typescript-eslint/no-explicit-any",
	"severity": 4,
	"message": "Unexpected any. Specify a different type",
	"source": "eslint",
	"startLineNumber": 123,
	"startColumn": 49,
	"endLineNumber": 123,
	"endColumn": 49
},{
	"resource": "/c:/Users/basil/Desktop/material-kai-vision-platform/src/types/modules.d.ts",
	"owner": "eslint",
	"code": "@typescript-eslint/no-explicit-any",
	"severity": 4,
	"message": "Unexpected any. Specify a different type",
	"source": "eslint",
	"startLineNumber": 124,
	"startColumn": 27,
	"endLineNumber": 124,
	"endColumn": 27
},{
	"resource": "/c:/Users/basil/Desktop/material-kai-vision-platform/src/types/modules.d.ts",
	"owner": "eslint",
	"code": "@typescript-eslint/no-explicit-any",
	"severity": 4,
	"message": "Unexpected any. Specify a different type",
	"source": "eslint",
	"startLineNumber": 125,
	"startColumn": 27,
	"endLineNumber": 125,
	"endColumn": 27
},{
	"resource": "/c:/Users/basil/Desktop/material-kai-vision-platform/src/types/modules.d.ts",
	"owner": "eslint",
	"code": "@typescript-eslint/no-explicit-any",
	"severity": 4,
	"message": "Unexpected any. Specify a different type",
	"source": "eslint",
	"startLineNumber": 126,
	"startColumn": 31,
	"endLineNumber": 126,
	"endColumn": 31
},{
	"resource": "/c:/Users/basil/Desktop/material-kai-vision-platform/src/types/modules.d.ts",
	"owner": "eslint",
	"code": "@typescript-eslint/no-explicit-any",
	"severity": 4,
	"message": "Unexpected any. Specify a different type",
	"source": "eslint",
	"startLineNumber": 127,
	"startColumn": 29,
	"endLineNumber": 127,
	"endColumn": 29
},{
	"resource": "/c:/Users/basil/Desktop/material-kai-vision-platform/src/types/modules.d.ts",
	"owner": "eslint",
	"code": "@typescript-eslint/no-explicit-any",
	"severity": 4,
	"message": "Unexpected any. Specify a different type",
	"source": "eslint",
	"startLineNumber": 128,
	"startColumn": 37,
	"endLineNumber": 128,
	"endColumn": 37
},{
	"resource": "/c:/Users/basil/Desktop/material-kai-vision-platform/src/types/modules.d.ts",
	"owner": "eslint",
	"code": "@typescript-eslint/no-explicit-any",
	"severity": 4,
	"message": "Unexpected any. Specify a different type",
	"source": "eslint",
	"startLineNumber": 129,
	"startColumn": 48,
	"endLineNumber": 129,
	"endColumn": 48
},{
	"resource": "/c:/Users/basil/Desktop/material-kai-vision-platform/src/types/modules.d.ts",
	"owner": "eslint",
	"code": "@typescript-eslint/no-explicit-any",
	"severity": 4,
	"message": "Unexpected any. Specify a different type",
	"source": "eslint",
	"startLineNumber": 130,
	"startColumn": 51,
	"endLineNumber": 130,
	"endColumn": 51
},{
	"resource": "/c:/Users/basil/Desktop/material-kai-vision-platform/src/types/modules.d.ts",
	"owner": "eslint",
	"code": "@typescript-eslint/no-explicit-any",
	"severity": 4,
	"message": "Unexpected any. Specify a different type",
	"source": "eslint",
	"startLineNumber": 131,
	"startColumn": 43,
	"endLineNumber": 131,
	"endColumn": 43
},{
	"resource": "/c:/Users/basil/Desktop/material-kai-vision-platform/src/types/modules.d.ts",
	"owner": "eslint",
	"code": "@typescript-eslint/no-explicit-any",
	"severity": 4,
	"message": "Unexpected any. Specify a different type",
	"source": "eslint",
	"startLineNumber": 132,
	"startColumn": 43,
	"endLineNumber": 132,
	"endColumn": 43
},{
	"resource": "/c:/Users/basil/Desktop/material-kai-vision-platform/src/types/modules.d.ts",
	"owner": "eslint",
	"code": "@typescript-eslint/no-explicit-any",
	"severity": 4,
	"message": "Unexpected any. Specify a different type",
	"source": "eslint",
	"startLineNumber": 133,
	"startColumn": 49,
	"endLineNumber": 133,
	"endColumn": 49
},{
	"resource": "/c:/Users/basil/Desktop/material-kai-vision-platform/src/types/modules.d.ts",
	"owner": "eslint",
	"code": "@typescript-eslint/no-explicit-any",
	"severity": 4,
	"message": "Unexpected any. Specify a different type",
	"source": "eslint",
	"startLineNumber": 134,
	"startColumn": 47,
	"endLineNumber": 134,
	"endColumn": 47
},{
	"resource": "/c:/Users/basil/Desktop/material-kai-vision-platform/src/types/modules.d.ts",
	"owner": "eslint",
	"code": "@typescript-eslint/no-explicit-any",
	"severity": 4,
	"message": "Unexpected any. Specify a different type",
	"source": "eslint",
	"startLineNumber": 135,
	"startColumn": 51,
	"endLineNumber": 135,
	"endColumn": 51
},{
	"resource": "/c:/Users/basil/Desktop/material-kai-vision-platform/src/types/product-enrichment.ts",
	"owner": "eslint",
	"code": "quotes",
	"severity": 4,
	"message": "Strings must use singlequote",
	"source": "eslint",
	"startLineNumber": 12,
	"startColumn": 39,
	"endLineNumber": 12,
	"endColumn": 39
},{
	"resource": "/c:/Users/basil/Desktop/material-kai-vision-platform/src/types/product-enrichment.ts",
	"owner": "eslint",
	"code": "quotes",
	"severity": 4,
	"message": "Strings must use singlequote",
	"source": "eslint",
	"startLineNumber": 12,
	"startColumn": 51,
	"endLineNumber": 12,
	"endColumn": 51
},{
	"resource": "/c:/Users/basil/Desktop/material-kai-vision-platform/src/types/product-enrichment.ts",
	"owner": "eslint",
	"code": "quotes",
	"severity": 4,
	"message": "Strings must use singlequote",
	"source": "eslint",
	"startLineNumber": 12,
	"startColumn": 64,
	"endLineNumber": 12,
	"endColumn": 64
},{
	"resource": "/c:/Users/basil/Desktop/material-kai-vision-platform/src/types/product-enrichment.ts",
	"owner": "eslint",
	"code": "quotes",
	"severity": 4,
	"message": "Strings must use singlequote",
	"source": "eslint",
	"startLineNumber": 12,
	"startColumn": 75,
	"endLineNumber": 12,
	"endColumn": 75
},{
	"resource": "/c:/Users/basil/Desktop/material-kai-vision-platform/src/types/product-enrichment.ts",
	"owner": "eslint",
	"code": "quotes",
	"severity": 4,
	"message": "Strings must use singlequote",
	"source": "eslint",
	"startLineNumber": 18,
	"startColumn": 5,
	"endLineNumber": 18,
	"endColumn": 5
},{
	"resource": "/c:/Users/basil/Desktop/material-kai-vision-platform/src/types/product-enrichment.ts",
	"owner": "eslint",
	"code": "quotes",
	"severity": 4,
	"message": "Strings must use singlequote",
	"source": "eslint",
	"startLineNumber": 19,
	"startColumn": 5,
	"endLineNumber": 19,
	"endColumn": 5
},{
	"resource": "/c:/Users/basil/Desktop/material-kai-vision-platform/src/types/product-enrichment.ts",
	"owner": "eslint",
	"code": "quotes",
	"severity": 4,
	"message": "Strings must use singlequote",
	"source": "eslint",
	"startLineNumber": 20,
	"startColumn": 5,
	"endLineNumber": 20,
	"endColumn": 5
},{
	"resource": "/c:/Users/basil/Desktop/material-kai-vision-platform/src/types/product-enrichment.ts",
	"owner": "eslint",
	"code": "quotes",
	"severity": 4,
	"message": "Strings must use singlequote",
	"source": "eslint",
	"startLineNumber": 21,
	"startColumn": 5,
	"endLineNumber": 21,
	"endColumn": 5
},{
	"resource": "/c:/Users/basil/Desktop/material-kai-vision-platform/src/types/product-enrichment.ts",
	"owner": "eslint",
	"code": "quotes",
	"severity": 4,
	"message": "Strings must use singlequote",
	"source": "eslint",
	"startLineNumber": 22,
	"startColumn": 5,
	"endLineNumber": 22,
	"endColumn": 5
},{
	"resource": "/c:/Users/basil/Desktop/material-kai-vision-platform/src/types/product-enrichment.ts",
	"owner": "eslint",
	"code": "quotes",
	"severity": 4,
	"message": "Strings must use singlequote",
	"source": "eslint",
	"startLineNumber": 23,
	"startColumn": 5,
	"endLineNumber": 23,
	"endColumn": 5
},{
	"resource": "/c:/Users/basil/Desktop/material-kai-vision-platform/src/types/product-enrichment.ts",
	"owner": "eslint",
	"code": "quotes",
	"severity": 4,
	"message": "Strings must use singlequote",
	"source": "eslint",
	"startLineNumber": 24,
	"startColumn": 5,
	"endLineNumber": 24,
	"endColumn": 5
},{
	"resource": "/c:/Users/basil/Desktop/material-kai-vision-platform/src/types/product-enrichment.ts",
	"owner": "eslint",
	"code": "quotes",
	"severity": 4,
	"message": "Strings must use singlequote",
	"source": "eslint",
	"startLineNumber": 25,
	"startColumn": 5,
	"endLineNumber": 25,
	"endColumn": 5
},{
	"resource": "/c:/Users/basil/Desktop/material-kai-vision-platform/src/types/product-enrichment.ts",
	"owner": "eslint",
	"code": "quotes",
	"severity": 4,
	"message": "Strings must use singlequote",
	"source": "eslint",
	"startLineNumber": 26,
	"startColumn": 5,
	"endLineNumber": 26,
	"endColumn": 5
},{
	"resource": "/c:/Users/basil/Desktop/material-kai-vision-platform/src/types/product-enrichment.ts",
	"owner": "eslint",
	"code": "quotes",
	"severity": 4,
	"message": "Strings must use singlequote",
	"source": "eslint",
	"startLineNumber": 88,
	"startColumn": 15,
	"endLineNumber": 88,
	"endColumn": 15
},{
	"resource": "/c:/Users/basil/Desktop/material-kai-vision-platform/src/types/product-enrichment.ts",
	"owner": "eslint",
	"code": "quotes",
	"severity": 4,
	"message": "Strings must use singlequote",
	"source": "eslint",
	"startLineNumber": 88,
	"startColumn": 23,
	"endLineNumber": 88,
	"endColumn": 23
},{
	"resource": "/c:/Users/basil/Desktop/material-kai-vision-platform/src/types/product-enrichment.ts",
	"owner": "eslint",
	"code": "quotes",
	"severity": 4,
	"message": "Strings must use singlequote",
	"source": "eslint",
	"startLineNumber": 88,
	"startColumn": 34,
	"endLineNumber": 88,
	"endColumn": 34
},{
	"resource": "/c:/Users/basil/Desktop/material-kai-vision-platform/src/types/product-enrichment.ts",
	"owner": "eslint",
	"code": "quotes",
	"severity": 4,
	"message": "Strings must use singlequote",
	"source": "eslint",
	"startLineNumber": 94,
	"startColumn": 15,
	"endLineNumber": 94,
	"endColumn": 15
},{
	"resource": "/c:/Users/basil/Desktop/material-kai-vision-platform/src/types/product-enrichment.ts",
	"owner": "eslint",
	"code": "quotes",
	"severity": 4,
	"message": "Strings must use singlequote",
	"source": "eslint",
	"startLineNumber": 94,
	"startColumn": 23,
	"endLineNumber": 94,
	"endColumn": 23
},{
	"resource": "/c:/Users/basil/Desktop/material-kai-vision-platform/src/types/product-enrichment.ts",
	"owner": "eslint",
	"code": "quotes",
	"severity": 4,
	"message": "Strings must use singlequote",
	"source": "eslint",
	"startLineNumber": 94,
	"startColumn": 34,
	"endLineNumber": 94,
	"endColumn": 34
},{
	"resource": "/c:/Users/basil/Desktop/material-kai-vision-platform/src/types/product-enrichment.ts",
	"owner": "eslint",
	"code": "quotes",
	"severity": 4,
	"message": "Strings must use singlequote",
	"source": "eslint",
	"startLineNumber": 121,
	"startColumn": 15,
	"endLineNumber": 121,
	"endColumn": 15
},{
	"resource": "/c:/Users/basil/Desktop/material-kai-vision-platform/src/types/product-enrichment.ts",
	"owner": "eslint",
	"code": "quotes",
	"severity": 4,
	"message": "Strings must use singlequote",
	"source": "eslint",
	"startLineNumber": 121,
	"startColumn": 23,
	"endLineNumber": 121,
	"endColumn": 23
},{
	"resource": "/c:/Users/basil/Desktop/material-kai-vision-platform/src/types/product-enrichment.ts",
	"owner": "eslint",
	"code": "quotes",
	"severity": 4,
	"message": "Strings must use singlequote",
	"source": "eslint",
	"startLineNumber": 121,
	"startColumn": 34,
	"endLineNumber": 121,
	"endColumn": 34
},{
	"resource": "/c:/Users/basil/Desktop/material-kai-vision-platform/src/types/product-enrichment.ts",
	"owner": "eslint",
	"code": "quotes",
	"severity": 4,
	"message": "Strings must use singlequote",
	"source": "eslint",
	"startLineNumber": 127,
	"startColumn": 15,
	"endLineNumber": 127,
	"endColumn": 15
},{
	"resource": "/c:/Users/basil/Desktop/material-kai-vision-platform/src/types/product-enrichment.ts",
	"owner": "eslint",
	"code": "quotes",
	"severity": 4,
	"message": "Strings must use singlequote",
	"source": "eslint",
	"startLineNumber": 127,
	"startColumn": 23,
	"endLineNumber": 127,
	"endColumn": 23
},{
	"resource": "/c:/Users/basil/Desktop/material-kai-vision-platform/src/types/product-enrichment.ts",
	"owner": "eslint",
	"code": "quotes",
	"severity": 4,
	"message": "Strings must use singlequote",
	"source": "eslint",
	"startLineNumber": 127,
	"startColumn": 34,
	"endLineNumber": 127,
	"endColumn": 34
},{
	"resource": "/c:/Users/basil/Desktop/material-kai-vision-platform/src/types/product-enrichment.ts",
	"owner": "eslint",
	"code": "quotes",
	"severity": 4,
	"message": "Strings must use singlequote",
	"source": "eslint",
	"startLineNumber": 150,
	"startColumn": 15,
	"endLineNumber": 150,
	"endColumn": 15
},{
	"resource": "/c:/Users/basil/Desktop/material-kai-vision-platform/src/types/product-enrichment.ts",
	"owner": "eslint",
	"code": "quotes",
	"severity": 4,
	"message": "Strings must use singlequote",
	"source": "eslint",
	"startLineNumber": 150,
	"startColumn": 23,
	"endLineNumber": 150,
	"endColumn": 23
},{
	"resource": "/c:/Users/basil/Desktop/material-kai-vision-platform/src/types/product-enrichment.ts",
	"owner": "eslint",
	"code": "quotes",
	"severity": 4,
	"message": "Strings must use singlequote",
	"source": "eslint",
	"startLineNumber": 150,
	"startColumn": 34,
	"endLineNumber": 150,
	"endColumn": 34
},{
	"resource": "/c:/Users/basil/Desktop/material-kai-vision-platform/src/types/product-enrichment.ts",
	"owner": "eslint",
	"code": "quotes",
	"severity": 4,
	"message": "Strings must use singlequote",
	"source": "eslint",
	"startLineNumber": 156,
	"startColumn": 15,
	"endLineNumber": 156,
	"endColumn": 15
},{
	"resource": "/c:/Users/basil/Desktop/material-kai-vision-platform/src/types/product-enrichment.ts",
	"owner": "eslint",
	"code": "quotes",
	"severity": 4,
	"message": "Strings must use singlequote",
	"source": "eslint",
	"startLineNumber": 156,
	"startColumn": 23,
	"endLineNumber": 156,
	"endColumn": 23
},{
	"resource": "/c:/Users/basil/Desktop/material-kai-vision-platform/src/types/product-enrichment.ts",
	"owner": "eslint",
	"code": "quotes",
	"severity": 4,
	"message": "Strings must use singlequote",
	"source": "eslint",
	"startLineNumber": 156,
	"startColumn": 34,
	"endLineNumber": 156,
	"endColumn": 34
},{
	"resource": "/c:/Users/basil/Desktop/material-kai-vision-platform/src/types/rag.ts",
	"owner": "eslint",
	"code": "no-trailing-spaces",
	"severity": 4,
	"message": "Trailing spaces not allowed",
	"source": "eslint",
	"startLineNumber": 3,
	"startColumn": 3,
	"endLineNumber": 3,
	"endColumn": 3
},{
	"resource": "/c:/Users/basil/Desktop/material-kai-vision-platform/src/types/unified-material-api.ts",
	"owner": "eslint",
	"code": "no-trailing-spaces",
	"severity": 4,
	"message": "Trailing spaces not allowed",
	"source": "eslint",
	"startLineNumber": 3,
	"startColumn": 3,
	"endLineNumber": 3,
	"endColumn": 3
},{
	"resource": "/c:/Users/basil/Desktop/material-kai-vision-platform/src/types/unified-material-api.ts",
	"owner": "eslint",
	"code": "comma-dangle",
	"severity": 4,
	"message": "Missing trailing comma",
	"source": "eslint",
	"startLineNumber": 814,
	"startColumn": 35,
	"endLineNumber": 814,
	"endColumn": 35
},{
	"resource": "/c:/Users/basil/Desktop/material-kai-vision-platform/src/types/unified-material-api.ts",
	"owner": "eslint",
	"code": "comma-dangle",
	"severity": 4,
	"message": "Missing trailing comma",
	"source": "eslint",
	"startLineNumber": 823,
	"startColumn": 30,
	"endLineNumber": 823,
	"endColumn": 30
},{
	"resource": "/c:/Users/basil/Desktop/material-kai-vision-platform/src/types/unified-material-api.ts",
	"owner": "eslint",
	"code": "comma-dangle",
	"severity": 4,
	"message": "Missing trailing comma",
	"source": "eslint",
	"startLineNumber": 832,
	"startColumn": 30,
	"endLineNumber": 832,
	"endColumn": 30
},{
	"resource": "/c:/Users/basil/Desktop/material-kai-vision-platform/src/types/unified-material-api.ts",
	"owner": "eslint",
	"code": "comma-dangle",
	"severity": 4,
	"message": "Missing trailing comma",
	"source": "eslint",
	"startLineNumber": 841,
	"startColumn": 30,
	"endLineNumber": 841,
	"endColumn": 30
},{
	"resource": "/c:/Users/basil/Desktop/material-kai-vision-platform/src/types/unified-material-api.ts",
	"owner": "eslint",
	"code": "comma-dangle",
	"severity": 4,
	"message": "Missing trailing comma",
	"source": "eslint",
	"startLineNumber": 850,
	"startColumn": 30,
	"endLineNumber": 850,
	"endColumn": 30
},{
	"resource": "/c:/Users/basil/Desktop/material-kai-vision-platform/src/types/unified-material-api.ts",
	"owner": "eslint",
	"code": "eol-last",
	"severity": 4,
	"message": "Newline required at end of file but not found",
	"source": "eslint",
	"startLineNumber": 853,
	"startColumn": 2,
	"endLineNumber": 853,
	"endColumn": 2
},{
	"resource": "/c:/Users/basil/Desktop/material-kai-vision-platform/src/types/utilities.ts",
	"owner": "eslint",
	"code": "no-trailing-spaces",
	"severity": 4,
	"message": "Trailing spaces not allowed",
	"source": "eslint",
	"startLineNumber": 3,
	"startColumn": 3,
	"endLineNumber": 3,
	"endColumn": 3
},{
	"resource": "/c:/Users/basil/Desktop/material-kai-vision-platform/src/types/utilities.ts",
	"owner": "eslint",
	"code": "no-trailing-spaces",
	"severity": 4,
	"message": "Trailing spaces not allowed",
	"source": "eslint",
	"startLineNumber": 7,
	"startColumn": 3,
	"endLineNumber": 7,
	"endColumn": 3
},{
	"resource": "/c:/Users/basil/Desktop/material-kai-vision-platform/src/types/utilities.ts",
	"owner": "eslint",
	"code": "no-trailing-spaces",
	"severity": 4,
	"message": "Trailing spaces not allowed",
	"source": "eslint",
	"startLineNumber": 9,
	"startColumn": 33,
	"endLineNumber": 9,
	"endColumn": 33
},{
	"resource": "/c:/Users/basil/Desktop/material-kai-vision-platform/src/types/utilities.ts",
	"owner": "eslint",
	"code": "no-trailing-spaces",
	"severity": 4,
	"message": "Trailing spaces not allowed",
	"source": "eslint",
	"startLineNumber": 20,
	"startColumn": 3,
	"endLineNumber": 20,
	"endColumn": 3
},{
	"resource": "/c:/Users/basil/Desktop/material-kai-vision-platform/src/types/utilities.ts",
	"owner": "eslint",
	"code": "no-trailing-spaces",
	"severity": 4,
	"message": "Trailing spaces not allowed",
	"source": "eslint",
	"startLineNumber": 34,
	"startColumn": 3,
	"endLineNumber": 34,
	"endColumn": 3
},{
	"resource": "/c:/Users/basil/Desktop/material-kai-vision-platform/src/types/utilities.ts",
	"owner": "eslint",
	"code": "no-trailing-spaces",
	"severity": 4,
	"message": "Trailing spaces not allowed",
	"source": "eslint",
	"startLineNumber": 52,
	"startColumn": 3,
	"endLineNumber": 52,
	"endColumn": 3
},{
	"resource": "/c:/Users/basil/Desktop/material-kai-vision-platform/src/types/utilities.ts",
	"owner": "eslint",
	"code": "no-trailing-spaces",
	"severity": 4,
	"message": "Trailing spaces not allowed",
	"source": "eslint",
	"startLineNumber": 73,
	"startColumn": 3,
	"endLineNumber": 73,
	"endColumn": 3
},{
	"resource": "/c:/Users/basil/Desktop/material-kai-vision-platform/src/types/utilities.ts",
	"owner": "eslint",
	"code": "no-trailing-spaces",
	"severity": 4,
	"message": "Trailing spaces not allowed",
	"source": "eslint",
	"startLineNumber": 98,
	"startColumn": 3,
	"endLineNumber": 98,
	"endColumn": 3
},{
	"resource": "/c:/Users/basil/Desktop/material-kai-vision-platform/src/types/utilities.ts",
	"owner": "eslint",
	"code": "no-trailing-spaces",
	"severity": 4,
	"message": "Trailing spaces not allowed",
	"source": "eslint",
	"startLineNumber": 113,
	"startColumn": 3,
	"endLineNumber": 113,
	"endColumn": 3
},{
	"resource": "/c:/Users/basil/Desktop/material-kai-vision-platform/src/types/utilities.ts",
	"owner": "eslint",
	"code": "no-trailing-spaces",
	"severity": 4,
	"message": "Trailing spaces not allowed",
	"source": "eslint",
	"startLineNumber": 132,
	"startColumn": 3,
	"endLineNumber": 132,
	"endColumn": 3
},{
	"resource": "/c:/Users/basil/Desktop/material-kai-vision-platform/src/types/utilities.ts",
	"owner": "eslint",
	"code": "no-trailing-spaces",
	"severity": 4,
	"message": "Trailing spaces not allowed",
	"source": "eslint",
	"startLineNumber": 143,
	"startColumn": 3,
	"endLineNumber": 143,
	"endColumn": 3
},{
	"resource": "/c:/Users/basil/Desktop/material-kai-vision-platform/src/types/utilities.ts",
	"owner": "eslint",
	"code": "no-trailing-spaces",
	"severity": 4,
	"message": "Trailing spaces not allowed",
	"source": "eslint",
	"startLineNumber": 154,
	"startColumn": 3,
	"endLineNumber": 154,
	"endColumn": 3
},{
	"resource": "/c:/Users/basil/Desktop/material-kai-vision-platform/src/types/utilities.ts",
	"owner": "eslint",
	"code": "no-trailing-spaces",
	"severity": 4,
	"message": "Trailing spaces not allowed",
	"source": "eslint",
	"startLineNumber": 164,
	"startColumn": 3,
	"endLineNumber": 164,
	"endColumn": 3
},{
	"resource": "/c:/Users/basil/Desktop/material-kai-vision-platform/src/types/utilities.ts",
	"owner": "eslint",
	"code": "no-trailing-spaces",
	"severity": 4,
	"message": "Trailing spaces not allowed",
	"source": "eslint",
	"startLineNumber": 174,
	"startColumn": 3,
	"endLineNumber": 174,
	"endColumn": 3
},{
	"resource": "/c:/Users/basil/Desktop/material-kai-vision-platform/src/types/utilities.ts",
	"owner": "eslint",
	"code": "no-trailing-spaces",
	"severity": 4,
	"message": "Trailing spaces not allowed",
	"source": "eslint",
	"startLineNumber": 184,
	"startColumn": 3,
	"endLineNumber": 184,
	"endColumn": 3
},{
	"resource": "/c:/Users/basil/Desktop/material-kai-vision-platform/src/types/utilities.ts",
	"owner": "eslint",
	"code": "no-trailing-spaces",
	"severity": 4,
	"message": "Trailing spaces not allowed",
	"source": "eslint",
	"startLineNumber": 199,
	"startColumn": 3,
	"endLineNumber": 199,
	"endColumn": 3
},{
	"resource": "/c:/Users/basil/Desktop/material-kai-vision-platform/src/types/utilities.ts",
	"owner": "eslint",
	"code": "no-trailing-spaces",
	"severity": 4,
	"message": "Trailing spaces not allowed",
	"source": "eslint",
	"startLineNumber": 205,
	"startColumn": 3,
	"endLineNumber": 205,
	"endColumn": 3
},{
	"resource": "/c:/Users/basil/Desktop/material-kai-vision-platform/src/types/utilities.ts",
	"owner": "eslint",
	"code": "no-trailing-spaces",
	"severity": 4,
	"message": "Trailing spaces not allowed",
	"source": "eslint",
	"startLineNumber": 216,
	"startColumn": 3,
	"endLineNumber": 216,
	"endColumn": 3
},{
	"resource": "/c:/Users/basil/Desktop/material-kai-vision-platform/src/types/utilities.ts",
	"owner": "eslint",
	"code": "no-trailing-spaces",
	"severity": 4,
	"message": "Trailing spaces not allowed",
	"source": "eslint",
	"startLineNumber": 234,
	"startColumn": 3,
	"endLineNumber": 234,
	"endColumn": 3
},{
	"resource": "/c:/Users/basil/Desktop/material-kai-vision-platform/src/types/utilities.ts",
	"owner": "eslint",
	"code": "no-trailing-spaces",
	"severity": 4,
	"message": "Trailing spaces not allowed",
	"source": "eslint",
	"startLineNumber": 250,
	"startColumn": 3,
	"endLineNumber": 250,
	"endColumn": 3
},{
	"resource": "/c:/Users/basil/Desktop/material-kai-vision-platform/src/types/utilities.ts",
	"owner": "eslint",
	"code": "no-trailing-spaces",
	"severity": 4,
	"message": "Trailing spaces not allowed",
	"source": "eslint",
	"startLineNumber": 260,
	"startColumn": 3,
	"endLineNumber": 260,
	"endColumn": 3
},{
	"resource": "/c:/Users/basil/Desktop/material-kai-vision-platform/src/types/utilities.ts",
	"owner": "eslint",
	"code": "no-trailing-spaces",
	"severity": 4,
	"message": "Trailing spaces not allowed",
	"source": "eslint",
	"startLineNumber": 275,
	"startColumn": 3,
	"endLineNumber": 275,
	"endColumn": 3
},{
	"resource": "/c:/Users/basil/Desktop/material-kai-vision-platform/src/types/utilities.ts",
	"owner": "eslint",
	"code": "no-trailing-spaces",
	"severity": 4,
	"message": "Trailing spaces not allowed",
	"source": "eslint",
	"startLineNumber": 282,
	"startColumn": 3,
	"endLineNumber": 282,
	"endColumn": 3
},{
	"resource": "/c:/Users/basil/Desktop/material-kai-vision-platform/src/types/utilities.ts",
	"owner": "eslint",
	"code": "no-trailing-spaces",
	"severity": 4,
	"message": "Trailing spaces not allowed",
	"source": "eslint",
	"startLineNumber": 295,
	"startColumn": 3,
	"endLineNumber": 295,
	"endColumn": 3
},{
	"resource": "/c:/Users/basil/Desktop/material-kai-vision-platform/src/types/utilities.ts",
	"owner": "eslint",
	"code": "no-trailing-spaces",
	"severity": 4,
	"message": "Trailing spaces not allowed",
	"source": "eslint",
	"startLineNumber": 305,
	"startColumn": 3,
	"endLineNumber": 305,
	"endColumn": 3
},{
	"resource": "/c:/Users/basil/Desktop/material-kai-vision-platform/src/types/utilities.ts",
	"owner": "eslint",
	"code": "no-trailing-spaces",
	"severity": 4,
	"message": "Trailing spaces not allowed",
	"source": "eslint",
	"startLineNumber": 313,
	"startColumn": 3,
	"endLineNumber": 313,
	"endColumn": 3
},{
	"resource": "/c:/Users/basil/Desktop/material-kai-vision-platform/src/types/utilities.ts",
	"owner": "eslint",
	"code": "no-trailing-spaces",
	"severity": 4,
	"message": "Trailing spaces not allowed",
	"source": "eslint",
	"startLineNumber": 325,
	"startColumn": 3,
	"endLineNumber": 325,
	"endColumn": 3
},{
	"resource": "/c:/Users/basil/Desktop/material-kai-vision-platform/src/types/utilities.ts",
	"owner": "eslint",
	"code": "no-trailing-spaces",
	"severity": 4,
	"message": "Trailing spaces not allowed",
	"source": "eslint",
	"startLineNumber": 332,
	"startColumn": 3,
	"endLineNumber": 332,
	"endColumn": 3
},{
	"resource": "/c:/Users/basil/Desktop/material-kai-vision-platform/src/types/utilities.ts",
	"owner": "eslint",
	"code": "no-trailing-spaces",
	"severity": 4,
	"message": "Trailing spaces not allowed",
	"source": "eslint",
	"startLineNumber": 421,
	"startColumn": 46,
	"endLineNumber": 421,
	"endColumn": 46
},{
	"resource": "/c:/Users/basil/Desktop/material-kai-vision-platform/src/types/utilities.ts",
	"owner": "eslint",
	"code": "no-trailing-spaces",
	"severity": 4,
	"message": "Trailing spaces not allowed",
	"source": "eslint",
	"startLineNumber": 428,
	"startColumn": 35,
	"endLineNumber": 428,
	"endColumn": 35
},{
	"resource": "/c:/Users/basil/Desktop/material-kai-vision-platform/src/types/utilities.ts",
	"owner": "eslint",
	"code": "comma-dangle",
	"severity": 4,
	"message": "Missing trailing comma",
	"source": "eslint",
	"startLineNumber": 468,
	"startColumn": 33,
	"endLineNumber": 468,
	"endColumn": 33
},{
	"resource": "/c:/Users/basil/Desktop/material-kai-vision-platform/src/types/utilities.ts",
	"owner": "eslint",
	"code": "comma-dangle",
	"severity": 4,
	"message": "Missing trailing comma",
	"source": "eslint",
	"startLineNumber": 623,
	"startColumn": 39,
	"endLineNumber": 623,
	"endColumn": 39
},{
	"resource": "/c:/Users/basil/Desktop/material-kai-vision-platform/src/types/utilities.ts",
	"owner": "eslint",
	"code": "comma-dangle",
	"severity": 4,
	"message": "Missing trailing comma",
	"source": "eslint",
	"startLineNumber": 632,
	"startColumn": 39,
	"endLineNumber": 632,
	"endColumn": 39
},{
	"resource": "/c:/Users/basil/Desktop/material-kai-vision-platform/src/types/utilities.ts",
	"owner": "eslint",
	"code": "comma-dangle",
	"severity": 4,
	"message": "Missing trailing comma",
	"source": "eslint",
	"startLineNumber": 811,
	"startColumn": 40,
	"endLineNumber": 811,
	"endColumn": 40
},{
	"resource": "/c:/Users/basil/Desktop/material-kai-vision-platform/src/types/utilities.ts",
	"owner": "eslint",
	"code": "comma-dangle",
	"severity": 4,
	"message": "Missing trailing comma",
	"source": "eslint",
	"startLineNumber": 885,
	"startColumn": 16,
	"endLineNumber": 885,
	"endColumn": 16
},{
	"resource": "/c:/Users/basil/Desktop/material-kai-vision-platform/src/types/utilities.ts",
	"owner": "eslint",
	"code": "comma-dangle",
	"severity": 4,
	"message": "Missing trailing comma",
	"source": "eslint",
	"startLineNumber": 894,
	"startColumn": 22,
	"endLineNumber": 894,
	"endColumn": 22
},{
	"resource": "/c:/Users/basil/Desktop/material-kai-vision-platform/src/types/utilities.ts",
	"owner": "eslint",
	"code": "comma-dangle",
	"severity": 4,
	"message": "Missing trailing comma",
	"source": "eslint",
	"startLineNumber": 909,
	"startColumn": 16,
	"endLineNumber": 909,
	"endColumn": 16
},{
	"resource": "/c:/Users/basil/Desktop/material-kai-vision-platform/src/types/utilities.ts",
	"owner": "eslint",
	"code": "comma-dangle",
	"severity": 4,
	"message": "Missing trailing comma",
	"source": "eslint",
	"startLineNumber": 919,
	"startColumn": 28,
	"endLineNumber": 919,
	"endColumn": 28
},{
	"resource": "/c:/Users/basil/Desktop/material-kai-vision-platform/src/types/utilities.ts",
	"owner": "eslint",
	"code": "comma-dangle",
	"severity": 4,
	"message": "Missing trailing comma",
	"source": "eslint",
	"startLineNumber": 930,
	"startColumn": 46,
	"endLineNumber": 930,
	"endColumn": 46
},{
	"resource": "/c:/Users/basil/Desktop/material-kai-vision-platform/src/types/utilities.ts",
	"owner": "eslint",
	"code": "comma-dangle",
	"severity": 4,
	"message": "Missing trailing comma",
	"source": "eslint",
	"startLineNumber": 931,
	"startColumn": 6,
	"endLineNumber": 931,
	"endColumn": 6
},{
	"resource": "/c:/Users/basil/Desktop/material-kai-vision-platform/src/types/utilities.ts",
	"owner": "eslint",
	"code": "comma-dangle",
	"severity": 4,
	"message": "Missing trailing comma",
	"source": "eslint",
	"startLineNumber": 940,
	"startColumn": 10,
	"endLineNumber": 940,
	"endColumn": 10
},{
	"resource": "/c:/Users/basil/Desktop/material-kai-vision-platform/src/types/utilities.ts",
	"owner": "eslint",
	"code": "comma-dangle",
	"severity": 4,
	"message": "Missing trailing comma",
	"source": "eslint",
	"startLineNumber": 949,
	"startColumn": 8,
	"endLineNumber": 949,
	"endColumn": 8
},{
	"resource": "/c:/Users/basil/Desktop/material-kai-vision-platform/src/types/utilities.ts",
	"owner": "eslint",
	"code": "comma-dangle",
	"severity": 4,
	"message": "Missing trailing comma",
	"source": "eslint",
	"startLineNumber": 979,
	"startColumn": 21,
	"endLineNumber": 979,
	"endColumn": 21
},{
	"resource": "/c:/Users/basil/Desktop/material-kai-vision-platform/src/types/utilities.ts",
	"owner": "eslint",
	"code": "comma-dangle",
	"severity": 4,
	"message": "Missing trailing comma",
	"source": "eslint",
	"startLineNumber": 991,
	"startColumn": 21,
	"endLineNumber": 991,
	"endColumn": 21
},{
	"resource": "/c:/Users/basil/Desktop/material-kai-vision-platform/src/types/utilities.ts",
	"owner": "eslint",
	"code": "comma-dangle",
	"severity": 4,
	"message": "Missing trailing comma",
	"source": "eslint",
	"startLineNumber": 1003,
	"startColumn": 20,
	"endLineNumber": 1003,
	"endColumn": 20
},{
	"resource": "/c:/Users/basil/Desktop/material-kai-vision-platform/src/types/utilities.ts",
	"owner": "eslint",
	"code": "comma-dangle",
	"severity": 4,
	"message": "Missing trailing comma",
	"source": "eslint",
	"startLineNumber": 1015,
	"startColumn": 20,
	"endLineNumber": 1015,
	"endColumn": 20
},{
	"resource": "/c:/Users/basil/Desktop/material-kai-vision-platform/src/types/utilities.ts",
	"owner": "eslint",
	"code": "eol-last",
	"severity": 4,
	"message": "Newline required at end of file but not found",
	"source": "eslint",
	"startLineNumber": 1017,
	"startColumn": 2,
	"endLineNumber": 1017,
	"endColumn": 2
},{
	"resource": "/c:/Users/basil/Desktop/material-kai-vision-platform/src/types/validation-rules.ts",
	"owner": "eslint",
	"code": "quotes",
	"severity": 4,
	"message": "Strings must use singlequote",
	"source": "eslint",
	"startLineNumber": 14,
	"startColumn": 5,
	"endLineNumber": 14,
	"endColumn": 5
},{
	"resource": "/c:/Users/basil/Desktop/material-kai-vision-platform/src/types/validation-rules.ts",
	"owner": "eslint",
	"code": "quotes",
	"severity": 4,
	"message": "Strings must use singlequote",
	"source": "eslint",
	"startLineNumber": 15,
	"startColumn": 5,
	"endLineNumber": 15,
	"endColumn": 5
},{
	"resource": "/c:/Users/basil/Desktop/material-kai-vision-platform/src/types/validation-rules.ts",
	"owner": "eslint",
	"code": "quotes",
	"severity": 4,
	"message": "Strings must use singlequote",
	"source": "eslint",
	"startLineNumber": 16,
	"startColumn": 5,
	"endLineNumber": 16,
	"endColumn": 5
},{
	"resource": "/c:/Users/basil/Desktop/material-kai-vision-platform/src/types/validation-rules.ts",
	"owner": "eslint",
	"code": "quotes",
	"severity": 4,
	"message": "Strings must use singlequote",
	"source": "eslint",
	"startLineNumber": 17,
	"startColumn": 5,
	"endLineNumber": 17,
	"endColumn": 5
},{
	"resource": "/c:/Users/basil/Desktop/material-kai-vision-platform/src/types/validation-rules.ts",
	"owner": "eslint",
	"code": "quotes",
	"severity": 4,
	"message": "Strings must use singlequote",
	"source": "eslint",
	"startLineNumber": 18,
	"startColumn": 5,
	"endLineNumber": 18,
	"endColumn": 5
},{
	"resource": "/c:/Users/basil/Desktop/material-kai-vision-platform/src/types/validation-rules.ts",
	"owner": "eslint",
	"code": "quotes",
	"severity": 4,
	"message": "Strings must use singlequote",
	"source": "eslint",
	"startLineNumber": 19,
	"startColumn": 5,
	"endLineNumber": 19,
	"endColumn": 5
},{
	"resource": "/c:/Users/basil/Desktop/material-kai-vision-platform/src/types/validation-rules.ts",
	"owner": "eslint",
	"code": "quotes",
	"severity": 4,
	"message": "Strings must use singlequote",
	"source": "eslint",
	"startLineNumber": 20,
	"startColumn": 5,
	"endLineNumber": 20,
	"endColumn": 5
},{
	"resource": "/c:/Users/basil/Desktop/material-kai-vision-platform/src/types/validation-rules.ts",
	"owner": "eslint",
	"code": "quotes",
	"severity": 4,
	"message": "Strings must use singlequote",
	"source": "eslint",
	"startLineNumber": 21,
	"startColumn": 5,
	"endLineNumber": 21,
	"endColumn": 5
},{
	"resource": "/c:/Users/basil/Desktop/material-kai-vision-platform/src/types/validation-rules.ts",
	"owner": "eslint",
	"code": "quotes",
	"severity": 4,
	"message": "Strings must use singlequote",
	"source": "eslint",
	"startLineNumber": 26,
	"startColumn": 34,
	"endLineNumber": 26,
	"endColumn": 34
},{
	"resource": "/c:/Users/basil/Desktop/material-kai-vision-platform/src/types/validation-rules.ts",
	"owner": "eslint",
	"code": "quotes",
	"severity": 4,
	"message": "Strings must use singlequote",
	"source": "eslint",
	"startLineNumber": 26,
	"startColumn": 45,
	"endLineNumber": 26,
	"endColumn": 45
},{
	"resource": "/c:/Users/basil/Desktop/material-kai-vision-platform/src/types/validation-rules.ts",
	"owner": "eslint",
	"code": "quotes",
	"severity": 4,
	"message": "Strings must use singlequote",
	"source": "eslint",
	"startLineNumber": 26,
	"startColumn": 60,
	"endLineNumber": 26,
	"endColumn": 60
},{
	"resource": "/c:/Users/basil/Desktop/material-kai-vision-platform/src/types/validation-rules.ts",
	"owner": "eslint",
	"code": "quotes",
	"severity": 4,
	"message": "Strings must use singlequote",
	"source": "eslint",
	"startLineNumber": 26,
	"startColumn": 77,
	"endLineNumber": 26,
	"endColumn": 77
},{
	"resource": "/c:/Users/basil/Desktop/material-kai-vision-platform/src/types/validation-rules.ts",
	"owner": "eslint",
	"code": "quotes",
	"severity": 4,
	"message": "Strings must use singlequote",
	"source": "eslint",
	"startLineNumber": 26,
	"startColumn": 91,
	"endLineNumber": 26,
	"endColumn": 91
},{
	"resource": "/c:/Users/basil/Desktop/material-kai-vision-platform/src/types/validation-rules.ts",
	"owner": "eslint",
	"code": "quotes",
	"severity": 4,
	"message": "Strings must use singlequote",
	"source": "eslint",
	"startLineNumber": 26,
	"startColumn": 104,
	"endLineNumber": 26,
	"endColumn": 104
},{
	"resource": "/c:/Users/basil/Desktop/material-kai-vision-platform/src/types/validation-rules.ts",
	"owner": "eslint",
	"code": "quotes",
	"severity": 4,
	"message": "Strings must use singlequote",
	"source": "eslint",
	"startLineNumber": 26,
	"startColumn": 121,
	"endLineNumber": 26,
	"endColumn": 121
},{
	"resource": "/c:/Users/basil/Desktop/material-kai-vision-platform/src/types/validation-rules.ts",
	"owner": "eslint",
	"code": "quotes",
	"severity": 4,
	"message": "Strings must use singlequote",
	"source": "eslint",
	"startLineNumber": 26,
	"startColumn": 139,
	"endLineNumber": 26,
	"endColumn": 139
},{
	"resource": "/c:/Users/basil/Desktop/material-kai-vision-platform/src/types/validation-rules.ts",
	"owner": "eslint",
	"code": "quotes",
	"severity": 4,
	"message": "Strings must use singlequote",
	"source": "eslint",
	"startLineNumber": 31,
	"startColumn": 34,
	"endLineNumber": 31,
	"endColumn": 34
},{
	"resource": "/c:/Users/basil/Desktop/material-kai-vision-platform/src/types/validation-rules.ts",
	"owner": "eslint",
	"code": "quotes",
	"severity": 4,
	"message": "Strings must use singlequote",
	"source": "eslint",
	"startLineNumber": 31,
	"startColumn": 43,
	"endLineNumber": 31,
	"endColumn": 43
},{
	"resource": "/c:/Users/basil/Desktop/material-kai-vision-platform/src/types/validation-rules.ts",
	"owner": "eslint",
	"code": "quotes",
	"severity": 4,
	"message": "Strings must use singlequote",
	"source": "eslint",
	"startLineNumber": 31,
	"startColumn": 55,
	"endLineNumber": 31,
	"endColumn": 55
},{
	"resource": "/c:/Users/basil/Desktop/material-kai-vision-platform/src/types/validation-rules.ts",
	"owner": "eslint",
	"code": "quotes",
	"severity": 4,
	"message": "Strings must use singlequote",
	"source": "eslint",
	"startLineNumber": 31,
	"startColumn": 65,
	"endLineNumber": 31,
	"endColumn": 65
},{
	"resource": "/c:/Users/basil/Desktop/material-kai-vision-platform/src/types/validation-rules.ts",
	"owner": "eslint",
	"code": "@typescript-eslint/no-explicit-any",
	"severity": 4,
	"message": "Unexpected any. Specify a different type",
	"source": "eslint",
	"startLineNumber": 39,
	"startColumn": 10,
	"endLineNumber": 39,
	"endColumn": 10
},{
	"resource": "/c:/Users/basil/Desktop/material-kai-vision-platform/src/types/validation-rules.ts",
	"owner": "eslint",
	"code": "@typescript-eslint/no-explicit-any",
	"severity": 4,
	"message": "Unexpected any. Specify a different type",
	"source": "eslint",
	"startLineNumber": 107,
	"startColumn": 28,
	"endLineNumber": 107,
	"endColumn": 28
},{
	"resource": "/c:/Users/basil/Desktop/material-kai-vision-platform/src/types/validation-rules.ts",
	"owner": "eslint",
	"code": "@typescript-eslint/no-explicit-any",
	"severity": 4,
	"message": "Unexpected any. Specify a different type",
	"source": "eslint",
	"startLineNumber": 128,
	"startColumn": 28,
	"endLineNumber": 128,
	"endColumn": 28
},{
	"resource": "/c:/Users/basil/Desktop/material-kai-vision-platform/src/types/validation-rules.ts",
	"owner": "eslint",
	"code": "@typescript-eslint/no-explicit-any",
	"severity": 4,
	"message": "Unexpected any. Specify a different type",
	"source": "eslint",
	"startLineNumber": 144,
	"startColumn": 28,
	"endLineNumber": 144,
	"endColumn": 28
},{
	"resource": "/c:/Users/basil/Desktop/material-kai-vision-platform/src/types/validation-rules.ts",
	"owner": "eslint",
	"code": "@typescript-eslint/no-explicit-any",
	"severity": 4,
	"message": "Unexpected any. Specify a different type",
	"source": "eslint",
	"startLineNumber": 160,
	"startColumn": 31,
	"endLineNumber": 160,
	"endColumn": 31
},{
	"resource": "/c:/Users/basil/Desktop/material-kai-vision-platform/src/utils/apiErrorHandler.ts",
	"owner": "eslint",
	"code": "no-trailing-spaces",
	"severity": 4,
	"message": "Trailing spaces not allowed",
	"source": "eslint",
	"startLineNumber": 3,
	"startColumn": 3,
	"endLineNumber": 3,
	"endColumn": 3
},{
	"resource": "/c:/Users/basil/Desktop/material-kai-vision-platform/src/utils/apiErrorHandler.ts",
	"owner": "eslint",
	"code": "@typescript-eslint/no-explicit-any",
	"severity": 4,
	"message": "Unexpected any. Specify a different type",
	"source": "eslint",
	"startLineNumber": 31,
	"startColumn": 32,
	"endLineNumber": 31,
	"endColumn": 32
},{
	"resource": "/c:/Users/basil/Desktop/material-kai-vision-platform/src/utils/apiErrorHandler.ts",
	"owner": "eslint",
	"code": "@typescript-eslint/no-explicit-any",
	"severity": 4,
	"message": "Unexpected any. Specify a different type",
	"source": "eslint",
	"startLineNumber": 31,
	"startColumn": 58,
	"endLineNumber": 31,
	"endColumn": 58
},{
	"resource": "/c:/Users/basil/Desktop/material-kai-vision-platform/src/utils/apiErrorHandler.ts",
	"owner": "eslint",
	"code": "comma-dangle",
	"severity": 4,
	"message": "Missing trailing comma",
	"source": "eslint",
	"startLineNumber": 136,
	"startColumn": 19,
	"endLineNumber": 136,
	"endColumn": 19
},{
	"resource": "/c:/Users/basil/Desktop/material-kai-vision-platform/src/utils/apiErrorHandler.ts",
	"owner": "eslint",
	"code": "no-console",
	"severity": 4,
	"message": "Unexpected console statement",
	"source": "eslint",
	"startLineNumber": 182,
	"startColumn": 5,
	"endLineNumber": 182,
	"endColumn": 5
},{
	"resource": "/c:/Users/basil/Desktop/material-kai-vision-platform/src/utils/apiErrorHandler.ts",
	"owner": "eslint",
	"code": "no-console",
	"severity": 4,
	"message": "Unexpected console statement",
	"source": "eslint",
	"startLineNumber": 184,
	"startColumn": 5,
	"endLineNumber": 184,
	"endColumn": 5
},{
	"resource": "/c:/Users/basil/Desktop/material-kai-vision-platform/src/utils/apiErrorHandler.ts",
	"owner": "eslint",
	"code": "no-console",
	"severity": 4,
	"message": "Unexpected console statement",
	"source": "eslint",
	"startLineNumber": 186,
	"startColumn": 5,
	"endLineNumber": 186,
	"endColumn": 5
},{
	"resource": "/c:/Users/basil/Desktop/material-kai-vision-platform/src/utils/apiResponseValidation.ts",
	"owner": "eslint",
	"code": "no-trailing-spaces",
	"severity": 4,
	"message": "Trailing spaces not allowed",
	"source": "eslint",
	"startLineNumber": 3,
	"startColumn": 3,
	"endLineNumber": 3,
	"endColumn": 3
},{
	"resource": "/c:/Users/basil/Desktop/material-kai-vision-platform/src/utils/apiResponseValidation.ts",
	"owner": "eslint",
	"code": "@typescript-eslint/no-explicit-any",
	"severity": 4,
	"message": "Unexpected any. Specify a different type",
	"source": "eslint",
	"startLineNumber": 11,
	"startColumn": 39,
	"endLineNumber": 11,
	"endColumn": 39
},{
	"resource": "/c:/Users/basil/Desktop/material-kai-vision-platform/src/utils/apiResponseValidation.ts",
	"owner": "eslint",
	"code": "@typescript-eslint/no-explicit-any",
	"severity": 4,
	"message": "Unexpected any. Specify a different type",
	"source": "eslint",
	"startLineNumber": 19,
	"startColumn": 63,
	"endLineNumber": 19,
	"endColumn": 63
},{
	"resource": "/c:/Users/basil/Desktop/material-kai-vision-platform/src/utils/apiResponseValidation.ts",
	"owner": "eslint",
	"code": "@typescript-eslint/no-explicit-any",
	"severity": 4,
	"message": "Unexpected any. Specify a different type",
	"source": "eslint",
	"startLineNumber": 48,
	"startColumn": 37,
	"endLineNumber": 48,
	"endColumn": 37
},{
	"resource": "/c:/Users/basil/Desktop/material-kai-vision-platform/src/utils/apiResponseValidation.ts",
	"owner": "eslint",
	"code": "comma-dangle",
	"severity": 4,
	"message": "Missing trailing comma",
	"source": "eslint",
	"startLineNumber": 100,
	"startColumn": 13,
	"endLineNumber": 100,
	"endColumn": 13
},{
	"resource": "/c:/Users/basil/Desktop/material-kai-vision-platform/src/utils/apiResponseValidation.ts",
	"owner": "eslint",
	"code": "@typescript-eslint/no-explicit-any",
	"severity": 4,
	"message": "Unexpected any. Specify a different type",
	"source": "eslint",
	"startLineNumber": 105,
	"startColumn": 50,
	"endLineNumber": 105,
	"endColumn": 50
},{
	"resource": "/c:/Users/basil/Desktop/material-kai-vision-platform/src/utils/apiResponseValidation.ts",
	"owner": "eslint",
	"code": "comma-dangle",
	"severity": 4,
	"message": "Missing trailing comma",
	"source": "eslint",
	"startLineNumber": 156,
	"startColumn": 13,
	"endLineNumber": 156,
	"endColumn": 13
},{
	"resource": "/c:/Users/basil/Desktop/material-kai-vision-platform/src/utils/apiResponseValidation.ts",
	"owner": "eslint",
	"code": "@typescript-eslint/no-explicit-any",
	"severity": 4,
	"message": "Unexpected any. Specify a different type",
	"source": "eslint",
	"startLineNumber": 161,
	"startColumn": 56,
	"endLineNumber": 161,
	"endColumn": 56
},{
	"resource": "/c:/Users/basil/Desktop/material-kai-vision-platform/src/utils/apiResponseValidation.ts",
	"owner": "eslint",
	"code": "@typescript-eslint/no-explicit-any",
	"severity": 4,
	"message": "Unexpected any. Specify a different type",
	"source": "eslint",
	"startLineNumber": 201,
	"startColumn": 27,
	"endLineNumber": 201,
	"endColumn": 27
},{
	"resource": "/c:/Users/basil/Desktop/material-kai-vision-platform/src/utils/apiResponseValidation.ts",
	"owner": "eslint",
	"code": "comma-dangle",
	"severity": 4,
	"message": "Missing trailing comma",
	"source": "eslint",
	"startLineNumber": 217,
	"startColumn": 13,
	"endLineNumber": 217,
	"endColumn": 13
},{
	"resource": "/c:/Users/basil/Desktop/material-kai-vision-platform/src/utils/apiResponseValidation.ts",
	"owner": "eslint",
	"code": "@typescript-eslint/no-explicit-any",
	"severity": 4,
	"message": "Unexpected any. Specify a different type",
	"source": "eslint",
	"startLineNumber": 222,
	"startColumn": 59,
	"endLineNumber": 222,
	"endColumn": 59
},{
	"resource": "/c:/Users/basil/Desktop/material-kai-vision-platform/src/utils/apiResponseValidation.ts",
	"owner": "eslint",
	"code": "comma-dangle",
	"severity": 4,
	"message": "Missing trailing comma",
	"source": "eslint",
	"startLineNumber": 263,
	"startColumn": 13,
	"endLineNumber": 263,
	"endColumn": 13
},{
	"resource": "/c:/Users/basil/Desktop/material-kai-vision-platform/src/utils/apiResponseValidation.ts",
	"owner": "eslint",
	"code": "@typescript-eslint/no-explicit-any",
	"severity": 4,
	"message": "Unexpected any. Specify a different type",
	"source": "eslint",
	"startLineNumber": 269,
	"startColumn": 13,
	"endLineNumber": 269,
	"endColumn": 13
},{
	"resource": "/c:/Users/basil/Desktop/material-kai-vision-platform/src/utils/apiResponseValidation.ts",
	"owner": "eslint",
	"code": "@typescript-eslint/no-explicit-any",
	"severity": 4,
	"message": "Unexpected any. Specify a different type",
	"source": "eslint",
	"startLineNumber": 270,
	"startColumn": 25,
	"endLineNumber": 270,
	"endColumn": 25
},{
	"resource": "/c:/Users/basil/Desktop/material-kai-vision-platform/src/utils/apiResponseValidation.ts",
	"owner": "eslint",
	"code": "comma-dangle",
	"severity": 4,
	"message": "Missing trailing comma",
	"source": "eslint",
	"startLineNumber": 271,
	"startColumn": 18,
	"endLineNumber": 271,
	"endColumn": 18
},{
	"resource": "/c:/Users/basil/Desktop/material-kai-vision-platform/src/utils/apiResponseValidation.ts",
	"owner": "eslint",
	"code": "no-console",
	"severity": 4,
	"message": "Unexpected console statement",
	"source": "eslint",
	"startLineNumber": 276,
	"startColumn": 5,
	"endLineNumber": 276,
	"endColumn": 5
},{
	"resource": "/c:/Users/basil/Desktop/material-kai-vision-platform/src/utils/apiResponseValidation.ts",
	"owner": "eslint",
	"code": "no-console",
	"severity": 4,
	"message": "Unexpected console statement",
	"source": "eslint",
	"startLineNumber": 280,
	"startColumn": 5,
	"endLineNumber": 280,
	"endColumn": 5
},{
	"resource": "/c:/Users/basil/Desktop/material-kai-vision-platform/src/utils/apiResponseValidation.ts",
	"owner": "eslint",
	"code": "no-console",
	"severity": 4,
	"message": "Unexpected console statement",
	"source": "eslint",
	"startLineNumber": 284,
	"startColumn": 5,
	"endLineNumber": 284,
	"endColumn": 5
},{
	"resource": "/c:/Users/basil/Desktop/material-kai-vision-platform/src/utils/customErrors.ts",
	"owner": "eslint",
	"code": "comma-dangle",
	"severity": 4,
	"message": "Missing trailing comma",
	"source": "eslint",
	"startLineNumber": 17,
	"startColumn": 38,
	"endLineNumber": 17,
	"endColumn": 38
},{
	"resource": "/c:/Users/basil/Desktop/material-kai-vision-platform/src/utils/customErrors.ts",
	"owner": "eslint",
	"code": "comma-dangle",
	"severity": 4,
	"message": "Missing trailing comma",
	"source": "eslint",
	"startLineNumber": 41,
	"startColumn": 24,
	"endLineNumber": 41,
	"endColumn": 24
},{
	"resource": "/c:/Users/basil/Desktop/material-kai-vision-platform/src/utils/customErrors.ts",
	"owner": "eslint",
	"code": "comma-dangle",
	"severity": 4,
	"message": "Missing trailing comma",
	"source": "eslint",
	"startLineNumber": 59,
	"startColumn": 38,
	"endLineNumber": 59,
	"endColumn": 38
},{
	"resource": "/c:/Users/basil/Desktop/material-kai-vision-platform/src/utils/customErrors.ts",
	"owner": "eslint",
	"code": "comma-dangle",
	"severity": 4,
	"message": "Missing trailing comma",
	"source": "eslint",
	"startLineNumber": 70,
	"startColumn": 25,
	"endLineNumber": 70,
	"endColumn": 25
},{
	"resource": "/c:/Users/basil/Desktop/material-kai-vision-platform/src/utils/customErrors.ts",
	"owner": "eslint",
	"code": "comma-dangle",
	"severity": 4,
	"message": "Missing trailing comma",
	"source": "eslint",
	"startLineNumber": 76,
	"startColumn": 19,
	"endLineNumber": 76,
	"endColumn": 19
},{
	"resource": "/c:/Users/basil/Desktop/material-kai-vision-platform/src/utils/customErrors.ts",
	"owner": "eslint",
	"code": "comma-dangle",
	"severity": 4,
	"message": "Missing trailing comma",
	"source": "eslint",
	"startLineNumber": 85,
	"startColumn": 22,
	"endLineNumber": 85,
	"endColumn": 22
},{
	"resource": "/c:/Users/basil/Desktop/material-kai-vision-platform/src/utils/customErrors.ts",
	"owner": "eslint",
	"code": "comma-dangle",
	"severity": 4,
	"message": "Missing trailing comma",
	"source": "eslint",
	"startLineNumber": 92,
	"startColumn": 27,
	"endLineNumber": 92,
	"endColumn": 27
},{
	"resource": "/c:/Users/basil/Desktop/material-kai-vision-platform/src/utils/customErrors.ts",
	"owner": "eslint",
	"code": "comma-dangle",
	"severity": 4,
	"message": "Missing trailing comma",
	"source": "eslint",
	"startLineNumber": 98,
	"startColumn": 42,
	"endLineNumber": 98,
	"endColumn": 42
},{
	"resource": "/c:/Users/basil/Desktop/material-kai-vision-platform/src/utils/customErrors.ts",
	"owner": "eslint",
	"code": "comma-dangle",
	"severity": 4,
	"message": "Missing trailing comma",
	"source": "eslint",
	"startLineNumber": 116,
	"startColumn": 38,
	"endLineNumber": 116,
	"endColumn": 38
},{
	"resource": "/c:/Users/basil/Desktop/material-kai-vision-platform/src/utils/customErrors.ts",
	"owner": "eslint",
	"code": "comma-dangle",
	"severity": 4,
	"message": "Missing trailing comma",
	"source": "eslint",
	"startLineNumber": 128,
	"startColumn": 21,
	"endLineNumber": 128,
	"endColumn": 21
},{
	"resource": "/c:/Users/basil/Desktop/material-kai-vision-platform/src/utils/customErrors.ts",
	"owner": "eslint",
	"code": "comma-dangle",
	"severity": 4,
	"message": "Missing trailing comma",
	"source": "eslint",
	"startLineNumber": 134,
	"startColumn": 13,
	"endLineNumber": 134,
	"endColumn": 13
},{
	"resource": "/c:/Users/basil/Desktop/material-kai-vision-platform/src/utils/customErrors.ts",
	"owner": "eslint",
	"code": "comma-dangle",
	"severity": 4,
	"message": "Missing trailing comma",
	"source": "eslint",
	"startLineNumber": 143,
	"startColumn": 13,
	"endLineNumber": 143,
	"endColumn": 13
},{
	"resource": "/c:/Users/basil/Desktop/material-kai-vision-platform/src/utils/customErrors.ts",
	"owner": "eslint",
	"code": "comma-dangle",
	"severity": 4,
	"message": "Missing trailing comma",
	"source": "eslint",
	"startLineNumber": 159,
	"startColumn": 38,
	"endLineNumber": 159,
	"endColumn": 38
},{
	"resource": "/c:/Users/basil/Desktop/material-kai-vision-platform/src/utils/customErrors.ts",
	"owner": "eslint",
	"code": "comma-dangle",
	"severity": 4,
	"message": "Missing trailing comma",
	"source": "eslint",
	"startLineNumber": 170,
	"startColumn": 16,
	"endLineNumber": 170,
	"endColumn": 16
},{
	"resource": "/c:/Users/basil/Desktop/material-kai-vision-platform/src/utils/customErrors.ts",
	"owner": "eslint",
	"code": "comma-dangle",
	"severity": 4,
	"message": "Missing trailing comma",
	"source": "eslint",
	"startLineNumber": 177,
	"startColumn": 27,
	"endLineNumber": 177,
	"endColumn": 27
},{
	"resource": "/c:/Users/basil/Desktop/material-kai-vision-platform/src/utils/customErrors.ts",
	"owner": "eslint",
	"code": "comma-dangle",
	"severity": 4,
	"message": "Missing trailing comma",
	"source": "eslint",
	"startLineNumber": 182,
	"startColumn": 12,
	"endLineNumber": 182,
	"endColumn": 12
},{
	"resource": "/c:/Users/basil/Desktop/material-kai-vision-platform/src/utils/customErrors.ts",
	"owner": "eslint",
	"code": "comma-dangle",
	"severity": 4,
	"message": "Missing trailing comma",
	"source": "eslint",
	"startLineNumber": 200,
	"startColumn": 38,
	"endLineNumber": 200,
	"endColumn": 38
},{
	"resource": "/c:/Users/basil/Desktop/material-kai-vision-platform/src/utils/customErrors.ts",
	"owner": "eslint",
	"code": "comma-dangle",
	"severity": 4,
	"message": "Missing trailing comma",
	"source": "eslint",
	"startLineNumber": 211,
	"startColumn": 19,
	"endLineNumber": 211,
	"endColumn": 19
},{
	"resource": "/c:/Users/basil/Desktop/material-kai-vision-platform/src/utils/customErrors.ts",
	"owner": "eslint",
	"code": "comma-dangle",
	"severity": 4,
	"message": "Missing trailing comma",
	"source": "eslint",
	"startLineNumber": 217,
	"startColumn": 19,
	"endLineNumber": 217,
	"endColumn": 19
},{
	"resource": "/c:/Users/basil/Desktop/material-kai-vision-platform/src/utils/customErrors.ts",
	"owner": "eslint",
	"code": "comma-dangle",
	"severity": 4,
	"message": "Missing trailing comma",
	"source": "eslint",
	"startLineNumber": 223,
	"startColumn": 24,
	"endLineNumber": 223,
	"endColumn": 24
},{
	"resource": "/c:/Users/basil/Desktop/material-kai-vision-platform/src/utils/customErrors.ts",
	"owner": "eslint",
	"code": "comma-dangle",
	"severity": 4,
	"message": "Missing trailing comma",
	"source": "eslint",
	"startLineNumber": 230,
	"startColumn": 21,
	"endLineNumber": 230,
	"endColumn": 21
},{
	"resource": "/c:/Users/basil/Desktop/material-kai-vision-platform/src/utils/customErrors.ts",
	"owner": "eslint",
	"code": "no-trailing-spaces",
	"severity": 4,
	"message": "Trailing spaces not allowed",
	"source": "eslint",
	"startLineNumber": 238,
	"startColumn": 23,
	"endLineNumber": 238,
	"endColumn": 23
},{
	"resource": "/c:/Users/basil/Desktop/material-kai-vision-platform/src/utils/customErrors.ts",
	"owner": "eslint",
	"code": "no-trailing-spaces",
	"severity": 4,
	"message": "Trailing spaces not allowed",
	"source": "eslint",
	"startLineNumber": 239,
	"startColumn": 20,
	"endLineNumber": 239,
	"endColumn": 20
},{
	"resource": "/c:/Users/basil/Desktop/material-kai-vision-platform/src/utils/customErrors.ts",
	"owner": "eslint",
	"code": "no-trailing-spaces",
	"severity": 4,
	"message": "Trailing spaces not allowed",
	"source": "eslint",
	"startLineNumber": 240,
	"startColumn": 13,
	"endLineNumber": 240,
	"endColumn": 13
},{
	"resource": "/c:/Users/basil/Desktop/material-kai-vision-platform/src/utils/customErrors.ts",
	"owner": "eslint",
	"code": "no-trailing-spaces",
	"severity": 4,
	"message": "Trailing spaces not allowed",
	"source": "eslint",
	"startLineNumber": 241,
	"startColumn": 23,
	"endLineNumber": 241,
	"endColumn": 23
},{
	"resource": "/c:/Users/basil/Desktop/material-kai-vision-platform/src/utils/customErrors.ts",
	"owner": "eslint",
	"code": "comma-dangle",
	"severity": 4,
	"message": "Missing trailing comma",
	"source": "eslint",
	"startLineNumber": 299,
	"startColumn": 11,
	"endLineNumber": 299,
	"endColumn": 11
},{
	"resource": "/c:/Users/basil/Desktop/material-kai-vision-platform/src/utils/customErrors.ts",
	"owner": "eslint",
	"code": "comma-dangle",
	"severity": 4,
	"message": "Missing trailing comma",
	"source": "eslint",
	"startLineNumber": 312,
	"startColumn": 9,
	"endLineNumber": 312,
	"endColumn": 9
},{
	"resource": "/c:/Users/basil/Desktop/material-kai-vision-platform/src/utils/customErrors.ts",
	"owner": "eslint",
	"code": "comma-dangle",
	"severity": 4,
	"message": "Missing trailing comma",
	"source": "eslint",
	"startLineNumber": 321,
	"startColumn": 19,
	"endLineNumber": 321,
	"endColumn": 19
},{
	"resource": "/c:/Users/basil/Desktop/material-kai-vision-platform/src/utils/customErrors.ts",
	"owner": "eslint",
	"code": "comma-dangle",
	"severity": 4,
	"message": "Missing trailing comma",
	"source": "eslint",
	"startLineNumber": 332,
	"startColumn": 40,
	"endLineNumber": 332,
	"endColumn": 40
},{
	"resource": "/c:/Users/basil/Desktop/material-kai-vision-platform/src/utils/customErrors.ts",
	"owner": "eslint",
	"code": "eol-last",
	"severity": 4,
	"message": "Newline required at end of file but not found",
	"source": "eslint",
	"startLineNumber": 334,
	"startColumn": 2,
	"endLineNumber": 334,
	"endColumn": 2
},{
	"resource": "/c:/Users/basil/Desktop/material-kai-vision-platform/src/utils/errorHandler.ts",
	"owner": "eslint",
	"code": "no-console",
	"severity": 4,
	"message": "Unexpected console statement",
	"source": "eslint",
	"startLineNumber": 136,
	"startColumn": 7,
	"endLineNumber": 136,
	"endColumn": 7
},{
	"resource": "/c:/Users/basil/Desktop/material-kai-vision-platform/src/utils/errorHandler.ts",
	"owner": "eslint",
	"code": "no-console",
	"severity": 4,
	"message": "Unexpected console statement",
	"source": "eslint",
	"startLineNumber": 138,
	"startColumn": 7,
	"endLineNumber": 138,
	"endColumn": 7
},{
	"resource": "/c:/Users/basil/Desktop/material-kai-vision-platform/src/utils/errorHandler.ts",
	"owner": "eslint",
	"code": "no-console",
	"severity": 4,
	"message": "Unexpected console statement",
	"source": "eslint",
	"startLineNumber": 140,
	"startColumn": 7,
	"endLineNumber": 140,
	"endColumn": 7
},{
	"resource": "/c:/Users/basil/Desktop/material-kai-vision-platform/src/utils/errorMessages.ts",
	"owner": "eslint",
	"code": "no-trailing-spaces",
	"severity": 4,
	"message": "Trailing spaces not allowed",
	"source": "eslint",
	"startLineNumber": 3,
	"startColumn": 3,
	"endLineNumber": 3,
	"endColumn": 3
},{
	"resource": "/c:/Users/basil/Desktop/material-kai-vision-platform/src/utils/errorReporting.ts",
	"owner": "eslint",
	"code": "no-console",
	"severity": 4,
	"message": "Unexpected console statement",
	"source": "eslint",
	"startLineNumber": 466,
	"startColumn": 3,
	"endLineNumber": 466,
	"endColumn": 3
},{
	"resource": "/c:/Users/basil/Desktop/material-kai-vision-platform/src/utils/errorReporting.ts",
	"owner": "eslint",
	"code": "no-console",
	"severity": 4,
	"message": "Unexpected console statement",
	"source": "eslint",
	"startLineNumber": 467,
	"startColumn": 3,
	"endLineNumber": 467,
	"endColumn": 3
},{
	"resource": "/c:/Users/basil/Desktop/material-kai-vision-platform/src/utils/errorReporting.ts",
	"owner": "eslint",
	"code": "no-console",
	"severity": 4,
	"message": "Unexpected console statement",
	"source": "eslint",
	"startLineNumber": 468,
	"startColumn": 3,
	"endLineNumber": 468,
	"endColumn": 3
},{
	"resource": "/c:/Users/basil/Desktop/material-kai-vision-platform/src/utils/errorReporting.ts",
	"owner": "eslint",
	"code": "no-console",
	"severity": 4,
	"message": "Unexpected console statement",
	"source": "eslint",
	"startLineNumber": 469,
	"startColumn": 3,
	"endLineNumber": 469,
	"endColumn": 3
},{
	"resource": "/c:/Users/basil/Desktop/material-kai-vision-platform/src/utils/errorReporting.ts",
	"owner": "eslint",
	"code": "no-console",
	"severity": 4,
	"message": "Unexpected console statement",
	"source": "eslint",
	"startLineNumber": 470,
	"startColumn": 3,
	"endLineNumber": 470,
	"endColumn": 3
},{
	"resource": "/c:/Users/basil/Desktop/material-kai-vision-platform/src/utils/errorReporting.ts",
	"owner": "eslint",
	"code": "no-console",
	"severity": 4,
	"message": "Unexpected console statement",
	"source": "eslint",
	"startLineNumber": 471,
	"startColumn": 3,
	"endLineNumber": 471,
	"endColumn": 3
},{
	"resource": "/c:/Users/basil/Desktop/material-kai-vision-platform/src/utils/errorReporting.ts",
	"owner": "eslint",
	"code": "no-console",
	"severity": 4,
	"message": "Unexpected console statement",
	"source": "eslint",
	"startLineNumber": 474,
	"startColumn": 5,
	"endLineNumber": 474,
	"endColumn": 5
},{
	"resource": "/c:/Users/basil/Desktop/material-kai-vision-platform/src/utils/errorReporting.ts",
	"owner": "eslint",
	"code": "no-console",
	"severity": 4,
	"message": "Unexpected console statement",
	"source": "eslint",
	"startLineNumber": 477,
	"startColumn": 3,
	"endLineNumber": 477,
	"endColumn": 3
},{
	"resource": "/c:/Users/basil/Desktop/material-kai-vision-platform/src/utils/errorReporting.ts",
	"owner": "eslint",
	"code": "no-console",
	"severity": 4,
	"message": "Unexpected console statement",
	"source": "eslint",
	"startLineNumber": 479,
	"startColumn": 5,
	"endLineNumber": 479,
	"endColumn": 5
},{
	"resource": "/c:/Users/basil/Desktop/material-kai-vision-platform/src/utils/errorReporting.ts",
	"owner": "eslint",
	"code": "no-console",
	"severity": 4,
	"message": "Unexpected console statement",
	"source": "eslint",
	"startLineNumber": 481,
	"startColumn": 7,
	"endLineNumber": 481,
	"endColumn": 7
},{
	"resource": "/c:/Users/basil/Desktop/material-kai-vision-platform/src/utils/errorReporting.ts",
	"owner": "eslint",
	"code": "no-console",
	"severity": 4,
	"message": "Unexpected console statement",
	"source": "eslint",
	"startLineNumber": 484,
	"startColumn": 7,
	"endLineNumber": 484,
	"endColumn": 7
},{
	"resource": "/c:/Users/basil/Desktop/material-kai-vision-platform/src/utils/errorReporting.ts",
	"owner": "eslint",
	"code": "no-console",
	"severity": 4,
	"message": "Unexpected console statement",
	"source": "eslint",
	"startLineNumber": 487,
	"startColumn": 3,
	"endLineNumber": 487,
	"endColumn": 3
},{
	"resource": "/c:/Users/basil/Desktop/material-kai-vision-platform/src/utils/materialValidation.ts",
	"owner": "eslint",
	"code": "@typescript-eslint/no-explicit-any",
	"severity": 4,
	"message": "Unexpected any. Specify a different type",
	"source": "eslint",
	"startLineNumber": 38,
	"startColumn": 18,
	"endLineNumber": 38,
	"endColumn": 18
},{
	"resource": "/c:/Users/basil/Desktop/material-kai-vision-platform/src/utils/materialValidation.ts",
	"owner": "eslint",
	"code": "comma-dangle",
	"severity": 4,
	"message": "Missing trailing comma",
	"source": "eslint",
	"startLineNumber": 203,
	"startColumn": 29,
	"endLineNumber": 203,
	"endColumn": 29
},{
	"resource": "/c:/Users/basil/Desktop/material-kai-vision-platform/src/utils/materialValidation.ts",
	"owner": "eslint",
	"code": "comma-dangle",
	"severity": 4,
	"message": "Missing trailing comma",
	"source": "eslint",
	"startLineNumber": 418,
	"startColumn": 38,
	"endLineNumber": 418,
	"endColumn": 38
},{
	"resource": "/c:/Users/basil/Desktop/material-kai-vision-platform/src/utils/materialValidation.ts",
	"owner": "eslint",
	"code": "@typescript-eslint/no-explicit-any",
	"severity": 4,
	"message": "Unexpected any. Specify a different type",
	"source": "eslint",
	"startLineNumber": 431,
	"startColumn": 59,
	"endLineNumber": 431,
	"endColumn": 59
},{
	"resource": "/c:/Users/basil/Desktop/material-kai-vision-platform/src/utils/materialValidation.ts",
	"owner": "eslint",
	"code": "@typescript-eslint/no-explicit-any",
	"severity": 4,
	"message": "Unexpected any. Specify a different type",
	"source": "eslint",
	"startLineNumber": 452,
	"startColumn": 85,
	"endLineNumber": 452,
	"endColumn": 85
},{
	"resource": "/c:/Users/basil/Desktop/material-kai-vision-platform/src/utils/materialValidation.ts",
	"owner": "eslint",
	"code": "@typescript-eslint/no-explicit-any",
	"severity": 4,
	"message": "Unexpected any. Specify a different type",
	"source": "eslint",
	"startLineNumber": 466,
	"startColumn": 65,
	"endLineNumber": 466,
	"endColumn": 65
},{
	"resource": "/c:/Users/basil/Desktop/material-kai-vision-platform/src/utils/materialValidation.ts",
	"owner": "eslint",
	"code": "comma-dangle",
	"severity": 4,
	"message": "Missing trailing comma",
	"source": "eslint",
	"startLineNumber": 512,
	"startColumn": 30,
	"endLineNumber": 512,
	"endColumn": 30
},{
	"resource": "/c:/Users/basil/Desktop/material-kai-vision-platform/src/utils/materialValidation.ts",
	"owner": "eslint",
	"code": "comma-dangle",
	"severity": 4,
	"message": "Missing trailing comma",
	"source": "eslint",
	"startLineNumber": 621,
	"startColumn": 30,
	"endLineNumber": 621,
	"endColumn": 30
},{
	"resource": "/c:/Users/basil/Desktop/material-kai-vision-platform/src/utils/materialValidation.ts",
	"owner": "eslint",
	"code": "no-trailing-spaces",
	"severity": 4,
	"message": "Trailing spaces not allowed",
	"source": "eslint",
	"startLineNumber": 680,
	"startColumn": 1,
	"endLineNumber": 680,
	"endColumn": 1
},{
	"resource": "/c:/Users/basil/Desktop/material-kai-vision-platform/src/utils/materialValidation.ts",
	"owner": "eslint",
	"code": "no-trailing-spaces",
	"severity": 4,
	"message": "Trailing spaces not allowed",
	"source": "eslint",
	"startLineNumber": 720,
	"startColumn": 1,
	"endLineNumber": 720,
	"endColumn": 1
},{
	"resource": "/c:/Users/basil/Desktop/material-kai-vision-platform/src/utils/materialValidation.ts",
	"owner": "eslint",
	"code": "comma-dangle",
	"severity": 4,
	"message": "Missing trailing comma",
	"source": "eslint",
	"startLineNumber": 729,
	"startColumn": 86,
	"endLineNumber": 729,
	"endColumn": 86
},{
	"resource": "/c:/Users/basil/Desktop/material-kai-vision-platform/src/utils/materialValidation.ts",
	"owner": "eslint",
	"code": "@typescript-eslint/no-explicit-any",
	"severity": 4,
	"message": "Unexpected any. Specify a different type",
	"source": "eslint",
	"startLineNumber": 735,
	"startColumn": 63,
	"endLineNumber": 735,
	"endColumn": 63
},{
	"resource": "/c:/Users/basil/Desktop/material-kai-vision-platform/src/utils/materialValidation.ts",
	"owner": "eslint",
	"code": "no-trailing-spaces",
	"severity": 4,
	"message": "Trailing spaces not allowed",
	"source": "eslint",
	"startLineNumber": 736,
	"startColumn": 55,
	"endLineNumber": 736,
	"endColumn": 55
},{
	"resource": "/c:/Users/basil/Desktop/material-kai-vision-platform/src/utils/materialValidation.ts",
	"owner": "eslint",
	"code": "no-trailing-spaces",
	"severity": 4,
	"message": "Trailing spaces not allowed",
	"source": "eslint",
	"startLineNumber": 737,
	"startColumn": 28,
	"endLineNumber": 737,
	"endColumn": 28
},{
	"resource": "/c:/Users/basil/Desktop/material-kai-vision-platform/src/utils/materialValidation.ts",
	"owner": "eslint",
	"code": "no-trailing-spaces",
	"severity": 4,
	"message": "Trailing spaces not allowed",
	"source": "eslint",
	"startLineNumber": 738,
	"startColumn": 35,
	"endLineNumber": 738,
	"endColumn": 35
},{
	"resource": "/c:/Users/basil/Desktop/material-kai-vision-platform/src/utils/materialValidation.ts",
	"owner": "eslint",
	"code": "comma-dangle",
	"severity": 4,
	"message": "Missing trailing comma",
	"source": "eslint",
	"startLineNumber": 740,
	"startColumn": 39,
	"endLineNumber": 740,
	"endColumn": 39
},{
	"resource": "/c:/Users/basil/Desktop/material-kai-vision-platform/src/utils/materialValidation.ts",
	"owner": "eslint",
	"code": "no-trailing-spaces",
	"severity": 4,
	"message": "Trailing spaces not allowed",
	"source": "eslint",
	"startLineNumber": 742,
	"startColumn": 1,
	"endLineNumber": 742,
	"endColumn": 1
},{
	"resource": "/c:/Users/basil/Desktop/material-kai-vision-platform/src/utils/materialValidation.ts",
	"owner": "eslint",
	"code": "no-trailing-spaces",
	"severity": 4,
	"message": "Trailing spaces not allowed",
	"source": "eslint",
	"startLineNumber": 766,
	"startColumn": 1,
	"endLineNumber": 766,
	"endColumn": 1
},{
	"resource": "/c:/Users/basil/Desktop/material-kai-vision-platform/src/utils/materialValidation.ts",
	"owner": "eslint",
	"code": "@typescript-eslint/no-explicit-any",
	"severity": 4,
	"message": "Unexpected any. Specify a different type",
	"source": "eslint",
	"startLineNumber": 772,
	"startColumn": 77,
	"endLineNumber": 772,
	"endColumn": 77
},{
	"resource": "/c:/Users/basil/Desktop/material-kai-vision-platform/src/utils/materialValidation.ts",
	"owner": "eslint",
	"code": "@typescript-eslint/no-explicit-any",
	"severity": 4,
	"message": "Unexpected any. Specify a different type",
	"source": "eslint",
	"startLineNumber": 781,
	"startColumn": 75,
	"endLineNumber": 781,
	"endColumn": 75
},{
	"resource": "/c:/Users/basil/Desktop/material-kai-vision-platform/src/utils/materialValidation.ts",
	"owner": "eslint",
	"code": "@typescript-eslint/no-explicit-any",
	"severity": 4,
	"message": "Unexpected any. Specify a different type",
	"source": "eslint",
	"startLineNumber": 790,
	"startColumn": 90,
	"endLineNumber": 790,
	"endColumn": 90
},{
	"resource": "/c:/Users/basil/Desktop/material-kai-vision-platform/src/utils/materialValidation.ts",
	"owner": "eslint",
	"code": "@typescript-eslint/no-explicit-any",
	"severity": 4,
	"message": "Unexpected any. Specify a different type",
	"source": "eslint",
	"startLineNumber": 799,
	"startColumn": 82,
	"endLineNumber": 799,
	"endColumn": 82
},{
	"resource": "/c:/Users/basil/Desktop/material-kai-vision-platform/src/utils/materialValidation.ts",
	"owner": "eslint",
	"code": "@typescript-eslint/no-explicit-any",
	"severity": 4,
	"message": "Unexpected any. Specify a different type",
	"source": "eslint",
	"startLineNumber": 808,
	"startColumn": 81,
	"endLineNumber": 808,
	"endColumn": 81
},{
	"resource": "/c:/Users/basil/Desktop/material-kai-vision-platform/src/utils/materialValidation.ts",
	"owner": "eslint",
	"code": "no-trailing-spaces",
	"severity": 4,
	"message": "Trailing spaces not allowed",
	"source": "eslint",
	"startLineNumber": 818,
	"startColumn": 1,
	"endLineNumber": 818,
	"endColumn": 1
},{
	"resource": "/c:/Users/basil/Desktop/material-kai-vision-platform/src/utils/materialValidation.ts",
	"owner": "eslint",
	"code": "@typescript-eslint/no-explicit-any",
	"severity": 4,
	"message": "Unexpected any. Specify a different type",
	"source": "eslint",
	"startLineNumber": 821,
	"startColumn": 96,
	"endLineNumber": 821,
	"endColumn": 96
},{
	"resource": "/c:/Users/basil/Desktop/material-kai-vision-platform/src/utils/materialValidation.ts",
	"owner": "eslint",
	"code": "no-trailing-spaces",
	"severity": 4,
	"message": "Trailing spaces not allowed",
	"source": "eslint",
	"startLineNumber": 837,
	"startColumn": 1,
	"endLineNumber": 837,
	"endColumn": 1
},{
	"resource": "/c:/Users/basil/Desktop/material-kai-vision-platform/src/utils/materialValidation.ts",
	"owner": "eslint",
	"code": "no-trailing-spaces",
	"severity": 4,
	"message": "Trailing spaces not allowed",
	"source": "eslint",
	"startLineNumber": 844,
	"startColumn": 1,
	"endLineNumber": 844,
	"endColumn": 1
},{
	"resource": "/c:/Users/basil/Desktop/material-kai-vision-platform/src/utils/materialValidation.ts",
	"owner": "eslint",
	"code": "comma-dangle",
	"severity": 4,
	"message": "Missing trailing comma",
	"source": "eslint",
	"startLineNumber": 858,
	"startColumn": 4,
	"endLineNumber": 858,
	"endColumn": 4
},{
	"resource": "/c:/Users/basil/Desktop/material-kai-vision-platform/src/utils/materialValidation.ts",
	"owner": "eslint",
	"code": "no-trailing-spaces",
	"severity": 4,
	"message": "Trailing spaces not allowed",
	"source": "eslint",
	"startLineNumber": 862,
	"startColumn": 1,
	"endLineNumber": 862,
	"endColumn": 1
},{
	"resource": "/c:/Users/basil/Desktop/material-kai-vision-platform/src/utils/materialValidation.ts",
	"owner": "eslint",
	"code": "@typescript-eslint/no-explicit-any",
	"severity": 4,
	"message": "Unexpected any. Specify a different type",
	"source": "eslint",
	"startLineNumber": 866,
	"startColumn": 53,
	"endLineNumber": 866,
	"endColumn": 53
},{
	"resource": "/c:/Users/basil/Desktop/material-kai-vision-platform/src/utils/materialValidation.ts",
	"owner": "eslint",
	"code": "@typescript-eslint/no-explicit-any",
	"severity": 4,
	"message": "Unexpected any. Specify a different type",
	"source": "eslint",
	"startLineNumber": 867,
	"startColumn": 56,
	"endLineNumber": 867,
	"endColumn": 56
},{
	"resource": "/c:/Users/basil/Desktop/material-kai-vision-platform/src/utils/materialValidation.ts",
	"owner": "eslint",
	"code": "@typescript-eslint/no-explicit-any",
	"severity": 4,
	"message": "Unexpected any. Specify a different type",
	"source": "eslint",
	"startLineNumber": 868,
	"startColumn": 42,
	"endLineNumber": 868,
	"endColumn": 42
},{
	"resource": "/c:/Users/basil/Desktop/material-kai-vision-platform/src/utils/materialValidation.ts",
	"owner": "eslint",
	"code": "@typescript-eslint/no-explicit-any",
	"severity": 4,
	"message": "Unexpected any. Specify a different type",
	"source": "eslint",
	"startLineNumber": 874,
	"startColumn": 44,
	"endLineNumber": 874,
	"endColumn": 44
},{
	"resource": "/c:/Users/basil/Desktop/material-kai-vision-platform/src/utils/materialValidation.ts",
	"owner": "eslint",
	"code": "@typescript-eslint/no-explicit-any",
	"severity": 4,
	"message": "Unexpected any. Specify a different type",
	"source": "eslint",
	"startLineNumber": 876,
	"startColumn": 61,
	"endLineNumber": 876,
	"endColumn": 61
},{
	"resource": "/c:/Users/basil/Desktop/material-kai-vision-platform/src/utils/materialValidation.ts",
	"owner": "eslint",
	"code": "@typescript-eslint/no-explicit-any",
	"severity": 4,
	"message": "Unexpected any. Specify a different type",
	"source": "eslint",
	"startLineNumber": 877,
	"startColumn": 65,
	"endLineNumber": 877,
	"endColumn": 65
},{
	"resource": "/c:/Users/basil/Desktop/material-kai-vision-platform/src/utils/materialValidation.ts",
	"owner": "eslint",
	"code": "@typescript-eslint/no-explicit-any",
	"severity": 4,
	"message": "Unexpected any. Specify a different type",
	"source": "eslint",
	"startLineNumber": 878,
	"startColumn": 57,
	"endLineNumber": 878,
	"endColumn": 57
},{
	"resource": "/c:/Users/basil/Desktop/material-kai-vision-platform/src/utils/materialValidation.ts",
	"owner": "eslint",
	"code": "@typescript-eslint/no-explicit-any",
	"severity": 4,
	"message": "Unexpected any. Specify a different type",
	"source": "eslint",
	"startLineNumber": 890,
	"startColumn": 18,
	"endLineNumber": 890,
	"endColumn": 18
},{
	"resource": "/c:/Users/basil/Desktop/material-kai-vision-platform/src/utils/materialValidation.ts",
	"owner": "eslint",
	"code": "@typescript-eslint/no-explicit-any",
	"severity": 4,
	"message": "Unexpected any. Specify a different type",
	"source": "eslint",
	"startLineNumber": 894,
	"startColumn": 45,
	"endLineNumber": 894,
	"endColumn": 45
},{
	"resource": "/c:/Users/basil/Desktop/material-kai-vision-platform/src/utils/materialValidation.ts",
	"owner": "eslint",
	"code": "@typescript-eslint/no-explicit-any",
	"severity": 4,
	"message": "Unexpected any. Specify a different type",
	"source": "eslint",
	"startLineNumber": 895,
	"startColumn": 18,
	"endLineNumber": 895,
	"endColumn": 18
},{
	"resource": "/c:/Users/basil/Desktop/material-kai-vision-platform/src/utils/materialValidation.ts",
	"owner": "eslint",
	"code": "@typescript-eslint/no-explicit-any",
	"severity": 4,
	"message": "Unexpected any. Specify a different type",
	"source": "eslint",
	"startLineNumber": 896,
	"startColumn": 55,
	"endLineNumber": 896,
	"endColumn": 55
},{
	"resource": "/c:/Users/basil/Desktop/material-kai-vision-platform/src/utils/materialValidation.ts",
	"owner": "eslint",
	"code": "eol-last",
	"severity": 4,
	"message": "Newline required at end of file but not found",
	"source": "eslint",
	"startLineNumber": 917,
	"startColumn": 12,
	"endLineNumber": 917,
	"endColumn": 12
},{
	"resource": "/c:/Users/basil/Desktop/material-kai-vision-platform/src/utils/retryHelper.ts",
	"owner": "eslint",
	"code": "no-trailing-spaces",
	"severity": 4,
	"message": "Trailing spaces not allowed",
	"source": "eslint",
	"startLineNumber": 76,
	"startColumn": 1,
	"endLineNumber": 76,
	"endColumn": 1
},{
	"resource": "/c:/Users/basil/Desktop/material-kai-vision-platform/src/utils/typeGuards.ts",
	"owner": "eslint",
	"code": "no-trailing-spaces",
	"severity": 4,
	"message": "Trailing spaces not allowed",
	"source": "eslint",
	"startLineNumber": 3,
	"startColumn": 3,
	"endLineNumber": 3,
	"endColumn": 3
},{
	"resource": "/c:/Users/basil/Desktop/material-kai-vision-platform/src/utils/typeGuards.ts",
	"owner": "eslint",
	"code": "@typescript-eslint/no-explicit-any",
	"severity": 4,
	"message": "Unexpected any. Specify a different type",
	"source": "eslint",
	"startLineNumber": 11,
	"startColumn": 33,
	"endLineNumber": 11,
	"endColumn": 33
},{
	"resource": "/c:/Users/basil/Desktop/material-kai-vision-platform/src/utils/typeGuards.ts",
	"owner": "eslint",
	"code": "@typescript-eslint/no-explicit-any",
	"severity": 4,
	"message": "Unexpected any. Specify a different type",
	"source": "eslint",
	"startLineNumber": 15,
	"startColumn": 33,
	"endLineNumber": 15,
	"endColumn": 33
},{
	"resource": "/c:/Users/basil/Desktop/material-kai-vision-platform/src/utils/typeGuards.ts",
	"owner": "eslint",
	"code": "@typescript-eslint/no-explicit-any",
	"severity": 4,
	"message": "Unexpected any. Specify a different type",
	"source": "eslint",
	"startLineNumber": 19,
	"startColumn": 34,
	"endLineNumber": 19,
	"endColumn": 34
},{
	"resource": "/c:/Users/basil/Desktop/material-kai-vision-platform/src/utils/typeGuards.ts",
	"owner": "eslint",
	"code": "@typescript-eslint/no-explicit-any",
	"severity": 4,
	"message": "Unexpected any. Specify a different type",
	"source": "eslint",
	"startLineNumber": 23,
	"startColumn": 31,
	"endLineNumber": 23,
	"endColumn": 31
},{
	"resource": "/c:/Users/basil/Desktop/material-kai-vision-platform/src/utils/typeGuards.ts",
	"owner": "eslint",
	"code": "@typescript-eslint/no-explicit-any",
	"severity": 4,
	"message": "Unexpected any. Specify a different type",
	"source": "eslint",
	"startLineNumber": 27,
	"startColumn": 36,
	"endLineNumber": 27,
	"endColumn": 36
},{
	"resource": "/c:/Users/basil/Desktop/material-kai-vision-platform/src/utils/typeGuards.ts",
	"owner": "eslint",
	"code": "@typescript-eslint/no-explicit-any",
	"severity": 4,
	"message": "Unexpected any. Specify a different type",
	"source": "eslint",
	"startLineNumber": 31,
	"startColumn": 34,
	"endLineNumber": 31,
	"endColumn": 34
},{
	"resource": "/c:/Users/basil/Desktop/material-kai-vision-platform/src/utils/typeGuards.ts",
	"owner": "eslint",
	"code": "@typescript-eslint/no-explicit-any",
	"severity": 4,
	"message": "Unexpected any. Specify a different type",
	"source": "eslint",
	"startLineNumber": 35,
	"startColumn": 33,
	"endLineNumber": 35,
	"endColumn": 33
},{
	"resource": "/c:/Users/basil/Desktop/material-kai-vision-platform/src/utils/typeGuards.ts",
	"owner": "eslint",
	"code": "@typescript-eslint/no-explicit-any",
	"severity": 4,
	"message": "Unexpected any. Specify a different type",
	"source": "eslint",
	"startLineNumber": 35,
	"startColumn": 63,
	"endLineNumber": 35,
	"endColumn": 63
},{
	"resource": "/c:/Users/basil/Desktop/material-kai-vision-platform/src/utils/typeGuards.ts",
	"owner": "eslint",
	"code": "@typescript-eslint/no-explicit-any",
	"severity": 4,
	"message": "Unexpected any. Specify a different type",
	"source": "eslint",
	"startLineNumber": 39,
	"startColumn": 32,
	"endLineNumber": 39,
	"endColumn": 32
},{
	"resource": "/c:/Users/basil/Desktop/material-kai-vision-platform/src/utils/typeGuards.ts",
	"owner": "eslint",
	"code": "@typescript-eslint/no-explicit-any",
	"severity": 4,
	"message": "Unexpected any. Specify a different type",
	"source": "eslint",
	"startLineNumber": 39,
	"startColumn": 47,
	"endLineNumber": 39,
	"endColumn": 47
},{
	"resource": "/c:/Users/basil/Desktop/material-kai-vision-platform/src/utils/typeGuards.ts",
	"owner": "eslint",
	"code": "@typescript-eslint/no-explicit-any",
	"severity": 4,
	"message": "Unexpected any. Specify a different type",
	"source": "eslint",
	"startLineNumber": 43,
	"startColumn": 35,
	"endLineNumber": 43,
	"endColumn": 35
},{
	"resource": "/c:/Users/basil/Desktop/material-kai-vision-platform/src/utils/typeGuards.ts",
	"owner": "eslint",
	"code": "@typescript-eslint/no-explicit-any",
	"severity": 4,
	"message": "Unexpected any. Specify a different type",
	"source": "eslint",
	"startLineNumber": 47,
	"startColumn": 31,
	"endLineNumber": 47,
	"endColumn": 31
},{
	"resource": "/c:/Users/basil/Desktop/material-kai-vision-platform/src/utils/typeGuards.ts",
	"owner": "eslint",
	"code": "@typescript-eslint/no-explicit-any",
	"severity": 4,
	"message": "Unexpected any. Specify a different type",
	"source": "eslint",
	"startLineNumber": 51,
	"startColumn": 32,
	"endLineNumber": 51,
	"endColumn": 32
},{
	"resource": "/c:/Users/basil/Desktop/material-kai-vision-platform/src/utils/typeGuards.ts",
	"owner": "eslint",
	"code": "@typescript-eslint/no-explicit-any",
	"severity": 4,
	"message": "Unexpected any. Specify a different type",
	"source": "eslint",
	"startLineNumber": 58,
	"startColumn": 38,
	"endLineNumber": 58,
	"endColumn": 38
},{
	"resource": "/c:/Users/basil/Desktop/material-kai-vision-platform/src/utils/typeGuards.ts",
	"owner": "eslint",
	"code": "@typescript-eslint/no-explicit-any",
	"severity": 4,
	"message": "Unexpected any. Specify a different type",
	"source": "eslint",
	"startLineNumber": 62,
	"startColumn": 38,
	"endLineNumber": 62,
	"endColumn": 38
},{
	"resource": "/c:/Users/basil/Desktop/material-kai-vision-platform/src/utils/typeGuards.ts",
	"owner": "eslint",
	"code": "@typescript-eslint/no-explicit-any",
	"severity": 4,
	"message": "Unexpected any. Specify a different type",
	"source": "eslint",
	"startLineNumber": 66,
	"startColumn": 33,
	"endLineNumber": 66,
	"endColumn": 33
},{
	"resource": "/c:/Users/basil/Desktop/material-kai-vision-platform/src/utils/typeGuards.ts",
	"owner": "eslint",
	"code": "@typescript-eslint/no-explicit-any",
	"severity": 4,
	"message": "Unexpected any. Specify a different type",
	"source": "eslint",
	"startLineNumber": 66,
	"startColumn": 63,
	"endLineNumber": 66,
	"endColumn": 63
},{
	"resource": "/c:/Users/basil/Desktop/material-kai-vision-platform/src/utils/typeGuards.ts",
	"owner": "eslint",
	"code": "@typescript-eslint/no-explicit-any",
	"severity": 4,
	"message": "Unexpected any. Specify a different type",
	"source": "eslint",
	"startLineNumber": 70,
	"startColumn": 39,
	"endLineNumber": 70,
	"endColumn": 39
},{
	"resource": "/c:/Users/basil/Desktop/material-kai-vision-platform/src/utils/typeGuards.ts",
	"owner": "eslint",
	"code": "@typescript-eslint/no-explicit-any",
	"severity": 4,
	"message": "Unexpected any. Specify a different type",
	"source": "eslint",
	"startLineNumber": 74,
	"startColumn": 39,
	"endLineNumber": 74,
	"endColumn": 39
},{
	"resource": "/c:/Users/basil/Desktop/material-kai-vision-platform/src/utils/typeGuards.ts",
	"owner": "eslint",
	"code": "@typescript-eslint/no-explicit-any",
	"severity": 4,
	"message": "Unexpected any. Specify a different type",
	"source": "eslint",
	"startLineNumber": 81,
	"startColumn": 34,
	"endLineNumber": 81,
	"endColumn": 34
},{
	"resource": "/c:/Users/basil/Desktop/material-kai-vision-platform/src/utils/typeGuards.ts",
	"owner": "eslint",
	"code": "@typescript-eslint/no-explicit-any",
	"severity": 4,
	"message": "Unexpected any. Specify a different type",
	"source": "eslint",
	"startLineNumber": 88,
	"startColumn": 38,
	"endLineNumber": 88,
	"endColumn": 38
},{
	"resource": "/c:/Users/basil/Desktop/material-kai-vision-platform/src/utils/typeGuards.ts",
	"owner": "eslint",
	"code": "@typescript-eslint/no-explicit-any",
	"severity": 4,
	"message": "Unexpected any. Specify a different type",
	"source": "eslint",
	"startLineNumber": 98,
	"startColumn": 51,
	"endLineNumber": 98,
	"endColumn": 51
},{
	"resource": "/c:/Users/basil/Desktop/material-kai-vision-platform/src/utils/typeGuards.ts",
	"owner": "eslint",
	"code": "@typescript-eslint/no-explicit-any",
	"severity": 4,
	"message": "Unexpected any. Specify a different type",
	"source": "eslint",
	"startLineNumber": 102,
	"startColumn": 44,
	"endLineNumber": 102,
	"endColumn": 44
},{
	"resource": "/c:/Users/basil/Desktop/material-kai-vision-platform/src/utils/typeGuards.ts",
	"owner": "eslint",
	"code": "@typescript-eslint/no-explicit-any",
	"severity": 4,
	"message": "Unexpected any. Specify a different type",
	"source": "eslint",
	"startLineNumber": 115,
	"startColumn": 41,
	"endLineNumber": 115,
	"endColumn": 41
},{
	"resource": "/c:/Users/basil/Desktop/material-kai-vision-platform/src/utils/typeGuards.ts",
	"owner": "eslint",
	"code": "@typescript-eslint/no-explicit-any",
	"severity": 4,
	"message": "Unexpected any. Specify a different type",
	"source": "eslint",
	"startLineNumber": 127,
	"startColumn": 39,
	"endLineNumber": 127,
	"endColumn": 39
},{
	"resource": "/c:/Users/basil/Desktop/material-kai-vision-platform/src/utils/typeGuards.ts",
	"owner": "eslint",
	"code": "@typescript-eslint/no-explicit-any",
	"severity": 4,
	"message": "Unexpected any. Specify a different type",
	"source": "eslint",
	"startLineNumber": 133,
	"startColumn": 43,
	"endLineNumber": 133,
	"endColumn": 43
},{
	"resource": "/c:/Users/basil/Desktop/material-kai-vision-platform/src/utils/typeGuards.ts",
	"owner": "eslint",
	"code": "@typescript-eslint/no-explicit-any",
	"severity": 4,
	"message": "Unexpected any. Specify a different type",
	"source": "eslint",
	"startLineNumber": 142,
	"startColumn": 51,
	"endLineNumber": 142,
	"endColumn": 51
},{
	"resource": "/c:/Users/basil/Desktop/material-kai-vision-platform/src/utils/typeGuards.ts",
	"owner": "eslint",
	"code": "@typescript-eslint/no-explicit-any",
	"severity": 4,
	"message": "Unexpected any. Specify a different type",
	"source": "eslint",
	"startLineNumber": 146,
	"startColumn": 50,
	"endLineNumber": 146,
	"endColumn": 50
},{
	"resource": "/c:/Users/basil/Desktop/material-kai-vision-platform/src/utils/typeGuards.ts",
	"owner": "eslint",
	"code": "@typescript-eslint/no-explicit-any",
	"severity": 4,
	"message": "Unexpected any. Specify a different type",
	"source": "eslint",
	"startLineNumber": 156,
	"startColumn": 10,
	"endLineNumber": 156,
	"endColumn": 10
},{
	"resource": "/c:/Users/basil/Desktop/material-kai-vision-platform/src/utils/typeGuards.ts",
	"owner": "eslint",
	"code": "@typescript-eslint/no-explicit-any",
	"severity": 4,
	"message": "Unexpected any. Specify a different type",
	"source": "eslint",
	"startLineNumber": 159,
	"startColumn": 36,
	"endLineNumber": 159,
	"endColumn": 36
},{
	"resource": "/c:/Users/basil/Desktop/material-kai-vision-platform/src/utils/typeGuards.ts",
	"owner": "eslint",
	"code": "@typescript-eslint/no-explicit-any",
	"severity": 4,
	"message": "Unexpected any. Specify a different type",
	"source": "eslint",
	"startLineNumber": 173,
	"startColumn": 18,
	"endLineNumber": 173,
	"endColumn": 18
},{
	"resource": "/c:/Users/basil/Desktop/material-kai-vision-platform/src/utils/typeGuards.ts",
	"owner": "eslint",
	"code": "@typescript-eslint/no-explicit-any",
	"severity": 4,
	"message": "Unexpected any. Specify a different type",
	"source": "eslint",
	"startLineNumber": 176,
	"startColumn": 37,
	"endLineNumber": 176,
	"endColumn": 37
},{
	"resource": "/c:/Users/basil/Desktop/material-kai-vision-platform/src/utils/typeGuards.ts",
	"owner": "eslint",
	"code": "@typescript-eslint/no-explicit-any",
	"severity": 4,
	"message": "Unexpected any. Specify a different type",
	"source": "eslint",
	"startLineNumber": 183,
	"startColumn": 47,
	"endLineNumber": 183,
	"endColumn": 47
},{
	"resource": "/c:/Users/basil/Desktop/material-kai-vision-platform/src/utils/typeGuards.ts",
	"owner": "eslint",
	"code": "@typescript-eslint/no-explicit-any",
	"severity": 4,
	"message": "Unexpected any. Specify a different type",
	"source": "eslint",
	"startLineNumber": 191,
	"startColumn": 38,
	"endLineNumber": 191,
	"endColumn": 38
},{
	"resource": "/c:/Users/basil/Desktop/material-kai-vision-platform/src/utils/typeGuards.ts",
	"owner": "eslint",
	"code": "@typescript-eslint/no-explicit-any",
	"severity": 4,
	"message": "Unexpected any. Specify a different type",
	"source": "eslint",
	"startLineNumber": 199,
	"startColumn": 40,
	"endLineNumber": 199,
	"endColumn": 40
},{
	"resource": "/c:/Users/basil/Desktop/material-kai-vision-platform/src/utils/typeGuards.ts",
	"owner": "eslint",
	"code": "@typescript-eslint/no-explicit-any",
	"severity": 4,
	"message": "Unexpected any. Specify a different type",
	"source": "eslint",
	"startLineNumber": 204,
	"startColumn": 41,
	"endLineNumber": 204,
	"endColumn": 41
},{
	"resource": "/c:/Users/basil/Desktop/material-kai-vision-platform/src/utils/typeGuards.ts",
	"owner": "eslint",
	"code": "@typescript-eslint/no-explicit-any",
	"severity": 4,
	"message": "Unexpected any. Specify a different type",
	"source": "eslint",
	"startLineNumber": 217,
	"startColumn": 39,
	"endLineNumber": 217,
	"endColumn": 39
},{
	"resource": "/c:/Users/basil/Desktop/material-kai-vision-platform/src/utils/typeGuards.ts",
	"owner": "eslint",
	"code": "@typescript-eslint/no-explicit-any",
	"severity": 4,
	"message": "Unexpected any. Specify a different type",
	"source": "eslint",
	"startLineNumber": 224,
	"startColumn": 10,
	"endLineNumber": 224,
	"endColumn": 10
},{
	"resource": "/c:/Users/basil/Desktop/material-kai-vision-platform/src/utils/typeGuards.ts",
	"owner": "eslint",
	"code": "@typescript-eslint/no-explicit-any",
	"severity": 4,
	"message": "Unexpected any. Specify a different type",
	"source": "eslint",
	"startLineNumber": 225,
	"startColumn": 21,
	"endLineNumber": 225,
	"endColumn": 21
},{
	"resource": "/c:/Users/basil/Desktop/material-kai-vision-platform/src/utils/typeGuards.ts",
	"owner": "eslint",
	"code": "comma-dangle",
	"severity": 4,
	"message": "Missing trailing comma",
	"source": "eslint",
	"startLineNumber": 225,
	"startColumn": 38,
	"endLineNumber": 225,
	"endColumn": 38
},{
	"resource": "/c:/Users/basil/Desktop/material-kai-vision-platform/src/utils/typeGuards.ts",
	"owner": "eslint",
	"code": "@typescript-eslint/no-explicit-any",
	"severity": 4,
	"message": "Unexpected any. Specify a different type",
	"source": "eslint",
	"startLineNumber": 234,
	"startColumn": 8,
	"endLineNumber": 234,
	"endColumn": 8
},{
	"resource": "/c:/Users/basil/Desktop/material-kai-vision-platform/src/utils/typeGuards.ts",
	"owner": "eslint",
	"code": "comma-dangle",
	"severity": 4,
	"message": "Missing trailing comma",
	"source": "eslint",
	"startLineNumber": 235,
	"startColumn": 9,
	"endLineNumber": 235,
	"endColumn": 9
},{
	"resource": "/c:/Users/basil/Desktop/material-kai-vision-platform/src/utils/typeGuards.ts",
	"owner": "eslint",
	"code": "@typescript-eslint/no-explicit-any",
	"severity": 4,
	"message": "Unexpected any. Specify a different type",
	"source": "eslint",
	"startLineNumber": 236,
	"startColumn": 21,
	"endLineNumber": 236,
	"endColumn": 21
},{
	"resource": "/c:/Users/basil/Desktop/material-kai-vision-platform/src/utils/typeGuards.ts",
	"owner": "eslint",
	"code": "@typescript-eslint/no-explicit-any",
	"severity": 4,
	"message": "Unexpected any. Specify a different type",
	"source": "eslint",
	"startLineNumber": 241,
	"startColumn": 8,
	"endLineNumber": 241,
	"endColumn": 8
},{
	"resource": "/c:/Users/basil/Desktop/material-kai-vision-platform/src/utils/typeGuards.ts",
	"owner": "eslint",
	"code": "comma-dangle",
	"severity": 4,
	"message": "Missing trailing comma",
	"source": "eslint",
	"startLineNumber": 242,
	"startColumn": 9,
	"endLineNumber": 242,
	"endColumn": 9
},{
	"resource": "/c:/Users/basil/Desktop/material-kai-vision-platform/src/utils/typeGuards.ts",
	"owner": "eslint",
	"code": "@typescript-eslint/no-explicit-any",
	"severity": 4,
	"message": "Unexpected any. Specify a different type",
	"source": "eslint",
	"startLineNumber": 248,
	"startColumn": 8,
	"endLineNumber": 248,
	"endColumn": 8
},{
	"resource": "/c:/Users/basil/Desktop/material-kai-vision-platform/src/utils/typeGuards.ts",
	"owner": "eslint",
	"code": "comma-dangle",
	"severity": 4,
	"message": "Missing trailing comma",
	"source": "eslint",
	"startLineNumber": 249,
	"startColumn": 9,
	"endLineNumber": 249,
	"endColumn": 9
},{
	"resource": "/c:/Users/basil/Desktop/material-kai-vision-platform/src/utils/typeGuards.ts",
	"owner": "eslint",
	"code": "@typescript-eslint/no-explicit-any",
	"severity": 4,
	"message": "Unexpected any. Specify a different type",
	"source": "eslint",
	"startLineNumber": 255,
	"startColumn": 8,
	"endLineNumber": 255,
	"endColumn": 8
},{
	"resource": "/c:/Users/basil/Desktop/material-kai-vision-platform/src/utils/typeGuards.ts",
	"owner": "eslint",
	"code": "comma-dangle",
	"severity": 4,
	"message": "Missing trailing comma",
	"source": "eslint",
	"startLineNumber": 256,
	"startColumn": 9,
	"endLineNumber": 256,
	"endColumn": 9
},{
	"resource": "/c:/Users/basil/Desktop/material-kai-vision-platform/src/utils/typeGuards.ts",
	"owner": "eslint",
	"code": "@typescript-eslint/no-explicit-any",
	"severity": 4,
	"message": "Unexpected any. Specify a different type",
	"source": "eslint",
	"startLineNumber": 264,
	"startColumn": 40,
	"endLineNumber": 264,
	"endColumn": 40
},{
	"resource": "/c:/Users/basil/Desktop/material-kai-vision-platform/src/utils/typeGuards.ts",
	"owner": "eslint",
	"code": "@typescript-eslint/no-explicit-any",
	"severity": 4,
	"message": "Unexpected any. Specify a different type",
	"source": "eslint",
	"startLineNumber": 268,
	"startColumn": 40,
	"endLineNumber": 268,
	"endColumn": 40
},{
	"resource": "/c:/Users/basil/Desktop/material-kai-vision-platform/src/utils/typeGuards.ts",
	"owner": "eslint",
	"code": "@typescript-eslint/no-explicit-any",
	"severity": 4,
	"message": "Unexpected any. Specify a different type",
	"source": "eslint",
	"startLineNumber": 272,
	"startColumn": 41,
	"endLineNumber": 272,
	"endColumn": 41
},{
	"resource": "/c:/Users/basil/Desktop/material-kai-vision-platform/src/utils/typeGuards.ts",
	"owner": "eslint",
	"code": "@typescript-eslint/no-explicit-any",
	"severity": 4,
	"message": "Unexpected any. Specify a different type",
	"source": "eslint",
	"startLineNumber": 277,
	"startColumn": 8,
	"endLineNumber": 277,
	"endColumn": 8
},{
	"resource": "/c:/Users/basil/Desktop/material-kai-vision-platform/src/utils/typeGuards.ts",
	"owner": "eslint",
	"code": "@typescript-eslint/no-explicit-any",
	"severity": 4,
	"message": "Unexpected any. Specify a different type",
	"source": "eslint",
	"startLineNumber": 279,
	"startColumn": 22,
	"endLineNumber": 279,
	"endColumn": 22
},{
	"resource": "/c:/Users/basil/Desktop/material-kai-vision-platform/src/utils/typeGuards.ts",
	"owner": "eslint",
	"code": "comma-dangle",
	"severity": 4,
	"message": "Missing trailing comma",
	"source": "eslint",
	"startLineNumber": 280,
	"startColumn": 25,
	"endLineNumber": 280,
	"endColumn": 25
},{
	"resource": "/c:/Users/basil/Desktop/material-kai-vision-platform/src/utils/typeGuards.ts",
	"owner": "eslint",
	"code": "no-trailing-spaces",
	"severity": 4,
	"message": "Trailing spaces not allowed",
	"source": "eslint",
	"startLineNumber": 285,
	"startColumn": 1,
	"endLineNumber": 285,
	"endColumn": 1
},{
	"resource": "/c:/Users/basil/Desktop/material-kai-vision-platform/src/utils/typeGuards.ts",
	"owner": "eslint",
	"code": "no-trailing-spaces",
	"severity": 4,
	"message": "Trailing spaces not allowed",
	"source": "eslint",
	"startLineNumber": 289,
	"startColumn": 1,
	"endLineNumber": 289,
	"endColumn": 1
},{
	"resource": "/c:/Users/basil/Desktop/material-kai-vision-platform/src/utils/typeGuards.ts",
	"owner": "eslint",
	"code": "@typescript-eslint/no-explicit-any",
	"severity": 4,
	"message": "Unexpected any. Specify a different type",
	"source": "eslint",
	"startLineNumber": 296,
	"startColumn": 39,
	"endLineNumber": 296,
	"endColumn": 39
},{
	"resource": "/c:/Users/basil/Desktop/material-kai-vision-platform/src/utils/typeGuards.ts",
	"owner": "eslint",
	"code": "@typescript-eslint/no-explicit-any",
	"severity": 4,
	"message": "Unexpected any. Specify a different type",
	"source": "eslint",
	"startLineNumber": 302,
	"startColumn": 39,
	"endLineNumber": 302,
	"endColumn": 39
},{
	"resource": "/c:/Users/basil/Desktop/material-kai-vision-platform/src/utils/typeGuards.ts",
	"owner": "eslint",
	"code": "@typescript-eslint/no-explicit-any",
	"severity": 4,
	"message": "Unexpected any. Specify a different type",
	"source": "eslint",
	"startLineNumber": 308,
	"startColumn": 39,
	"endLineNumber": 308,
	"endColumn": 39
},{
	"resource": "/c:/Users/basil/Desktop/material-kai-vision-platform/src/utils/typeGuards.ts",
	"owner": "eslint",
	"code": "@typescript-eslint/no-explicit-any",
	"severity": 4,
	"message": "Unexpected any. Specify a different type",
	"source": "eslint",
	"startLineNumber": 308,
	"startColumn": 106,
	"endLineNumber": 308,
	"endColumn": 106
},{
	"resource": "/c:/Users/basil/Desktop/material-kai-vision-platform/src/utils/typeGuards.ts",
	"owner": "eslint",
	"code": "@typescript-eslint/no-explicit-any",
	"severity": 4,
	"message": "Unexpected any. Specify a different type",
	"source": "eslint",
	"startLineNumber": 314,
	"startColumn": 38,
	"endLineNumber": 314,
	"endColumn": 38
},{
	"resource": "/c:/Users/basil/Desktop/material-kai-vision-platform/src/utils/typeGuards.ts",
	"owner": "eslint",
	"code": "@typescript-eslint/no-explicit-any",
	"severity": 4,
	"message": "Unexpected any. Specify a different type",
	"source": "eslint",
	"startLineNumber": 314,
	"startColumn": 89,
	"endLineNumber": 314,
	"endColumn": 89
},{
	"resource": "/c:/Users/basil/Desktop/material-kai-vision-platform/src/utils/WorkflowErrorHandler.ts",
	"owner": "eslint",
	"code": "no-trailing-spaces",
	"severity": 4,
	"message": "Trailing spaces not allowed",
	"source": "eslint",
	"startLineNumber": 3,
	"startColumn": 3,
	"endLineNumber": 3,
	"endColumn": 3
},{
	"resource": "/c:/Users/basil/Desktop/material-kai-vision-platform/src/utils/WorkflowErrorHandler.ts",
	"owner": "eslint",
	"code": "@typescript-eslint/no-explicit-any",
	"severity": 4,
	"message": "Unexpected any. Specify a different type",
	"source": "eslint",
	"startLineNumber": 11,
	"startColumn": 28,
	"endLineNumber": 11,
	"endColumn": 28
},{
	"resource": "/c:/Users/basil/Desktop/material-kai-vision-platform/src/utils/WorkflowErrorHandler.ts",
	"owner": "eslint",
	"code": "@typescript-eslint/no-explicit-any",
	"severity": 4,
	"message": "Unexpected any. Specify a different type",
	"source": "eslint",
	"startLineNumber": 18,
	"startColumn": 39,
	"endLineNumber": 18,
	"endColumn": 39
},{
	"resource": "/c:/Users/basil/Desktop/material-kai-vision-platform/src/utils/WorkflowErrorHandler.ts",
	"owner": "eslint",
	"code": "no-trailing-spaces",
	"severity": 4,
	"message": "Trailing spaces not allowed",
	"source": "eslint",
	"startLineNumber": 41,
	"startColumn": 1,
	"endLineNumber": 41,
	"endColumn": 1
},{
	"resource": "/c:/Users/basil/Desktop/material-kai-vision-platform/src/utils/WorkflowErrorHandler.ts",
	"owner": "eslint",
	"code": "no-trailing-spaces",
	"severity": 4,
	"message": "Trailing spaces not allowed",
	"source": "eslint",
	"startLineNumber": 47,
	"startColumn": 1,
	"endLineNumber": 47,
	"endColumn": 1
},{
	"resource": "/c:/Users/basil/Desktop/material-kai-vision-platform/src/utils/WorkflowErrorHandler.ts",
	"owner": "eslint",
	"code": "no-trailing-spaces",
	"severity": 4,
	"message": "Trailing spaces not allowed",
	"source": "eslint",
	"startLineNumber": 54,
	"startColumn": 1,
	"endLineNumber": 54,
	"endColumn": 1
},{
	"resource": "/c:/Users/basil/Desktop/material-kai-vision-platform/src/utils/WorkflowErrorHandler.ts",
	"owner": "eslint",
	"code": "no-trailing-spaces",
	"severity": 4,
	"message": "Trailing spaces not allowed",
	"source": "eslint",
	"startLineNumber": 60,
	"startColumn": 1,
	"endLineNumber": 60,
	"endColumn": 1
},{
	"resource": "/c:/Users/basil/Desktop/material-kai-vision-platform/src/utils/WorkflowErrorHandler.ts",
	"owner": "eslint",
	"code": "no-trailing-spaces",
	"severity": 4,
	"message": "Trailing spaces not allowed",
	"source": "eslint",
	"startLineNumber": 65,
	"startColumn": 1,
	"endLineNumber": 65,
	"endColumn": 1
},{
	"resource": "/c:/Users/basil/Desktop/material-kai-vision-platform/src/utils/WorkflowErrorHandler.ts",
	"owner": "eslint",
	"code": "no-trailing-spaces",
	"severity": 4,
	"message": "Trailing spaces not allowed",
	"source": "eslint",
	"startLineNumber": 70,
	"startColumn": 1,
	"endLineNumber": 70,
	"endColumn": 1
},{
	"resource": "/c:/Users/basil/Desktop/material-kai-vision-platform/src/utils/WorkflowErrorHandler.ts",
	"owner": "eslint",
	"code": "no-trailing-spaces",
	"severity": 4,
	"message": "Trailing spaces not allowed",
	"source": "eslint",
	"startLineNumber": 75,
	"startColumn": 1,
	"endLineNumber": 75,
	"endColumn": 1
},{
	"resource": "/c:/Users/basil/Desktop/material-kai-vision-platform/src/utils/WorkflowErrorHandler.ts",
	"owner": "eslint",
	"code": "comma-dangle",
	"severity": 4,
	"message": "Missing trailing comma",
	"source": "eslint",
	"startLineNumber": 79,
	"startColumn": 47,
	"endLineNumber": 79,
	"endColumn": 47
},{
	"resource": "/c:/Users/basil/Desktop/material-kai-vision-platform/src/utils/WorkflowErrorHandler.ts",
	"owner": "eslint",
	"code": "comma-dangle",
	"severity": 4,
	"message": "Missing trailing comma",
	"source": "eslint",
	"startLineNumber": 89,
	"startColumn": 20,
	"endLineNumber": 89,
	"endColumn": 20
},{
	"resource": "/c:/Users/basil/Desktop/material-kai-vision-platform/src/utils/WorkflowErrorHandler.ts",
	"owner": "eslint",
	"code": "@typescript-eslint/no-explicit-any",
	"severity": 4,
	"message": "Unexpected any. Specify a different type",
	"source": "eslint",
	"startLineNumber": 96,
	"startColumn": 12,
	"endLineNumber": 96,
	"endColumn": 12
},{
	"resource": "/c:/Users/basil/Desktop/material-kai-vision-platform/src/utils/WorkflowErrorHandler.ts",
	"owner": "eslint",
	"code": "no-trailing-spaces",
	"severity": 4,
	"message": "Trailing spaces not allowed",
	"source": "eslint",
	"startLineNumber": 96,
	"startColumn": 16,
	"endLineNumber": 96,
	"endColumn": 16
},{
	"resource": "/c:/Users/basil/Desktop/material-kai-vision-platform/src/utils/WorkflowErrorHandler.ts",
	"owner": "eslint",
	"code": "no-trailing-spaces",
	"severity": 4,
	"message": "Trailing spaces not allowed",
	"source": "eslint",
	"startLineNumber": 97,
	"startColumn": 21,
	"endLineNumber": 97,
	"endColumn": 21
},{
	"resource": "/c:/Users/basil/Desktop/material-kai-vision-platform/src/utils/WorkflowErrorHandler.ts",
	"owner": "eslint",
	"code": "comma-dangle",
	"severity": 4,
	"message": "Missing trailing comma",
	"source": "eslint",
	"startLineNumber": 98,
	"startColumn": 23,
	"endLineNumber": 98,
	"endColumn": 23
},{
	"resource": "/c:/Users/basil/Desktop/material-kai-vision-platform/src/utils/WorkflowErrorHandler.ts",
	"owner": "eslint",
	"code": "no-trailing-spaces",
	"severity": 4,
	"message": "Trailing spaces not allowed",
	"source": "eslint",
	"startLineNumber": 101,
	"startColumn": 1,
	"endLineNumber": 101,
	"endColumn": 1
},{
	"resource": "/c:/Users/basil/Desktop/material-kai-vision-platform/src/utils/WorkflowErrorHandler.ts",
	"owner": "eslint",
	"code": "no-console",
	"severity": 4,
	"message": "Unexpected console statement",
	"source": "eslint",
	"startLineNumber": 108,
	"startColumn": 5,
	"endLineNumber": 108,
	"endColumn": 5
},{
	"resource": "/c:/Users/basil/Desktop/material-kai-vision-platform/src/utils/WorkflowErrorHandler.ts",
	"owner": "eslint",
	"code": "comma-dangle",
	"severity": 4,
	"message": "Missing trailing comma",
	"source": "eslint",
	"startLineNumber": 113,
	"startColumn": 16,
	"endLineNumber": 113,
	"endColumn": 16
},{
	"resource": "/c:/Users/basil/Desktop/material-kai-vision-platform/src/utils/WorkflowErrorHandler.ts",
	"owner": "eslint",
	"code": "comma-dangle",
	"severity": 4,
	"message": "Missing trailing comma",
	"source": "eslint",
	"startLineNumber": 122,
	"startColumn": 25,
	"endLineNumber": 122,
	"endColumn": 25
},{
	"resource": "/c:/Users/basil/Desktop/material-kai-vision-platform/src/utils/WorkflowErrorHandler.ts",
	"owner": "eslint",
	"code": "comma-dangle",
	"severity": 4,
	"message": "Missing trailing comma",
	"source": "eslint",
	"startLineNumber": 123,
	"startColumn": 8,
	"endLineNumber": 123,
	"endColumn": 8
},{
	"resource": "/c:/Users/basil/Desktop/material-kai-vision-platform/src/utils/WorkflowErrorHandler.ts",
	"owner": "eslint",
	"code": "@typescript-eslint/no-explicit-any",
	"severity": 4,
	"message": "Unexpected any. Specify a different type",
	"source": "eslint",
	"startLineNumber": 130,
	"startColumn": 39,
	"endLineNumber": 130,
	"endColumn": 39
},{
	"resource": "/c:/Users/basil/Desktop/material-kai-vision-platform/src/utils/WorkflowErrorHandler.ts",
	"owner": "eslint",
	"code": "comma-dangle",
	"severity": 4,
	"message": "Missing trailing comma",
	"source": "eslint",
	"startLineNumber": 145,
	"startColumn": 24,
	"endLineNumber": 145,
	"endColumn": 24
},{
	"resource": "/c:/Users/basil/Desktop/material-kai-vision-platform/src/utils/WorkflowErrorHandler.ts",
	"owner": "eslint",
	"code": "comma-dangle",
	"severity": 4,
	"message": "Missing trailing comma",
	"source": "eslint",
	"startLineNumber": 161,
	"startColumn": 25,
	"endLineNumber": 161,
	"endColumn": 25
},{
	"resource": "/c:/Users/basil/Desktop/material-kai-vision-platform/src/utils/WorkflowErrorHandler.ts",
	"owner": "eslint",
	"code": "comma-dangle",
	"severity": 4,
	"message": "Missing trailing comma",
	"source": "eslint",
	"startLineNumber": 170,
	"startColumn": 25,
	"endLineNumber": 170,
	"endColumn": 25
},{
	"resource": "/c:/Users/basil/Desktop/material-kai-vision-platform/src/utils/WorkflowErrorHandler.ts",
	"owner": "eslint",
	"code": "comma-dangle",
	"severity": 4,
	"message": "Missing trailing comma",
	"source": "eslint",
	"startLineNumber": 181,
	"startColumn": 26,
	"endLineNumber": 181,
	"endColumn": 26
},{
	"resource": "/c:/Users/basil/Desktop/material-kai-vision-platform/src/utils/WorkflowErrorHandler.ts",
	"owner": "eslint",
	"code": "no-trailing-spaces",
	"severity": 4,
	"message": "Trailing spaces not allowed",
	"source": "eslint",
	"startLineNumber": 184,
	"startColumn": 1,
	"endLineNumber": 184,
	"endColumn": 1
},{
	"resource": "/c:/Users/basil/Desktop/material-kai-vision-platform/src/utils/WorkflowErrorHandler.ts",
	"owner": "eslint",
	"code": "comma-dangle",
	"severity": 4,
	"message": "Missing trailing comma",
	"source": "eslint",
	"startLineNumber": 189,
	"startColumn": 24,
	"endLineNumber": 189,
	"endColumn": 24
},{
	"resource": "/c:/Users/basil/Desktop/material-kai-vision-platform/src/utils/WorkflowErrorHandler.ts",
	"owner": "eslint",
	"code": "comma-dangle",
	"severity": 4,
	"message": "Missing trailing comma",
	"source": "eslint",
	"startLineNumber": 199,
	"startColumn": 25,
	"endLineNumber": 199,
	"endColumn": 25
},{
	"resource": "/c:/Users/basil/Desktop/material-kai-vision-platform/src/utils/WorkflowErrorHandler.ts",
	"owner": "eslint",
	"code": "comma-dangle",
	"severity": 4,
	"message": "Missing trailing comma",
	"source": "eslint",
	"startLineNumber": 209,
	"startColumn": 24,
	"endLineNumber": 209,
	"endColumn": 24
},{
	"resource": "/c:/Users/basil/Desktop/material-kai-vision-platform/src/utils/WorkflowErrorHandler.ts",
	"owner": "eslint",
	"code": "comma-dangle",
	"severity": 4,
	"message": "Missing trailing comma",
	"source": "eslint",
	"startLineNumber": 218,
	"startColumn": 23,
	"endLineNumber": 218,
	"endColumn": 23
},{
	"resource": "/c:/Users/basil/Desktop/material-kai-vision-platform/src/utils/WorkflowErrorHandler.ts",
	"owner": "eslint",
	"code": "@typescript-eslint/no-explicit-any",
	"severity": 4,
	"message": "Unexpected any. Specify a different type",
	"source": "eslint",
	"startLineNumber": 225,
	"startColumn": 59,
	"endLineNumber": 225,
	"endColumn": 59
},{
	"resource": "/c:/Users/basil/Desktop/material-kai-vision-platform/src/utils/WorkflowErrorHandler.ts",
	"owner": "eslint",
	"code": "comma-dangle",
	"severity": 4,
	"message": "Missing trailing comma",
	"source": "eslint",
	"startLineNumber": 232,
	"startColumn": 27,
	"endLineNumber": 232,
	"endColumn": 27
},{
	"resource": "/c:/Users/basil/Desktop/material-kai-vision-platform/src/utils/WorkflowErrorHandler.ts",
	"owner": "eslint",
	"code": "no-trailing-spaces",
	"severity": 4,
	"message": "Trailing spaces not allowed",
	"source": "eslint",
	"startLineNumber": 234,
	"startColumn": 1,
	"endLineNumber": 234,
	"endColumn": 1
},{
	"resource": "/c:/Users/basil/Desktop/material-kai-vision-platform/src/utils/WorkflowErrorHandler.ts",
	"owner": "eslint",
	"code": "comma-dangle",
	"severity": 4,
	"message": "Missing trailing comma",
	"source": "eslint",
	"startLineNumber": 240,
	"startColumn": 27,
	"endLineNumber": 240,
	"endColumn": 27
},{
	"resource": "/c:/Users/basil/Desktop/material-kai-vision-platform/src/utils/WorkflowErrorHandler.ts",
	"owner": "eslint",
	"code": "no-trailing-spaces",
	"severity": 4,
	"message": "Trailing spaces not allowed",
	"source": "eslint",
	"startLineNumber": 242,
	"startColumn": 1,
	"endLineNumber": 242,
	"endColumn": 1
},{
	"resource": "/c:/Users/basil/Desktop/material-kai-vision-platform/src/utils/WorkflowErrorHandler.ts",
	"owner": "eslint",
	"code": "comma-dangle",
	"severity": 4,
	"message": "Missing trailing comma",
	"source": "eslint",
	"startLineNumber": 248,
	"startColumn": 27,
	"endLineNumber": 248,
	"endColumn": 27
},{
	"resource": "/c:/Users/basil/Desktop/material-kai-vision-platform/src/utils/WorkflowErrorHandler.ts",
	"owner": "eslint",
	"code": "no-trailing-spaces",
	"severity": 4,
	"message": "Trailing spaces not allowed",
	"source": "eslint",
	"startLineNumber": 250,
	"startColumn": 1,
	"endLineNumber": 250,
	"endColumn": 1
},{
	"resource": "/c:/Users/basil/Desktop/material-kai-vision-platform/src/utils/WorkflowErrorHandler.ts",
	"owner": "eslint",
	"code": "comma-dangle",
	"severity": 4,
	"message": "Missing trailing comma",
	"source": "eslint",
	"startLineNumber": 256,
	"startColumn": 27,
	"endLineNumber": 256,
	"endColumn": 27
},{
	"resource": "/c:/Users/basil/Desktop/material-kai-vision-platform/src/utils/WorkflowErrorHandler.ts",
	"owner": "eslint",
	"code": "no-trailing-spaces",
	"severity": 4,
	"message": "Trailing spaces not allowed",
	"source": "eslint",
	"startLineNumber": 258,
	"startColumn": 1,
	"endLineNumber": 258,
	"endColumn": 1
},{
	"resource": "/c:/Users/basil/Desktop/material-kai-vision-platform/src/utils/WorkflowErrorHandler.ts",
	"owner": "eslint",
	"code": "comma-dangle",
	"severity": 4,
	"message": "Missing trailing comma",
	"source": "eslint",
	"startLineNumber": 264,
	"startColumn": 26,
	"endLineNumber": 264,
	"endColumn": 26
},{
	"resource": "/c:/Users/basil/Desktop/material-kai-vision-platform/src/utils/WorkflowErrorHandler.ts",
	"owner": "eslint",
	"code": "no-trailing-spaces",
	"severity": 4,
	"message": "Trailing spaces not allowed",
	"source": "eslint",
	"startLineNumber": 266,
	"startColumn": 1,
	"endLineNumber": 266,
	"endColumn": 1
},{
	"resource": "/c:/Users/basil/Desktop/material-kai-vision-platform/src/utils/WorkflowErrorHandler.ts",
	"owner": "eslint",
	"code": "comma-dangle",
	"severity": 4,
	"message": "Missing trailing comma",
	"source": "eslint",
	"startLineNumber": 275,
	"startColumn": 26,
	"endLineNumber": 275,
	"endColumn": 26
},{
	"resource": "/c:/Users/basil/Desktop/material-kai-vision-platform/src/utils/WorkflowErrorHandler.ts",
	"owner": "eslint",
	"code": "no-trailing-spaces",
	"severity": 4,
	"message": "Trailing spaces not allowed",
	"source": "eslint",
	"startLineNumber": 277,
	"startColumn": 1,
	"endLineNumber": 277,
	"endColumn": 1
},{
	"resource": "/c:/Users/basil/Desktop/material-kai-vision-platform/src/utils/WorkflowErrorHandler.ts",
	"owner": "eslint",
	"code": "comma-dangle",
	"severity": 4,
	"message": "Missing trailing comma",
	"source": "eslint",
	"startLineNumber": 283,
	"startColumn": 35,
	"endLineNumber": 283,
	"endColumn": 35
},{
	"resource": "/c:/Users/basil/Desktop/material-kai-vision-platform/src/utils/WorkflowErrorHandler.ts",
	"owner": "eslint",
	"code": "no-trailing-spaces",
	"severity": 4,
	"message": "Trailing spaces not allowed",
	"source": "eslint",
	"startLineNumber": 299,
	"startColumn": 13,
	"endLineNumber": 299,
	"endColumn": 13
},{
	"resource": "/c:/Users/basil/Desktop/material-kai-vision-platform/src/utils/WorkflowErrorHandler.ts",
	"owner": "eslint",
	"code": "@typescript-eslint/no-explicit-any",
	"severity": 4,
	"message": "Unexpected any. Specify a different type",
	"source": "eslint",
	"startLineNumber": 300,
	"startColumn": 31,
	"endLineNumber": 300,
	"endColumn": 31
},{
	"resource": "/c:/Users/basil/Desktop/material-kai-vision-platform/src/utils/WorkflowErrorHandler.ts",
	"owner": "eslint",
	"code": "comma-dangle",
	"severity": 4,
	"message": "Missing trailing comma",
	"source": "eslint",
	"startLineNumber": 300,
	"startColumn": 35,
	"endLineNumber": 300,
	"endColumn": 35
},{
	"resource": "/c:/Users/basil/Desktop/material-kai-vision-platform/src/utils/WorkflowErrorHandler.ts",
	"owner": "eslint",
	"code": "comma-dangle",
	"severity": 4,
	"message": "Missing trailing comma",
	"source": "eslint",
	"startLineNumber": 308,
	"startColumn": 20,
	"endLineNumber": 308,
	"endColumn": 20
},{
	"resource": "/c:/Users/basil/Desktop/material-kai-vision-platform/src/utils/WorkflowErrorHandler.ts",
	"owner": "eslint",
	"code": "comma-dangle",
	"severity": 4,
	"message": "Missing trailing comma",
	"source": "eslint",
	"startLineNumber": 309,
	"startColumn": 8,
	"endLineNumber": 309,
	"endColumn": 8
},{
	"resource": "/c:/Users/basil/Desktop/material-kai-vision-platform/src/utils/WorkflowErrorHandler.ts",
	"owner": "eslint",
	"code": "comma-dangle",
	"severity": 4,
	"message": "Missing trailing comma",
	"source": "eslint",
	"startLineNumber": 319,
	"startColumn": 23,
	"endLineNumber": 319,
	"endColumn": 23
},{
	"resource": "/c:/Users/basil/Desktop/material-kai-vision-platform/src/utils/WorkflowErrorHandler.ts",
	"owner": "eslint",
	"code": "no-trailing-spaces",
	"severity": 4,
	"message": "Trailing spaces not allowed",
	"source": "eslint",
	"startLineNumber": 325,
	"startColumn": 1,
	"endLineNumber": 325,
	"endColumn": 1
},{
	"resource": "/c:/Users/basil/Desktop/material-kai-vision-platform/src/utils/WorkflowErrorHandler.ts",
	"owner": "eslint",
	"code": "comma-dangle",
	"severity": 4,
	"message": "Missing trailing comma",
	"source": "eslint",
	"startLineNumber": 328,
	"startColumn": 23,
	"endLineNumber": 328,
	"endColumn": 23
},{
	"resource": "/c:/Users/basil/Desktop/material-kai-vision-platform/vite.config.ts",
	"owner": "eslint",
	"code": "semi",
	"severity": 4,
	"message": "Missing semicolon",
	"source": "eslint",
	"startLineNumber": 1,
	"startColumn": 45,
	"endLineNumber": 1,
	"endColumn": 45
},{
	"resource": "/c:/Users/basil/Desktop/material-kai-vision-platform/vite.config.ts",
	"owner": "eslint",
	"code": "import/order",
	"severity": 4,
	"message": "There should be at least one empty line between import groups",
	"source": "eslint",
	"startLineNumber": 2,
	"startColumn": 1,
	"endLineNumber": 2,
	"endColumn": 1
},{
	"resource": "/c:/Users/basil/Desktop/material-kai-vision-platform/vite.config.ts",
	"owner": "eslint",
	"code": "semi",
	"severity": 4,
	"message": "Missing semicolon",
	"source": "eslint",
	"startLineNumber": 2,
	"startColumn": 41,
	"endLineNumber": 2,
	"endColumn": 41
},{
	"resource": "/c:/Users/basil/Desktop/material-kai-vision-platform/vite.config.ts",
	"owner": "eslint",
	"code": "import/order",
	"severity": 4,
	"message": "`path` import should occur before import of `vite`",
	"source": "eslint",
	"startLineNumber": 3,
	"startColumn": 1,
	"endLineNumber": 3,
	"endColumn": 1
},{
	"resource": "/c:/Users/basil/Desktop/material-kai-vision-platform/vite.config.ts",
	"owner": "eslint",
	"code": "semi",
	"severity": 4,
	"message": "Missing semicolon",
	"source": "eslint",
	"startLineNumber": 3,
	"startColumn": 24,
	"endLineNumber": 3,
	"endColumn": 24
},{
	"resource": "/c:/Users/basil/Desktop/material-kai-vision-platform/vite.config.ts",
	"owner": "eslint",
	"code": "semi",
	"severity": 4,
	"message": "Missing semicolon",
	"source": "eslint",
	"startLineNumber": 7,
	"startColumn": 47,
	"endLineNumber": 7,
	"endColumn": 47
},{
	"resource": "/c:/Users/basil/Desktop/material-kai-vision-platform/vite.config.ts",
	"owner": "eslint",
	"code": "comma-dangle",
	"severity": 4,
	"message": "Missing trailing comma",
	"source": "eslint",
	"startLineNumber": 13,
	"startColumn": 17,
	"endLineNumber": 13,
	"endColumn": 17
},{
	"resource": "/c:/Users/basil/Desktop/material-kai-vision-platform/vite.config.ts",
	"owner": "eslint",
	"code": "comma-dangle",
	"severity": 4,
	"message": "Missing trailing comma",
	"source": "eslint",
	"startLineNumber": 17,
	"startColumn": 46,
	"endLineNumber": 17,
	"endColumn": 46
},{
	"resource": "/c:/Users/basil/Desktop/material-kai-vision-platform/vite.config.ts",
	"owner": "eslint",
	"code": "comma-dangle",
	"severity": 4,
	"message": "Missing trailing comma",
	"source": "eslint",
	"startLineNumber": 18,
	"startColumn": 8,
	"endLineNumber": 18,
	"endColumn": 8
},{
	"resource": "/c:/Users/basil/Desktop/material-kai-vision-platform/vite.config.ts",
	"owner": "eslint",
	"code": "comma-dangle",
	"severity": 4,
	"message": "Missing trailing comma",
	"source": "eslint",
	"startLineNumber": 41,
	"startColumn": 6,
	"endLineNumber": 41,
	"endColumn": 6
},{
	"resource": "/c:/Users/basil/Desktop/material-kai-vision-platform/vite.config.ts",
	"owner": "eslint",
	"code": "semi",
	"severity": 4,
	"message": "Missing semicolon",
	"source": "eslint",
	"startLineNumber": 42,
	"startColumn": 4,
	"endLineNumber": 42,
	"endColumn": 4
},{
	"resource": "/c:/Users/basil/Desktop/material-kai-vision-platform/vite.config.ts",
	"owner": "eslint",
	"code": "semi",
	"severity": 4,
	"message": "Missing semicolon",
	"source": "eslint",
	"startLineNumber": 43,
	"startColumn": 3,
	"endLineNumber": 43,
	"endColumn": 3
}]